     Removed 7 files, 445.7KiB total
    Checking bytes-unique-reclaim v0.1.0 (/workspace/bytes-runtime-verification/bytes/1.11.1/verification/probes/unique-reclaim)
warning: unused variable: `base`
   --> src/../../../../src/ownership_proof/raw_vec.rs:905:25
    |
905 |     let RawAllocation { base, capacity, namespace: _, _not_objective: _ } = raw;
    |                         ^^^^ help: try ignoring the field: `base: _`
    |
    = note: `#[warn(unused_variables)]` (part of `#[warn(unused)]`) on by default

warning: unused variable: `capacity`
   --> src/../../../../src/ownership_proof/raw_vec.rs:905:31
    |
905 |     let RawAllocation { base, capacity, namespace: _, _not_objective: _ } = raw;
    |                               ^^^^^^^^ help: try ignoring the field: `capacity: _`

warning: unused variable: `base`
   --> src/../../../../src/ownership_proof/raw_vec.rs:941:9
    |
941 |     let base = bound.as_ptr();
    |         ^^^^ help: if this is intentional, prefix it with an underscore: `_base`

warning: `bytes-unique-reclaim` (lib) generated 3 warnings (run `cargo fix --lib -p bytes-unique-reclaim` to apply 3 suggestions)
    Finished `dev` profile [unoptimized + debuginfo] target(s) in 1.56s
Warning: found dangling files and directories:
  verif/bytes_unique_reclaim_rlib/reject_unknown_source
Run 'cargo creusot clean' to remove them
Proved (36 files) ✔
