   Compiling bytes-actual-shared-reserve v0.1.0 (/workspace/rust-crate-proofs/bytes/1.11.1/verification/probes/actual-shared-reserve)
warning: unused variable: `helpers`
   --> build.rs:195:9
    |
195 |     let helpers=Fragment {name:"carrier_methods",text:&source[start..end],start,end};
    |         ^^^^^^^ help: if this is intentional, prefix it with an underscore: `_helpers`
    |
    = note: `#[warn(unused_variables)]` (part of `#[warn(unused)]`) on by default

warning: `bytes-actual-shared-reserve` (build script) generated 1 warning
warning: unused import: `RA`
  --> src/../../../../src/ownership_proof/owned_region.rs:11:33
   |
11 |     logic::{FMap, Id, Int, ra::{RA, excl::Excl}},
   |                                 ^^
   |
   = note: `#[warn(unused_imports)]` (part of `#[warn(unused)]`) on by default

warning: unused imports: `FMap`, `RA`, `UnitRA`, and `excl::Excl`
  --> src/../../../../src/ownership_proof/raw_vec.rs:25:13
   |
25 |     logic::{FMap, Id, Int, ra::{RA, UnitRA, excl::Excl}},
   |             ^^^^                ^^  ^^^^^^  ^^^^^^^^^^

warning: unused import: `RA`
 --> /workspace/bytes-proof-tools/targets/bytes/debug/build/bytes-actual-shared-reserve-6c4c0cba114a60c0/out/scalable_tickets.rs:9:29
  |
9 |     logic::{FMap, Int, ra::{RA, excl::Excl}},
  |                             ^^

warning: unused import: `owned_region`
  --> src/lib.rs:31:28
   |
31 |     pub(crate) use crate::{owned_region, raw_vec, sequential_counter, scalable_tickets, bound_ptr, boxed_alignment, vec_capacity, un...
   |                            ^^^^^^^^^^^^

warning: unused imports: `ManuallyDrop` and `MaybeUninit`
 --> /workspace/bytes-proof-tools/targets/bytes/debug/build/bytes-actual-shared-reserve-6c4c0cba114a60c0/out/actual_carrier.rs:2:22
  |
2 | use core::mem::{self,ManuallyDrop,MaybeUninit};
  |                      ^^^^^^^^^^^^ ^^^^^^^^^^^

warning: unused import: `self`
 --> /workspace/bytes-proof-tools/targets/bytes/debug/build/bytes-actual-shared-reserve-6c4c0cba114a60c0/out/actual_carrier.rs:3:17
  |
3 | use core::ptr::{self,NonNull};
  |                 ^^^^

warning: unused imports: `AtomicUsize` and `Ordering`
 --> /workspace/bytes-proof-tools/targets/bytes/debug/build/bytes-actual-shared-reserve-6c4c0cba114a60c0/out/actual_carrier.rs:5:26
  |
5 | use core::sync::atomic::{AtomicUsize,Ordering};
  |                          ^^^^^^^^^^^ ^^^^^^^^

warning: unused import: `prelude::*`
 --> /workspace/rust-crate-proofs/bytes/1.11.1/src/ownership_proof/carrier_protocol.rs:5:49
  |
5 | use creusot_std::{ghost::perm::Perm, logic::Id, prelude::*};
  |                                                 ^^^^^^^^^^

warning: unused import: `prelude::*`
 --> /workspace/rust-crate-proofs/bytes/1.11.1/src/ownership_proof/shared_reclaim.rs:4:38
  |
4 | use creusot_std::{ghost::perm::Perm, prelude::*};
  |                                      ^^^^^^^^^^

warning: unused import: `prelude::*`
 --> /workspace/rust-crate-proofs/bytes/1.11.1/src/ownership_proof/shared_copy.rs:4:38
  |
4 | use creusot_std::{ghost::perm::Perm, prelude::*};
  |                                      ^^^^^^^^^^

warning: unused import: `HandleRegistration`
 --> /workspace/rust-crate-proofs/bytes/1.11.1/src/ownership_proof/shared_copy.rs:6:56
  |
6 | use super::sequential_shared_control::{ControlContext, HandleRegistration};
  |                                                        ^^^^^^^^^^^^^^^^^^

warning: unused import: `prelude::*`
 --> /workspace/rust-crate-proofs/bytes/1.11.1/src/ownership_proof/shared_reserve.rs:3:38
  |
3 | use creusot_std::{ghost::perm::Perm, prelude::*};
  |                                      ^^^^^^^^^^

warning: unused variable: `left`
  --> src/../../../../src/ownership_proof/owned_region.rs:33:5
   |
33 |     left: Snapshot<SlotMap>,
   |     ^^^^ help: if this is intentional, prefix it with an underscore: `_left`
   |
   = note: `#[warn(unused_variables)]` (part of `#[warn(unused)]`) on by default

warning: unused variable: `right`
  --> src/../../../../src/ownership_proof/owned_region.rs:34:5
   |
34 |     right: Snapshot<SlotMap>,
   |     ^^^^^ help: if this is intentional, prefix it with an underscore: `_right`

warning: unused variable: `whole`
  --> src/../../../../src/ownership_proof/owned_region.rs:35:5
   |
35 |     whole: Snapshot<SlotMap>,
   |     ^^^^^ help: if this is intentional, prefix it with an underscore: `_whole`

warning: unused variable: `merged`
  --> src/../../../../src/ownership_proof/owned_region.rs:38:9
   |
38 |     let merged: Snapshot<SlotMap> = snapshot! { (*left).total_op(*right) };
   |         ^^^^^^ help: if this is intentional, prefix it with an underscore: `_merged`

warning: unused variable: `left`
  --> src/../../../../src/ownership_proof/owned_region.rs:48:5
   |
48 |     left: Snapshot<SlotMap>,
   |     ^^^^ help: if this is intentional, prefix it with an underscore: `_left`

warning: unused variable: `right`
  --> src/../../../../src/ownership_proof/owned_region.rs:49:5
   |
49 |     right: Snapshot<SlotMap>,
   |     ^^^^^ help: if this is intentional, prefix it with an underscore: `_right`

warning: unused variable: `whole`
  --> src/../../../../src/ownership_proof/owned_region.rs:50:5
   |
50 |     whole: Snapshot<SlotMap>,
   |     ^^^^^ help: if this is intentional, prefix it with an underscore: `_whole`

warning: unused variable: `merged`
  --> src/../../../../src/ownership_proof/owned_region.rs:52:9
   |
52 |     let merged: Snapshot<SlotMap> = snapshot! { (*left).total_op(*right) };
   |         ^^^^^^ help: if this is intentional, prefix it with an underscore: `_merged`

warning: unused variable: `slots`
   --> src/../../../../src/ownership_proof/raw_vec.rs:109:9
    |
109 |     let slots = snapshot! { slots_grown(capabilities.inner_logic().1.ledger.slots(), old_capacity@, capacity@) };
    |         ^^^^^ help: if this is intentional, prefix it with an underscore: `_slots`

warning: unused variable: `unit`
   --> src/../../../../src/ownership_proof/raw_vec.rs:670:13
    |
670 |         let unit: Snapshot<KernelRA> = snapshot!(KernelRA::unit());
    |             ^^^^ help: if this is intentional, prefix it with an underscore: `_unit`

warning: unused variable: `empty_value`
   --> src/../../../../src/ownership_proof/raw_vec.rs:673:13
    |
673 |         let empty_value: Snapshot<KernelRA> = snapshot!((None, FMap::empty()));
    |             ^^^^^^^^^^^ help: if this is intentional, prefix it with an underscore: `_empty_value`

warning: unused variable: `input_model`
   --> src/../../../../src/ownership_proof/raw_vec.rs:808:9
    |
808 |     let input_model = snapshot!(input@);
    |         ^^^^^^^^^^^ help: if this is intentional, prefix it with an underscore: `_input_model`

warning: unused variable: `slot`
    --> src/../../../../src/ownership_proof/raw_vec.rs:1030:38
     |
1030 | pub(crate) fn slot_known_equivalence(slot: Option<Option<u8>>) {}
     |                                      ^^^^ help: if this is intentional, prefix it with an underscore: `_slot`

warning: unused variable: `own`
  --> src/../../../../src/ownership_proof/sequential_counter.rs:89:39
   |
89 |     pub(crate) fn load_acquire(&self, own: Ghost<&CounterOwn>) -> usize {
   |                                       ^^^ help: if this is intentional, prefix it with an underscore: `_own`

warning: unused variable: `pending`
   --> /workspace/bytes-proof-tools/targets/bytes/debug/build/bytes-actual-shared-reserve-6c4c0cba114a60c0/out/scalable_tickets.rs:132:5
    |
132 |     pending: Snapshot<FMap<Int, (Int, Int)>>,
    |     ^^^^^^^ help: if this is intentional, prefix it with an underscore: `_pending`

warning: unused variable: `parent`
   --> /workspace/bytes-proof-tools/targets/bytes/debug/build/bytes-actual-shared-reserve-6c4c0cba114a60c0/out/scalable_tickets.rs:133:5
    |
133 |     parent: Snapshot<Int>,
    |     ^^^^^^ help: if this is intentional, prefix it with an underscore: `_parent`

warning: unused variable: `left`
   --> /workspace/bytes-proof-tools/targets/bytes/debug/build/bytes-actual-shared-reserve-6c4c0cba114a60c0/out/scalable_tickets.rs:134:5
    |
134 |     left: Snapshot<Int>,
    |     ^^^^ help: if this is intentional, prefix it with an underscore: `_left`

warning: unused variable: `right`
   --> /workspace/bytes-proof-tools/targets/bytes/debug/build/bytes-actual-shared-reserve-6c4c0cba114a60c0/out/scalable_tickets.rs:135:5
    |
135 |     right: Snapshot<Int>,
    |     ^^^^^ help: if this is intentional, prefix it with an underscore: `_right`

warning: unused variable: `lo`
   --> /workspace/bytes-proof-tools/targets/bytes/debug/build/bytes-actual-shared-reserve-6c4c0cba114a60c0/out/scalable_tickets.rs:136:5
    |
136 |     lo: Snapshot<Int>,
    |     ^^ help: if this is intentional, prefix it with an underscore: `_lo`

warning: unused variable: `at`
   --> /workspace/bytes-proof-tools/targets/bytes/debug/build/bytes-actual-shared-reserve-6c4c0cba114a60c0/out/scalable_tickets.rs:137:5
    |
137 |     at: Snapshot<Int>,
    |     ^^ help: if this is intentional, prefix it with an underscore: `_at`

warning: unused variable: `hi`
   --> /workspace/bytes-proof-tools/targets/bytes/debug/build/bytes-actual-shared-reserve-6c4c0cba114a60c0/out/scalable_tickets.rs:138:5
    |
138 |     hi: Snapshot<Int>,
    |     ^^ help: if this is intentional, prefix it with an underscore: `_hi`

warning: unused variable: `capacity`
   --> /workspace/bytes-proof-tools/targets/bytes/debug/build/bytes-actual-shared-reserve-6c4c0cba114a60c0/out/scalable_tickets.rs:139:5
    |
139 |     capacity: Snapshot<Int>,
    |     ^^^^^^^^ help: if this is intentional, prefix it with an underscore: `_capacity`

warning: unused variable: `id`
   --> /workspace/bytes-proof-tools/targets/bytes/debug/build/bytes-actual-shared-reserve-6c4c0cba114a60c0/out/scalable_tickets.rs:148:21
    |
148 | fn active_singleton(id: Snapshot<Int>, bounds: Snapshot<(Int, Int)>) {
    |                     ^^ help: if this is intentional, prefix it with an underscore: `_id`

warning: unused variable: `bounds`
   --> /workspace/bytes-proof-tools/targets/bytes/debug/build/bytes-actual-shared-reserve-6c4c0cba114a60c0/out/scalable_tickets.rs:148:40
    |
148 | fn active_singleton(id: Snapshot<Int>, bounds: Snapshot<(Int, Int)>) {
    |                                        ^^^^^^ help: if this is intentional, prefix it with an underscore: `_bounds`

warning: unused variable: `left`
   --> /workspace/bytes-proof-tools/targets/bytes/debug/build/bytes-actual-shared-reserve-6c4c0cba114a60c0/out/scalable_tickets.rs:149:9
    |
149 |     let left: Snapshot<RegistrationMap> =
    |         ^^^^ help: if this is intentional, prefix it with an underscore: `_left`

warning: unused variable: `right`
   --> /workspace/bytes-proof-tools/targets/bytes/debug/build/bytes-actual-shared-reserve-6c4c0cba114a60c0/out/scalable_tickets.rs:151:9
    |
151 |     let right: Snapshot<RegistrationMap> = snapshot!(FMap::singleton(*id, Excl(())));
    |         ^^^^^ help: if this is intentional, prefix it with an underscore: `_right`

warning: unused variable: `pending`
   --> /workspace/bytes-proof-tools/targets/bytes/debug/build/bytes-actual-shared-reserve-6c4c0cba114a60c0/out/scalable_tickets.rs:158:35
    |
158 | pub(crate) fn pending_cardinality(pending: Snapshot<FMap<Int, (Int, Int)>>) {
    |                                   ^^^^^^^ help: if this is intentional, prefix it with an underscore: `_pending`

warning: unused variable: `pending`
   --> /workspace/bytes-proof-tools/targets/bytes/debug/build/bytes-actual-shared-reserve-6c4c0cba114a60c0/out/scalable_tickets.rs:168:18
    |
168 | fn active_remove(pending: Snapshot<FMap<Int, (Int, Int)>>, id: Snapshot<Int>) {
    |                  ^^^^^^^ help: if this is intentional, prefix it with an underscore: `_pending`

warning: unused variable: `id`
   --> /workspace/bytes-proof-tools/targets/bytes/debug/build/bytes-actual-shared-reserve-6c4c0cba114a60c0/out/scalable_tickets.rs:168:60
    |
168 | fn active_remove(pending: Snapshot<FMap<Int, (Int, Int)>>, id: Snapshot<Int>) {
    |                                                            ^^ help: if this is intentional, prefix it with an underscore: `_id`

warning: unused variable: `left`
   --> /workspace/bytes-proof-tools/targets/bytes/debug/build/bytes-actual-shared-reserve-6c4c0cba114a60c0/out/scalable_tickets.rs:169:9
    |
169 |     let left: Snapshot<RegistrationMap> = snapshot!(active_registrations((*pending).remove(*id)));
    |         ^^^^ help: if this is intentional, prefix it with an underscore: `_left`

warning: unused variable: `right`
   --> /workspace/bytes-proof-tools/targets/bytes/debug/build/bytes-actual-shared-reserve-6c4c0cba114a60c0/out/scalable_tickets.rs:170:9
    |
170 |     let right: Snapshot<RegistrationMap> = snapshot!(active_registrations(*pending).remove(*id));
    |         ^^^^^ help: if this is intentional, prefix it with an underscore: `_right`

warning: unused variable: `pending`
   --> /workspace/bytes-proof-tools/targets/bytes/debug/build/bytes-actual-shared-reserve-6c4c0cba114a60c0/out/scalable_tickets.rs:179:5
    |
179 |     pending: Snapshot<FMap<Int, (Int, Int)>>,
    |     ^^^^^^^ help: if this is intentional, prefix it with an underscore: `_pending`

warning: unused variable: `id`
   --> /workspace/bytes-proof-tools/targets/bytes/debug/build/bytes-actual-shared-reserve-6c4c0cba114a60c0/out/scalable_tickets.rs:180:5
    |
180 |     id: Snapshot<Int>,
    |     ^^ help: if this is intentional, prefix it with an underscore: `_id`

warning: unused variable: `bounds`
   --> /workspace/bytes-proof-tools/targets/bytes/debug/build/bytes-actual-shared-reserve-6c4c0cba114a60c0/out/scalable_tickets.rs:181:5
    |
181 |     bounds: Snapshot<(Int, Int)>,
    |     ^^^^^^ help: if this is intentional, prefix it with an underscore: `_bounds`

warning: unused variable: `left`
   --> /workspace/bytes-proof-tools/targets/bytes/debug/build/bytes-actual-shared-reserve-6c4c0cba114a60c0/out/scalable_tickets.rs:183:9
    |
183 |     let left: Snapshot<RegistrationMap> = snapshot!(active_registrations((*pending).insert(*id, *bounds)));
    |         ^^^^ help: if this is intentional, prefix it with an underscore: `_left`

warning: unused variable: `right`
   --> /workspace/bytes-proof-tools/targets/bytes/debug/build/bytes-actual-shared-reserve-6c4c0cba114a60c0/out/scalable_tickets.rs:184:9
    |
184 |     let right: Snapshot<RegistrationMap> = snapshot!(active_registrations(*pending).insert(*id, Excl(())));
    |         ^^^^^ help: if this is intentional, prefix it with an underscore: `_right`

warning: unused variable: `ticket`
   --> /workspace/bytes-proof-tools/targets/bytes/debug/build/bytes-actual-shared-reserve-6c4c0cba114a60c0/out/scalable_tickets.rs:197:9
    |
197 |     let ticket: Snapshot<RegistrationMap> = snapshot!(FMap::singleton(*id, Excl(())));
    |         ^^^^^^ help: if this is intentional, prefix it with an underscore: `_ticket`

warning: unused variable: `rest`
   --> /workspace/bytes-proof-tools/targets/bytes/debug/build/bytes-actual-shared-reserve-6c4c0cba114a60c0/out/scalable_tickets.rs:198:9
    |
198 |     let rest: Snapshot<RegistrationMap> = snapshot!(active_registrations((*pending).remove(*id)));
    |         ^^^^ help: if this is intentional, prefix it with an underscore: `_rest`

warning: unused variable: `whole`
   --> /workspace/bytes-proof-tools/targets/bytes/debug/build/bytes-actual-shared-reserve-6c4c0cba114a60c0/out/scalable_tickets.rs:199:9
    |
199 |     let whole: Snapshot<RegistrationMap> = snapshot!(active_registrations(*pending));
    |         ^^^^^ help: if this is intentional, prefix it with an underscore: `_whole`

warning: unused variable: `merged`
   --> /workspace/bytes-proof-tools/targets/bytes/debug/build/bytes-actual-shared-reserve-6c4c0cba114a60c0/out/scalable_tickets.rs:202:9
    |
202 |     let merged: Snapshot<RegistrationMap> = snapshot!((*ticket).total_op(*rest));
    |         ^^^^^^ help: if this is intentional, prefix it with an underscore: `_merged`

warning: unused variable: `returned`
   --> /workspace/bytes-proof-tools/targets/bytes/debug/build/bytes-actual-shared-reserve-6c4c0cba114a60c0/out/scalable_tickets.rs:215:5
    |
215 |     returned: Snapshot<RegistrationMap>,
    |     ^^^^^^^^ help: if this is intentional, prefix it with an underscore: `_returned`

warning: unused variable: `ticket`
   --> /workspace/bytes-proof-tools/targets/bytes/debug/build/bytes-actual-shared-reserve-6c4c0cba114a60c0/out/scalable_tickets.rs:216:5
    |
216 |     ticket: Snapshot<RegistrationMap>,
    |     ^^^^^^ help: if this is intentional, prefix it with an underscore: `_ticket`

warning: unused variable: `remaining`
   --> /workspace/bytes-proof-tools/targets/bytes/debug/build/bytes-actual-shared-reserve-6c4c0cba114a60c0/out/scalable_tickets.rs:217:5
    |
217 |     remaining: Snapshot<RegistrationMap>,
    |     ^^^^^^^^^ help: if this is intentional, prefix it with an underscore: `_remaining`

warning: unused variable: `active`
   --> /workspace/bytes-proof-tools/targets/bytes/debug/build/bytes-actual-shared-reserve-6c4c0cba114a60c0/out/scalable_tickets.rs:218:5
    |
218 |     active: Snapshot<RegistrationMap>,
    |     ^^^^^^ help: if this is intentional, prefix it with an underscore: `_active`

warning: unused variable: `new_returned`
   --> /workspace/bytes-proof-tools/targets/bytes/debug/build/bytes-actual-shared-reserve-6c4c0cba114a60c0/out/scalable_tickets.rs:219:5
    |
219 |     new_returned: Snapshot<RegistrationMap>,
    |     ^^^^^^^^^^^^ help: if this is intentional, prefix it with an underscore: `_new_returned`

warning: unused variable: `authority`
   --> /workspace/bytes-proof-tools/targets/bytes/debug/build/bytes-actual-shared-reserve-6c4c0cba114a60c0/out/scalable_tickets.rs:220:5
    |
220 |     authority: Snapshot<RegistrationMap>,
    |     ^^^^^^^^^ help: if this is intentional, prefix it with an underscore: `_authority`

warning: unused variable: `map`
   --> /workspace/bytes-proof-tools/targets/bytes/debug/build/bytes-actual-shared-reserve-6c4c0cba114a60c0/out/scalable_tickets.rs:241:5
    |
241 |     map: Snapshot<RegistrationMap>,
    |     ^^^ help: if this is intentional, prefix it with an underscore: `_map`

warning: unused variable: `first`
   --> /workspace/bytes-proof-tools/targets/bytes/debug/build/bytes-actual-shared-reserve-6c4c0cba114a60c0/out/scalable_tickets.rs:242:5
    |
242 |     first: Snapshot<Int>,
    |     ^^^^^ help: if this is intentional, prefix it with an underscore: `_first`

warning: unused variable: `second`
   --> /workspace/bytes-proof-tools/targets/bytes/debug/build/bytes-actual-shared-reserve-6c4c0cba114a60c0/out/scalable_tickets.rs:243:5
    |
243 |     second: Snapshot<Int>,
    |     ^^^^^^ help: if this is intentional, prefix it with an underscore: `_second`

warning: unused variable: `first_ticket`
   --> /workspace/bytes-proof-tools/targets/bytes/debug/build/bytes-actual-shared-reserve-6c4c0cba114a60c0/out/scalable_tickets.rs:245:9
    |
245 |     let first_ticket: Snapshot<RegistrationMap> =
    |         ^^^^^^^^^^^^ help: if this is intentional, prefix it with an underscore: `_first_ticket`

warning: unused variable: `second_ticket`
   --> /workspace/bytes-proof-tools/targets/bytes/debug/build/bytes-actual-shared-reserve-6c4c0cba114a60c0/out/scalable_tickets.rs:247:9
    |
247 |     let second_ticket: Snapshot<RegistrationMap> =
    |         ^^^^^^^^^^^^^ help: if this is intentional, prefix it with an underscore: `_second_ticket`

warning: unused variable: `after_first`
   --> /workspace/bytes-proof-tools/targets/bytes/debug/build/bytes-actual-shared-reserve-6c4c0cba114a60c0/out/scalable_tickets.rs:252:9
    |
252 |     let after_first: Snapshot<RegistrationMap> =
    |         ^^^^^^^^^^^ help: if this is intentional, prefix it with an underscore: `_after_first`

warning: unused variable: `returned`
   --> /workspace/bytes-proof-tools/targets/bytes/debug/build/bytes-actual-shared-reserve-6c4c0cba114a60c0/out/scalable_tickets.rs:271:5
    |
271 |     returned: Snapshot<RegistrationMap>,
    |     ^^^^^^^^ help: if this is intentional, prefix it with an underscore: `_returned`

warning: unused variable: `active`
   --> /workspace/bytes-proof-tools/targets/bytes/debug/build/bytes-actual-shared-reserve-6c4c0cba114a60c0/out/scalable_tickets.rs:272:5
    |
272 |     active: Snapshot<RegistrationMap>,
    |     ^^^^^^ help: if this is intentional, prefix it with an underscore: `_active`

warning: unused variable: `authority`
   --> /workspace/bytes-proof-tools/targets/bytes/debug/build/bytes-actual-shared-reserve-6c4c0cba114a60c0/out/scalable_tickets.rs:273:5
    |
273 |     authority: Snapshot<RegistrationMap>,
    |     ^^^^^^^^^ help: if this is intentional, prefix it with an underscore: `_authority`

warning: unused variable: `fresh`
   --> /workspace/bytes-proof-tools/targets/bytes/debug/build/bytes-actual-shared-reserve-6c4c0cba114a60c0/out/scalable_tickets.rs:274:5
    |
274 |     fresh: Snapshot<Int>,
    |     ^^^^^ help: if this is intentional, prefix it with an underscore: `_fresh`

warning: unused variable: `next_active`
   --> /workspace/bytes-proof-tools/targets/bytes/debug/build/bytes-actual-shared-reserve-6c4c0cba114a60c0/out/scalable_tickets.rs:276:9
    |
276 |     let next_active: Snapshot<RegistrationMap> = snapshot!((*active).insert(*fresh, Excl(())));
    |         ^^^^^^^^^^^ help: if this is intentional, prefix it with an underscore: `_next_active`

warning: unused variable: `next_authority`
   --> /workspace/bytes-proof-tools/targets/bytes/debug/build/bytes-actual-shared-reserve-6c4c0cba114a60c0/out/scalable_tickets.rs:277:9
    |
277 |     let next_authority: Snapshot<RegistrationMap> = snapshot!((*authority).insert(*fresh, Excl(())));
    |         ^^^^^^^^^^^^^^ help: if this is intentional, prefix it with an underscore: `_next_authority`

warning: unused variable: `merged`
   --> /workspace/bytes-proof-tools/targets/bytes/debug/build/bytes-actual-shared-reserve-6c4c0cba114a60c0/out/scalable_tickets.rs:280:9
    |
280 |     let merged: Snapshot<RegistrationMap> = snapshot!((*returned).total_op(*next_active));
    |         ^^^^^^ help: if this is intentional, prefix it with an underscore: `_merged`

warning: unused variable: `parent_id`
   --> /workspace/bytes-proof-tools/targets/bytes/debug/build/bytes-actual-shared-reserve-6c4c0cba114a60c0/out/scalable_tickets.rs:553:13
    |
553 |         let parent_id = parent.id;
    |             ^^^^^^^^^ help: if this is intentional, prefix it with an underscore: `_parent_id`

warning: unused variable: `next_id`
   --> /workspace/bytes-proof-tools/targets/bytes/debug/build/bytes-actual-shared-reserve-6c4c0cba114a60c0/out/scalable_tickets.rs:573:33
    |
573 |         let (left_id, right_id, next_id) = ids.into_ghost().into_inner();
    |                                 ^^^^^^^ help: if this is intentional, prefix it with an underscore: `_next_id`

warning: unused variable: `at`
   --> /workspace/bytes-proof-tools/targets/bytes/debug/build/bytes-actual-shared-reserve-6c4c0cba114a60c0/out/scalable_tickets.rs:732:5
    |
732 |     at: usize,
    |     ^^ help: if this is intentional, prefix it with an underscore: `_at`

warning: unused variable: `pending`
  --> /workspace/rust-crate-proofs/bytes/1.11.1/src/ownership_proof/singleton_region.rs:24:13
   |
24 |         let pending = state.status.pending;
   |             ^^^^^^^ help: if this is intentional, prefix it with an underscore: `_pending`

warning: unused variable: `ticket_id`
  --> /workspace/rust-crate-proofs/bytes/1.11.1/src/ownership_proof/singleton_region.rs:25:13
   |
25 |         let ticket_id = snapshot!(ticket.logical_id());
   |             ^^^^^^^^^ help: if this is intentional, prefix it with an underscore: `_ticket_id`

warning: unused variable: `address`
  --> src/../../../../src/ownership_proof/boxed_alignment.rs:23:49
   |
23 | pub(crate) fn aligned_address_has_clear_low_bit(address: usize, alignment: usize) {}
   |                                                 ^^^^^^^ help: if this is intentional, prefix it with an underscore: `_address`

warning: unused variable: `alignment`
  --> src/../../../../src/ownership_proof/boxed_alignment.rs:23:65
   |
23 | pub(crate) fn aligned_address_has_clear_low_bit(address: usize, alignment: usize) {}
   |                                                                 ^^^^^^^^^ help: if this is intentional, prefix it with an underscore: `_alignment`

warning: unused variable: `control`
  --> /workspace/bytes-proof-tools/targets/bytes/debug/build/bytes-actual-shared-reserve-6c4c0cba114a60c0/out/actual_carrier.rs:87:40
   |
87 |     #[cfg(bytes_proof_repeated_split)] control: sequential_shared_control::ControlPtr,
   |                                        ^^^^^^^ help: if this is intentional, prefix it with an underscore: `_control`

warning: unused variable: `ptr`
   --> /workspace/bytes-proof-tools/targets/bytes/debug/build/bytes-actual-shared-reserve-6c4c0cba114a60c0/out/actual_carrier.rs:169:28
    |
169 | unsafe fn increment_shared(ptr: *mut Shared,
    |                            ^^^ help: if this is intentional, prefix it with an underscore: `_ptr`

warning: unused variable: `base`
   --> /workspace/rust-crate-proofs/bytes/1.11.1/src/ownership_proof/carrier_protocol.rs:109:46
    |
109 | pub(super) fn activate(pointer: *mut Shared, base: BoundPtr, capacity: usize,
    |                                              ^^^^ help: if this is intentional, prefix it with an underscore: `_base`

warning: variable does not need to be mutable
   --> /workspace/rust-crate-proofs/bytes/1.11.1/src/ownership_proof/carrier_protocol.rs:132:46
    |
132 | pub(super) fn increment(control: ControlPtr, mut context: Ghost<&mut ControlContext>) -> usize {
    |                                              ----^^^^^^^
    |                                              |
    |                                              help: remove this `mut`
    |
    = note: `#[warn(unused_mut)]` (part of `#[warn(unused)]`) on by default

warning: variable does not need to be mutable
   --> /workspace/rust-crate-proofs/bytes/1.11.1/src/ownership_proof/carrier_protocol.rs:226:5
    |
226 |     mut packet: Ghost<&'a mut Packet>,
    |     ----^^^^^^
    |     |
    |     help: remove this `mut`

warning: variable does not need to be mutable
   --> /workspace/rust-crate-proofs/bytes/1.11.1/src/ownership_proof/carrier_protocol.rs:288:5
    |
288 |     mut packet: Ghost<&'a mut Packet>,
    |     ----^^^^^^
    |     |
    |     help: remove this `mut`

warning: unused variable: `original`
   --> /workspace/bytes-proof-tools/targets/bytes/debug/build/bytes-actual-shared-reserve-6c4c0cba114a60c0/out/actual_carrier.rs:433:17
    |
433 |             let original = snapshot!(*self);
    |                 ^^^^^^^^ help: if this is intentional, prefix it with an underscore: `_original`

warning: variable does not need to be mutable
   --> /workspace/bytes-proof-tools/targets/bytes/debug/build/bytes-actual-shared-reserve-6c4c0cba114a60c0/out/actual_carrier.rs:534:17
    |
534 |             let mut other = self.shallow_clone();
    |                 ----^^^^^
    |                 |
    |                 help: remove this `mut`

warning: unused variable: `off`
   --> /workspace/bytes-proof-tools/targets/bytes/debug/build/bytes-actual-shared-reserve-6c4c0cba114a60c0/out/actual_carrier.rs:629:13
    |
629 |         let off = crate::capacity_ops::vec_pos_from_data(
    |             ^^^ help: if this is intentional, prefix it with an underscore: `_off`

warning: unused variable: `handle`
   --> /workspace/bytes-proof-tools/targets/bytes/debug/build/bytes-actual-shared-reserve-6c4c0cba114a60c0/out/actual_carrier.rs:877:41
    |
877 |     fn proof_initialization_coordinates(handle: Snapshot<Self>) {
    |                                         ^^^^^^ help: if this is intentional, prefix it with an underscore: `_handle`

warning: unused variable: `at`
    --> /workspace/bytes-proof-tools/targets/bytes/debug/build/bytes-actual-shared-reserve-6c4c0cba114a60c0/out/actual_carrier.rs:1018:66
     |
1018 |     fn proof_register_carrier_split(&mut self, other: &mut Self, at: usize) {
     |                                                                  ^^ help: if this is intentional, prefix it with an underscore: `_at`

warning: variable does not need to be mutable
  --> /workspace/rust-crate-proofs/bytes/1.11.1/src/ownership_proof/shared_copy.rs:25:42
   |
25 |     handle: BytesMut, additional: usize, mut context: Ghost<&mut ControlContext>,
   |                                          ----^^^^^^^
   |                                          |
   |                                          help: remove this `mut`

warning: type `actual::Shared` is more private than the item `SingletonLease::owner`
  --> /workspace/rust-crate-proofs/bytes/1.11.1/src/ownership_proof/shared_reclaim.rs:14:5
   |
14 |     pub(crate) owner: Box<Perm<*const Shared>>,
   |     ^^^^^^^^^^^^^^^^^^^^^^^^^^^^^^^^^^^^^^^^^^ field `SingletonLease::owner` is reachable at visibility `pub(crate)`
   |
note: but type `actual::Shared` is only usable at visibility `pub(self)`
  --> /workspace/bytes-proof-tools/targets/bytes/debug/build/bytes-actual-shared-reserve-6c4c0cba114a60c0/out/actual_carrier.rs:56:1
   |
56 | struct Shared {
   | ^^^^^^^^^^^^^
   = note: `#[warn(private_interfaces)]` on by default

warning: type `HandleRegistration` is more private than the item `acquire`
  --> /workspace/rust-crate-proofs/bytes/1.11.1/src/ownership_proof/shared_reclaim.rs:55:1
   |
55 | / pub(crate) fn acquire(
56 | |     control: ControlPtr,
57 | |     context: Ghost<ControlContext>,
58 | |     registration: Ghost<HandleRegistration>,
59 | | ) -> Ghost<SingletonLease> {
   | |__________________________^ function `acquire` is reachable at visibility `pub(crate)`
   |
note: but type `HandleRegistration` is only usable at visibility `pub(in crate::actual)`
  --> /workspace/rust-crate-proofs/bytes/1.11.1/src/ownership_proof/carrier_protocol.rs:67:1
   |
67 | pub(super) struct HandleRegistration {
   | ^^^^^^^^^^^^^^^^^^^^^^^^^^^^^^^^^^^^

warning: type `HandleRegistration` is more private than the item `reactivate`
  --> /workspace/rust-crate-proofs/bytes/1.11.1/src/ownership_proof/shared_reclaim.rs:85:1
   |
85 | / pub(crate) fn reactivate(
86 | |     control: ControlPtr,
87 | |     lease: Ghost<SingletonLease>,
88 | | ) -> Ghost<(ControlContext, HandleRegistration)> {
   | |________________________________________________^ function `reactivate` is reachable at visibility `pub(crate)`
   |
note: but type `HandleRegistration` is only usable at visibility `pub(in crate::actual)`
  --> /workspace/rust-crate-proofs/bytes/1.11.1/src/ownership_proof/carrier_protocol.rs:67:1
   |
67 | pub(super) struct HandleRegistration {
   | ^^^^^^^^^^^^^^^^^^^^^^^^^^^^^^^^^^^^

warning: type `HandleRegistration` is more private than the item `reactivate_view`
  --> /workspace/rust-crate-proofs/bytes/1.11.1/src/ownership_proof/shared_reserve.rs:84:1
   |
84 | / pub(crate) fn reactivate_view(
85 | |     control: ControlPtr, lease: Ghost<SingletonLease>, end: Snapshot<Int>,
86 | | ) -> Ghost<(ControlContext, HandleRegistration)> {
   | |________________________________________________^ function `reactivate_view` is reachable at visibility `pub(crate)`
   |
note: but type `HandleRegistration` is only usable at visibility `pub(in crate::actual)`
  --> /workspace/rust-crate-proofs/bytes/1.11.1/src/ownership_proof/carrier_protocol.rs:67:1
   |
67 | pub(super) struct HandleRegistration {
   | ^^^^^^^^^^^^^^^^^^^^^^^^^^^^^^^^^^^^

warning: function `reallocate_u8` is never used
  --> src/../../../../src/allocation_ops.rs:25:22
   |
25 | pub(crate) unsafe fn reallocate_u8(base: *mut u8, old_capacity: usize, capacity: usize) -> core::ptr::NonNull<u8> {
   |                      ^^^^^^^^^^^^^
   |
   = note: `#[warn(dead_code)]` (part of `#[warn(unused)]`) on by default

warning: function `fill_uninit_prefix` is never used
  --> src/../../../../src/storage_ops.rs:15:15
   |
15 | pub(crate) fn fill_uninit_prefix(dst: &mut [MaybeUninit<u8>], count: usize, value: u8) {
   |               ^^^^^^^^^^^^^^^^^^

warning: function `pointer_addr_eq` is never used
  --> src/../../../../src/provenance_specs.rs:19:15
   |
19 | pub(crate) fn pointer_addr_eq<T>(left: *const T, right: *const T) -> bool {
   |               ^^^^^^^^^^^^^^^

warning: function `pointer_with_address` is never used
  --> src/../../../../src/provenance_specs.rs:86:15
   |
86 | pub(crate) fn pointer_with_address(ptr: *mut u8, new_addr: usize) -> *mut u8 {
   |               ^^^^^^^^^^^^^^^^^^^^

warning: method `as_non_null` is never used
   --> src/../../../../src/ownership_proof/raw_vec.rs:273:19
    |
241 | impl BoundPtr {
    | ------------- method in this implementation
...
273 |     pub(crate) fn as_non_null(&self) -> NonNull<u8> {
    |                   ^^^^^^^^^^^

warning: fields `resource` and `descriptor` are never read
   --> src/../../../../src/ownership_proof/raw_vec.rs:431:5
    |
430 | pub(crate) struct Recovery {
    |                   -------- fields in this struct
431 |     resource: Resource<KernelRA>,
    |     ^^^^^^^^
432 |     descriptor: AllocationDesc,
    |     ^^^^^^^^^^

warning: function `resume_vec` is never used
   --> src/../../../../src/ownership_proof/raw_vec.rs:888:22
    |
888 | pub(crate) unsafe fn resume_vec(
    |                      ^^^^^^^^^^

warning: function `deallocate_vec` is never used
   --> src/../../../../src/ownership_proof/raw_vec.rs:924:22
    |
924 | pub(crate) unsafe fn deallocate_vec(
    |                      ^^^^^^^^^^^^^^

warning: function `borrow_mut` is never used
    --> src/../../../../src/ownership_proof/raw_vec.rs:1008:22
     |
1008 | pub(crate) unsafe fn borrow_mut<'a>(
     |                      ^^^^^^^^^^

warning: function `slot_known_equivalence` is never used
    --> src/../../../../src/ownership_proof/raw_vec.rs:1030:15
     |
1030 | pub(crate) fn slot_known_equivalence(slot: Option<Option<u8>>) {}
     |               ^^^^^^^^^^^^^^^^^^^^^^

warning: function `borrow_spare_preserving_prefix` is never used
    --> src/../../../../src/ownership_proof/raw_vec.rs:1147:22
     |
1147 | pub(crate) unsafe fn borrow_spare_preserving_prefix<'a>(
     |                      ^^^^^^^^^^^^^^^^^^^^^^^^^^^^^^

warning: function `borrow_empty_bound` is never used
    --> src/../../../../src/ownership_proof/raw_vec.rs:1187:22
     |
1187 | pub(crate) unsafe fn borrow_empty_bound<'a>(bound: &'a BoundPtr) -> &'a [u8] {
     |                      ^^^^^^^^^^^^^^^^^^

warning: function `borrow_empty_bound_mut` is never used
    --> src/../../../../src/ownership_proof/raw_vec.rs:1196:22
     |
1196 | pub(crate) unsafe fn borrow_empty_bound_mut<'a>(bound: &'a BoundPtr) -> &'a mut [u8] {
     |                      ^^^^^^^^^^^^^^^^^^^^^^

warning: function `borrow_empty_bound_uninit_mut` is never used
    --> src/../../../../src/ownership_proof/raw_vec.rs:1204:22
     |
1204 | pub(crate) unsafe fn borrow_empty_bound_uninit_mut<'a>(
     |                      ^^^^^^^^^^^^^^^^^^^^^^^^^^^^^

warning: fields `capacity`, `allocation`, and `registration` are never read
  --> /workspace/bytes-proof-tools/targets/bytes/debug/build/bytes-actual-shared-reserve-6c4c0cba114a60c0/out/scalable_tickets.rs:63:16
   |
62 | pub(crate) struct Status {
   |                   ------ fields in this struct
63 |     pub(crate) capacity: Int,
   |                ^^^^^^^^
64 |     pub(crate) allocation: Id,
   |                ^^^^^^^^^^
65 |     pub(crate) registration: Id,
   |                ^^^^^^^^^^^^
   |
   = note: `Status` has a derived impl for the trait `Clone`, but this is intentionally ignored during dead code analysis

warning: function `initialize` is never used
   --> /workspace/bytes-proof-tools/targets/bytes/debug/build/bytes-actual-shared-reserve-6c4c0cba114a60c0/out/scalable_tickets.rs:508:15
    |
508 | pub(crate) fn initialize(input: alloc::vec::Vec<u8>) -> (crate::ownership_proof::raw_vec::BoundPtr, usize, Ghost<(Coordinator, Pack...
    |               ^^^^^^^^^^

warning: function `replace` is never used
   --> /workspace/bytes-proof-tools/targets/bytes/debug/build/bytes-actual-shared-reserve-6c4c0cba114a60c0/out/scalable_tickets.rs:729:15
    |
729 | pub(crate) fn replace(
    |               ^^^^^^^

warning: function `native_allocate_and_release` is never used
  --> src/../../../../src/ownership_proof/vec_capacity.rs:60:8
   |
60 | pub fn native_allocate_and_release(requested: usize) -> (usize, usize) {
   |        ^^^^^^^^^^^^^^^^^^^^^^^^^^^

warning: function `borrow_packet_uninit_mut` is never used
   --> /workspace/rust-crate-proofs/bytes/1.11.1/src/ownership_proof/carrier_protocol.rs:284:22
    |
284 | pub(crate) unsafe fn borrow_packet_uninit_mut<'a>(
    |                      ^^^^^^^^^^^^^^^^^^^^^^^^

warning: function `reactivate` is never used
  --> /workspace/rust-crate-proofs/bytes/1.11.1/src/ownership_proof/shared_reclaim.rs:85:15
   |
85 | pub(crate) fn reactivate(
   |               ^^^^^^^^^^

warning: `bytes-actual-shared-reserve` (lib test) generated 114 warnings (114 duplicates)
warning: `bytes-actual-shared-reserve` (lib) generated 114 warnings (run `cargo fix --lib -p bytes-actual-shared-reserve` to apply 90 suggestions)
    Finished `test` profile [unoptimized + debuginfo] target(s) in 0.78s
     Running unittests src/lib.rs (/workspace/bytes-proof-tools/targets/bytes/debug/deps/bytes_actual_shared_reserve-8c4a8e3a393069a0)

running 0 tests

test result: ok. 0 passed; 0 failed; 0 ignored; 0 measured; 0 filtered out; finished in 0.00s

     Running tests/allocations.rs (/workspace/bytes-proof-tools/targets/bytes/debug/deps/allocations-c3083221505b6646)

running 1 test
test public_reserve_explicit_cleanup_allocations ... ok

test result: ok. 1 passed; 0 failed; 0 ignored; 0 measured; 0 filtered out; finished in 0.00s

     Running tests/native.rs (/workspace/bytes-proof-tools/targets/bytes/debug/deps/native-ada8acf9aaa2fa75)

running 1 test
test public_shared_reserve_paths ... ok

test result: ok. 1 passed; 0 failed; 0 ignored; 0 measured; 0 filtered out; finished in 0.00s

   Doc-tests bytes_actual_shared_reserve

running 0 tests

test result: ok. 0 passed; 0 failed; 0 ignored; 0 measured; 0 filtered out; finished in 0.00s

