bytes proof: /workspace/rust-crate-proofs/bytes/1.11.1/verification/probes/actual-shared-reserve; one prover; 1024 MiB; native Ordering; sc-drf disabled
     Removed 128 files, 35.1MiB total
   Compiling bytes-actual-shared-reserve v0.1.0 (/workspace/rust-crate-proofs/bytes/1.11.1/verification/probes/actual-shared-reserve)
warning: unused variable: `helpers`
   --> build.rs:195:9
    |
195 |     let helpers=Fragment {name:"carrier_methods",text:&source[start..end],start,end};
    |         ^^^^^^^ help: if this is intentional, prefix it with an underscore: `_helpers`
    |
    = note: `#[warn(unused_variables)]` (part of `#[warn(unused)]`) on by default

warning: `bytes-actual-shared-reserve` (build script) generated 1 warning
warning: unnecessary parentheses around match arm expression
   --> /workspace/bytes-proof-tools/targets/bytes/debug/build/bytes-actual-shared-reserve-90c9de69f85e8a93/out/scalable_tickets.rs:381:27
    |
381 |             Some(pool) => (forall<id: Int> match (*state.status.pending).get(id) {
    |                           ^
...
385 |             }),
    |              ^
    |
    = note: `#[warn(unused_parens)]` (part of `#[warn(unused)]`) on by default
help: remove these parentheses
    |
381 ~             Some(pool) => forall<id: Int> match (*state.status.pending).get(id) {
382 |                 None => true,
383 |                 Some((lo, hi)) =>
384 |                     (forall<index: Int> lo <= index && index < hi ==> !pool.contains(index)),
385 ~             },
    |

warning: unnecessary parentheses around match arm expression
   --> /workspace/bytes-proof-tools/targets/bytes/debug/build/bytes-actual-shared-reserve-90c9de69f85e8a93/out/scalable_tickets.rs:384:21
    |
384 |                     (forall<index: Int> lo <= index && index < hi ==> !pool.contains(index)),
    |                     ^                                                                      ^
    |
help: remove these parentheses
    |
384 -                     (forall<index: Int> lo <= index && index < hi ==> !pool.contains(index)),
384 +                     forall<index: Int> lo <= index && index < hi ==> !pool.contains(index),
    |

warning: unnecessary parentheses around block return value
   --> /workspace/bytes-proof-tools/targets/bytes/debug/build/bytes-actual-shared-reserve-90c9de69f85e8a93/out/scalable_tickets.rs:395:9
    |
395 |         (forall<left: Int, right: Int> match
    |         ^
...
401 |         })
    |          ^
    |
help: remove these parentheses
    |
395 ~         forall<left: Int, right: Int> match
396 |             ((*state.status.pending).get(left), (*state.status.pending).get(right)) {
...
400 |             _ => true,
401 ~         }
    |

warning: unnecessary parentheses around match arm expression
   --> /workspace/bytes-proof-tools/targets/bytes/debug/build/bytes-actual-shared-reserve-90c9de69f85e8a93/out/scalable_tickets.rs:410:27
    |
410 |             Some(pool) => (forall<index: Int> pool.contains(index) == (
    |                           ^
...
413 |             )),
    |              ^
    |
help: remove these parentheses
    |
410 ~             Some(pool) => forall<index: Int> pool.contains(index) == (
411 |                 0 <= index && index < state.status.capacity &&
412 |                 pending_outside(*state.status.pending, index)
413 ~             ),
    |

warning: unused import: `owned_region`
  --> src/lib.rs:31:28
   |
31 |     pub(crate) use crate::{owned_region, raw_vec, sequential_counter, scalable_tickets, bound_ptr, boxed_alignment, vec_capacity, un...
   |                            ^^^^^^^^^^^^
   |
   = note: `#[warn(unused_imports)]` (part of `#[warn(unused)]`) on by default

warning: unused imports: `ManuallyDrop` and `MaybeUninit`
 --> /workspace/bytes-proof-tools/targets/bytes/debug/build/bytes-actual-shared-reserve-90c9de69f85e8a93/out/actual_carrier.rs:2:22
  |
2 | use core::mem::{self,ManuallyDrop,MaybeUninit};
  |                      ^^^^^^^^^^^^ ^^^^^^^^^^^

warning: unused import: `self`
 --> /workspace/bytes-proof-tools/targets/bytes/debug/build/bytes-actual-shared-reserve-90c9de69f85e8a93/out/actual_carrier.rs:3:17
  |
3 | use core::ptr::{self,NonNull};
  |                 ^^^^

warning: unused imports: `AtomicUsize` and `Ordering`
 --> /workspace/bytes-proof-tools/targets/bytes/debug/build/bytes-actual-shared-reserve-90c9de69f85e8a93/out/actual_carrier.rs:5:26
  |
5 | use core::sync::atomic::{AtomicUsize,Ordering};
  |                          ^^^^^^^^^^^ ^^^^^^^^

warning: unused import: `prelude`
 --> /workspace/rust-crate-proofs/bytes/1.11.1/src/ownership_proof/shared_reserve.rs:3:38
  |
3 | use creusot_std::{ghost::perm::Perm, prelude::*};
  |                                      ^^^^^^^

warning: unused import: `prelude`
 --> /workspace/rust-crate-proofs/bytes/1.11.1/src/ownership_proof/carrier_protocol.rs:5:49
  |
5 | use creusot_std::{ghost::perm::Perm, logic::Id, prelude::*};
  |                                                 ^^^^^^^

warning: unused import: `prelude`
 --> /workspace/rust-crate-proofs/bytes/1.11.1/src/ownership_proof/shared_reclaim.rs:4:38
  |
4 | use creusot_std::{ghost::perm::Perm, prelude::*};
  |                                      ^^^^^^^

warning: unused import: `prelude`
 --> /workspace/rust-crate-proofs/bytes/1.11.1/src/ownership_proof/shared_copy.rs:4:38
  |
4 | use creusot_std::{ghost::perm::Perm, prelude::*};
  |                                      ^^^^^^^

warning: unused variable: `base`
   --> src/../../../../src/ownership_proof/raw_vec.rs:928:25
    |
928 |     let RawAllocation { base, capacity, namespace: _, _not_objective: _ } = raw;
    |                         ^^^^ help: try ignoring the field: `base: _`
    |
    = note: `#[warn(unused_variables)]` (part of `#[warn(unused)]`) on by default

warning: unused variable: `capacity`
   --> src/../../../../src/ownership_proof/raw_vec.rs:928:31
    |
928 |     let RawAllocation { base, capacity, namespace: _, _not_objective: _ } = raw;
    |                               ^^^^^^^^ help: try ignoring the field: `capacity: _`

warning: unused variable: `base`
   --> src/../../../../src/ownership_proof/raw_vec.rs:964:9
    |
964 |     let base = bound.as_ptr();
    |         ^^^^ help: if this is intentional, prefix it with an underscore: `_base`

warning: variable does not need to be mutable
   --> /workspace/bytes-proof-tools/targets/bytes/debug/build/bytes-actual-shared-reserve-90c9de69f85e8a93/out/actual_carrier.rs:540:17
    |
540 |             let mut other = self.shallow_clone();
    |                 ----^^^^^
    |                 |
    |                 help: remove this `mut`
    |
    = note: `#[warn(unused_mut)]` (part of `#[warn(unused)]`) on by default

warning: unused variable: `off`
   --> /workspace/bytes-proof-tools/targets/bytes/debug/build/bytes-actual-shared-reserve-90c9de69f85e8a93/out/actual_carrier.rs:635:13
    |
635 |         let off = crate::capacity_ops::vec_pos_from_data(
    |             ^^^ help: if this is intentional, prefix it with an underscore: `_off`

warning: type `actual::Shared` is more private than the item `actual::shared_reclaim::SingletonLease::owner`
  --> /workspace/rust-crate-proofs/bytes/1.11.1/src/ownership_proof/shared_reclaim.rs:14:5
   |
14 |     pub(crate) owner: Box<Perm<*const Shared>>,
   |     ^^^^^^^^^^^^^^^^^^^^^^^^^^^^^^^^^^^^^^^^^^ field `actual::shared_reclaim::SingletonLease::owner` is reachable at visibility `pub(crate)`
   |
note: but type `actual::Shared` is only usable at visibility `pub(self)`
  --> /workspace/bytes-proof-tools/targets/bytes/debug/build/bytes-actual-shared-reserve-90c9de69f85e8a93/out/actual_carrier.rs:56:1
   |
56 | struct Shared {
   | ^^^^^^^^^^^^^
   = note: `#[warn(private_interfaces)]` on by default

warning: type `actual::sequential_shared_control::HandleRegistration` is more private than the item `actual::shared_reclaim::acquire`
  --> /workspace/rust-crate-proofs/bytes/1.11.1/src/ownership_proof/shared_reclaim.rs:55:1
   |
55 | / pub(crate) fn acquire(
56 | |     control: ControlPtr,
57 | |     context: Ghost<ControlContext>,
58 | |     registration: Ghost<HandleRegistration>,
59 | | ) -> Ghost<SingletonLease> {
   | |__________________________^ function `actual::shared_reclaim::acquire` is reachable at visibility `pub(crate)`
   |
note: but type `actual::sequential_shared_control::HandleRegistration` is only usable at visibility `pub(in crate::actual)`
  --> /workspace/rust-crate-proofs/bytes/1.11.1/src/ownership_proof/carrier_protocol.rs:67:1
   |
67 | pub(super) struct HandleRegistration {
   | ^^^^^^^^^^^^^^^^^^^^^^^^^^^^^^^^^^^^

warning: type `actual::sequential_shared_control::HandleRegistration` is more private than the item `actual::shared_reclaim::reactivate`
  --> /workspace/rust-crate-proofs/bytes/1.11.1/src/ownership_proof/shared_reclaim.rs:85:1
   |
85 | / pub(crate) fn reactivate(
86 | |     control: ControlPtr,
87 | |     lease: Ghost<SingletonLease>,
88 | | ) -> Ghost<(ControlContext, HandleRegistration)> {
   | |________________________________________________^ function `actual::shared_reclaim::reactivate` is reachable at visibility `pub(crate)`
   |
note: but type `actual::sequential_shared_control::HandleRegistration` is only usable at visibility `pub(in crate::actual)`
  --> /workspace/rust-crate-proofs/bytes/1.11.1/src/ownership_proof/carrier_protocol.rs:67:1
   |
67 | pub(super) struct HandleRegistration {
   | ^^^^^^^^^^^^^^^^^^^^^^^^^^^^^^^^^^^^

warning: type `actual::sequential_shared_control::HandleRegistration` is more private than the item `actual::shared_reserve::reactivate_view`
  --> /workspace/rust-crate-proofs/bytes/1.11.1/src/ownership_proof/shared_reserve.rs:84:1
   |
84 | / pub(crate) fn reactivate_view(
85 | |     control: ControlPtr, lease: Ghost<SingletonLease>, end: Snapshot<Int>,
86 | | ) -> Ghost<(ControlContext, HandleRegistration)> {
   | |________________________________________________^ function `actual::shared_reserve::reactivate_view` is reachable at visibility `pub(crate)`
   |
note: but type `actual::sequential_shared_control::HandleRegistration` is only usable at visibility `pub(in crate::actual)`
  --> /workspace/rust-crate-proofs/bytes/1.11.1/src/ownership_proof/carrier_protocol.rs:67:1
   |
67 | pub(super) struct HandleRegistration {
   | ^^^^^^^^^^^^^^^^^^^^^^^^^^^^^^^^^^^^

warning: function `fill_uninit_prefix` is never used
  --> src/../../../../src/storage_ops.rs:15:15
   |
15 | pub(crate) fn fill_uninit_prefix(dst: &mut [MaybeUninit<u8>], count: usize, value: u8) {
   |               ^^^^^^^^^^^^^^^^^^
   |
   = note: `#[warn(dead_code)]` (part of `#[warn(unused)]`) on by default

warning: function `pointer_addr_eq` is never used
  --> src/../../../../src/provenance_specs.rs:19:15
   |
19 | pub(crate) fn pointer_addr_eq<T>(left: *const T, right: *const T) -> bool {
   |               ^^^^^^^^^^^^^^^

warning: function `pointer_with_address` is never used
  --> src/../../../../src/provenance_specs.rs:86:15
   |
86 | pub(crate) fn pointer_with_address(ptr: *mut u8, new_addr: usize) -> *mut u8 {
   |               ^^^^^^^^^^^^^^^^^^^^

warning: method `as_non_null` is never used
   --> src/../../../../src/ownership_proof/raw_vec.rs:273:19
    |
241 | impl BoundPtr {
    | ------------- method in this implementation
...
273 |     pub(crate) fn as_non_null(&self) -> NonNull<u8> {
    |                   ^^^^^^^^^^^

warning: function `resume_vec` is never used
   --> src/../../../../src/ownership_proof/raw_vec.rs:888:22
    |
888 | pub(crate) unsafe fn resume_vec(
    |                      ^^^^^^^^^^

warning: function `deallocate_vec` is never used
   --> src/../../../../src/ownership_proof/raw_vec.rs:924:22
    |
924 | pub(crate) unsafe fn deallocate_vec(
    |                      ^^^^^^^^^^^^^^

warning: function `borrow_mut` is never used
    --> src/../../../../src/ownership_proof/raw_vec.rs:1008:22
     |
1008 | pub(crate) unsafe fn borrow_mut<'a>(
     |                      ^^^^^^^^^^

warning: function `slot_known_equivalence` is never used
    --> src/../../../../src/ownership_proof/raw_vec.rs:1030:15
     |
1030 | pub(crate) fn slot_known_equivalence(slot: Option<Option<u8>>) {}
     |               ^^^^^^^^^^^^^^^^^^^^^^

warning: function `borrow_spare_preserving_prefix` is never used
    --> src/../../../../src/ownership_proof/raw_vec.rs:1147:22
     |
1147 | pub(crate) unsafe fn borrow_spare_preserving_prefix<'a>(
     |                      ^^^^^^^^^^^^^^^^^^^^^^^^^^^^^^

warning: function `borrow_empty_bound` is never used
    --> src/../../../../src/ownership_proof/raw_vec.rs:1187:22
     |
1187 | pub(crate) unsafe fn borrow_empty_bound<'a>(bound: &'a BoundPtr) -> &'a [u8] {
     |                      ^^^^^^^^^^^^^^^^^^

warning: function `borrow_empty_bound_mut` is never used
    --> src/../../../../src/ownership_proof/raw_vec.rs:1196:22
     |
1196 | pub(crate) unsafe fn borrow_empty_bound_mut<'a>(bound: &'a BoundPtr) -> &'a mut [u8] {
     |                      ^^^^^^^^^^^^^^^^^^^^^^

warning: function `borrow_empty_bound_uninit_mut` is never used
    --> src/../../../../src/ownership_proof/raw_vec.rs:1204:22
     |
1204 | pub(crate) unsafe fn borrow_empty_bound_uninit_mut<'a>(
     |                      ^^^^^^^^^^^^^^^^^^^^^^^^^^^^^

warning: function `initialize` is never used
   --> /workspace/bytes-proof-tools/targets/bytes/debug/build/bytes-actual-shared-reserve-90c9de69f85e8a93/out/scalable_tickets.rs:508:15
    |
508 | pub(crate) fn initialize(input: alloc::vec::Vec<u8>) -> (crate::ownership_proof::raw_vec::BoundPtr, usize, Ghost<(Coordinator, Pack...
    |               ^^^^^^^^^^

warning: function `replace` is never used
   --> /workspace/bytes-proof-tools/targets/bytes/debug/build/bytes-actual-shared-reserve-90c9de69f85e8a93/out/scalable_tickets.rs:729:15
    |
729 | pub(crate) fn replace(
    |               ^^^^^^^

warning: function `borrow_packet_uninit_mut` is never used
   --> /workspace/rust-crate-proofs/bytes/1.11.1/src/ownership_proof/carrier_protocol.rs:300:22
    |
300 | pub(crate) unsafe fn borrow_packet_uninit_mut<'a>(
    |                      ^^^^^^^^^^^^^^^^^^^^^^^^

warning: function `reactivate` is never used
  --> /workspace/rust-crate-proofs/bytes/1.11.1/src/ownership_proof/shared_reclaim.rs:85:15
   |
85 | pub(crate) fn reactivate(
   |               ^^^^^^^^^^

warning: calling external function `abort` with no contract will yield an impossible precondition
  --> src/lib.rs:36:19
   |
36 | fn abort() -> ! { std::process::abort() }
   |                   ^^^^^^^^^^^^^^^^^^^^^ function called here
   |
   = note: `#[warn(creusot::contractless_external_function)]` on by default

warning: `bytes-actual-shared-reserve` (lib) generated 38 warnings (run `cargo fix --lib -p bytes-actual-shared-reserve` to apply 13 suggestions)
    Finished `dev` profile [unoptimized + debuginfo] target(s) in 4.52s
No dangling files found
Goal Coma.vc_reserve_with_sibling: ✘ (45/46)
Goal Coma.vc_reserve_caller: ✘ (54/57)
Error: 2 unproved files
Error: 'why3find prove' failed
