   Compiling autocfg v1.5.1
   Compiling proc-macro2 v1.0.107
   Compiling libc v0.2.190
   Compiling unicode-ident v1.0.26
   Compiling quote v1.0.47
   Compiling getrandom v0.4.3
   Compiling num-traits v0.2.19
   Compiling cfg-if v1.0.5
   Compiling syn v2.0.119
    Checking num-integer v0.1.47
    Checking num-bigint v0.4.8
   Compiling uuid v1.27.0
    Checking num-rational v0.4.2
   Compiling pearlite-syn v0.11.0-dev (/workspace/rust-crate-proofs/creusot-libs/pearlite-syn)
   Compiling creusot-std-proc v0.11.0-dev (/workspace/rust-crate-proofs/creusot-libs/creusot-std-proc)
    Checking creusot-std v0.11.0-dev (/workspace/rust-crate-proofs/creusot-libs/creusot-std)
warning: function `isize_to_usize_word` is never used
  --> /workspace/rust-crate-proofs/creusot-libs/creusot-std/src/std/hash_word.rs:12:15
   |
12 | pub(crate) fn isize_to_usize_word(value: isize) -> usize {
   |               ^^^^^^^^^^^^^^^^^^^
   |
   = note: `#[warn(dead_code)]` (part of `#[warn(unused)]`) on by default

warning: `creusot-std` (lib) generated 1 warning
    Checking http-id-hasher-proof v0.1.0 (/workspace/rust-crate-proofs/http/1.5.0/verification/id-hasher)
    Finished `dev` profile [unoptimized + debuginfo] target(s) in 20.25s
