{"counterexample": [],
 "prover-result":
  {"answer": "Valid",
   "ce-models": [],
   "status": "exited with status 0",
   "step": 28661,
   "time": 0.019868},
 "term":
  {"explanations": ["assertion"],
   "goal_name": "vc_utf8_u_d7ff",
   "loc":
    {"end-char": 38,
     "end-line": 32,
     "file-name":
      "/workspace/rust-crate-proofs/httparse/1.10.1/verification/probes/utf8-lemmas/src/lib.rs",
     "start-char": 18,
     "start-line": 32}}}
{"counterexample": [],
 "prover-result":
  {"answer": "Valid",
   "ce-models": [],
   "status": "exited with status 0",
   "step": 31979,
   "time": 0.007777},
 "term":
  {"explanations": ["assertion"],
   "goal_name": "vc_utf8_u_d7ff",
   "loc":
    {"end-char": 36,
     "end-line": 33,
     "file-name":
      "/workspace/rust-crate-proofs/httparse/1.10.1/verification/probes/utf8-lemmas/src/lib.rs",
     "start-char": 18,
     "start-line": 33}}}
{"counterexample": [],
 "prover-result":
  {"answer": "Valid",
   "ce-models": [],
   "status": "exited with status 0",
   "step": 64633,
   "time": 0.01081},
 "term":
  {"explanations": ["assertion"],
   "goal_name": "vc_utf8_u_d7ff",
   "loc":
    {"end-char": 36,
     "end-line": 34,
     "file-name":
      "/workspace/rust-crate-proofs/httparse/1.10.1/verification/probes/utf8-lemmas/src/lib.rs",
     "start-char": 18,
     "start-line": 34}}}
{"counterexample": [],
 "prover-result":
  {"answer": "Valid",
   "ce-models": [],
   "status": "exited with status 0",
   "step": 115260,
   "time": 0.023908},
 "term":
  {"explanations": ["assertion"],
   "goal_name": "vc_utf8_u_d7ff",
   "loc":
    {"end-char": 36,
     "end-line": 35,
     "file-name":
      "/workspace/rust-crate-proofs/httparse/1.10.1/verification/probes/utf8-lemmas/src/lib.rs",
     "start-char": 18,
     "start-line": 35}}}
{"counterexample": [],
 "prover-result":
  {"answer": "Valid",
   "ce-models": [],
   "status": "exited with status 0",
   "step": 66041,
   "time": 0.012142},
 "term":
  {"explanations": ["assertion"],
   "goal_name": "vc_utf8_u_d7ff",
   "loc":
    {"end-char": 36,
     "end-line": 36,
     "file-name":
      "/workspace/rust-crate-proofs/httparse/1.10.1/verification/probes/utf8-lemmas/src/lib.rs",
     "start-char": 18,
     "start-line": 36}}}
{"counterexample": [],
 "prover-result":
  {"answer": "Valid",
   "ce-models": [],
   "status": "exited with status 0",
   "step": 68924,
   "time": 0.021388},
 "term":
  {"explanations": ["assertion"],
   "goal_name": "vc_utf8_u_d7ff",
   "loc":
    {"end-char": 62,
     "end-line": 37,
     "file-name":
      "/workspace/rust-crate-proofs/httparse/1.10.1/verification/probes/utf8-lemmas/src/lib.rs",
     "start-char": 18,
     "start-line": 37}}}
{"counterexample": [],
 "prover-result":
  {"answer": "Valid",
   "ce-models": [],
   "status": "exited with status 0",
   "step": 71057,
   "time": 0.014493},
 "term":
  {"explanations": ["utf8_u_d7ff ensures"],
   "goal_name": "vc_utf8_u_d7ff",
   "loc":
    {"end-char": 61,
     "end-line": 29,
     "file-name":
      "/workspace/rust-crate-proofs/httparse/1.10.1/verification/probes/utf8-lemmas/src/lib.rs",
     "start-char": 10,
     "start-line": 29}}}
