http proof resources: jobs=1, memory=1024 MiB per prover; shared lock held
    Checking http-proof-probes v0.1.0 (/workspace/rust-crate-proofs/http/1.5.0/verification/probes)
warning: unused import: `creusot_std::prelude::*`
 --> src/bin/dyn_any.rs:3:5
  |
3 | use creusot_std::prelude::*;
  |     ^^^^^^^^^^^^^^^^^^^^^^^
  |
  = note: `#[warn(unused_imports)]` (part of `#[warn(unused)]`) on by default

warning: trait `AnyClone` is never used
 --> src/bin/dyn_any.rs:6:7
  |
6 | trait AnyClone: Any {
  |       ^^^^^^^^
  |
  = note: `#[warn(dead_code)]` (part of `#[warn(unused)]`) on by default

warning: support for trait objects (dyn) is limited and experimental
  --> src/bin/dyn_any.rs:16:34
   |
16 |       fn as_any(&self) -> &dyn Any {
   |  __________________________________^
17 | |         self
18 | |     }
   | |_____^
   |
   = note: `#[warn(creusot::experimental)]` on by default

error: forbidden dyn type: dyn AnyClone + std::marker::Send + std::marker::Sync (dyn support is currently minimal, please open an issue to improve this feature)

warning: `http-proof-probes` (bin "dyn-any") generated 3 warnings
error: could not compile `http-proof-probes` (bin "dyn-any") due to 1 previous error; 3 warnings emitted
command: cargo creusot prove --no-cache -- --locked --offline --manifest-path Cargo.toml --bin dyn-any
exit_status: 101
