http proof resources: jobs=1, memory=1024 MiB per prover; shared lock held
    Checking http-proof-probes v0.1.0 (/workspace/rust-crate-proofs/http/1.5.0/verification/probes)
warning: unused import: `creusot_std::prelude::*`
 --> src/bin/raw_slice_deref.rs:3:5
  |
3 | use creusot_std::prelude::*;
  |     ^^^^^^^^^^^^^^^^^^^^^^^
  |
  = note: `#[warn(unused_imports)]` (part of `#[warn(unused)]`) on by default

warning: function `raw_slice_index` is never used
 --> src/bin/raw_slice_deref.rs:5:4
  |
5 | fn raw_slice_index<T>(slice: &mut [T], index: usize) -> &mut T {
  |    ^^^^^^^^^^^^^^^
  |
  = note: `#[warn(dead_code)]` (part of `#[warn(unused)]`) on by default

error: Dereference of a raw pointer is forbidden in creusot: use `creusot_std::ghost::perm::Perm<*const T>` instead
 --> src/bin/raw_slice_deref.rs:7:14
  |
7 |     unsafe { &mut (*pointer)[index] }
  |              ^^^^^^^^^^^^^^^^^^^^^^

warning: `http-proof-probes` (bin "raw-slice-deref") generated 2 warnings
error: could not compile `http-proof-probes` (bin "raw-slice-deref") due to 1 previous error; 2 warnings emitted
command: cargo creusot prove --no-cache -- --locked --offline --manifest-path Cargo.toml --bin raw-slice-deref
exit_status: 101
