http proof resources: jobs=1, memory=1024 MiB per prover; shared lock held
    Checking http-proof-probes v0.1.0 (/workspace/rust-crate-proofs/http/1.5.0/verification/probes)
warning: field `0` is never read
 --> src/bin/type_id.rs:7:16
  |
7 | struct Newtype(u32);
  |        ------- ^^^
  |        |
  |        field in this struct
  |
  = help: consider removing this field
  = note: `#[warn(dead_code)]` (part of `#[warn(unused)]`) on by default

warning: calling external function `of` with no contract will yield an impossible precondition
  --> src/bin/type_id.rs:10:5
   |
10 |     TypeId::of::<A>() == TypeId::of::<B>()
   |     ^^^^^^^^^^^^^^^^^ function called here
   |
   = note: `#[warn(creusot::contractless_external_function)]` on by default

warning: calling external function `of` with no contract will yield an impossible precondition
  --> src/bin/type_id.rs:10:26
   |
10 |     TypeId::of::<A>() == TypeId::of::<B>()
   |                          ^^^^^^^^^^^^^^^^^ function called here

error[E0277]: the trait bound `std::any::TypeId: creusot_std::model::DeepModel` is not satisfied
  --> src/bin/type_id.rs:10:5
   |
10 |     TypeId::of::<A>() == TypeId::of::<B>()
   |     ^^^^^^^^^^^^^^^^^^^^^^^^^^^^^^^^^^^^^^ the trait `creusot_std::model::DeepModel` is not implemented for `std::any::TypeId`
   |
   = help: the following other types implement trait `creusot_std::model::DeepModel`:
             &T
             &mut T
             ()
             (A, Z, Y, X, W, V, U, T)
             (B, A, Z, Y, X, W, V, U, T)
             (C, B, A, Z, Y, X, W, V, U, T)
             (D, C, B, A, Z, Y, X, W, V, U, T)
             (E, D, C, B, A, Z, Y, X, W, V, U, T)
           and 47 others

For more information about this error, try `rustc --explain E0277`.
warning: `http-proof-probes` (bin "type-id") generated 3 warnings
error: could not compile `http-proof-probes` (bin "type-id") due to 1 previous error; 3 warnings emitted
command: cargo creusot prove --no-cache -- --locked --offline --manifest-path Cargo.toml --bin type-id
exit_status: 101
