   Compiling adapter-metadata-subset v0.1.0 (/workspace/rust-crate-proofs/bytes/1.11.1/verification/probes/adapter-metadata-subset)
error: cannot find attribute `ensures` in this scope
  --> /workspace/bytes-proof-tools/targets/bytes/debug/build/adapter-metadata-subset-0ae1b830002879e1/out/actual_adapter_metadata.rs:10:21
   |
10 | #[cfg_attr(creusot, ensures(result.inner == inner))]
   |                     ^^^^^^^
   |
help: consider importing one of these attribute macros
   |
 6 + use crate::actual::ensures;
   |
 6 + use core::contracts::ensures;
   |
 6 + use creusot_std::prelude::ensures;
   |

error: cannot find attribute `ensures` in this scope
  --> /workspace/bytes-proof-tools/targets/bytes/debug/build/adapter-metadata-subset-0ae1b830002879e1/out/actual_adapter_metadata.rs:11:21
   |
11 | #[cfg_attr(creusot, ensures(result.limit == limit))]
   |                     ^^^^^^^
   |
help: consider importing one of these attribute macros
   |
 6 + use crate::actual::ensures;
   |
 6 + use core::contracts::ensures;
   |
 6 + use creusot_std::prelude::ensures;
   |

error: cannot find attribute `ensures` in this scope
  --> /workspace/bytes-proof-tools/targets/bytes/debug/build/adapter-metadata-subset-0ae1b830002879e1/out/actual_adapter_metadata.rs:16:25
   |
16 |     #[cfg_attr(creusot, ensures(result == self.inner))]
   |                         ^^^^^^^
   |
help: consider importing one of these attribute macros
   |
 6 + use crate::actual::ensures;
   |
 6 + use core::contracts::ensures;
   |
 6 + use creusot_std::prelude::ensures;
   |

error: cannot find attribute `check` in this scope
  --> /workspace/bytes-proof-tools/targets/bytes/debug/build/adapter-metadata-subset-0ae1b830002879e1/out/actual_adapter_metadata.rs:20:25
   |
20 |     #[cfg_attr(creusot, check(ghost))]
   |                         ^^^^^
   |
help: consider importing one of these attribute macros
   |
 6 + use crate::actual::check;
   |
 6 + use creusot_std::prelude::check;
   |

error: cannot find attribute `ensures` in this scope
  --> /workspace/bytes-proof-tools/targets/bytes/debug/build/adapter-metadata-subset-0ae1b830002879e1/out/actual_adapter_metadata.rs:21:25
   |
21 |     #[cfg_attr(creusot, ensures(*result == self.inner))]
   |                         ^^^^^^^
   |
help: consider importing one of these attribute macros
   |
 6 + use crate::actual::ensures;
   |
 6 + use core::contracts::ensures;
   |
 6 + use creusot_std::prelude::ensures;
   |

error: cannot find attribute `ensures` in this scope
  --> /workspace/bytes-proof-tools/targets/bytes/debug/build/adapter-metadata-subset-0ae1b830002879e1/out/actual_adapter_metadata.rs:25:25
   |
25 |     #[cfg_attr(creusot, ensures(^result == (^self).inner))]
   |                         ^^^^^^^
   |
help: consider importing one of these attribute macros
   |
 6 + use crate::actual::ensures;
   |
 6 + use core::contracts::ensures;
   |
 6 + use creusot_std::prelude::ensures;
   |

error: cannot find attribute `ensures` in this scope
  --> /workspace/bytes-proof-tools/targets/bytes/debug/build/adapter-metadata-subset-0ae1b830002879e1/out/actual_adapter_metadata.rs:26:25
   |
26 |     #[cfg_attr(creusot, ensures((^self).limit == self.limit))]
   |                         ^^^^^^^
   |
help: consider importing one of these attribute macros
   |
 6 + use crate::actual::ensures;
   |
 6 + use core::contracts::ensures;
   |
 6 + use creusot_std::prelude::ensures;
   |

error: cannot find attribute `check` in this scope
  --> /workspace/bytes-proof-tools/targets/bytes/debug/build/adapter-metadata-subset-0ae1b830002879e1/out/actual_adapter_metadata.rs:30:25
   |
30 |     #[cfg_attr(creusot, check(ghost))]
   |                         ^^^^^
   |
help: consider importing one of these attribute macros
   |
 6 + use crate::actual::check;
   |
 6 + use creusot_std::prelude::check;
   |

error: cannot find attribute `ensures` in this scope
  --> /workspace/bytes-proof-tools/targets/bytes/debug/build/adapter-metadata-subset-0ae1b830002879e1/out/actual_adapter_metadata.rs:31:25
   |
31 |     #[cfg_attr(creusot, ensures(result == self.limit))]
   |                         ^^^^^^^
   |
help: consider importing one of these attribute macros
   |
 6 + use crate::actual::ensures;
   |
 6 + use core::contracts::ensures;
   |
 6 + use creusot_std::prelude::ensures;
   |

error: cannot find attribute `ensures` in this scope
  --> /workspace/bytes-proof-tools/targets/bytes/debug/build/adapter-metadata-subset-0ae1b830002879e1/out/actual_adapter_metadata.rs:35:25
   |
35 |     #[cfg_attr(creusot, ensures(self.limit == lim))]
   |                         ^^^^^^^
   |
help: consider importing one of these attribute macros
   |
 6 + use crate::actual::ensures;
   |
 6 + use core::contracts::ensures;
   |
 6 + use creusot_std::prelude::ensures;
   |

error: cannot find attribute `ensures` in this scope
  --> /workspace/bytes-proof-tools/targets/bytes/debug/build/adapter-metadata-subset-0ae1b830002879e1/out/actual_adapter_metadata.rs:36:25
   |
36 |     #[cfg_attr(creusot, ensures((^self).inner == self.inner))]
   |                         ^^^^^^^
   |
help: consider importing one of these attribute macros
   |
 6 + use crate::actual::ensures;
   |
 6 + use core::contracts::ensures;
   |
 6 + use creusot_std::prelude::ensures;
   |

error: cannot find attribute `ensures` in this scope
  --> /workspace/bytes-proof-tools/targets/bytes/debug/build/adapter-metadata-subset-0ae1b830002879e1/out/actual_adapter_metadata.rs:48:25
   |
48 |     #[cfg_attr(creusot, ensures(result.inner == inner))]
   |                         ^^^^^^^
   |
help: consider importing one of these attribute macros
   |
44 + use crate::actual::ensures;
   |
44 + use core::contracts::ensures;
   |
44 + use creusot_std::prelude::ensures;
   |

error: cannot find attribute `ensures` in this scope
  --> /workspace/bytes-proof-tools/targets/bytes/debug/build/adapter-metadata-subset-0ae1b830002879e1/out/actual_adapter_metadata.rs:49:25
   |
49 |     #[cfg_attr(creusot, ensures(result.limit == limit))]
   |                         ^^^^^^^
   |
help: consider importing one of these attribute macros
   |
44 + use crate::actual::ensures;
   |
44 + use core::contracts::ensures;
   |
44 + use creusot_std::prelude::ensures;
   |

error: cannot find attribute `ensures` in this scope
  --> /workspace/bytes-proof-tools/targets/bytes/debug/build/adapter-metadata-subset-0ae1b830002879e1/out/actual_adapter_metadata.rs:54:25
   |
54 |     #[cfg_attr(creusot, ensures(result == self.inner))]
   |                         ^^^^^^^
   |
help: consider importing one of these attribute macros
   |
44 + use crate::actual::ensures;
   |
44 + use core::contracts::ensures;
   |
44 + use creusot_std::prelude::ensures;
   |

error: cannot find attribute `ensures` in this scope
  --> /workspace/bytes-proof-tools/targets/bytes/debug/build/adapter-metadata-subset-0ae1b830002879e1/out/actual_adapter_metadata.rs:58:25
   |
58 |     #[cfg_attr(creusot, ensures(*result == self.inner))]
   |                         ^^^^^^^
   |
help: consider importing one of these attribute macros
   |
44 + use crate::actual::ensures;
   |
44 + use core::contracts::ensures;
   |
44 + use creusot_std::prelude::ensures;
   |

error: cannot find attribute `ensures` in this scope
  --> /workspace/bytes-proof-tools/targets/bytes/debug/build/adapter-metadata-subset-0ae1b830002879e1/out/actual_adapter_metadata.rs:62:25
   |
62 |     #[cfg_attr(creusot, ensures(^result == (^self).inner))]
   |                         ^^^^^^^
   |
help: consider importing one of these attribute macros
   |
44 + use crate::actual::ensures;
   |
44 + use core::contracts::ensures;
   |
44 + use creusot_std::prelude::ensures;
   |

error: cannot find attribute `ensures` in this scope
  --> /workspace/bytes-proof-tools/targets/bytes/debug/build/adapter-metadata-subset-0ae1b830002879e1/out/actual_adapter_metadata.rs:63:25
   |
63 |     #[cfg_attr(creusot, ensures((^self).limit == self.limit))]
   |                         ^^^^^^^
   |
help: consider importing one of these attribute macros
   |
44 + use crate::actual::ensures;
   |
44 + use core::contracts::ensures;
   |
44 + use creusot_std::prelude::ensures;
   |

error: cannot find attribute `ensures` in this scope
  --> /workspace/bytes-proof-tools/targets/bytes/debug/build/adapter-metadata-subset-0ae1b830002879e1/out/actual_adapter_metadata.rs:67:25
   |
67 |     #[cfg_attr(creusot, ensures(result == self.limit))]
   |                         ^^^^^^^
   |
help: consider importing one of these attribute macros
   |
44 + use crate::actual::ensures;
   |
44 + use core::contracts::ensures;
   |
44 + use creusot_std::prelude::ensures;
   |

error: cannot find attribute `ensures` in this scope
  --> /workspace/bytes-proof-tools/targets/bytes/debug/build/adapter-metadata-subset-0ae1b830002879e1/out/actual_adapter_metadata.rs:71:25
   |
71 |     #[cfg_attr(creusot, ensures(self.limit == lim))]
   |                         ^^^^^^^
   |
help: consider importing one of these attribute macros
   |
44 + use crate::actual::ensures;
   |
44 + use core::contracts::ensures;
   |
44 + use creusot_std::prelude::ensures;
   |

error: cannot find attribute `ensures` in this scope
  --> /workspace/bytes-proof-tools/targets/bytes/debug/build/adapter-metadata-subset-0ae1b830002879e1/out/actual_adapter_metadata.rs:72:25
   |
72 |     #[cfg_attr(creusot, ensures((^self).inner == self.inner))]
   |                         ^^^^^^^
   |
help: consider importing one of these attribute macros
   |
44 + use crate::actual::ensures;
   |
44 + use core::contracts::ensures;
   |
44 + use creusot_std::prelude::ensures;
   |

error: cannot find attribute `ensures` in this scope
  --> /workspace/bytes-proof-tools/targets/bytes/debug/build/adapter-metadata-subset-0ae1b830002879e1/out/actual_adapter_metadata.rs:78:21
   |
78 | #[cfg_attr(creusot, ensures(result.0 == inner))]
   |                     ^^^^^^^
   |
help: consider importing one of these attribute macros
   |
44 + use crate::actual::ensures;
   |
44 + use core::contracts::ensures;
   |
44 + use creusot_std::prelude::ensures;
   |

error: cannot find attribute `ensures` in this scope
  --> /workspace/bytes-proof-tools/targets/bytes/debug/build/adapter-metadata-subset-0ae1b830002879e1/out/actual_adapter_metadata.rs:79:21
   |
79 | #[cfg_attr(creusot, ensures(result.1@ == new_limit@))]
   |                     ^^^^^^^
   |
help: consider importing one of these attribute macros
   |
44 + use crate::actual::ensures;
   |
44 + use core::contracts::ensures;
   |
44 + use creusot_std::prelude::ensures;
   |

error: cannot find attribute `ensures` in this scope
   --> /workspace/bytes-proof-tools/targets/bytes/debug/build/adapter-metadata-subset-0ae1b830002879e1/out/actual_adapter_metadata.rs:101:25
    |
101 |     #[cfg_attr(creusot, ensures(result.a == a))]
    |                         ^^^^^^^
    |
help: consider importing one of these attribute macros
    |
 96 + use crate::actual::ensures;
    |
 96 + use core::contracts::ensures;
    |
 96 + use creusot_std::prelude::ensures;
    |

error: cannot find attribute `ensures` in this scope
   --> /workspace/bytes-proof-tools/targets/bytes/debug/build/adapter-metadata-subset-0ae1b830002879e1/out/actual_adapter_metadata.rs:102:25
    |
102 |     #[cfg_attr(creusot, ensures(result.b == b))]
    |                         ^^^^^^^
    |
help: consider importing one of these attribute macros
    |
 96 + use crate::actual::ensures;
    |
 96 + use core::contracts::ensures;
    |
 96 + use creusot_std::prelude::ensures;
    |

error: cannot find attribute `ensures` in this scope
   --> /workspace/bytes-proof-tools/targets/bytes/debug/build/adapter-metadata-subset-0ae1b830002879e1/out/actual_adapter_metadata.rs:106:25
    |
106 |     #[cfg_attr(creusot, ensures(result.0 == self.a))]
    |                         ^^^^^^^
    |
help: consider importing one of these attribute macros
    |
 96 + use crate::actual::ensures;
    |
 96 + use core::contracts::ensures;
    |
 96 + use creusot_std::prelude::ensures;
    |

error: cannot find attribute `ensures` in this scope
   --> /workspace/bytes-proof-tools/targets/bytes/debug/build/adapter-metadata-subset-0ae1b830002879e1/out/actual_adapter_metadata.rs:107:25
    |
107 |     #[cfg_attr(creusot, ensures(result.1 == self.b))]
    |                         ^^^^^^^
    |
help: consider importing one of these attribute macros
    |
 96 + use crate::actual::ensures;
    |
 96 + use core::contracts::ensures;
    |
 96 + use creusot_std::prelude::ensures;
    |

error: cannot find attribute `ensures` in this scope
 --> src/lib.rs:8:3
  |
8 | #[ensures(result.0@ == updated_inner@)]
  |   ^^^^^^^
  |
help: consider importing one of these attribute macros
  |
3 + use core::contracts::ensures;
  |
3 + use creusot_std::prelude::ensures;
  |

error: cannot find attribute `ensures` in this scope
 --> src/lib.rs:9:3
  |
9 | #[ensures(result.1@ == updated_inner@)]
  |   ^^^^^^^
  |
help: consider importing one of these attribute macros
  |
3 + use core::contracts::ensures;
  |
3 + use creusot_std::prelude::ensures;
  |

error: cannot find attribute `ensures` in this scope
  --> src/lib.rs:10:3
   |
10 | #[ensures(result.2@ == new_limit@)]
   |   ^^^^^^^
   |
help: consider importing one of these attribute macros
   |
 3 + use core::contracts::ensures;
   |
 3 + use creusot_std::prelude::ensures;
   |

error: cannot find attribute `ensures` in this scope
  --> src/lib.rs:27:3
   |
27 | #[ensures(result.0 == first)]
   |   ^^^^^^^
   |
help: consider importing one of these attribute macros
   |
 3 + use core::contracts::ensures;
   |
 3 + use creusot_std::prelude::ensures;
   |

error: cannot find attribute `ensures` in this scope
  --> src/lib.rs:28:3
   |
28 | #[ensures(result.1 == second)]
   |   ^^^^^^^
   |
help: consider importing one of these attribute macros
   |
 3 + use core::contracts::ensures;
   |
 3 + use creusot_std::prelude::ensures;
   |

warning: unused import: `creusot_std::prelude::*`
 --> /workspace/bytes-proof-tools/targets/bytes/debug/build/adapter-metadata-subset-0ae1b830002879e1/out/actual_adapter_metadata.rs:3:5
  |
3 | use creusot_std::prelude::*;
  |     ^^^^^^^^^^^^^^^^^^^^^^^
  |
  = note: `#[warn(unused_imports)]` (part of `#[warn(unused)]`) on by default

warning: `adapter-metadata-subset` (lib) generated 1 warning
error: could not compile `adapter-metadata-subset` (lib) due to 31 previous errors; 1 warning emitted
Error: Compilation failed
