{
  "all_six_full_task_streams_identical": true,
  "all_stdout_identical": true,
  "all_stderr_identical": false,
  "counts": {
    "from-authority-body": {
      "old": 1,
      "fresh": 1
    },
    "from-authority-refines": {
      "old": 2,
      "fresh": 2
    },
    "from-path-body": {
      "old": 1,
      "fresh": 1
    },
    "from-path-refines": {
      "old": 2,
      "fresh": 2
    },
    "debug-body": {
      "old": 4,
      "fresh": 4
    },
    "debug-refines": {
      "old": 3,
      "fresh": 3
    }
  }
}
