   Compiling bytes-raw-vec-bridge v0.1.0 (/tmp/bytes-ghost-b4-diagnostic/verification/probes/raw-vec-bridge)
warning: unused import: `RA`
  --> src/../../../../src/ownership_proof/owned_region.rs:11:33
   |
11 |     logic::{FMap, Id, Int, ra::{RA, excl::Excl}},
   |                                 ^^
   |
   = note: `#[warn(unused_imports)]` (part of `#[warn(unused)]`) on by default

warning: unused imports: `FMap`, `RA`, `UnitRA`, and `excl::Excl`
  --> src/../../../../src/ownership_proof/raw_vec.rs:25:13
   |
25 |     logic::{FMap, Id, Int, ra::{RA, UnitRA, excl::Excl}},
   |             ^^^^                ^^  ^^^^^^  ^^^^^^^^^^

warning: unused variable: `left`
  --> src/../../../../src/ownership_proof/owned_region.rs:33:5
   |
33 |     left: Snapshot<SlotMap>,
   |     ^^^^ help: if this is intentional, prefix it with an underscore: `_left`
   |
   = note: `#[warn(unused_variables)]` (part of `#[warn(unused)]`) on by default

warning: unused variable: `right`
  --> src/../../../../src/ownership_proof/owned_region.rs:34:5
   |
34 |     right: Snapshot<SlotMap>,
   |     ^^^^^ help: if this is intentional, prefix it with an underscore: `_right`

warning: unused variable: `whole`
  --> src/../../../../src/ownership_proof/owned_region.rs:35:5
   |
35 |     whole: Snapshot<SlotMap>,
   |     ^^^^^ help: if this is intentional, prefix it with an underscore: `_whole`

warning: unused variable: `merged`
  --> src/../../../../src/ownership_proof/owned_region.rs:38:9
   |
38 |     let merged: Snapshot<SlotMap> = snapshot! { (*left).total_op(*right) };
   |         ^^^^^^ help: if this is intentional, prefix it with an underscore: `_merged`

warning: unused variable: `left`
  --> src/../../../../src/ownership_proof/owned_region.rs:48:5
   |
48 |     left: Snapshot<SlotMap>,
   |     ^^^^ help: if this is intentional, prefix it with an underscore: `_left`

warning: unused variable: `right`
  --> src/../../../../src/ownership_proof/owned_region.rs:49:5
   |
49 |     right: Snapshot<SlotMap>,
   |     ^^^^^ help: if this is intentional, prefix it with an underscore: `_right`

warning: unused variable: `whole`
  --> src/../../../../src/ownership_proof/owned_region.rs:50:5
   |
50 |     whole: Snapshot<SlotMap>,
   |     ^^^^^ help: if this is intentional, prefix it with an underscore: `_whole`

warning: unused variable: `merged`
  --> src/../../../../src/ownership_proof/owned_region.rs:52:9
   |
52 |     let merged: Snapshot<SlotMap> = snapshot! { (*left).total_op(*right) };
   |         ^^^^^^ help: if this is intentional, prefix it with an underscore: `_merged`

warning: unused variable: `slots`
   --> src/../../../../src/ownership_proof/raw_vec.rs:109:9
    |
109 |     let slots = snapshot! { slots_grown(capabilities.inner_logic().1.ledger.slots(), old_capacity@, capacity@) };
    |         ^^^^^ help: if this is intentional, prefix it with an underscore: `_slots`

warning: unused variable: `unit`
   --> src/../../../../src/ownership_proof/raw_vec.rs:647:13
    |
647 |         let unit: Snapshot<KernelRA> = snapshot!(KernelRA::unit());
    |             ^^^^ help: if this is intentional, prefix it with an underscore: `_unit`

warning: unused variable: `empty_value`
   --> src/../../../../src/ownership_proof/raw_vec.rs:650:13
    |
650 |         let empty_value: Snapshot<KernelRA> = snapshot!((None, FMap::empty()));
    |             ^^^^^^^^^^^ help: if this is intentional, prefix it with an underscore: `_empty_value`

warning: unused variable: `input_model`
   --> src/../../../../src/ownership_proof/raw_vec.rs:785:9
    |
785 |     let input_model = snapshot!(input@);
    |         ^^^^^^^^^^^ help: if this is intentional, prefix it with an underscore: `_input_model`

warning: unused variable: `slot`
    --> src/../../../../src/ownership_proof/raw_vec.rs:1007:38
     |
1007 | pub(crate) fn slot_known_equivalence(slot: Option<Option<u8>>) {}
     |                                      ^^^^ help: if this is intentional, prefix it with an underscore: `_slot`

warning: function `map_op_get` is never used
  --> src/../../../../src/ownership_proof/owned_region.rs:47:15
   |
47 | pub(crate) fn map_op_get(
   |               ^^^^^^^^^^
   |
   = note: `#[warn(dead_code)]` (part of `#[warn(unused)]`) on by default

warning: fields `lo`, `hi`, and `resource` are never read
  --> src/../../../../src/ownership_proof/owned_region.rs:67:5
   |
66 | pub(crate) struct OwnedRegion {
   |                   ----------- fields in this struct
67 |     lo: Int,
   |     ^^
68 |     hi: Int,
   |     ^^
69 |     resource: Resource<KernelRA>,
   |     ^^^^^^^^

warning: methods `into_parts`, `split_at`, and `join` are never used
   --> src/../../../../src/ownership_proof/owned_region.rs:125:19
    |
 95 | impl OwnedRegion {
    | ---------------- methods in this implementation
...
125 |     pub(crate) fn into_parts(self) -> (Int, Int, Resource<KernelRA>) {
    |                   ^^^^^^^^^^
...
192 |     pub(crate) fn split_at(self, at: Int) -> (Self, Self) {
    |                   ^^^^^^^^
...
243 |     pub(crate) fn join(self, other: Self) -> Self {
    |                   ^^^^

warning: fields `capacity` and `namespace` are never read
  --> src/../../../../src/ownership_proof/raw_vec.rs:35:5
   |
34 | struct AllocationDesc {
   |        -------------- fields in this struct
35 |     capacity: Int,
   |     ^^^^^^^^
36 |     namespace: Id,
   |     ^^^^^^^^^
   |
   = note: `AllocationDesc` has a derived impl for the trait `Clone`, but this is intentionally ignored during dead code analysis

warning: function `reallocate_bound` is never used
   --> src/../../../../src/ownership_proof/raw_vec.rs:103:22
    |
103 | pub(crate) unsafe fn reallocate_bound(base: BoundPtr, old_capacity: usize, capacity: usize,
    |                      ^^^^^^^^^^^^^^^^

warning: associated items `unbound`, `as_non_null`, `retreat_within`, and `advance_within` are never used
   --> src/../../../../src/ownership_proof/raw_vec.rs:252:19
    |
241 | impl BoundPtr {
    | ------------- associated items in this implementation
...
252 |     pub(crate) fn unbound(pointer: NonNull<u8>) -> Self {
    |                   ^^^^^^^
...
273 |     pub(crate) fn as_non_null(&self) -> NonNull<u8> {
    |                   ^^^^^^^^^^^
...
285 |     pub(crate) fn retreat_within(&self, count: usize) -> Self {
    |                   ^^^^^^^^^^^^^^
...
331 |     pub(crate) fn advance_within(&self, count: usize) -> Self {
    |                   ^^^^^^^^^^^^^^

warning: fields `resource` and `descriptor` are never read
   --> src/../../../../src/ownership_proof/raw_vec.rs:408:5
    |
407 | pub(crate) struct Recovery {
    |                   -------- fields in this struct
408 |     resource: Resource<KernelRA>,
    |     ^^^^^^^^
409 |     descriptor: AllocationDesc,
    |     ^^^^^^^^^^

warning: fields `ledger` and `descriptor` are never read
   --> src/../../../../src/ownership_proof/raw_vec.rs:450:5
    |
449 | pub(crate) struct PhysicalRegion {
    |                   -------------- fields in this struct
450 |     ledger: OwnedRegion,
    |     ^^^^^^
451 |     descriptor: AllocationDesc,
    |     ^^^^^^^^^^

warning: methods `split_at` and `join` are never used
   --> src/../../../../src/ownership_proof/raw_vec.rs:535:19
    |
479 | impl PhysicalRegion {
    | ------------------- methods in this implementation
...
535 |     pub(crate) fn split_at(self, at: Int) -> (Self, Self) {
    |                   ^^^^^^^^
...
565 |     pub(crate) fn join(self, other: Self) -> Self {
    |                   ^^^^

warning: struct `PhysicalPool` is never constructed
   --> src/../../../../src/ownership_proof/raw_vec.rs:579:19
    |
579 | pub(crate) struct PhysicalPool {
    |                   ^^^^^^^^^^^^

warning: associated items `kernel_unit_is_empty`, `empty_from`, `retire`, and `finish` are never used
   --> src/../../../../src/ownership_proof/raw_vec.rs:646:8
    |
610 | impl PhysicalPool {
    | ----------------- associated items in this implementation
...
646 |     fn kernel_unit_is_empty() {
    |        ^^^^^^^^^^^^^^^^^^^^
...
672 |     pub(crate) fn empty_from(region: &PhysicalRegion) -> Self {
    |                   ^^^^^^^^^^
...
705 |     pub(crate) fn retire(self, region: PhysicalRegion) -> Self {
    |                   ^^^^^^
...
741 |     pub(crate) fn finish(self, lo: Int) -> PhysicalRegion {
    |                   ^^^^^^

warning: function `resume_vec` is never used
   --> src/../../../../src/ownership_proof/raw_vec.rs:865:22
    |
865 | pub(crate) unsafe fn resume_vec(
    |                      ^^^^^^^^^^

warning: function `deallocate_vec` is never used
   --> src/../../../../src/ownership_proof/raw_vec.rs:901:22
    |
901 | pub(crate) unsafe fn deallocate_vec(
    |                      ^^^^^^^^^^^^^^

warning: function `borrow_mut` is never used
   --> src/../../../../src/ownership_proof/raw_vec.rs:985:22
    |
985 | pub(crate) unsafe fn borrow_mut<'a>(
    |                      ^^^^^^^^^^

warning: function `slot_known_equivalence` is never used
    --> src/../../../../src/ownership_proof/raw_vec.rs:1007:15
     |
1007 | pub(crate) fn slot_known_equivalence(slot: Option<Option<u8>>) {}
     |               ^^^^^^^^^^^^^^^^^^^^^^

warning: function `borrow_bound_uninit_mut` is never used
    --> src/../../../../src/ownership_proof/raw_vec.rs:1087:22
     |
1087 | pub(crate) unsafe fn borrow_bound_uninit_mut<'a>(
     |                      ^^^^^^^^^^^^^^^^^^^^^^^

warning: function `borrow_spare_preserving_prefix` is never used
    --> src/../../../../src/ownership_proof/raw_vec.rs:1125:22
     |
1125 | pub(crate) unsafe fn borrow_spare_preserving_prefix<'a>(
     |                      ^^^^^^^^^^^^^^^^^^^^^^^^^^^^^^

warning: function `borrow_empty_bound` is never used
    --> src/../../../../src/ownership_proof/raw_vec.rs:1165:22
     |
1165 | pub(crate) unsafe fn borrow_empty_bound<'a>(bound: &'a BoundPtr) -> &'a [u8] {
     |                      ^^^^^^^^^^^^^^^^^^

warning: function `borrow_empty_bound_mut` is never used
    --> src/../../../../src/ownership_proof/raw_vec.rs:1174:22
     |
1174 | pub(crate) unsafe fn borrow_empty_bound_mut<'a>(bound: &'a BoundPtr) -> &'a mut [u8] {
     |                      ^^^^^^^^^^^^^^^^^^^^^^

warning: function `borrow_empty_bound_uninit_mut` is never used
    --> src/../../../../src/ownership_proof/raw_vec.rs:1182:22
     |
1182 | pub(crate) unsafe fn borrow_empty_bound_uninit_mut<'a>(
     |                      ^^^^^^^^^^^^^^^^^^^^^^^^^^^^^

warning: function `reallocate_u8` is never used
  --> src/../../../../src/ownership_proof/../allocation_ops.rs:25:22
   |
25 | pub(crate) unsafe fn reallocate_u8(base: *mut u8, old_capacity: usize, capacity: usize) -> core::ptr::NonNull<u8> {
   |                      ^^^^^^^^^^^^^

warning: function `pointer_addr_eq` is never used
  --> src/../../../../src/provenance_specs.rs:19:15
   |
19 | pub(crate) fn pointer_addr_eq<T>(left: *const T, right: *const T) -> bool {
   |               ^^^^^^^^^^^^^^^

warning: function `pointer_addr` is never used
  --> src/../../../../src/provenance_specs.rs:59:15
   |
59 | pub(crate) fn pointer_addr<T>(ptr: *const T) -> usize {
   |               ^^^^^^^^^^^^

warning: function `wrapping_offset` is never used
  --> src/../../../../src/provenance_specs.rs:75:15
   |
75 | pub(crate) fn wrapping_offset(ptr: *mut u8, offset: usize) -> *mut u8 {
   |               ^^^^^^^^^^^^^^^

warning: function `pointer_with_address` is never used
  --> src/../../../../src/provenance_specs.rs:86:15
   |
86 | pub(crate) fn pointer_with_address(ptr: *mut u8, new_addr: usize) -> *mut u8 {
   |               ^^^^^^^^^^^^^^^^^^^^

warning: function `metadata_pointer` is never used
  --> src/../../../../src/provenance_specs.rs:96:15
   |
96 | pub(crate) fn metadata_pointer(addr: usize) -> *mut u8 {
   |               ^^^^^^^^^^^^^^^^

warning: `bytes-raw-vec-bridge` (lib test) generated 41 warnings (run `cargo fix --lib -p bytes-raw-vec-bridge --tests` to apply 15 suggestions)
    Finished `test` profile [unoptimized + debuginfo] target(s) in 0.45s
     Running unittests src/lib.rs (/workspace/bytes-proof-tools/targets/bytes/debug/deps/bytes_raw_vec_bridge-402def605bffd6b4)

running 1 test
test tests::native_write_is_erased ... ok

test result: ok. 1 passed; 0 failed; 0 ignored; 0 measured; 0 filtered out; finished in 0.00s

