   Compiling autocfg v1.5.1
   Compiling proc-macro2 v1.0.107
   Compiling unicode-ident v1.0.26
   Compiling quote v1.0.47
   Compiling libc v0.2.190
   Compiling getrandom v0.4.3
   Compiling num-traits v0.2.19
   Compiling cfg-if v1.0.5
   Compiling syn v2.0.119
    Checking num-integer v0.1.47
    Checking num-bigint v0.4.8
   Compiling uuid v1.27.0
    Checking num-rational v0.4.2
   Compiling pearlite-syn v0.11.0-dev (/workspace/httparse-tool-rebuild/string-model/creusot-libs/pearlite-syn)
   Compiling creusot-std-proc v0.11.0-dev (/workspace/httparse-tool-rebuild/string-model/creusot-libs/creusot-std-proc)
    Checking creusot-std v0.11.0-dev (/workspace/httparse-tool-rebuild/string-model/creusot-libs/creusot-std)
    Checking httparse-method-utf8-harness v0.1.0 (/workspace/httparse-tool-rebuild/string-model/method-utf8-harness)
warning: calling external function `from_utf8` with no contract will yield an impossible precondition
  --> /workspace/httparse-cloud-resume/httparse/1.10.1/verification/probes/method-utf8/src/../../../../src/parse_method_utf8.rs:14:11
   |
14 |     match str::from_utf8(raw) {
   |           ^^^^^^^^^^^^^^^^^^^ function called here
   |
   = note: `#[warn(creusot::contractless_external_function)]` on by default

warning: `httparse-method-utf8-harness` (lib) generated 1 warning
    Finished `dev` profile [unoptimized + debuginfo] target(s) in 26.28s
