Warning, file "/workspace/scratch/httparse-string-model/creusot-data/share/why3find/packages/creusot/creusot/int.coma", line 166, characters 8-22: axiom extensionality does not contain any local abstract symbol (contains: int, (=), t, to_int)
Warning, file "/workspace/scratch/httparse-string-model/creusot-data/share/why3find/packages/creusot/creusot/int.coma", line 484, characters 8-22: axiom extensionality does not contain any local abstract symbol (contains: int, (=), t, to_int)
Warning, file "/workspace/scratch/httparse-string-model/creusot-data/share/why3find/packages/creusot/creusot/int.coma", line 802, characters 8-22: axiom extensionality does not contain any local abstract symbol (contains: int, (=), t, to_int)
Warning, file "/workspace/scratch/httparse-string-model/creusot-data/share/why3find/packages/creusot/creusot/int.coma", line 1120, characters 8-22: axiom extensionality does not contain any local abstract symbol (contains: int, (=), t, to_int)
Warning, file "/workspace/scratch/httparse-string-model/creusot-data/share/why3find/packages/creusot/creusot/int.coma", line 1438, characters 8-22: axiom extensionality does not contain any local abstract symbol (contains: int, (=), t, to_int)
Warning, file "/workspace/rust-crate-proofs/httparse/1.10.1/verification/probes/spaces-harness/string/verif/httparse_spaces_string_harness_rlib/iter/impl_Bytes/advance.coma", line 162, characters 6-21: axiom size_of_u8_spec does not contain any local abstract symbol (contains: int, (<=), size_of_u8)
Warning, file "/workspace/rust-crate-proofs/httparse/1.10.1/verification/probes/spaces-harness/string/verif/httparse_spaces_string_harness_rlib/iter/impl_Bytes/advance.coma", line 177, characters 6-22: axiom align_of_u8_spec does not contain any local abstract symbol (contains: (=), t, sub, bw_and, align_of_u8)
Warning, file "/workspace/rust-crate-proofs/httparse/1.10.1/verification/probes/spaces-harness/string/verif/httparse_spaces_string_harness_rlib/iter/impl_Bytes/advance.coma", line 180, characters 6-24: axiom align_of_u8_spec'0 does not contain any local abstract symbol (contains: int, (=), mod, t, t'int, size_of_u8, align_of_u8)
Warning, file "/workspace/rust-crate-proofs/httparse/1.10.1/verification/probes/spaces-harness/string/verif/httparse_spaces_string_harness_rlib/iter/impl_Bytes/advance.coma", line 210, characters 6-37: axiom slice_ptr_ext_ptr_slice_u8_spec does not contain any local abstract symbol (contains: (=), ptr, t, len_ptr_slice_u8, thin_ptr_slice_u8)
{"counterexample": [],
 "prover-result":
  {"answer": "Valid",
   "ce-models": [],
   "status": "exited with status 0",
   "step": 58375,
   "time": 0.02226},
 "term":
  {"explanations": ["deref 'self' type invariant"],
   "goal_name": "vc_advance",
   "loc":
    {"end-char": 18,
     "end-line": 75,
     "file-name":
      "/workspace/scratch/httparse-string-model/creusot-libs/creusot-std/src/ghost.rs",
     "start-char": 14,
     "start-line": 75}}}
{"counterexample": [],
 "prover-result":
  {"answer": "Valid",
   "ce-models": [],
   "status": "exited with status 0",
   "step": 4425,
   "time": 0.008219},
 "term":
  {"explanations": ["live 'self' type invariant"],
   "goal_name": "vc_advance",
   "loc":
    {"end-char": 21,
     "end-line": 822,
     "file-name":
      "/workspace/scratch/httparse-string-model/creusot-libs/creusot-std/src/std/ptr.rs",
     "start-char": 17,
     "start-line": 822}}}
{"counterexample": [],
 "prover-result":
  {"answer": "Valid",
   "ce-models": [],
   "status": "exited with status 0",
   "step": 4472,
   "time": 0.00462},
 "term":
  {"explanations": ["new 'x' type invariant"],
   "goal_name": "vc_advance",
   "loc":
    {"end-char": 16,
     "end-line": 157,
     "file-name":
      "/workspace/scratch/httparse-string-model/creusot-libs/creusot-std/src/ghost.rs",
     "start-char": 15,
     "start-line": 157}}}
{"counterexample": [],
 "prover-result":
  {"answer": "Valid",
   "ce-models": [],
   "status": "exited with status 0",
   "step": 63925,
   "time": 0.026064},
 "term":
  {"explanations": ["add_live_ptr_u8 requires"],
   "goal_name": "vc_advance",
   "loc":
    {"end-char": 107,
     "end-line": 282,
     "file-name":
      "/workspace/rust-crate-proofs/httparse/1.10.1/verification/probes/spaces-harness/string/verif/httparse_spaces_string_harness_rlib/iter/impl_Bytes/advance.coma",
     "start-char": 50,
     "start-line": 281}}}
{"counterexample": [],
 "prover-result":
  {"answer": "Valid",
   "ce-models": [],
   "status": "exited with status 0",
   "step": 70284,
   "time": 0.014027},
 "term":
  {"explanations": [],
   "goal_name": "vc_advance",
   "loc":
    {"end-char": 38,
     "end-line": 356,
     "file-name":
      "/workspace/rust-crate-proofs/httparse/1.10.1/verification/probes/spaces-harness/string/verif/httparse_spaces_string_harness_rlib/iter/impl_Bytes/advance.coma",
     "start-char": 21,
     "start-line": 356}}}
{"counterexample": [],
 "prover-result":
  {"answer": "Valid",
   "ce-models": [],
   "status": "exited with status 0",
   "step": 69343,
   "time": 0.023595},
 "term":
  {"explanations": ["advance ensures"],
   "goal_name": "vc_advance",
   "loc":
    {"end-char": 36,
     "end-line": 188,
     "file-name":
      "/workspace/rust-crate-proofs/httparse/1.10.1/verification/probes/spaces-harness/string/../src/../../../../src/iter.rs",
     "start-char": 14,
     "start-line": 185}}}
{"counterexample": [],
 "prover-result":
  {"answer": "Valid",
   "ce-models": [],
   "status": "exited with status 0",
   "step": 73846,
   "time": 0.017688},
 "term":
  {"explanations": ["type invariant"],
   "goal_name": "vc_advance",
   "loc":
    {"end-char": 71,
     "end-line": 353,
     "file-name":
      "/workspace/rust-crate-proofs/httparse/1.10.1/verification/probes/spaces-harness/string/verif/httparse_spaces_string_harness_rlib/iter/impl_Bytes/advance.coma",
     "start-char": 50,
     "start-line": 353}}}
