Warning, file "/workspace/scratch/httparse-string-model/creusot-data/share/why3find/packages/creusot/creusot/int.coma", line 166, characters 8-22: axiom extensionality does not contain any local abstract symbol (contains: int, (=), t, to_int)
Warning, file "/workspace/scratch/httparse-string-model/creusot-data/share/why3find/packages/creusot/creusot/int.coma", line 484, characters 8-22: axiom extensionality does not contain any local abstract symbol (contains: int, (=), t, to_int)
Warning, file "/workspace/scratch/httparse-string-model/creusot-data/share/why3find/packages/creusot/creusot/int.coma", line 802, characters 8-22: axiom extensionality does not contain any local abstract symbol (contains: int, (=), t, to_int)
Warning, file "/workspace/scratch/httparse-string-model/creusot-data/share/why3find/packages/creusot/creusot/int.coma", line 1120, characters 8-22: axiom extensionality does not contain any local abstract symbol (contains: int, (=), t, to_int)
Warning, file "/workspace/scratch/httparse-string-model/creusot-data/share/why3find/packages/creusot/creusot/int.coma", line 1438, characters 8-22: axiom extensionality does not contain any local abstract symbol (contains: int, (=), t, to_int)
{"counterexample": [],
 "prover-result":
  {"answer": "Valid",
   "ce-models": [],
   "status": "exited with status 0",
   "step": 2221,
   "time": 0.003646},
 "term":
  {"explanations": ["space_prefix_end ensures"],
   "goal_name": "vc_space_prefix_end",
   "loc":
    {"end-char": 50,
     "end-line": 45,
     "file-name":
      "/workspace/rust-crate-proofs/httparse/1.10.1/verification/probes/spaces-harness/string/verif/httparse_spaces_string_harness_rlib/verification_spaces/space_prefix_end.coma",
     "start-char": 73,
     "start-line": 39}}}
{"counterexample": [],
 "prover-result":
  {"answer": "Valid",
   "ce-models": [],
   "status": "exited with status 0",
   "step": 1124,
   "time": 1e-06},
 "term":
  {"explanations": ["space_prefix_end ensures"],
   "goal_name": "vc_space_prefix_end",
   "loc":
    {"end-char": 52,
     "end-line": 54,
     "file-name":
      "/workspace/rust-crate-proofs/httparse/1.10.1/verification/probes/spaces-harness/string/verif/httparse_spaces_string_harness_rlib/verification_spaces/space_prefix_end.coma",
     "start-char": 75,
     "start-line": 48}}}
{"counterexample": [],
 "prover-result":
  {"answer": "Valid",
   "ce-models": [],
   "status": "exited with status 0",
   "step": 7886,
   "time": 0.004706},
 "term":
  {"explanations": ["space_prefix_end requires"],
   "goal_name": "vc_space_prefix_end",
   "loc":
    {"end-char": 59,
     "end-line": 11,
     "file-name":
      "/workspace/rust-crate-proofs/httparse/1.10.1/verification/probes/spaces-harness/string/../src/../../../../src/verification/spaces.rs",
     "start-char": 11,
     "start-line": 11}}}
{"counterexample": [],
 "prover-result":
  {"answer": "Valid",
   "ce-models": [],
   "status": "exited with status 0",
   "step": 3417,
   "time": 0.009246},
 "term":
  {"explanations": ["variant decreases"],
   "goal_name": "vc_space_prefix_end",
   "loc":
    {"end-char": 22,
     "end-line": 59,
     "file-name":
      "/workspace/rust-crate-proofs/httparse/1.10.1/verification/probes/spaces-harness/string/verif/httparse_spaces_string_harness_rlib/verification_spaces/space_prefix_end.coma",
     "start-char": 38,
     "start-line": 58}}}
{"counterexample": [],
 "prover-result":
  {"answer": "Valid",
   "ce-models": [],
   "status": "exited with status 0",
   "step": 9798,
   "time": 0.003718},
 "term":
  {"explanations": ["space_prefix_end ensures"],
   "goal_name": "vc_space_prefix_end",
   "loc":
    {"end-char": 52,
     "end-line": 75,
     "file-name":
      "/workspace/rust-crate-proofs/httparse/1.10.1/verification/probes/spaces-harness/string/verif/httparse_spaces_string_harness_rlib/verification_spaces/space_prefix_end.coma",
     "start-char": 66,
     "start-line": 69}}}
