Warning, file "/workspace/scratch/httparse-string-model/creusot-data/share/why3find/packages/creusot/creusot/int.coma", line 166, characters 8-22: axiom extensionality does not contain any local abstract symbol (contains: int, (=), t, to_int)
Warning, file "/workspace/scratch/httparse-string-model/creusot-data/share/why3find/packages/creusot/creusot/int.coma", line 484, characters 8-22: axiom extensionality does not contain any local abstract symbol (contains: int, (=), t, to_int)
Warning, file "/workspace/scratch/httparse-string-model/creusot-data/share/why3find/packages/creusot/creusot/int.coma", line 802, characters 8-22: axiom extensionality does not contain any local abstract symbol (contains: int, (=), t, to_int)
Warning, file "/workspace/scratch/httparse-string-model/creusot-data/share/why3find/packages/creusot/creusot/int.coma", line 1120, characters 8-22: axiom extensionality does not contain any local abstract symbol (contains: int, (=), t, to_int)
Warning, file "/workspace/scratch/httparse-string-model/creusot-data/share/why3find/packages/creusot/creusot/int.coma", line 1438, characters 8-22: axiom extensionality does not contain any local abstract symbol (contains: int, (=), t, to_int)
{"counterexample": [],
 "prover-result":
  {"answer": "Valid",
   "ce-models": [],
   "status": "exited with status 0",
   "step": 12015,
   "time": 0.007308},
 "term":
  {"explanations": ["space_prefix_end requires"],
   "goal_name": "vc_skip_spaces_model",
   "loc":
    {"end-char": 59,
     "end-line": 11,
     "file-name":
      "/workspace/rust-crate-proofs/httparse/1.10.1/verification/probes/spaces-harness/string/../src/../../../../src/verification/spaces.rs",
     "start-char": 11,
     "start-line": 11}}}
{"counterexample": [],
 "prover-result":
  {"answer": "Valid",
   "ce-models": [],
   "status": "exited with status 0",
   "step": 1077,
   "time": 0.007003},
 "term":
  {"explanations": ["skip_spaces_model ensures"],
   "goal_name": "vc_skip_spaces_model",
   "loc":
    {"end-char": 10,
     "end-line": 86,
     "file-name":
      "/workspace/rust-crate-proofs/httparse/1.10.1/verification/probes/spaces-harness/string/verif/httparse_spaces_string_harness_rlib/verification_spaces/skip_spaces_model.coma",
     "start-char": 94,
     "start-line": 81}}}
{"counterexample": [],
 "prover-result":
  {"answer": "Valid",
   "ce-models": [],
   "status": "exited with status 0",
   "step": 12402,
   "time": 0.00942},
 "term":
  {"explanations": ["skip_spaces_model ensures"],
   "goal_name": "vc_skip_spaces_model",
   "loc":
    {"end-char": 10,
     "end-line": 95,
     "file-name":
      "/workspace/rust-crate-proofs/httparse/1.10.1/verification/probes/spaces-harness/string/verif/httparse_spaces_string_harness_rlib/verification_spaces/skip_spaces_model.coma",
     "start-char": 86,
     "start-line": 90}}}
