Warning, file "/workspace/scratch/httparse-string-model/creusot-data/share/why3find/packages/creusot/creusot/int.coma", line 166, characters 8-22: axiom extensionality does not contain any local abstract symbol (contains: int, (=), t, to_int)
Warning, file "/workspace/scratch/httparse-string-model/creusot-data/share/why3find/packages/creusot/creusot/int.coma", line 484, characters 8-22: axiom extensionality does not contain any local abstract symbol (contains: int, (=), t, to_int)
Warning, file "/workspace/scratch/httparse-string-model/creusot-data/share/why3find/packages/creusot/creusot/int.coma", line 802, characters 8-22: axiom extensionality does not contain any local abstract symbol (contains: int, (=), t, to_int)
Warning, file "/workspace/scratch/httparse-string-model/creusot-data/share/why3find/packages/creusot/creusot/int.coma", line 1120, characters 8-22: axiom extensionality does not contain any local abstract symbol (contains: int, (=), t, to_int)
Warning, file "/workspace/scratch/httparse-string-model/creusot-data/share/why3find/packages/creusot/creusot/int.coma", line 1438, characters 8-22: axiom extensionality does not contain any local abstract symbol (contains: int, (=), t, to_int)
Warning, file "/workspace/rust-crate-proofs/httparse/1.10.1/verification/probes/spaces-harness/string/verif/httparse_spaces_string_harness_rlib/skip_spaces.coma", line 231, characters 6-30: axiom skip_spaces_model_spec'0 does not contain any local abstract symbol (contains: int, (=), (<), (<=), t, seq, length, t_SpacesOutcome, Complete'0, Partial'0, t_SpacesResult, outcome'0, mark'0, cursor'0, skip_spaces_model)
{"counterexample": [],
 "prover-result":
  {"answer": "Valid",
   "ce-models": [],
   "status": "exited with status 0",
   "step": 3001,
   "time": 0.011059},
 "term":
  {"explanations": ["inferred invariant: type invariant"],
   "goal_name": "vc_skip_spaces",
   "loc":
    {"end-char": 87,
     "end-line": 279,
     "file-name":
      "/workspace/rust-crate-proofs/httparse/1.10.1/verification/probes/spaces-harness/string/verif/httparse_spaces_string_harness_rlib/skip_spaces.coma",
     "start-char": 65,
     "start-line": 279}}}
{"counterexample": [],
 "prover-result":
  {"answer": "Valid",
   "ce-models": [],
   "status": "exited with status 0",
   "step": 2056,
   "time": 0.003817},
 "term":
  {"explanations": ["loop invariant #0"],
   "goal_name": "vc_skip_spaces",
   "loc":
    {"end-char": 63,
     "end-line": 31,
     "file-name":
      "/workspace/rust-crate-proofs/httparse/1.10.1/verification/probes/spaces-harness/string/../src/../../../../src/skip_spaces.rs",
     "start-char": 16,
     "start-line": 31}}}
{"counterexample": [],
 "prover-result":
  {"answer": "Valid",
   "ce-models": [],
   "status": "exited with status 0",
   "step": 2065,
   "time": 1e-06},
 "term":
  {"explanations": ["loop invariant #4"],
   "goal_name": "vc_skip_spaces",
   "loc":
    {"end-char": 46,
     "end-line": 35,
     "file-name":
      "/workspace/rust-crate-proofs/httparse/1.10.1/verification/probes/spaces-harness/string/../src/../../../../src/skip_spaces.rs",
     "start-char": 16,
     "start-line": 35}}}
{"counterexample": [],
 "prover-result":
  {"answer": "Valid",
   "ce-models": [],
   "status": "exited with status 0",
   "step": 2100,
   "time": 0.010895},
 "term":
  {"explanations": ["loop invariant #5"],
   "goal_name": "vc_skip_spaces",
   "loc":
    {"end-char": 46,
     "end-line": 37,
     "file-name":
      "/workspace/rust-crate-proofs/httparse/1.10.1/verification/probes/spaces-harness/string/../src/../../../../src/skip_spaces.rs",
     "start-char": 16,
     "start-line": 36}}}
{"counterexample": [],
 "prover-result":
  {"answer": "Valid",
   "ce-models": [],
   "status": "exited with status 0",
   "step": 24079,
   "time": 0.010054},
 "term":
  {"explanations": ["loop invariant #6"],
   "goal_name": "vc_skip_spaces",
   "loc":
    {"end-char": 48,
     "end-line": 39,
     "file-name":
      "/workspace/rust-crate-proofs/httparse/1.10.1/verification/probes/spaces-harness/string/../src/../../../../src/skip_spaces.rs",
     "start-char": 16,
     "start-line": 38}}}
{"counterexample": [],
 "prover-result":
  {"answer": "Valid",
   "ce-models": [],
   "status": "exited with status 0",
   "step": 26875,
   "time": 0.012339},
 "term":
  {"explanations": ["space_prefix_at_cursor requires"],
   "goal_name": "vc_skip_spaces",
   "loc":
    {"end-char": 46,
     "end-line": 115,
     "file-name":
      "/workspace/rust-crate-proofs/httparse/1.10.1/verification/probes/spaces-harness/string/verif/httparse_spaces_string_harness_rlib/skip_spaces.coma",
     "start-char": 57,
     "start-line": 110}}}
{"counterexample": [],
 "prover-result":
  {"answer": "Valid",
   "ce-models": [],
   "status": "exited with status 0",
   "step": 2287,
   "time": 0.008169},
 "term":
  {"explanations": ["peek 'self' type invariant"],
   "goal_name": "vc_skip_spaces",
   "loc":
    {"end-char": 21,
     "end-line": 89,
     "file-name":
      "/workspace/rust-crate-proofs/httparse/1.10.1/verification/probes/spaces-harness/string/../src/../../../../src/iter.rs",
     "start-char": 17,
     "start-line": 89}}}
{"counterexample": [],
 "prover-result":
  {"answer": "Valid",
   "ce-models": [],
   "status": "exited with status 0",
   "step": 8965,
   "time": 0.003995},
 "term":
  {"explanations": ["bump requires"],
   "goal_name": "vc_skip_spaces",
   "loc":
    {"end-char": 35,
     "end-line": 178,
     "file-name":
      "/workspace/rust-crate-proofs/httparse/1.10.1/verification/probes/spaces-harness/string/verif/httparse_spaces_string_harness_rlib/skip_spaces.coma",
     "start-char": 39,
     "start-line": 176}}}
{"counterexample": [],
 "prover-result":
  {"answer": "Valid",
   "ce-models": [],
   "status": "exited with status 0",
   "step": 34843,
   "time": 0.031138},
 "term":
  {"explanations": ["loop variant"],
   "goal_name": "vc_skip_spaces",
   "loc":
    {"end-char": 42,
     "end-line": 277,
     "file-name":
      "/workspace/rust-crate-proofs/httparse/1.10.1/verification/probes/spaces-harness/string/verif/httparse_spaces_string_harness_rlib/skip_spaces.coma",
     "start-char": 34,
     "start-line": 276}}}
{"counterexample": [],
 "prover-result":
  {"answer": "Valid",
   "ce-models": [],
   "status": "exited with status 0",
   "step": 3776,
   "time": 1e-06},
 "term":
  {"explanations": ["inferred invariant: type invariant"],
   "goal_name": "vc_skip_spaces",
   "loc":
    {"end-char": 87,
     "end-line": 279,
     "file-name":
      "/workspace/rust-crate-proofs/httparse/1.10.1/verification/probes/spaces-harness/string/verif/httparse_spaces_string_harness_rlib/skip_spaces.coma",
     "start-char": 65,
     "start-line": 279}}}
{"counterexample": [],
 "prover-result":
  {"answer": "Valid",
   "ce-models": [],
   "status": "exited with status 0",
   "step": 2493,
   "time": 0.009763},
 "term":
  {"explanations": ["inferred invariant: unchanged value"],
   "goal_name": "vc_skip_spaces",
   "loc":
    {"end-char": 69,
     "end-line": 280,
     "file-name":
      "/workspace/rust-crate-proofs/httparse/1.10.1/verification/probes/spaces-harness/string/verif/httparse_spaces_string_harness_rlib/skip_spaces.coma",
     "start-char": 51,
     "start-line": 280}}}
{"counterexample": [],
 "prover-result":
  {"answer": "Valid",
   "ce-models": [],
   "status": "exited with status 0",
   "step": 36427,
   "time": 0.02081},
 "term":
  {"explanations": ["loop invariant #0"],
   "goal_name": "vc_skip_spaces",
   "loc":
    {"end-char": 63,
     "end-line": 31,
     "file-name":
      "/workspace/rust-crate-proofs/httparse/1.10.1/verification/probes/spaces-harness/string/../src/../../../../src/skip_spaces.rs",
     "start-char": 16,
     "start-line": 31}}}
{"counterexample": [],
 "prover-result":
  {"answer": "Valid",
   "ce-models": [],
   "status": "exited with status 0",
   "step": 39861,
   "time": 0.011828},
 "term":
  {"explanations": ["loop invariant #1"],
   "goal_name": "vc_skip_spaces",
   "loc":
    {"end-char": 44,
     "end-line": 32,
     "file-name":
      "/workspace/rust-crate-proofs/httparse/1.10.1/verification/probes/spaces-harness/string/../src/../../../../src/skip_spaces.rs",
     "start-char": 16,
     "start-line": 32}}}
{"counterexample": [],
 "prover-result":
  {"answer": "Valid",
   "ce-models": [],
   "status": "exited with status 0",
   "step": 20006,
   "time": 0.012634},
 "term":
  {"explanations": ["loop invariant #2"],
   "goal_name": "vc_skip_spaces",
   "loc":
    {"end-char": 42,
     "end-line": 33,
     "file-name":
      "/workspace/rust-crate-proofs/httparse/1.10.1/verification/probes/spaces-harness/string/../src/../../../../src/skip_spaces.rs",
     "start-char": 16,
     "start-line": 33}}}
{"counterexample": [],
 "prover-result":
  {"answer": "Valid",
   "ce-models": [],
   "status": "exited with status 0",
   "step": 20066,
   "time": 0.003964},
 "term":
  {"explanations": ["loop invariant #3"],
   "goal_name": "vc_skip_spaces",
   "loc":
    {"end-char": 40,
     "end-line": 34,
     "file-name":
      "/workspace/rust-crate-proofs/httparse/1.10.1/verification/probes/spaces-harness/string/../src/../../../../src/skip_spaces.rs",
     "start-char": 16,
     "start-line": 34}}}
{"counterexample": [],
 "prover-result":
  {"answer": "Valid",
   "ce-models": [],
   "status": "exited with status 0",
   "step": 35275,
   "time": 0.011046},
 "term":
  {"explanations": ["loop invariant #4"],
   "goal_name": "vc_skip_spaces",
   "loc":
    {"end-char": 46,
     "end-line": 35,
     "file-name":
      "/workspace/rust-crate-proofs/httparse/1.10.1/verification/probes/spaces-harness/string/../src/../../../../src/skip_spaces.rs",
     "start-char": 16,
     "start-line": 35}}}
{"counterexample": [],
 "prover-result":
  {"answer": "Valid",
   "ce-models": [],
   "status": "exited with status 0",
   "step": 37694,
   "time": 0.011888},
 "term":
  {"explanations": ["loop invariant #5"],
   "goal_name": "vc_skip_spaces",
   "loc":
    {"end-char": 46,
     "end-line": 37,
     "file-name":
      "/workspace/rust-crate-proofs/httparse/1.10.1/verification/probes/spaces-harness/string/../src/../../../../src/skip_spaces.rs",
     "start-char": 16,
     "start-line": 36}}}
{"counterexample": [],
 "prover-result":
  {"answer": "Valid",
   "ce-models": [],
   "status": "exited with status 0",
   "step": 36366,
   "time": 0.015271},
 "term":
  {"explanations": ["loop invariant #6"],
   "goal_name": "vc_skip_spaces",
   "loc":
    {"end-char": 48,
     "end-line": 39,
     "file-name":
      "/workspace/rust-crate-proofs/httparse/1.10.1/verification/probes/spaces-harness/string/../src/../../../../src/skip_spaces.rs",
     "start-char": 16,
     "start-line": 38}}}
{"counterexample": [],
 "prover-result":
  {"answer": "Valid",
   "ce-models": [],
   "status": "exited with status 0",
   "step": 2367,
   "time": 0.008275},
 "term":
  {"explanations": ["type invariant"],
   "goal_name": "vc_skip_spaces",
   "loc":
    {"end-char": 69,
     "end-line": 305,
     "file-name":
      "/workspace/rust-crate-proofs/httparse/1.10.1/verification/probes/spaces-harness/string/verif/httparse_spaces_string_harness_rlib/skip_spaces.coma",
     "start-char": 46,
     "start-line": 305}}}
{"counterexample": [],
 "prover-result":
  {"answer": "Valid",
   "ce-models": [],
   "status": "exited with status 0",
   "step": 7802,
   "time": 0.004178},
 "term":
  {"explanations": ["elim Some"],
   "goal_name": "vc_skip_spaces",
   "loc":
    {"end-char": 9,
     "end-line": 172,
     "file-name":
      "/workspace/rust-crate-proofs/httparse/1.10.1/verification/probes/spaces-harness/string/verif/httparse_spaces_string_harness_rlib/skip_spaces.coma",
     "start-char": 34,
     "start-line": 169}}}
{"counterexample": [],
 "prover-result":
  {"answer": "Valid",
   "ce-models": [],
   "status": "exited with status 0",
   "step": 34852,
   "time": 0.008971},
 "term":
  {"explanations": ["skip_spaces ensures"],
   "goal_name": "vc_skip_spaces",
   "loc":
    {"end-char": 10,
     "end-line": 357,
     "file-name":
      "/workspace/rust-crate-proofs/httparse/1.10.1/verification/probes/spaces-harness/string/verif/httparse_spaces_string_harness_rlib/skip_spaces.coma",
     "start-char": 45,
     "start-line": 346}}}
{"counterexample": [],
 "prover-result":
  {"answer": "Valid",
   "ce-models": [],
   "status": "exited with status 0",
   "step": 3593,
   "time": 1e-06},
 "term":
  {"explanations": ["type invariant"],
   "goal_name": "vc_skip_spaces",
   "loc":
    {"end-char": 72,
     "end-line": 321,
     "file-name":
      "/workspace/rust-crate-proofs/httparse/1.10.1/verification/probes/spaces-harness/string/verif/httparse_spaces_string_harness_rlib/skip_spaces.coma",
     "start-char": 50,
     "start-line": 321}}}
{"counterexample": [],
 "prover-result":
  {"answer": "Valid",
   "ce-models": [],
   "status": "exited with status 0",
   "step": 3755,
   "time": 0.015221},
 "term":
  {"explanations": ["slice 'self' type invariant"],
   "goal_name": "vc_skip_spaces",
   "loc":
    {"end-char": 26,
     "end-line": 209,
     "file-name":
      "/workspace/rust-crate-proofs/httparse/1.10.1/verification/probes/spaces-harness/string/../src/../../../../src/iter.rs",
     "start-char": 22,
     "start-line": 209}}}
{"counterexample": [],
 "prover-result":
  {"answer": "Valid",
   "ce-models": [],
   "status": "exited with status 0",
   "step": 58825,
   "time": 0.010469},
 "term":
  {"explanations": ["skip_spaces ensures"],
   "goal_name": "vc_skip_spaces",
   "loc":
    {"end-char": 10,
     "end-line": 357,
     "file-name":
      "/workspace/rust-crate-proofs/httparse/1.10.1/verification/probes/spaces-harness/string/verif/httparse_spaces_string_harness_rlib/skip_spaces.coma",
     "start-char": 45,
     "start-line": 346}}}
{"counterexample": [],
 "prover-result":
  {"answer": "Valid",
   "ce-models": [],
   "status": "exited with status 0",
   "step": 5326,
   "time": 0.00385},
 "term":
  {"explanations": ["type invariant"],
   "goal_name": "vc_skip_spaces",
   "loc":
    {"end-char": 72,
     "end-line": 315,
     "file-name":
      "/workspace/rust-crate-proofs/httparse/1.10.1/verification/probes/spaces-harness/string/verif/httparse_spaces_string_harness_rlib/skip_spaces.coma",
     "start-char": 50,
     "start-line": 315}}}
{"counterexample": [],
 "prover-result":
  {"answer": "Valid",
   "ce-models": [],
   "status": "exited with status 0",
   "step": 2448,
   "time": 1e-06},
 "term":
  {"explanations": ["type invariant"],
   "goal_name": "vc_skip_spaces",
   "loc":
    {"end-char": 65,
     "end-line": 313,
     "file-name":
      "/workspace/rust-crate-proofs/httparse/1.10.1/verification/probes/spaces-harness/string/verif/httparse_spaces_string_harness_rlib/skip_spaces.coma",
     "start-char": 42,
     "start-line": 313}}}
