Warning, file "/workspace/scratch/httparse-string-model/creusot-data/share/why3find/packages/creusot/creusot/int.coma", line 166, characters 8-22: axiom extensionality does not contain any local abstract symbol (contains: int, (=), t, to_int)
Warning, file "/workspace/scratch/httparse-string-model/creusot-data/share/why3find/packages/creusot/creusot/int.coma", line 484, characters 8-22: axiom extensionality does not contain any local abstract symbol (contains: int, (=), t, to_int)
Warning, file "/workspace/scratch/httparse-string-model/creusot-data/share/why3find/packages/creusot/creusot/int.coma", line 802, characters 8-22: axiom extensionality does not contain any local abstract symbol (contains: int, (=), t, to_int)
Warning, file "/workspace/scratch/httparse-string-model/creusot-data/share/why3find/packages/creusot/creusot/int.coma", line 1120, characters 8-22: axiom extensionality does not contain any local abstract symbol (contains: int, (=), t, to_int)
Warning, file "/workspace/scratch/httparse-string-model/creusot-data/share/why3find/packages/creusot/creusot/int.coma", line 1438, characters 8-22: axiom extensionality does not contain any local abstract symbol (contains: int, (=), t, to_int)
Warning, file "/workspace/rust-crate-proofs/httparse/1.10.1/verification/probes/version-harness/evidence/direct-why3-parse-version-20261005T060300Z/context/string/verif/httparse_version_harness_rlib/parse_version.coma", line 197, characters 158-159: unused variable a
Warning, file "/workspace/rust-crate-proofs/httparse/1.10.1/verification/probes/version-harness/evidence/direct-why3-parse-version-20261005T060300Z/context/string/verif/httparse_version_harness_rlib/parse_version.coma", line 197, characters 171-173: unused variable ab
Warning, file "/workspace/rust-crate-proofs/httparse/1.10.1/verification/probes/version-harness/evidence/direct-why3-parse-version-20261005T060300Z/context/string/verif/httparse_version_harness_rlib/parse_version.coma", line 197, characters 193-194: unused variable b
Warning, file "/workspace/rust-crate-proofs/httparse/1.10.1/verification/probes/version-harness/evidence/direct-why3-parse-version-20261005T060300Z/context/string/verif/httparse_version_harness_rlib/parse_version.coma", line 197, characters 206-208: unused variable bc
Warning, file "/workspace/rust-crate-proofs/httparse/1.10.1/verification/probes/version-harness/evidence/direct-why3-parse-version-20261005T060300Z/context/string/verif/httparse_version_harness_rlib/parse_version.coma", line 197, characters 228-229: unused variable c
Warning, file "/workspace/rust-crate-proofs/httparse/1.10.1/verification/probes/version-harness/evidence/direct-why3-parse-version-20261005T060300Z/context/string/verif/httparse_version_harness_rlib/parse_version.coma", line 204, characters 157-161: unused variable self
Warning, file "/workspace/rust-crate-proofs/httparse/1.10.1/verification/probes/version-harness/evidence/direct-why3-parse-version-20261005T060300Z/context/string/verif/httparse_version_harness_rlib/parse_version.coma", line 394, characters 216-222: unused variable end''0
Warning, file "/workspace/rust-crate-proofs/httparse/1.10.1/verification/probes/version-harness/evidence/direct-why3-parse-version-20261005T060300Z/context/string/verif/httparse_version_harness_rlib/parse_version.coma", line 473, characters 6-30: axiom short_version_model_spec does not contain any local abstract symbol (contains: int, (=), (<), (-), (<=), seq, length, t, t_VersionResult, mark'0, short_version_model)
Warning, file "/workspace/rust-crate-proofs/httparse/1.10.1/verification/probes/version-harness/evidence/direct-why3-parse-version-20261005T060300Z/context/string/verif/httparse_version_harness_rlib/parse_version.coma", line 480, characters 6-32: axiom short_version_model_spec'0 does not contain any local abstract symbol (contains: int, (<), (-), (<=), seq, length, t, t_VersionResult, cursor'0, short_version_model)
Warning, file "/workspace/rust-crate-proofs/httparse/1.10.1/verification/probes/version-harness/evidence/direct-why3-parse-version-20261005T060300Z/context/string/verif/httparse_version_harness_rlib/parse_version.coma", line 503, characters 6-30: axiom parse_version_model_spec does not contain any local abstract symbol (contains: int, (=), (<=), seq, length, t, t_VersionResult, mark'0, parse_version_model)
Warning, file "/workspace/rust-crate-proofs/httparse/1.10.1/verification/probes/version-harness/evidence/direct-why3-parse-version-20261005T060300Z/context/string/verif/httparse_version_harness_rlib/parse_version.coma", line 509, characters 6-32: axiom parse_version_model_spec'0 does not contain any local abstract symbol (contains: int, (<=), seq, length, t, t_VersionResult, cursor'0, parse_version_model)
Warning, file "/workspace/rust-crate-proofs/httparse/1.10.1/verification/probes/version-harness/evidence/direct-why3-parse-version-20261005T060300Z/context/string/verif/httparse_version_harness_rlib/parse_version.coma", line 516, characters 6-32: axiom parse_version_model_spec'1 does not contain any local abstract symbol (contains: int, (=), (+), (-), (<=), (>=), seq, length, t, t_VersionResult, cursor'0, parse_version_model)
{"counterexample": [],
 "prover-result":
  {"answer": "Valid",
   "ce-models": [],
   "status": "exited with status 0",
   "step": 4501,
   "time": 0.007166},
 "term":
  {"explanations": ["peek_array8 'self' type invariant"],
   "goal_name": "vc_parse_version",
   "loc":
    {"end-char": 35,
     "end-line": 146,
     "file-name":
      "/workspace/rust-crate-proofs/httparse/1.10.1/verification/probes/version-harness/src/../../../../src/iter.rs",
     "start-char": 31,
     "start-line": 146}}}
{"counterexample": [],
 "prover-result":
  {"answer": "Valid",
   "ce-models": [],
   "status": "exited with status 0",
   "step": 6708,
   "time": 0.007107},
 "term":
  {"explanations": ["next 'self' type invariant"],
   "goal_name": "vc_parse_version",
   "loc":
    {"end-char": 21,
     "end-line": 476,
     "file-name":
      "/workspace/rust-crate-proofs/httparse/1.10.1/verification/probes/version-harness/src/../../../../src/iter.rs",
     "start-char": 17,
     "start-line": 476}}}
{"counterexample": [],
 "prover-result":
  {"answer": "Valid",
   "ce-models": [],
   "status": "exited with status 0",
   "step": 77212,
   "time": 0.021983},
 "term":
  {"explanations": ["parse_version ensures"],
   "goal_name": "vc_parse_version",
   "loc":
    {"end-char": 10,
     "end-line": 861,
     "file-name":
      "/workspace/rust-crate-proofs/httparse/1.10.1/verification/probes/version-harness/evidence/direct-why3-parse-version-20261005T060300Z/context/string/verif/httparse_version_harness_rlib/parse_version.coma",
     "start-char": 47,
     "start-line": 850}}}
{"counterexample": [],
 "prover-result":
  {"answer": "Valid",
   "ce-models": [],
   "status": "exited with status 0",
   "step": 7365,
   "time": 0.003642},
 "term":
  {"explanations": ["type invariant"],
   "goal_name": "vc_parse_version",
   "loc":
    {"end-char": 72,
     "end-line": 717,
     "file-name":
      "/workspace/rust-crate-proofs/httparse/1.10.1/verification/probes/version-harness/evidence/direct-why3-parse-version-20261005T060300Z/context/string/verif/httparse_version_harness_rlib/parse_version.coma",
     "start-char": 50,
     "start-line": 717}}}
{"counterexample": [],
 "prover-result":
  {"answer": "Valid",
   "ce-models": [],
   "status": "exited with status 0",
   "step": 7391,
   "time": 0.003952},
 "term":
  {"explanations": ["next 'self' type invariant"],
   "goal_name": "vc_parse_version",
   "loc":
    {"end-char": 21,
     "end-line": 476,
     "file-name":
      "/workspace/rust-crate-proofs/httparse/1.10.1/verification/probes/version-harness/src/../../../../src/iter.rs",
     "start-char": 17,
     "start-line": 476}}}
{"counterexample": [],
 "prover-result":
  {"answer": "Valid",
   "ce-models": [],
   "status": "exited with status 0",
   "step": 81920,
   "time": 0.020287},
 "term":
  {"explanations": ["parse_version ensures"],
   "goal_name": "vc_parse_version",
   "loc":
    {"end-char": 10,
     "end-line": 861,
     "file-name":
      "/workspace/rust-crate-proofs/httparse/1.10.1/verification/probes/version-harness/evidence/direct-why3-parse-version-20261005T060300Z/context/string/verif/httparse_version_harness_rlib/parse_version.coma",
     "start-char": 47,
     "start-line": 850}}}
{"counterexample": [],
 "prover-result":
  {"answer": "Valid",
   "ce-models": [],
   "status": "exited with status 0",
   "step": 7677,
   "time": 0.007445},
 "term":
  {"explanations": ["type invariant"],
   "goal_name": "vc_parse_version",
   "loc":
    {"end-char": 72,
     "end-line": 711,
     "file-name":
      "/workspace/rust-crate-proofs/httparse/1.10.1/verification/probes/version-harness/evidence/direct-why3-parse-version-20261005T060300Z/context/string/verif/httparse_version_harness_rlib/parse_version.coma",
     "start-char": 50,
     "start-line": 711}}}
{"counterexample": [],
 "prover-result":
  {"answer": "Valid",
   "ce-models": [],
   "status": "exited with status 0",
   "step": 7703,
   "time": 0.00787},
 "term":
  {"explanations": ["next 'self' type invariant"],
   "goal_name": "vc_parse_version",
   "loc":
    {"end-char": 21,
     "end-line": 476,
     "file-name":
      "/workspace/rust-crate-proofs/httparse/1.10.1/verification/probes/version-harness/src/../../../../src/iter.rs",
     "start-char": 17,
     "start-line": 476}}}
{"counterexample": [],
 "prover-result":
  {"answer": "Valid",
   "ce-models": [],
   "status": "exited with status 0",
   "step": 271763,
   "time": 0.09289},
 "term":
  {"explanations": ["parse_version ensures"],
   "goal_name": "vc_parse_version",
   "loc":
    {"end-char": 10,
     "end-line": 861,
     "file-name":
      "/workspace/rust-crate-proofs/httparse/1.10.1/verification/probes/version-harness/evidence/direct-why3-parse-version-20261005T060300Z/context/string/verif/httparse_version_harness_rlib/parse_version.coma",
     "start-char": 47,
     "start-line": 850}}}
{"counterexample": [],
 "prover-result":
  {"answer": "Valid",
   "ce-models": [],
   "status": "exited with status 0",
   "step": 7989,
   "time": 0.00837},
 "term":
  {"explanations": ["type invariant"],
   "goal_name": "vc_parse_version",
   "loc":
    {"end-char": 72,
     "end-line": 705,
     "file-name":
      "/workspace/rust-crate-proofs/httparse/1.10.1/verification/probes/version-harness/evidence/direct-why3-parse-version-20261005T060300Z/context/string/verif/httparse_version_harness_rlib/parse_version.coma",
     "start-char": 50,
     "start-line": 705}}}
{"counterexample": [],
 "prover-result":
  {"answer": "Valid",
   "ce-models": [],
   "status": "exited with status 0",
   "step": 7998,
   "time": 0.009931},
 "term":
  {"explanations": ["next 'self' type invariant"],
   "goal_name": "vc_parse_version",
   "loc":
    {"end-char": 21,
     "end-line": 476,
     "file-name":
      "/workspace/rust-crate-proofs/httparse/1.10.1/verification/probes/version-harness/src/../../../../src/iter.rs",
     "start-char": 17,
     "start-line": 476}}}
{"counterexample": [],
 "prover-result":
  {"answer": "Valid",
   "ce-models": [],
   "status": "exited with status 0",
   "step": 883323,
   "time": 0.315965},
 "term":
  {"explanations": ["parse_version ensures"],
   "goal_name": "vc_parse_version",
   "loc":
    {"end-char": 10,
     "end-line": 861,
     "file-name":
      "/workspace/rust-crate-proofs/httparse/1.10.1/verification/probes/version-harness/evidence/direct-why3-parse-version-20261005T060300Z/context/string/verif/httparse_version_harness_rlib/parse_version.coma",
     "start-char": 47,
     "start-line": 850}}}
{"counterexample": [],
 "prover-result":
  {"answer": "Valid",
   "ce-models": [],
   "status": "exited with status 0",
   "step": 8284,
   "time": 0.005519},
 "term":
  {"explanations": ["type invariant"],
   "goal_name": "vc_parse_version",
   "loc":
    {"end-char": 72,
     "end-line": 699,
     "file-name":
      "/workspace/rust-crate-proofs/httparse/1.10.1/verification/probes/version-harness/evidence/direct-why3-parse-version-20261005T060300Z/context/string/verif/httparse_version_harness_rlib/parse_version.coma",
     "start-char": 50,
     "start-line": 699}}}
{"counterexample": [],
 "prover-result":
  {"answer": "Valid",
   "ce-models": [],
   "status": "exited with status 0",
   "step": 8310,
   "time": 0.010075},
 "term":
  {"explanations": ["next 'self' type invariant"],
   "goal_name": "vc_parse_version",
   "loc":
    {"end-char": 21,
     "end-line": 476,
     "file-name":
      "/workspace/rust-crate-proofs/httparse/1.10.1/verification/probes/version-harness/src/../../../../src/iter.rs",
     "start-char": 17,
     "start-line": 476}}}
{"counterexample": [],
 "prover-result":
  {"answer": "Valid",
   "ce-models": [],
   "status": "exited with status 0",
   "step": 1654995,
   "time": 0.737258},
 "term":
  {"explanations": ["parse_version ensures"],
   "goal_name": "vc_parse_version",
   "loc":
    {"end-char": 10,
     "end-line": 861,
     "file-name":
      "/workspace/rust-crate-proofs/httparse/1.10.1/verification/probes/version-harness/evidence/direct-why3-parse-version-20261005T060300Z/context/string/verif/httparse_version_harness_rlib/parse_version.coma",
     "start-char": 47,
     "start-line": 850}}}
{"counterexample": [],
 "prover-result":
  {"answer": "Valid",
   "ce-models": [],
   "status": "exited with status 0",
   "step": 8596,
   "time": 0.024097},
 "term":
  {"explanations": ["type invariant"],
   "goal_name": "vc_parse_version",
   "loc":
    {"end-char": 72,
     "end-line": 693,
     "file-name":
      "/workspace/rust-crate-proofs/httparse/1.10.1/verification/probes/version-harness/evidence/direct-why3-parse-version-20261005T060300Z/context/string/verif/httparse_version_harness_rlib/parse_version.coma",
     "start-char": 50,
     "start-line": 693}}}
{"counterexample": [],
 "prover-result":
  {"answer": "Valid",
   "ce-models": [],
   "status": "exited with status 0",
   "step": 8622,
   "time": 0.007859},
 "term":
  {"explanations": ["next 'self' type invariant"],
   "goal_name": "vc_parse_version",
   "loc":
    {"end-char": 21,
     "end-line": 476,
     "file-name":
      "/workspace/rust-crate-proofs/httparse/1.10.1/verification/probes/version-harness/src/../../../../src/iter.rs",
     "start-char": 17,
     "start-line": 476}}}
{"counterexample": [],
 "prover-result":
  {"answer": "Valid",
   "ce-models": [],
   "status": "exited with status 0",
   "step": 3019062,
   "time": 1.35999},
 "term":
  {"explanations": ["parse_version ensures"],
   "goal_name": "vc_parse_version",
   "loc":
    {"end-char": 10,
     "end-line": 861,
     "file-name":
      "/workspace/rust-crate-proofs/httparse/1.10.1/verification/probes/version-harness/evidence/direct-why3-parse-version-20261005T060300Z/context/string/verif/httparse_version_harness_rlib/parse_version.coma",
     "start-char": 47,
     "start-line": 850}}}
{"counterexample": [],
 "prover-result":
  {"answer": "Valid",
   "ce-models": [],
   "status": "exited with status 0",
   "step": 8908,
   "time": 0.00926},
 "term":
  {"explanations": ["type invariant"],
   "goal_name": "vc_parse_version",
   "loc":
    {"end-char": 72,
     "end-line": 687,
     "file-name":
      "/workspace/rust-crate-proofs/httparse/1.10.1/verification/probes/version-harness/evidence/direct-why3-parse-version-20261005T060300Z/context/string/verif/httparse_version_harness_rlib/parse_version.coma",
     "start-char": 50,
     "start-line": 687}}}
{"counterexample": [],
 "prover-result":
  {"answer": "Valid",
   "ce-models": [],
   "status": "exited with status 0",
   "step": 8948,
   "time": 0.008317},
 "term":
  {"explanations": ["next 'self' type invariant"],
   "goal_name": "vc_parse_version",
   "loc":
    {"end-char": 21,
     "end-line": 476,
     "file-name":
      "/workspace/rust-crate-proofs/httparse/1.10.1/verification/probes/version-harness/src/../../../../src/iter.rs",
     "start-char": 17,
     "start-line": 476}}}
{"counterexample": [],
 "prover-result":
  {"answer": "Valid",
   "ce-models": [],
   "status": "exited with status 0",
   "step": 4731184,
   "time": 2.76027},
 "term":
  {"explanations": ["parse_version ensures"],
   "goal_name": "vc_parse_version",
   "loc":
    {"end-char": 10,
     "end-line": 861,
     "file-name":
      "/workspace/rust-crate-proofs/httparse/1.10.1/verification/probes/version-harness/evidence/direct-why3-parse-version-20261005T060300Z/context/string/verif/httparse_version_harness_rlib/parse_version.coma",
     "start-char": 47,
     "start-line": 850}}}
{"counterexample": [],
 "prover-result":
  {"answer": "Valid",
   "ce-models": [],
   "status": "exited with status 0",
   "step": 8499847,
   "time": 4.03512},
 "term":
  {"explanations": ["parse_version ensures"],
   "goal_name": "vc_parse_version",
   "loc":
    {"end-char": 10,
     "end-line": 861,
     "file-name":
      "/workspace/rust-crate-proofs/httparse/1.10.1/verification/probes/version-harness/evidence/direct-why3-parse-version-20261005T060300Z/context/string/verif/httparse_version_harness_rlib/parse_version.coma",
     "start-char": 47,
     "start-line": 850}}}
{"counterexample": [],
 "prover-result":
  {"answer": "Valid",
   "ce-models": [],
   "status": "exited with status 0",
   "step": 8638958,
   "time": 4.22285},
 "term":
  {"explanations": ["parse_version ensures"],
   "goal_name": "vc_parse_version",
   "loc":
    {"end-char": 10,
     "end-line": 861,
     "file-name":
      "/workspace/rust-crate-proofs/httparse/1.10.1/verification/probes/version-harness/evidence/direct-why3-parse-version-20261005T060300Z/context/string/verif/httparse_version_harness_rlib/parse_version.coma",
     "start-char": 47,
     "start-line": 850}}}
{"counterexample": [],
 "prover-result":
  {"answer": "Valid",
   "ce-models": [],
   "status": "exited with status 0",
   "step": 21903,
   "time": 0.012451},
 "term":
  {"explanations": ["elim Some"],
   "goal_name": "vc_parse_version",
   "loc":
    {"end-char": 9,
     "end-line": 244,
     "file-name":
      "/workspace/rust-crate-proofs/httparse/1.10.1/verification/probes/version-harness/evidence/direct-why3-parse-version-20261005T060300Z/context/string/verif/httparse_version_harness_rlib/parse_version.coma",
     "start-char": 34,
     "start-line": 241}}}
{"counterexample": [],
 "prover-result":
  {"answer": "Valid",
   "ce-models": [],
   "status": "exited with status 0",
   "step": 9225,
   "time": 0.008088},
 "term":
  {"explanations": ["type invariant"],
   "goal_name": "vc_parse_version",
   "loc":
    {"end-char": 72,
     "end-line": 675,
     "file-name":
      "/workspace/rust-crate-proofs/httparse/1.10.1/verification/probes/version-harness/evidence/direct-why3-parse-version-20261005T060300Z/context/string/verif/httparse_version_harness_rlib/parse_version.coma",
     "start-char": 50,
     "start-line": 675}}}
{"counterexample": [],
 "prover-result":
  {"answer": "Valid",
   "ce-models": [],
   "status": "exited with status 0",
   "step": 5903,
   "time": 0.00643},
 "term":
  {"explanations": ["type invariant"],
   "goal_name": "vc_parse_version",
   "loc":
    {"end-char": 65,
     "end-line": 673,
     "file-name":
      "/workspace/rust-crate-proofs/httparse/1.10.1/verification/probes/version-harness/evidence/direct-why3-parse-version-20261005T060300Z/context/string/verif/httparse_version_harness_rlib/parse_version.coma",
     "start-char": 42,
     "start-line": 673}}}
{"counterexample": [],
 "prover-result":
  {"answer": "Valid",
   "ce-models": [],
   "status": "exited with status 0",
   "step": 5599695,
   "time": 2.71761},
 "term":
  {"explanations": ["parse_version ensures"],
   "goal_name": "vc_parse_version",
   "loc":
    {"end-char": 10,
     "end-line": 861,
     "file-name":
      "/workspace/rust-crate-proofs/httparse/1.10.1/verification/probes/version-harness/evidence/direct-why3-parse-version-20261005T060300Z/context/string/verif/httparse_version_harness_rlib/parse_version.coma",
     "start-char": 47,
     "start-line": 850}}}
{"counterexample": [],
 "prover-result":
  {"answer": "Valid",
   "ce-models": [],
   "status": "exited with status 0",
   "step": 8967,
   "time": 1e-06},
 "term":
  {"explanations": ["type invariant"],
   "goal_name": "vc_parse_version",
   "loc":
    {"end-char": 72,
     "end-line": 662,
     "file-name":
      "/workspace/rust-crate-proofs/httparse/1.10.1/verification/probes/version-harness/evidence/direct-why3-parse-version-20261005T060300Z/context/string/verif/httparse_version_harness_rlib/parse_version.coma",
     "start-char": 50,
     "start-line": 662}}}
{"counterexample": [],
 "prover-result":
  {"answer": "Valid",
   "ce-models": [],
   "status": "exited with status 0",
   "step": 21028,
   "time": 0.01653},
 "term":
  {"explanations": ["elim Some"],
   "goal_name": "vc_parse_version",
   "loc":
    {"end-char": 9,
     "end-line": 244,
     "file-name":
      "/workspace/rust-crate-proofs/httparse/1.10.1/verification/probes/version-harness/evidence/direct-why3-parse-version-20261005T060300Z/context/string/verif/httparse_version_harness_rlib/parse_version.coma",
     "start-char": 34,
     "start-line": 241}}}
{"counterexample": [],
 "prover-result":
  {"answer": "Valid",
   "ce-models": [],
   "status": "exited with status 0",
   "step": 5727,
   "time": 0.0104},
 "term":
  {"explanations": ["type invariant"],
   "goal_name": "vc_parse_version",
   "loc":
    {"end-char": 65,
     "end-line": 654,
     "file-name":
      "/workspace/rust-crate-proofs/httparse/1.10.1/verification/probes/version-harness/evidence/direct-why3-parse-version-20261005T060300Z/context/string/verif/httparse_version_harness_rlib/parse_version.coma",
     "start-char": 42,
     "start-line": 654}}}
{"counterexample": [],
 "prover-result":
  {"answer": "Valid",
   "ce-models": [],
   "status": "exited with status 0",
   "step": 4242001,
   "time": 1.73881},
 "term":
  {"explanations": ["parse_version ensures"],
   "goal_name": "vc_parse_version",
   "loc":
    {"end-char": 10,
     "end-line": 861,
     "file-name":
      "/workspace/rust-crate-proofs/httparse/1.10.1/verification/probes/version-harness/evidence/direct-why3-parse-version-20261005T060300Z/context/string/verif/httparse_version_harness_rlib/parse_version.coma",
     "start-char": 47,
     "start-line": 850}}}
{"counterexample": [],
 "prover-result":
  {"answer": "Valid",
   "ce-models": [],
   "status": "exited with status 0",
   "step": 8655,
   "time": 0.019726},
 "term":
  {"explanations": ["type invariant"],
   "goal_name": "vc_parse_version",
   "loc":
    {"end-char": 72,
     "end-line": 643,
     "file-name":
      "/workspace/rust-crate-proofs/httparse/1.10.1/verification/probes/version-harness/evidence/direct-why3-parse-version-20261005T060300Z/context/string/verif/httparse_version_harness_rlib/parse_version.coma",
     "start-char": 50,
     "start-line": 643}}}
{"counterexample": [],
 "prover-result":
  {"answer": "Valid",
   "ce-models": [],
   "status": "exited with status 0",
   "step": 20223,
   "time": 0.008543},
 "term":
  {"explanations": ["elim Some"],
   "goal_name": "vc_parse_version",
   "loc":
    {"end-char": 9,
     "end-line": 244,
     "file-name":
      "/workspace/rust-crate-proofs/httparse/1.10.1/verification/probes/version-harness/evidence/direct-why3-parse-version-20261005T060300Z/context/string/verif/httparse_version_harness_rlib/parse_version.coma",
     "start-char": 34,
     "start-line": 241}}}
{"counterexample": [],
 "prover-result":
  {"answer": "Valid",
   "ce-models": [],
   "status": "exited with status 0",
   "step": 5551,
   "time": 0.011035},
 "term":
  {"explanations": ["type invariant"],
   "goal_name": "vc_parse_version",
   "loc":
    {"end-char": 65,
     "end-line": 635,
     "file-name":
      "/workspace/rust-crate-proofs/httparse/1.10.1/verification/probes/version-harness/evidence/direct-why3-parse-version-20261005T060300Z/context/string/verif/httparse_version_harness_rlib/parse_version.coma",
     "start-char": 42,
     "start-line": 635}}}
{"counterexample": [],
 "prover-result":
  {"answer": "Valid",
   "ce-models": [],
   "status": "exited with status 0",
   "step": 2092240,
   "time": 0.742302},
 "term":
  {"explanations": ["parse_version ensures"],
   "goal_name": "vc_parse_version",
   "loc":
    {"end-char": 10,
     "end-line": 861,
     "file-name":
      "/workspace/rust-crate-proofs/httparse/1.10.1/verification/probes/version-harness/evidence/direct-why3-parse-version-20261005T060300Z/context/string/verif/httparse_version_harness_rlib/parse_version.coma",
     "start-char": 47,
     "start-line": 850}}}
{"counterexample": [],
 "prover-result":
  {"answer": "Valid",
   "ce-models": [],
   "status": "exited with status 0",
   "step": 8343,
   "time": 0.009278},
 "term":
  {"explanations": ["type invariant"],
   "goal_name": "vc_parse_version",
   "loc":
    {"end-char": 72,
     "end-line": 624,
     "file-name":
      "/workspace/rust-crate-proofs/httparse/1.10.1/verification/probes/version-harness/evidence/direct-why3-parse-version-20261005T060300Z/context/string/verif/httparse_version_harness_rlib/parse_version.coma",
     "start-char": 50,
     "start-line": 624}}}
{"counterexample": [],
 "prover-result":
  {"answer": "Valid",
   "ce-models": [],
   "status": "exited with status 0",
   "step": 19418,
   "time": 0.00719},
 "term":
  {"explanations": ["elim Some"],
   "goal_name": "vc_parse_version",
   "loc":
    {"end-char": 9,
     "end-line": 244,
     "file-name":
      "/workspace/rust-crate-proofs/httparse/1.10.1/verification/probes/version-harness/evidence/direct-why3-parse-version-20261005T060300Z/context/string/verif/httparse_version_harness_rlib/parse_version.coma",
     "start-char": 34,
     "start-line": 241}}}
{"counterexample": [],
 "prover-result":
  {"answer": "Valid",
   "ce-models": [],
   "status": "exited with status 0",
   "step": 5375,
   "time": 0.008552},
 "term":
  {"explanations": ["type invariant"],
   "goal_name": "vc_parse_version",
   "loc":
    {"end-char": 65,
     "end-line": 616,
     "file-name":
      "/workspace/rust-crate-proofs/httparse/1.10.1/verification/probes/version-harness/evidence/direct-why3-parse-version-20261005T060300Z/context/string/verif/httparse_version_harness_rlib/parse_version.coma",
     "start-char": 42,
     "start-line": 616}}}
{"counterexample": [],
 "prover-result":
  {"answer": "Valid",
   "ce-models": [],
   "status": "exited with status 0",
   "step": 1166653,
   "time": 0.396176},
 "term":
  {"explanations": ["parse_version ensures"],
   "goal_name": "vc_parse_version",
   "loc":
    {"end-char": 10,
     "end-line": 861,
     "file-name":
      "/workspace/rust-crate-proofs/httparse/1.10.1/verification/probes/version-harness/evidence/direct-why3-parse-version-20261005T060300Z/context/string/verif/httparse_version_harness_rlib/parse_version.coma",
     "start-char": 47,
     "start-line": 850}}}
{"counterexample": [],
 "prover-result":
  {"answer": "Valid",
   "ce-models": [],
   "status": "exited with status 0",
   "step": 8031,
   "time": 0.008468},
 "term":
  {"explanations": ["type invariant"],
   "goal_name": "vc_parse_version",
   "loc":
    {"end-char": 72,
     "end-line": 605,
     "file-name":
      "/workspace/rust-crate-proofs/httparse/1.10.1/verification/probes/version-harness/evidence/direct-why3-parse-version-20261005T060300Z/context/string/verif/httparse_version_harness_rlib/parse_version.coma",
     "start-char": 50,
     "start-line": 605}}}
{"counterexample": [],
 "prover-result":
  {"answer": "Valid",
   "ce-models": [],
   "status": "exited with status 0",
   "step": 18656,
   "time": 0.003876},
 "term":
  {"explanations": ["elim Some"],
   "goal_name": "vc_parse_version",
   "loc":
    {"end-char": 9,
     "end-line": 244,
     "file-name":
      "/workspace/rust-crate-proofs/httparse/1.10.1/verification/probes/version-harness/evidence/direct-why3-parse-version-20261005T060300Z/context/string/verif/httparse_version_harness_rlib/parse_version.coma",
     "start-char": 34,
     "start-line": 241}}}
{"counterexample": [],
 "prover-result":
  {"answer": "Valid",
   "ce-models": [],
   "status": "exited with status 0",
   "step": 5208,
   "time": 0.005417},
 "term":
  {"explanations": ["type invariant"],
   "goal_name": "vc_parse_version",
   "loc":
    {"end-char": 65,
     "end-line": 597,
     "file-name":
      "/workspace/rust-crate-proofs/httparse/1.10.1/verification/probes/version-harness/evidence/direct-why3-parse-version-20261005T060300Z/context/string/verif/httparse_version_harness_rlib/parse_version.coma",
     "start-char": 42,
     "start-line": 597}}}
{"counterexample": [],
 "prover-result":
  {"answer": "Valid",
   "ce-models": [],
   "status": "exited with status 0",
   "step": 201523,
   "time": 0.059044},
 "term":
  {"explanations": ["parse_version ensures"],
   "goal_name": "vc_parse_version",
   "loc":
    {"end-char": 10,
     "end-line": 861,
     "file-name":
      "/workspace/rust-crate-proofs/httparse/1.10.1/verification/probes/version-harness/evidence/direct-why3-parse-version-20261005T060300Z/context/string/verif/httparse_version_harness_rlib/parse_version.coma",
     "start-char": 47,
     "start-line": 850}}}
{"counterexample": [],
 "prover-result":
  {"answer": "Valid",
   "ce-models": [],
   "status": "exited with status 0",
   "step": 7736,
   "time": 0.008294},
 "term":
  {"explanations": ["type invariant"],
   "goal_name": "vc_parse_version",
   "loc":
    {"end-char": 72,
     "end-line": 586,
     "file-name":
      "/workspace/rust-crate-proofs/httparse/1.10.1/verification/probes/version-harness/evidence/direct-why3-parse-version-20261005T060300Z/context/string/verif/httparse_version_harness_rlib/parse_version.coma",
     "start-char": 50,
     "start-line": 586}}}
{"counterexample": [],
 "prover-result":
  {"answer": "Valid",
   "ce-models": [],
   "status": "exited with status 0",
   "step": 17851,
   "time": 0.003929},
 "term":
  {"explanations": ["elim Some"],
   "goal_name": "vc_parse_version",
   "loc":
    {"end-char": 9,
     "end-line": 244,
     "file-name":
      "/workspace/rust-crate-proofs/httparse/1.10.1/verification/probes/version-harness/evidence/direct-why3-parse-version-20261005T060300Z/context/string/verif/httparse_version_harness_rlib/parse_version.coma",
     "start-char": 34,
     "start-line": 241}}}
{"counterexample": [],
 "prover-result":
  {"answer": "Valid",
   "ce-models": [],
   "status": "exited with status 0",
   "step": 5032,
   "time": 0.004017},
 "term":
  {"explanations": ["type invariant"],
   "goal_name": "vc_parse_version",
   "loc":
    {"end-char": 65,
     "end-line": 578,
     "file-name":
      "/workspace/rust-crate-proofs/httparse/1.10.1/verification/probes/version-harness/evidence/direct-why3-parse-version-20261005T060300Z/context/string/verif/httparse_version_harness_rlib/parse_version.coma",
     "start-char": 42,
     "start-line": 578}}}
{"counterexample": [],
 "prover-result":
  {"answer": "Valid",
   "ce-models": [],
   "status": "exited with status 0",
   "step": 93124,
   "time": 0.039755},
 "term":
  {"explanations": ["parse_version ensures"],
   "goal_name": "vc_parse_version",
   "loc":
    {"end-char": 10,
     "end-line": 861,
     "file-name":
      "/workspace/rust-crate-proofs/httparse/1.10.1/verification/probes/version-harness/evidence/direct-why3-parse-version-20261005T060300Z/context/string/verif/httparse_version_harness_rlib/parse_version.coma",
     "start-char": 47,
     "start-line": 850}}}
{"counterexample": [],
 "prover-result":
  {"answer": "Valid",
   "ce-models": [],
   "status": "exited with status 0",
   "step": 7424,
   "time": 0.007525},
 "term":
  {"explanations": ["type invariant"],
   "goal_name": "vc_parse_version",
   "loc":
    {"end-char": 72,
     "end-line": 567,
     "file-name":
      "/workspace/rust-crate-proofs/httparse/1.10.1/verification/probes/version-harness/evidence/direct-why3-parse-version-20261005T060300Z/context/string/verif/httparse_version_harness_rlib/parse_version.coma",
     "start-char": 50,
     "start-line": 567}}}
{"counterexample": [],
 "prover-result":
  {"answer": "Valid",
   "ce-models": [],
   "status": "exited with status 0",
   "step": 17046,
   "time": 0.007742},
 "term":
  {"explanations": ["elim Some"],
   "goal_name": "vc_parse_version",
   "loc":
    {"end-char": 9,
     "end-line": 244,
     "file-name":
      "/workspace/rust-crate-proofs/httparse/1.10.1/verification/probes/version-harness/evidence/direct-why3-parse-version-20261005T060300Z/context/string/verif/httparse_version_harness_rlib/parse_version.coma",
     "start-char": 34,
     "start-line": 241}}}
{"counterexample": [],
 "prover-result":
  {"answer": "Valid",
   "ce-models": [],
   "status": "exited with status 0",
   "step": 4581,
   "time": 0.016774},
 "term":
  {"explanations": ["type invariant"],
   "goal_name": "vc_parse_version",
   "loc":
    {"end-char": 65,
     "end-line": 559,
     "file-name":
      "/workspace/rust-crate-proofs/httparse/1.10.1/verification/probes/version-harness/evidence/direct-why3-parse-version-20261005T060300Z/context/string/verif/httparse_version_harness_rlib/parse_version.coma",
     "start-char": 42,
     "start-line": 559}}}
{"counterexample": [],
 "prover-result":
  {"answer": "Valid",
   "ce-models": [],
   "status": "exited with status 0",
   "step": 66941,
   "time": 0.012233},
 "term":
  {"explanations": ["from_ne_bytes 'bytes' type invariant"],
   "goal_name": "vc_parse_version",
   "loc":
    {"end-char": 30,
     "end-line": 161,
     "file-name":
      "/workspace/rust-crate-proofs/creusot-libs/creusot-std/src/std/num.rs",
     "start-char": 25,
     "start-line": 161}}}
{"counterexample": [],
 "prover-result":
  {"answer": "Valid",
   "ce-models": [],
   "status": "exited with status 0",
   "step": 72034,
   "time": 0.022893},
 "term":
  {"explanations": ["from_ne_bytes 'bytes' type invariant"],
   "goal_name": "vc_parse_version",
   "loc":
    {"end-char": 30,
     "end-line": 161,
     "file-name":
      "/workspace/rust-crate-proofs/creusot-libs/creusot-std/src/std/num.rs",
     "start-char": 25,
     "start-line": 161}}}
{"counterexample": [],
 "prover-result":
  {"answer": "Valid",
   "ce-models": [],
   "status": "exited with status 0",
   "step": 74985,
   "time": 0.020663},
 "term":
  {"explanations": ["advance requires"],
   "goal_name": "vc_parse_version",
   "loc":
    {"end-char": 112,
     "end-line": 348,
     "file-name":
      "/workspace/rust-crate-proofs/httparse/1.10.1/verification/probes/version-harness/evidence/direct-why3-parse-version-20261005T060300Z/context/string/verif/httparse_version_harness_rlib/parse_version.coma",
     "start-char": 42,
     "start-line": 347}}}
{"counterexample": [],
 "prover-result":
  {"answer": "Valid",
   "ce-models": [],
   "status": "exited with status 0",
   "step": 73431,
   "time": 0.022769},
 "term":
  {"explanations": ["from_ne_bytes 'bytes' type invariant"],
   "goal_name": "vc_parse_version",
   "loc":
    {"end-char": 30,
     "end-line": 161,
     "file-name":
      "/workspace/rust-crate-proofs/creusot-libs/creusot-std/src/std/num.rs",
     "start-char": 25,
     "start-line": 161}}}
{"counterexample": [],
 "prover-result":
  {"answer": "Valid",
   "ce-models": [],
   "status": "exited with status 0",
   "step": 87725,
   "time": 0.016334},
 "term":
  {"explanations": ["parse_version ensures"],
   "goal_name": "vc_parse_version",
   "loc":
    {"end-char": 10,
     "end-line": 861,
     "file-name":
      "/workspace/rust-crate-proofs/httparse/1.10.1/verification/probes/version-harness/evidence/direct-why3-parse-version-20261005T060300Z/context/string/verif/httparse_version_harness_rlib/parse_version.coma",
     "start-char": 47,
     "start-line": 850}}}
{"counterexample": [],
 "prover-result":
  {"answer": "Valid",
   "ce-models": [],
   "status": "exited with status 0",
   "step": 74258,
   "time": 0.02016},
 "term":
  {"explanations": ["native_pack8_injective requires"],
   "goal_name": "vc_parse_version",
   "loc":
    {"end-char": 34,
     "end-line": 362,
     "file-name":
      "/workspace/rust-crate-proofs/httparse/1.10.1/verification/probes/version-harness/evidence/direct-why3-parse-version-20261005T060300Z/context/string/verif/httparse_version_harness_rlib/parse_version.coma",
     "start-char": 57,
     "start-line": 358}}}
{"counterexample": [],
 "prover-result":
  {"answer": "Valid",
   "ce-models": [],
   "status": "exited with status 0",
   "step": 90623,
   "time": 0.014068},
 "term":
  {"explanations": ["parse_version ensures"],
   "goal_name": "vc_parse_version",
   "loc":
    {"end-char": 10,
     "end-line": 861,
     "file-name":
      "/workspace/rust-crate-proofs/httparse/1.10.1/verification/probes/version-harness/evidence/direct-why3-parse-version-20261005T060300Z/context/string/verif/httparse_version_harness_rlib/parse_version.coma",
     "start-char": 47,
     "start-line": 850}}}
{"counterexample": [],
 "prover-result":
  {"answer": "Valid",
   "ce-models": [],
   "status": "exited with status 0",
   "step": 74151,
   "time": 0.015758},
 "term":
  {"explanations": ["native_pack8_injective requires"],
   "goal_name": "vc_parse_version",
   "loc":
    {"end-char": 34,
     "end-line": 362,
     "file-name":
      "/workspace/rust-crate-proofs/httparse/1.10.1/verification/probes/version-harness/evidence/direct-why3-parse-version-20261005T060300Z/context/string/verif/httparse_version_harness_rlib/parse_version.coma",
     "start-char": 57,
     "start-line": 358}}}
{"counterexample": [],
 "prover-result":
  {"answer": "Valid",
   "ce-models": [],
   "status": "exited with status 0",
   "step": 89325,
   "time": 0.025014},
 "term":
  {"explanations": ["parse_version ensures"],
   "goal_name": "vc_parse_version",
   "loc":
    {"end-char": 10,
     "end-line": 861,
     "file-name":
      "/workspace/rust-crate-proofs/httparse/1.10.1/verification/probes/version-harness/evidence/direct-why3-parse-version-20261005T060300Z/context/string/verif/httparse_version_harness_rlib/parse_version.coma",
     "start-char": 47,
     "start-line": 850}}}
{"counterexample": [],
 "prover-result":
  {"answer": "Valid",
   "ce-models": [],
   "status": "exited with status 0",
   "step": 7831,
   "time": 1e-06},
 "term":
  {"explanations": ["type invariant"],
   "goal_name": "vc_parse_version",
   "loc":
    {"end-char": 72,
     "end-line": 756,
     "file-name":
      "/workspace/rust-crate-proofs/httparse/1.10.1/verification/probes/version-harness/evidence/direct-why3-parse-version-20261005T060300Z/context/string/verif/httparse_version_harness_rlib/parse_version.coma",
     "start-char": 50,
     "start-line": 756}}}
{"counterexample": [],
 "prover-result":
  {"answer": "Valid",
   "ce-models": [],
   "status": "exited with status 0",
   "step": 5219,
   "time": 0.008493},
 "term":
  {"explanations": ["type invariant"],
   "goal_name": "vc_parse_version",
   "loc":
    {"end-char": 65,
     "end-line": 754,
     "file-name":
      "/workspace/rust-crate-proofs/httparse/1.10.1/verification/probes/version-harness/evidence/direct-why3-parse-version-20261005T060300Z/context/string/verif/httparse_version_harness_rlib/parse_version.coma",
     "start-char": 42,
     "start-line": 754}}}
{"counterexample": [],
 "prover-result":
  {"answer": "Valid",
   "ce-models": [],
   "status": "exited with status 0",
   "step": 15370,
   "time": 0.008986},
 "term":
  {"explanations": ["elim Some"],
   "goal_name": "vc_parse_version",
   "loc":
    {"end-char": 9,
     "end-line": 258,
     "file-name":
      "/workspace/rust-crate-proofs/httparse/1.10.1/verification/probes/version-harness/evidence/direct-why3-parse-version-20261005T060300Z/context/string/verif/httparse_version_harness_rlib/parse_version.coma",
     "start-char": 34,
     "start-line": 255}}}
