    Checking bytes v1.11.1 (/workspace/rust-crate-proofs/bytes/1.11.1)
warning: unused imports: `Acquire` and `None as NoStore`
 --> src/verified/mod.rs:9:65
  |
9 |     std::sync::{atomic::{AtomicUsize as ModelAtomic, ordering::{Acquire,Relaxed,Release,None as NoStore}},
  |                                                                 ^^^^^^^                 ^^^^^^^^^^^^^^^
  |
  = note: `#[warn(unused_imports)]` (part of `#[warn(unused)]`) on by default

warning: unnecessary parentheses around function argument
  --> src/verified/atomic.rs:24:9
   |
24 |         (if c.val_load() == 0usize { c.val_store() == usize::MAX } else { c.val_store()@ + 1 == c.val_load()@ }) ==>
   |         ^                                                                                                      ^
   |
   = note: `#[warn(unused_parens)]` (part of `#[warn(unused)]`) on by default
help: remove these parentheses
   |
24 -         (if c.val_load() == 0usize { c.val_store() == usize::MAX } else { c.val_store()@ + 1 == c.val_load()@ }) ==>
24 +         if c.val_load() == 0usize { c.val_store() == usize::MAX } else { c.val_store()@ + 1 == c.val_load()@ } ==>
   |

warning: hidden lifetime parameters in types are deprecated
   --> src/verified/retirement.rs:107:81
    |
107 |     pub fn retire(&self,ticket:Ghost<Ticket>,resource:Ghost<T>,mut tokens:Ghost<Tokens>)->(bool,Ghost<Option<(T,T)>>,Ghost<Receipt>) {
    |                                                                                 ^^^^^^ expected lifetime parameter
    |
note: the lint level is defined here
   --> src/lib.rs:1:54
    |
  1 | #![warn(missing_docs, missing_debug_implementations, rust_2018_idioms)]
    |                                                      ^^^^^^^^^^^^^^^^
    = note: `#[warn(elided_lifetimes_in_paths)]` implied by `#[warn(rust_2018_idioms)]`
help: indicate the anonymous lifetime
    |
107 |     pub fn retire(&self,ticket:Ghost<Ticket>,resource:Ghost<T>,mut tokens:Ghost<Tokens<'_>>)->(bool,Ghost<Option<(T,T)>>,Ghost<Receipt>) {
    |                                                                                       ++++

warning: hidden lifetime parameters in types are deprecated
   --> src/verified/mod.rs:146:58
    |
146 |     pub fn close(self,context:&CloseContext,tokens:Ghost<Tokens>)->Closed {
    |                                                          ^^^^^^ expected lifetime parameter
    |
help: indicate the anonymous lifetime
    |
146 |     pub fn close(self,context:&CloseContext,tokens:Ghost<Tokens<'_>>)->Closed {
    |                                                                ++++

warning: unused variable: `published`
   --> src/verified/retirement.rs:121:21
    |
121 |                 let published=primitive::release_rmw(c,&mut state.own,&mut current);
    |                     ^^^^^^^^^ help: if this is intentional, prefix it with an underscore: `_published`
    |
    = note: `#[warn(unused_variables)]` (part of `#[warn(unused)]`) on by default

warning: unused variable: `base`
   --> src/ownership_proof/raw_vec.rs:939:25
    |
939 |     let RawAllocation { base, capacity, namespace: _, _not_objective: _ } = raw;
    |                         ^^^^ help: try ignoring the field: `base: _`

warning: unused variable: `capacity`
   --> src/ownership_proof/raw_vec.rs:939:31
    |
939 |     let RawAllocation { base, capacity, namespace: _, _not_objective: _ } = raw;
    |                               ^^^^^^^^ help: try ignoring the field: `capacity: _`

warning: unused variable: `base`
   --> src/ownership_proof/raw_vec.rs:975:9
    |
975 |     let base = bound.as_ptr();
    |         ^^^^ help: if this is intentional, prefix it with an underscore: `_base`

warning: function `deallocate_u8` is never used
  --> src/allocation_ops.rs:10:22
   |
10 | pub(crate) unsafe fn deallocate_u8(base: *mut u8, capacity: usize) {
   |                      ^^^^^^^^^^^^^
   |
   = note: `#[warn(dead_code)]` (part of `#[warn(unused)]`) on by default

warning: function `reallocate_u8` is never used
  --> src/allocation_ops.rs:25:22
   |
25 | pub(crate) unsafe fn reallocate_u8(base: *mut u8, old_capacity: usize, capacity: usize) -> core::ptr::NonNull<u8> {
   |                      ^^^^^^^^^^^^^

warning: function `pointer_addr_eq` is never used
  --> src/provenance_specs.rs:19:15
   |
19 | pub(crate) fn pointer_addr_eq<T>(left: *const T, right: *const T) -> bool {
   |               ^^^^^^^^^^^^^^^

warning: function `pointer_addr` is never used
  --> src/provenance_specs.rs:52:15
   |
52 | pub(crate) fn pointer_addr<T>(ptr: *const T) -> usize {
   |               ^^^^^^^^^^^^

warning: function `wrapping_offset` is never used
  --> src/provenance_specs.rs:77:15
   |
77 | pub(crate) fn wrapping_offset(ptr: *mut u8, offset: usize) -> *mut u8 {
   |               ^^^^^^^^^^^^^^^

warning: function `pointer_with_address` is never used
  --> src/provenance_specs.rs:88:15
   |
88 | pub(crate) fn pointer_with_address(ptr: *mut u8, new_addr: usize) -> *mut u8 {
   |               ^^^^^^^^^^^^^^^^^^^^

warning: function `metadata_pointer` is never used
  --> src/provenance_specs.rs:98:15
   |
98 | pub(crate) fn metadata_pointer(addr: usize) -> *mut u8 {
   |               ^^^^^^^^^^^^^^^^

warning: function `map_op_get` is never used
  --> src/ownership_proof/owned_region.rs:47:15
   |
47 | pub(crate) fn map_op_get(
   |               ^^^^^^^^^^

warning: associated items `into_parts`, `slots`, `slot`, `restrict`, `split_at`, and `join` are never used
   --> src/ownership_proof/owned_region.rs:125:19
    |
 95 | impl OwnedRegion {
    | ---------------- associated items in this implementation
...
125 |     pub(crate) fn into_parts(self) -> (Int, Int, Resource<KernelRA>) {
    |                   ^^^^^^^^^^
...
149 |     pub(crate) fn slots(self) -> FMap<Int, Excl<Option<u8>>> {
    |                   ^^^^^
...
156 |     pub(crate) fn slot(self, index: Int) -> Option<Option<u8>> {
    |                   ^^^^
...
167 |     fn restrict(
    |        ^^^^^^^^
...
192 |     pub(crate) fn split_at(self, at: Int) -> (Self, Self) {
    |                   ^^^^^^^^
...
243 |     pub(crate) fn join(self, other: Self) -> Self {
    |                   ^^^^

warning: function `slots_grown` is never used
  --> src/ownership_proof/raw_vec.rs:72:4
   |
72 | fn slots_grown(old: SlotMap, old_capacity: Int, capacity: Int) -> SlotMap {
   |    ^^^^^^^^^^^

warning: function `reallocate_bound` is never used
   --> src/ownership_proof/raw_vec.rs:103:22
    |
103 | pub(crate) unsafe fn reallocate_bound(base: BoundPtr, old_capacity: usize, capacity: usize,
    |                      ^^^^^^^^^^^^^^^^

warning: associated items `unbound`, `as_non_null`, `offset_from_bound_base`, `retreat_within`, and `advance_within` are never used
   --> src/ownership_proof/raw_vec.rs:262:19
    |
241 | impl BoundPtr {
    | ------------- associated items in this implementation
...
262 |     pub(crate) fn unbound(pointer: NonNull<u8>) -> Self {
    |                   ^^^^^^^
...
284 |     pub(crate) fn as_non_null(&self) -> NonNull<u8> {
    |                   ^^^^^^^^^^^
...
307 |     pub(crate) fn offset_from_bound_base(&self, base: Self) -> usize {
    |                   ^^^^^^^^^^^^^^^^^^^^^^
...
319 |     pub(crate) fn retreat_within(&self, count: usize) -> Self {
    |                   ^^^^^^^^^^^^^^
...
365 |     pub(crate) fn advance_within(&self, count: usize) -> Self {
    |                   ^^^^^^^^^^^^^^

warning: methods `split_at` and `join` are never used
   --> src/ownership_proof/raw_vec.rs:569:19
    |
513 | impl PhysicalRegion {
    | ------------------- methods in this implementation
...
569 |     pub(crate) fn split_at(self, at: Int) -> (Self, Self) {
    |                   ^^^^^^^^
...
599 |     pub(crate) fn join(self, other: Self) -> Self {
    |                   ^^^^

warning: struct `PhysicalPool` is never constructed
   --> src/ownership_proof/raw_vec.rs:613:19
    |
613 | pub(crate) struct PhysicalPool {
    |                   ^^^^^^^^^^^^

warning: multiple associated items are never used
   --> src/ownership_proof/raw_vec.rs:646:19
    |
644 | impl PhysicalPool {
    | ----------------- associated items in this implementation
645 |     #[logic(open)]
646 |     pub(crate) fn capacity(self) -> Int {
    |                   ^^^^^^^^
...
651 |     pub(crate) fn namespace(self) -> Id {
    |                   ^^^^^^^^^
...
656 |     pub(crate) fn resource_id(self) -> Id {
    |                   ^^^^^^^^^^^
...
661 |     pub(crate) fn contains(self, index: Int) -> bool {
    |                   ^^^^^^^^
...
666 |     pub(crate) fn slot(self, index: Int) -> Option<Option<u8>> {
    |                   ^^^^
...
680 |     fn kernel_unit_is_empty() {
    |        ^^^^^^^^^^^^^^^^^^^^
...
706 |     pub(crate) fn empty_from(region: &PhysicalRegion) -> Self {
    |                   ^^^^^^^^^^
...
739 |     pub(crate) fn retire(self, region: PhysicalRegion) -> Self {
    |                   ^^^^^^
...
775 |     pub(crate) fn finish(self, lo: Int) -> PhysicalRegion {
    |                   ^^^^^^

warning: function `resume_vec` is never used
   --> src/ownership_proof/raw_vec.rs:899:22
    |
899 | pub(crate) unsafe fn resume_vec(
    |                      ^^^^^^^^^^

warning: function `deallocate_vec` is never used
   --> src/ownership_proof/raw_vec.rs:935:22
    |
935 | pub(crate) unsafe fn deallocate_vec(
    |                      ^^^^^^^^^^^^^^

warning: function `borrow_mut` is never used
    --> src/ownership_proof/raw_vec.rs:1019:22
     |
1019 | pub(crate) unsafe fn borrow_mut<'a>(
     |                      ^^^^^^^^^^

warning: function `slot_known_equivalence` is never used
    --> src/ownership_proof/raw_vec.rs:1041:15
     |
1041 | pub(crate) fn slot_known_equivalence(slot: Option<Option<u8>>) {}
     |               ^^^^^^^^^^^^^^^^^^^^^^

warning: function `borrow_bound_mut` is never used
    --> src/ownership_proof/raw_vec.rs:1080:22
     |
1080 | pub(crate) unsafe fn borrow_bound_mut<'a>(
     |                      ^^^^^^^^^^^^^^^^

warning: function `borrow_bound_uninit_mut` is never used
    --> src/ownership_proof/raw_vec.rs:1120:22
     |
1120 | pub(crate) unsafe fn borrow_bound_uninit_mut<'a>(
     |                      ^^^^^^^^^^^^^^^^^^^^^^^

warning: function `borrow_spare_preserving_prefix` is never used
    --> src/ownership_proof/raw_vec.rs:1158:22
     |
1158 | pub(crate) unsafe fn borrow_spare_preserving_prefix<'a>(
     |                      ^^^^^^^^^^^^^^^^^^^^^^^^^^^^^^

warning: function `borrow_empty_bound` is never used
    --> src/ownership_proof/raw_vec.rs:1204:22
     |
1204 | pub(crate) unsafe fn borrow_empty_bound<'a>(bound: &'a BoundPtr) -> &'a [u8] {
     |                      ^^^^^^^^^^^^^^^^^^

warning: function `borrow_empty_bound_mut` is never used
    --> src/ownership_proof/raw_vec.rs:1213:22
     |
1213 | pub(crate) unsafe fn borrow_empty_bound_mut<'a>(bound: &'a BoundPtr) -> &'a mut [u8] {
     |                      ^^^^^^^^^^^^^^^^^^^^^^

warning: function `borrow_empty_bound_uninit_mut` is never used
    --> src/ownership_proof/raw_vec.rs:1221:22
     |
1221 | pub(crate) unsafe fn borrow_empty_bound_uninit_mut<'a>(
     |                      ^^^^^^^^^^^^^^^^^^^^^^^^^^^^^

warning: method `reclaim` is never used
   --> src/ownership_proof/frozen_region.rs:119:19
    |
 76 | impl FrozenOwner {
    | ---------------- method in this implementation
...
119 |     pub(crate) fn reclaim(self,ticket:LifetimeToken) {
    |                   ^^^^^^^

error: cannot move a non-ghost variable into a `ghost!` block
  --> src/verified/mod.rs:88:41
   |
88 |         (ReadHandle{bytes,permit:ghost!{left},ticket:left_ticket},
   |                                         ^^^^
   |
note: variable defined here is not copy
  --> src/verified/mod.rs:84:14
   |
84 |         let (left,right)=child.split();
   |              ^^^^

error: cannot move a non-ghost variable into a `ghost!` block
  --> src/verified/mod.rs:89:41
   |
89 |          ReadHandle{bytes,permit:ghost!{right},ticket:right_ticket},CloseContext{machine})
   |                                         ^^^^^
   |
note: variable defined here is not copy
  --> src/verified/mod.rs:84:19
   |
84 |         let (left,right)=child.split();
   |                   ^^^^^

error: cannot move a non-ghost variable into a `ghost!` block
   --> src/verified/mod.rs:105:22
    |
105 |             let full=self.anchor.join(left).join(right);
    |                      ^^^^^^^^^^^
    |
note: variable defined here is not copy
   --> src/verified/mod.rs:98:18
    |
 98 |     pub fn close(self,context:CloseContext,first:Closed,second:Closed)->(bool,bool) {
    |                  ^^^^

error: Cannot make `"verified::Owner::frozen"` transparent in `"verified::Owner::valid"` as it would call a less-visible item.
  --> src/verified/mod.rs:54:13
   |
54 |             self.frozen.valid() && self.anchor.lft() == self.frozen.shared.val().lft() &&
   |             ^^^^^^^^^^^

error: Cannot make `"verified::Owner::anchor"` transparent in `"verified::Owner::valid"` as it would call a less-visible item.
  --> src/verified/mod.rs:54:36
   |
54 |             self.frozen.valid() && self.anchor.lft() == self.frozen.shared.val().lft() &&
   |                                    ^^^^^^^^^^^

error: Cannot make `"verified::Owner::frozen"` transparent in `"verified::Owner::valid"` as it would call a less-visible item.
  --> src/verified/mod.rs:54:57
   |
54 |             self.frozen.valid() && self.anchor.lft() == self.frozen.shared.val().lft() &&
   |                                                         ^^^^^^^^^^^

error: Cannot make `"verified::Owner::len"` transparent in `"verified::Owner::valid"` as it would call a less-visible item.
  --> src/verified/mod.rs:55:13
   |
55 |             self.len@ == self.model.len() && self.len <= self.frozen.capacity &&
   |             ^^^^^^^^

error: Cannot make `"verified::Owner::model"` transparent in `"verified::Owner::valid"` as it would call a less-visible item.
  --> src/verified/mod.rs:55:26
   |
55 |             self.len@ == self.model.len() && self.len <= self.frozen.capacity &&
   |                          ^^^^^^^^^^

error: Cannot make `"verified::Owner::len"` transparent in `"verified::Owner::valid"` as it would call a less-visible item.
  --> src/verified/mod.rs:55:46
   |
55 |             self.len@ == self.model.len() && self.len <= self.frozen.capacity &&
   |                                              ^^^^^^^^

error: Cannot make `"verified::Owner::frozen"` transparent in `"verified::Owner::valid"` as it would call a less-visible item.
  --> src/verified/mod.rs:55:58
   |
55 |             self.len@ == self.model.len() && self.len <= self.frozen.capacity &&
   |                                                          ^^^^^^^^^^^

error: Cannot make `"verified::Owner::len"` transparent in `"verified::Owner::valid"` as it would call a less-visible item.
  --> src/verified/mod.rs:56:41
   |
56 |             forall<i:Int> 0 <= i && i < self.len@ ==>
   |                                         ^^^^^^^^

error: Cannot make `"verified::Owner::frozen"` transparent in `"verified::Owner::valid"` as it would call a less-visible item.
  --> src/verified/mod.rs:57:17
   |
57 |                 self.frozen.shared.val().cur().slot(i) == Some(Some(self.model[i]))
   |                 ^^^^^^^^^^^

error: Cannot make `"verified::Owner::model"` transparent in `"verified::Owner::valid"` as it would call a less-visible item.
  --> src/verified/mod.rs:57:69
   |
57 |                 self.frozen.shared.val().cur().slot(i) == Some(Some(self.model[i]))
   |                                                                     ^^^^^^^^^^

error: Cannot make `"verified::Owner::anchor"` transparent in `"verified::CloseContext::matches_owner"` as it would call a less-visible item.
   --> src/verified/mod.rs:120:13
    |
120 |             owner.anchor.frac() == PositiveReal::from_int(1)/PositiveReal::from_int(2) &&
    |             ^^^^^^^^^^^^

error: Cannot make `"verified::CloseContext::machine"` transparent in `"verified::CloseContext::matches_owner"` as it would call a less-visible item.
   --> src/verified/mod.rs:121:13
    |
121 |             self.machine.expected().0 == (owner.anchor.lft(),PositiveReal::from_int(1)/PositiveReal::from_int(4)) &&
    |             ^^^^^^^^^^^^

error: Cannot make `"verified::Owner::anchor"` transparent in `"verified::CloseContext::matches_owner"` as it would call a less-visible item.
   --> src/verified/mod.rs:121:43
    |
121 |             self.machine.expected().0 == (owner.anchor.lft(),PositiveReal::from_int(1)/PositiveReal::from_int(4)) &&
    |                                           ^^^^^^^^^^^^

error: Cannot make `"verified::CloseContext::machine"` transparent in `"verified::CloseContext::matches_owner"` as it would call a less-visible item.
   --> src/verified/mod.rs:122:13
    |
122 |             self.machine.expected().1 == (owner.anchor.lft(),PositiveReal::from_int(1)/PositiveReal::from_int(4))
    |             ^^^^^^^^^^^^

error: Cannot make `"verified::Owner::anchor"` transparent in `"verified::CloseContext::matches_owner"` as it would call a less-visible item.
   --> src/verified/mod.rs:122:43
    |
122 |             self.machine.expected().1 == (owner.anchor.lft(),PositiveReal::from_int(1)/PositiveReal::from_int(4))
    |                                           ^^^^^^^^^^^^

error: Cannot make `"verified::CloseContext::machine"` transparent in `"verified::ReadHandle::<'a>::accepted_by"` as it would call a less-visible item.
   --> src/verified/mod.rs:134:9
    |
134 |         context.machine.accepts_payload(self.ticket.inner_logic(),self.permit.inner_logic())
    |         ^^^^^^^^^^^^^^^

error: Cannot make `"verified::ReadHandle::ticket"` transparent in `"verified::ReadHandle::<'a>::accepted_by"` as it would call a less-visible item.
   --> src/verified/mod.rs:134:41
    |
134 |         context.machine.accepts_payload(self.ticket.inner_logic(),self.permit.inner_logic())
    |                                         ^^^^^^^^^^^

error: Cannot make `"verified::ReadHandle::permit"` transparent in `"verified::ReadHandle::<'a>::accepted_by"` as it would call a less-visible item.
   --> src/verified/mod.rs:134:67
    |
134 |         context.machine.accepts_payload(self.ticket.inner_logic(),self.permit.inner_logic())
    |                                                                   ^^^^^^^^^^^

error: Cannot make `"verified::CloseContext::machine"` transparent in `"verified::Closed::accepted_by"` as it would call a less-visible item.
   --> src/verified/mod.rs:158:13
    |
158 |             context.machine.accepts_receipt(self.receipt.inner_logic(),self.last) &&
    |             ^^^^^^^^^^^^^^^

error: Cannot make `"verified::Closed::receipt"` transparent in `"verified::Closed::accepted_by"` as it would call a less-visible item.
   --> src/verified/mod.rs:158:45
    |
158 |             context.machine.accepts_receipt(self.receipt.inner_logic(),self.last) &&
    |                                             ^^^^^^^^^^^^

error: Cannot make `"verified::Closed::last"` transparent in `"verified::Closed::accepted_by"` as it would call a less-visible item.
   --> src/verified/mod.rs:158:72
    |
158 |             context.machine.accepts_receipt(self.receipt.inner_logic(),self.last) &&
    |                                                                        ^^^^^^^^^

error: Cannot make `"verified::Closed::last"` transparent in `"verified::Closed::accepted_by"` as it would call a less-visible item.
   --> src/verified/mod.rs:159:13
    |
159 |             self.last == (self.recovered.inner_logic() != None) &&
    |             ^^^^^^^^^

error: Cannot make `"verified::Closed::recovered"` transparent in `"verified::Closed::accepted_by"` as it would call a less-visible item.
   --> src/verified/mod.rs:159:27
    |
159 |             self.last == (self.recovered.inner_logic() != None) &&
    |                           ^^^^^^^^^^^^^^

error: Cannot make `"verified::Closed::last"` transparent in `"verified::Closed::accepted_by"` as it would call a less-visible item.
   --> src/verified/mod.rs:160:14
    |
160 |             (self.last ==> (self.recovered.inner_logic().unwrap_logic().0.metadata(),
    |              ^^^^^^^^^

error: Cannot make `"verified::Closed::recovered"` transparent in `"verified::Closed::accepted_by"` as it would call a less-visible item.
   --> src/verified/mod.rs:160:29
    |
160 |             (self.last ==> (self.recovered.inner_logic().unwrap_logic().0.metadata(),
    |                             ^^^^^^^^^^^^^^

error: Cannot make `"verified::Closed::recovered"` transparent in `"verified::Closed::accepted_by"` as it would call a less-visible item.
   --> src/verified/mod.rs:161:17
    |
161 |                 self.recovered.inner_logic().unwrap_logic().1.metadata()) == context.machine.expected())
    |                 ^^^^^^^^^^^^^^

error: Cannot make `"verified::CloseContext::machine"` transparent in `"verified::Closed::accepted_by"` as it would call a less-visible item.
   --> src/verified/mod.rs:161:78
    |
161 |                 self.recovered.inner_logic().unwrap_logic().1.metadata()) == context.machine.expected())
    |                                                                              ^^^^^^^^^^^^^^^

warning: `bytes` (lib) generated 34 warnings
error: could not compile `bytes` (lib) due to 30 previous errors; 34 warnings emitted
Error: Compilation failed
