bytes proof: /workspace/bytes-runtime-verification/bytes/1.11.1/verification/probes/sequential-bytesmut-split; one prover; 1024 MiB; native Ordering; sc-drf disabled
     Removed 22 files, 9.6MiB total
   Compiling bytes-sequential-bytesmut-split v0.1.0 (/workspace/bytes-runtime-verification/bytes/1.11.1/verification/probes/sequential-bytesmut-split)
warning: unused import: `owned_region`
  --> src/lib.rs:25:28
   |
25 |     pub(crate) use crate::{owned_region, raw_vec, sequential_counter, shared_protocol, bound_ptr, boxed_alignment};
   |                            ^^^^^^^^^^^^
   |
   = note: `#[warn(unused_imports)]` (part of `#[warn(unused)]`) on by default

warning: unused import: `ManuallyDrop`
 --> /workspace/bytes-proof-tools/targets/bytes/debug/build/bytes-sequential-bytesmut-split-20b33b96af9b2b63/out/actual_split.rs:3:23
  |
3 | use core::mem::{self, ManuallyDrop, MaybeUninit};
  |                       ^^^^^^^^^^^^

warning: unused import: `self`
 --> /workspace/bytes-proof-tools/targets/bytes/debug/build/bytes-sequential-bytesmut-split-20b33b96af9b2b63/out/actual_split.rs:4:17
  |
4 | use core::ptr::{self,NonNull};
  |                 ^^^^

warning: unused imports: `AtomicUsize` and `Ordering`
 --> /workspace/bytes-proof-tools/targets/bytes/debug/build/bytes-sequential-bytesmut-split-20b33b96af9b2b63/out/actual_split.rs:6:26
  |
6 | use core::sync::atomic::{AtomicUsize,Ordering};
  |                          ^^^^^^^^^^^ ^^^^^^^^

warning: unreachable expression
   --> /workspace/bytes-proof-tools/targets/bytes/debug/build/bytes-sequential-bytesmut-split-20b33b96af9b2b63/out/actual_split.rs:928:13
    |
924 |             panic!("ARC clone is outside the first sequential split gate");
    |             -------------------------------------------------------------- any code following this expression is unreachable
...
928 |             { self.pending_descriptor_copy() }
    |             ^^^^^^^^^^^^^^^^^^^^^^^^^^^^^^^^^^ unreachable expression
    |
    = note: `#[warn(unreachable_code)]` (part of `#[warn(unused)]`) on by default

warning: unused import: `prelude`
  --> /workspace/bytes-proof-tools/targets/bytes/debug/build/bytes-sequential-bytesmut-split-20b33b96af9b2b63/out/actual_split.rs:64:53
   |
64 |     use creusot_std::{ghost::perm::Perm, logic::Id, prelude::*};
   |                                                     ^^^^^^^

warning: unused variable: `off`
   --> /workspace/bytes-proof-tools/targets/bytes/debug/build/bytes-sequential-bytesmut-split-20b33b96af9b2b63/out/actual_split.rs:858:13
    |
858 |         let off = crate::capacity_ops::vec_pos_from_data(
    |             ^^^ help: if this is intentional, prefix it with an underscore: `_off`
    |
    = note: `#[warn(unused_variables)]` (part of `#[warn(unused)]`) on by default

warning: function `pointer_addr_eq` is never used
  --> src/../../../../src/provenance_specs.rs:19:15
   |
19 | pub(crate) fn pointer_addr_eq<T>(left: *const T, right: *const T) -> bool {
   |               ^^^^^^^^^^^^^^^
   |
   = note: `#[warn(dead_code)]` (part of `#[warn(unused)]`) on by default

warning: function `pointer_with_address` is never used
  --> src/../../../../src/provenance_specs.rs:86:15
   |
86 | pub(crate) fn pointer_with_address(ptr: *mut u8, new_addr: usize) -> *mut u8 {
   |               ^^^^^^^^^^^^^^^^^^^^

warning: methods `slots` and `join` are never used
   --> src/../../../../src/ownership_proof/owned_region.rs:149:19
    |
 95 | impl OwnedRegion {
    | ---------------- methods in this implementation
...
149 |     pub(crate) fn slots(self) -> FMap<Int, Excl<Option<u8>>> {
    |                   ^^^^^
...
243 |     pub(crate) fn join(self, other: Self) -> Self {
    |                   ^^^^

warning: method `as_non_null` is never used
   --> src/../../../../src/ownership_proof/raw_vec.rs:203:19
    |
171 | impl BoundPtr {
    | ------------- method in this implementation
...
203 |     pub(crate) fn as_non_null(&self) -> NonNull<u8> {
    |                   ^^^^^^^^^^^

warning: method `join` is never used
   --> src/../../../../src/ownership_proof/raw_vec.rs:495:19
    |
409 | impl PhysicalRegion {
    | ------------------- method in this implementation
...
495 |     pub(crate) fn join(self, other: Self) -> Self {
    |                   ^^^^

warning: function `resume_vec` is never used
   --> src/../../../../src/ownership_proof/raw_vec.rs:795:22
    |
795 | pub(crate) unsafe fn resume_vec(
    |                      ^^^^^^^^^^

warning: function `deallocate_vec` is never used
   --> src/../../../../src/ownership_proof/raw_vec.rs:831:22
    |
831 | pub(crate) unsafe fn deallocate_vec(
    |                      ^^^^^^^^^^^^^^

warning: function `borrow_mut` is never used
   --> src/../../../../src/ownership_proof/raw_vec.rs:915:22
    |
915 | pub(crate) unsafe fn borrow_mut<'a>(
    |                      ^^^^^^^^^^

warning: function `slot_known_equivalence` is never used
   --> src/../../../../src/ownership_proof/raw_vec.rs:937:15
    |
937 | pub(crate) fn slot_known_equivalence(slot: Option<Option<u8>>) {}
    |               ^^^^^^^^^^^^^^^^^^^^^^

warning: function `borrow_empty_bound` is never used
    --> src/../../../../src/ownership_proof/raw_vec.rs:1057:22
     |
1057 | pub(crate) unsafe fn borrow_empty_bound<'a>(bound: &'a BoundPtr) -> &'a [u8] {
     |                      ^^^^^^^^^^^^^^^^^^

warning: function `borrow_empty_bound_mut` is never used
    --> src/../../../../src/ownership_proof/raw_vec.rs:1066:22
     |
1066 | pub(crate) unsafe fn borrow_empty_bound_mut<'a>(bound: &'a BoundPtr) -> &'a mut [u8] {
     |                      ^^^^^^^^^^^^^^^^^^^^^^

warning: function `borrow_empty_bound_uninit_mut` is never used
    --> src/../../../../src/ownership_proof/raw_vec.rs:1074:22
     |
1074 | pub(crate) unsafe fn borrow_empty_bound_uninit_mut<'a>(
     |                      ^^^^^^^^^^^^^^^^^^^^^^^^^^^^^

warning: method `fetch_add_relaxed` is never used
  --> src/../../../../src/ownership_proof/sequential_counter.rs:66:19
   |
43 | impl SequentialCounter {
   | ---------------------- method in this implementation
...
66 |     pub(crate) fn fetch_add_relaxed(&self, amount: usize, own: Ghost<&mut CounterOwn>) -> usize {
   |                   ^^^^^^^^^^^^^^^^^

warning: field `original_capacity_repr` is never read
  --> /workspace/bytes-proof-tools/targets/bytes/debug/build/bytes-sequential-bytesmut-split-20b33b96af9b2b63/out/actual_split.rs:33:5
   |
31 | struct Shared {
   |        ------ field in this struct
32 |     buffer: SharedBuffer,
33 |     original_capacity_repr: usize,
   |     ^^^^^^^^^^^^^^^^^^^^^^

warning: associated items `proof_empty_valid` and `proof_reject_unregistered_arc_advance` are never used
    --> /workspace/bytes-proof-tools/targets/bytes/debug/build/bytes-sequential-bytesmut-split-20b33b96af9b2b63/out/actual_split.rs:984:8
     |
 320 | impl BytesMut {
     | ------------- associated items in this implementation
...
 984 |     fn proof_empty_valid(self) -> bool {
     |        ^^^^^^^^^^^^^^^^^
...
1662 |     pub(crate) fn proof_reject_unregistered_arc_advance() {
     |                   ^^^^^^^^^^^^^^^^^^^^^^^^^^^^^^^^^^^^^

warning: function `new` is never used
   --> /workspace/bytes-proof-tools/targets/bytes/debug/build/bytes-sequential-bytesmut-split-20b33b96af9b2b63/out/actual_split.rs:208:8
    |
208 |     fn new(input: Vec<u8>, split: usize) -> (ControlPtr, Ghost<ControlContext>, Ghost<Packet>, Ghost<Packet>) {
    |        ^^^

warning: function `release_left_then_right` is never used
   --> /workspace/bytes-proof-tools/targets/bytes/debug/build/bytes-sequential-bytesmut-split-20b33b96af9b2b63/out/actual_split.rs:289:19
    |
289 |     pub(crate) fn release_left_then_right(input: Vec<u8>, split: usize) {
    |                   ^^^^^^^^^^^^^^^^^^^^^^^

warning: function `release_right_then_left` is never used
   --> /workspace/bytes-proof-tools/targets/bytes/debug/build/bytes-sequential-bytesmut-split-20b33b96af9b2b63/out/actual_split.rs:298:19
    |
298 |     pub(crate) fn release_right_then_left(input: Vec<u8>, split: usize) {
    |                   ^^^^^^^^^^^^^^^^^^^^^^^

warning: `bytes-sequential-bytesmut-split` (lib) generated 25 warnings (run `cargo fix --lib -p bytes-sequential-bytesmut-split` to apply 5 suggestions)
    Finished `dev` profile [unoptimized + debuginfo] target(s) in 3.27s
No dangling files found
Goal Coma.vc_proof_reject_unregistered_arc_advance: ✘ (10/11)
Error: 1 unproved file
Error: 'why3find prove' failed
