   Compiling bytes-coordinator-carrier-split v0.1.0 (/workspace/bytes-runtime-verification/bytes/1.11.1/verification/probes/coordinator-carrier-split)
warning: unused import: `RA`
  --> src/../../../../src/ownership_proof/owned_region.rs:11:33
   |
11 |     logic::{FMap, Id, Int, ra::{RA, excl::Excl}},
   |                                 ^^
   |
   = note: `#[warn(unused_imports)]` (part of `#[warn(unused)]`) on by default

warning: unused imports: `FMap`, `RA`, `UnitRA`, and `excl::Excl`
  --> src/../../../../src/ownership_proof/raw_vec.rs:25:13
   |
25 |     logic::{FMap, Id, Int, ra::{RA, UnitRA, excl::Excl}},
   |             ^^^^                ^^  ^^^^^^  ^^^^^^^^^^

warning: unused import: `RA`
 --> src/../../../../src/ownership_proof/scalable_tickets.rs:9:29
  |
9 |     logic::{FMap, Int, ra::{RA, excl::Excl}},
  |                             ^^

warning: unused import: `owned_region`
  --> src/lib.rs:28:28
   |
28 |     pub(crate) use crate::{owned_region, raw_vec, sequential_counter, scalable_tickets, bound_ptr, boxed_alignment};
   |                            ^^^^^^^^^^^^

warning: unused import: `ManuallyDrop`
 --> /workspace/bytes-proof-tools/targets/bytes/debug/build/bytes-coordinator-carrier-split-76c4820167c56539/out/actual_carrier.rs:2:22
  |
2 | use core::mem::{self,ManuallyDrop,MaybeUninit};
  |                      ^^^^^^^^^^^^

warning: unused import: `self`
 --> /workspace/bytes-proof-tools/targets/bytes/debug/build/bytes-coordinator-carrier-split-76c4820167c56539/out/actual_carrier.rs:3:17
  |
3 | use core::ptr::{self,NonNull};
  |                 ^^^^

warning: unused imports: `AtomicUsize` and `Ordering`
 --> /workspace/bytes-proof-tools/targets/bytes/debug/build/bytes-coordinator-carrier-split-76c4820167c56539/out/actual_carrier.rs:5:26
  |
5 | use core::sync::atomic::{AtomicUsize,Ordering};
  |                          ^^^^^^^^^^^ ^^^^^^^^

warning: unused import: `prelude::*`
 --> /workspace/bytes-runtime-verification/bytes/1.11.1/src/ownership_proof/carrier_protocol.rs:5:49
  |
5 | use creusot_std::{ghost::perm::Perm, logic::Id, prelude::*};
  |                                                 ^^^^^^^^^^

warning: unused variable: `left`
  --> src/../../../../src/ownership_proof/owned_region.rs:33:5
   |
33 |     left: Snapshot<SlotMap>,
   |     ^^^^ help: if this is intentional, prefix it with an underscore: `_left`
   |
   = note: `#[warn(unused_variables)]` (part of `#[warn(unused)]`) on by default

warning: unused variable: `right`
  --> src/../../../../src/ownership_proof/owned_region.rs:34:5
   |
34 |     right: Snapshot<SlotMap>,
   |     ^^^^^ help: if this is intentional, prefix it with an underscore: `_right`

warning: unused variable: `whole`
  --> src/../../../../src/ownership_proof/owned_region.rs:35:5
   |
35 |     whole: Snapshot<SlotMap>,
   |     ^^^^^ help: if this is intentional, prefix it with an underscore: `_whole`

warning: unused variable: `merged`
  --> src/../../../../src/ownership_proof/owned_region.rs:38:9
   |
38 |     let merged: Snapshot<SlotMap> = snapshot! { (*left).total_op(*right) };
   |         ^^^^^^ help: if this is intentional, prefix it with an underscore: `_merged`

warning: unused variable: `left`
  --> src/../../../../src/ownership_proof/owned_region.rs:48:5
   |
48 |     left: Snapshot<SlotMap>,
   |     ^^^^ help: if this is intentional, prefix it with an underscore: `_left`

warning: unused variable: `right`
  --> src/../../../../src/ownership_proof/owned_region.rs:49:5
   |
49 |     right: Snapshot<SlotMap>,
   |     ^^^^^ help: if this is intentional, prefix it with an underscore: `_right`

warning: unused variable: `whole`
  --> src/../../../../src/ownership_proof/owned_region.rs:50:5
   |
50 |     whole: Snapshot<SlotMap>,
   |     ^^^^^ help: if this is intentional, prefix it with an underscore: `_whole`

warning: unused variable: `merged`
  --> src/../../../../src/ownership_proof/owned_region.rs:52:9
   |
52 |     let merged: Snapshot<SlotMap> = snapshot! { (*left).total_op(*right) };
   |         ^^^^^^ help: if this is intentional, prefix it with an underscore: `_merged`

warning: unused variable: `unit`
   --> src/../../../../src/ownership_proof/raw_vec.rs:581:13
    |
581 |         let unit: Snapshot<KernelRA> = snapshot!(KernelRA::unit());
    |             ^^^^ help: if this is intentional, prefix it with an underscore: `_unit`

warning: unused variable: `empty_value`
   --> src/../../../../src/ownership_proof/raw_vec.rs:584:13
    |
584 |         let empty_value: Snapshot<KernelRA> = snapshot!((None, FMap::empty()));
    |             ^^^^^^^^^^^ help: if this is intentional, prefix it with an underscore: `_empty_value`

warning: unused variable: `input_model`
   --> src/../../../../src/ownership_proof/raw_vec.rs:719:9
    |
719 |     let input_model = snapshot!(input@);
    |         ^^^^^^^^^^^ help: if this is intentional, prefix it with an underscore: `_input_model`

warning: unused variable: `slot`
   --> src/../../../../src/ownership_proof/raw_vec.rs:941:38
    |
941 | pub(crate) fn slot_known_equivalence(slot: Option<Option<u8>>) {}
    |                                      ^^^^ help: if this is intentional, prefix it with an underscore: `_slot`

warning: unused variable: `own`
  --> src/../../../../src/ownership_proof/sequential_counter.rs:89:39
   |
89 |     pub(crate) fn load_acquire(&self, own: Ghost<&CounterOwn>) -> usize {
   |                                       ^^^ help: if this is intentional, prefix it with an underscore: `_own`

warning: unused variable: `pending`
   --> src/../../../../src/ownership_proof/scalable_tickets.rs:132:5
    |
132 |     pending: Snapshot<FMap<Int, (Int, Int)>>,
    |     ^^^^^^^ help: if this is intentional, prefix it with an underscore: `_pending`

warning: unused variable: `parent`
   --> src/../../../../src/ownership_proof/scalable_tickets.rs:133:5
    |
133 |     parent: Snapshot<Int>,
    |     ^^^^^^ help: if this is intentional, prefix it with an underscore: `_parent`

warning: unused variable: `left`
   --> src/../../../../src/ownership_proof/scalable_tickets.rs:134:5
    |
134 |     left: Snapshot<Int>,
    |     ^^^^ help: if this is intentional, prefix it with an underscore: `_left`

warning: unused variable: `right`
   --> src/../../../../src/ownership_proof/scalable_tickets.rs:135:5
    |
135 |     right: Snapshot<Int>,
    |     ^^^^^ help: if this is intentional, prefix it with an underscore: `_right`

warning: unused variable: `lo`
   --> src/../../../../src/ownership_proof/scalable_tickets.rs:136:5
    |
136 |     lo: Snapshot<Int>,
    |     ^^ help: if this is intentional, prefix it with an underscore: `_lo`

warning: unused variable: `at`
   --> src/../../../../src/ownership_proof/scalable_tickets.rs:137:5
    |
137 |     at: Snapshot<Int>,
    |     ^^ help: if this is intentional, prefix it with an underscore: `_at`

warning: unused variable: `hi`
   --> src/../../../../src/ownership_proof/scalable_tickets.rs:138:5
    |
138 |     hi: Snapshot<Int>,
    |     ^^ help: if this is intentional, prefix it with an underscore: `_hi`

warning: unused variable: `capacity`
   --> src/../../../../src/ownership_proof/scalable_tickets.rs:139:5
    |
139 |     capacity: Snapshot<Int>,
    |     ^^^^^^^^ help: if this is intentional, prefix it with an underscore: `_capacity`

warning: unused variable: `id`
   --> src/../../../../src/ownership_proof/scalable_tickets.rs:148:21
    |
148 | fn active_singleton(id: Snapshot<Int>, bounds: Snapshot<(Int, Int)>) {
    |                     ^^ help: if this is intentional, prefix it with an underscore: `_id`

warning: unused variable: `bounds`
   --> src/../../../../src/ownership_proof/scalable_tickets.rs:148:40
    |
148 | fn active_singleton(id: Snapshot<Int>, bounds: Snapshot<(Int, Int)>) {
    |                                        ^^^^^^ help: if this is intentional, prefix it with an underscore: `_bounds`

warning: unused variable: `left`
   --> src/../../../../src/ownership_proof/scalable_tickets.rs:149:9
    |
149 |     let left: Snapshot<RegistrationMap> =
    |         ^^^^ help: if this is intentional, prefix it with an underscore: `_left`

warning: unused variable: `right`
   --> src/../../../../src/ownership_proof/scalable_tickets.rs:151:9
    |
151 |     let right: Snapshot<RegistrationMap> = snapshot!(FMap::singleton(*id, Excl(())));
    |         ^^^^^ help: if this is intentional, prefix it with an underscore: `_right`

warning: unused variable: `pending`
   --> src/../../../../src/ownership_proof/scalable_tickets.rs:158:35
    |
158 | pub(crate) fn pending_cardinality(pending: Snapshot<FMap<Int, (Int, Int)>>) {
    |                                   ^^^^^^^ help: if this is intentional, prefix it with an underscore: `_pending`

warning: unused variable: `pending`
   --> src/../../../../src/ownership_proof/scalable_tickets.rs:168:18
    |
168 | fn active_remove(pending: Snapshot<FMap<Int, (Int, Int)>>, id: Snapshot<Int>) {
    |                  ^^^^^^^ help: if this is intentional, prefix it with an underscore: `_pending`

warning: unused variable: `id`
   --> src/../../../../src/ownership_proof/scalable_tickets.rs:168:60
    |
168 | fn active_remove(pending: Snapshot<FMap<Int, (Int, Int)>>, id: Snapshot<Int>) {
    |                                                            ^^ help: if this is intentional, prefix it with an underscore: `_id`

warning: unused variable: `left`
   --> src/../../../../src/ownership_proof/scalable_tickets.rs:169:9
    |
169 |     let left: Snapshot<RegistrationMap> = snapshot!(active_registrations((*pending).remove(*id)));
    |         ^^^^ help: if this is intentional, prefix it with an underscore: `_left`

warning: unused variable: `right`
   --> src/../../../../src/ownership_proof/scalable_tickets.rs:170:9
    |
170 |     let right: Snapshot<RegistrationMap> = snapshot!(active_registrations(*pending).remove(*id));
    |         ^^^^^ help: if this is intentional, prefix it with an underscore: `_right`

warning: unused variable: `pending`
   --> src/../../../../src/ownership_proof/scalable_tickets.rs:179:5
    |
179 |     pending: Snapshot<FMap<Int, (Int, Int)>>,
    |     ^^^^^^^ help: if this is intentional, prefix it with an underscore: `_pending`

warning: unused variable: `id`
   --> src/../../../../src/ownership_proof/scalable_tickets.rs:180:5
    |
180 |     id: Snapshot<Int>,
    |     ^^ help: if this is intentional, prefix it with an underscore: `_id`

warning: unused variable: `bounds`
   --> src/../../../../src/ownership_proof/scalable_tickets.rs:181:5
    |
181 |     bounds: Snapshot<(Int, Int)>,
    |     ^^^^^^ help: if this is intentional, prefix it with an underscore: `_bounds`

warning: unused variable: `left`
   --> src/../../../../src/ownership_proof/scalable_tickets.rs:183:9
    |
183 |     let left: Snapshot<RegistrationMap> = snapshot!(active_registrations((*pending).insert(*id, *bounds)));
    |         ^^^^ help: if this is intentional, prefix it with an underscore: `_left`

warning: unused variable: `right`
   --> src/../../../../src/ownership_proof/scalable_tickets.rs:184:9
    |
184 |     let right: Snapshot<RegistrationMap> = snapshot!(active_registrations(*pending).insert(*id, Excl(())));
    |         ^^^^^ help: if this is intentional, prefix it with an underscore: `_right`

warning: unused variable: `ticket`
   --> src/../../../../src/ownership_proof/scalable_tickets.rs:197:9
    |
197 |     let ticket: Snapshot<RegistrationMap> = snapshot!(FMap::singleton(*id, Excl(())));
    |         ^^^^^^ help: if this is intentional, prefix it with an underscore: `_ticket`

warning: unused variable: `rest`
   --> src/../../../../src/ownership_proof/scalable_tickets.rs:198:9
    |
198 |     let rest: Snapshot<RegistrationMap> = snapshot!(active_registrations((*pending).remove(*id)));
    |         ^^^^ help: if this is intentional, prefix it with an underscore: `_rest`

warning: unused variable: `whole`
   --> src/../../../../src/ownership_proof/scalable_tickets.rs:199:9
    |
199 |     let whole: Snapshot<RegistrationMap> = snapshot!(active_registrations(*pending));
    |         ^^^^^ help: if this is intentional, prefix it with an underscore: `_whole`

warning: unused variable: `merged`
   --> src/../../../../src/ownership_proof/scalable_tickets.rs:202:9
    |
202 |     let merged: Snapshot<RegistrationMap> = snapshot!((*ticket).total_op(*rest));
    |         ^^^^^^ help: if this is intentional, prefix it with an underscore: `_merged`

warning: unused variable: `returned`
   --> src/../../../../src/ownership_proof/scalable_tickets.rs:215:5
    |
215 |     returned: Snapshot<RegistrationMap>,
    |     ^^^^^^^^ help: if this is intentional, prefix it with an underscore: `_returned`

warning: unused variable: `ticket`
   --> src/../../../../src/ownership_proof/scalable_tickets.rs:216:5
    |
216 |     ticket: Snapshot<RegistrationMap>,
    |     ^^^^^^ help: if this is intentional, prefix it with an underscore: `_ticket`

warning: unused variable: `remaining`
   --> src/../../../../src/ownership_proof/scalable_tickets.rs:217:5
    |
217 |     remaining: Snapshot<RegistrationMap>,
    |     ^^^^^^^^^ help: if this is intentional, prefix it with an underscore: `_remaining`

warning: unused variable: `active`
   --> src/../../../../src/ownership_proof/scalable_tickets.rs:218:5
    |
218 |     active: Snapshot<RegistrationMap>,
    |     ^^^^^^ help: if this is intentional, prefix it with an underscore: `_active`

warning: unused variable: `new_returned`
   --> src/../../../../src/ownership_proof/scalable_tickets.rs:219:5
    |
219 |     new_returned: Snapshot<RegistrationMap>,
    |     ^^^^^^^^^^^^ help: if this is intentional, prefix it with an underscore: `_new_returned`

warning: unused variable: `authority`
   --> src/../../../../src/ownership_proof/scalable_tickets.rs:220:5
    |
220 |     authority: Snapshot<RegistrationMap>,
    |     ^^^^^^^^^ help: if this is intentional, prefix it with an underscore: `_authority`

warning: unused variable: `map`
   --> src/../../../../src/ownership_proof/scalable_tickets.rs:241:5
    |
241 |     map: Snapshot<RegistrationMap>,
    |     ^^^ help: if this is intentional, prefix it with an underscore: `_map`

warning: unused variable: `first`
   --> src/../../../../src/ownership_proof/scalable_tickets.rs:242:5
    |
242 |     first: Snapshot<Int>,
    |     ^^^^^ help: if this is intentional, prefix it with an underscore: `_first`

warning: unused variable: `second`
   --> src/../../../../src/ownership_proof/scalable_tickets.rs:243:5
    |
243 |     second: Snapshot<Int>,
    |     ^^^^^^ help: if this is intentional, prefix it with an underscore: `_second`

warning: unused variable: `first_ticket`
   --> src/../../../../src/ownership_proof/scalable_tickets.rs:245:9
    |
245 |     let first_ticket: Snapshot<RegistrationMap> =
    |         ^^^^^^^^^^^^ help: if this is intentional, prefix it with an underscore: `_first_ticket`

warning: unused variable: `second_ticket`
   --> src/../../../../src/ownership_proof/scalable_tickets.rs:247:9
    |
247 |     let second_ticket: Snapshot<RegistrationMap> =
    |         ^^^^^^^^^^^^^ help: if this is intentional, prefix it with an underscore: `_second_ticket`

warning: unused variable: `after_first`
   --> src/../../../../src/ownership_proof/scalable_tickets.rs:252:9
    |
252 |     let after_first: Snapshot<RegistrationMap> =
    |         ^^^^^^^^^^^ help: if this is intentional, prefix it with an underscore: `_after_first`

warning: unused variable: `returned`
   --> src/../../../../src/ownership_proof/scalable_tickets.rs:271:5
    |
271 |     returned: Snapshot<RegistrationMap>,
    |     ^^^^^^^^ help: if this is intentional, prefix it with an underscore: `_returned`

warning: unused variable: `active`
   --> src/../../../../src/ownership_proof/scalable_tickets.rs:272:5
    |
272 |     active: Snapshot<RegistrationMap>,
    |     ^^^^^^ help: if this is intentional, prefix it with an underscore: `_active`

warning: unused variable: `authority`
   --> src/../../../../src/ownership_proof/scalable_tickets.rs:273:5
    |
273 |     authority: Snapshot<RegistrationMap>,
    |     ^^^^^^^^^ help: if this is intentional, prefix it with an underscore: `_authority`

warning: unused variable: `fresh`
   --> src/../../../../src/ownership_proof/scalable_tickets.rs:274:5
    |
274 |     fresh: Snapshot<Int>,
    |     ^^^^^ help: if this is intentional, prefix it with an underscore: `_fresh`

warning: unused variable: `next_active`
   --> src/../../../../src/ownership_proof/scalable_tickets.rs:276:9
    |
276 |     let next_active: Snapshot<RegistrationMap> = snapshot!((*active).insert(*fresh, Excl(())));
    |         ^^^^^^^^^^^ help: if this is intentional, prefix it with an underscore: `_next_active`

warning: unused variable: `next_authority`
   --> src/../../../../src/ownership_proof/scalable_tickets.rs:277:9
    |
277 |     let next_authority: Snapshot<RegistrationMap> = snapshot!((*authority).insert(*fresh, Excl(())));
    |         ^^^^^^^^^^^^^^ help: if this is intentional, prefix it with an underscore: `_next_authority`

warning: unused variable: `merged`
   --> src/../../../../src/ownership_proof/scalable_tickets.rs:280:9
    |
280 |     let merged: Snapshot<RegistrationMap> = snapshot!((*returned).total_op(*next_active));
    |         ^^^^^^ help: if this is intentional, prefix it with an underscore: `_merged`

warning: unused variable: `parent_id`
   --> src/../../../../src/ownership_proof/scalable_tickets.rs:552:13
    |
552 |         let parent_id = parent.id;
    |             ^^^^^^^^^ help: if this is intentional, prefix it with an underscore: `_parent_id`

warning: unused variable: `next_id`
   --> src/../../../../src/ownership_proof/scalable_tickets.rs:572:33
    |
572 |         let (left_id, right_id, next_id) = ids.into_ghost().into_inner();
    |                                 ^^^^^^^ help: if this is intentional, prefix it with an underscore: `_next_id`

warning: unused variable: `at`
   --> src/../../../../src/ownership_proof/scalable_tickets.rs:731:5
    |
731 |     at: usize,
    |     ^^ help: if this is intentional, prefix it with an underscore: `_at`

warning: unused variable: `address`
  --> src/../../../../src/ownership_proof/boxed_alignment.rs:23:49
   |
23 | pub(crate) fn aligned_address_has_clear_low_bit(address: usize, alignment: usize) {}
   |                                                 ^^^^^^^ help: if this is intentional, prefix it with an underscore: `_address`

warning: unused variable: `alignment`
  --> src/../../../../src/ownership_proof/boxed_alignment.rs:23:65
   |
23 | pub(crate) fn aligned_address_has_clear_low_bit(address: usize, alignment: usize) {}
   |                                                                 ^^^^^^^^^ help: if this is intentional, prefix it with an underscore: `_alignment`

warning: unused variable: `control`
  --> /workspace/bytes-proof-tools/targets/bytes/debug/build/bytes-coordinator-carrier-split-76c4820167c56539/out/actual_carrier.rs:61:40
   |
61 |     #[cfg(bytes_proof_repeated_split)] control: sequential_shared_control::ControlPtr,
   |                                        ^^^^^^^ help: if this is intentional, prefix it with an underscore: `_control`

warning: unused variable: `ptr`
   --> /workspace/bytes-proof-tools/targets/bytes/debug/build/bytes-coordinator-carrier-split-76c4820167c56539/out/actual_carrier.rs:143:28
    |
143 | unsafe fn increment_shared(ptr: *mut Shared,
    |                            ^^^ help: if this is intentional, prefix it with an underscore: `_ptr`

warning: unused variable: `base`
   --> /workspace/bytes-runtime-verification/bytes/1.11.1/src/ownership_proof/carrier_protocol.rs:107:46
    |
107 | pub(super) fn activate(pointer: *mut Shared, base: BoundPtr, capacity: usize,
    |                                              ^^^^ help: if this is intentional, prefix it with an underscore: `_base`

warning: variable does not need to be mutable
   --> /workspace/bytes-runtime-verification/bytes/1.11.1/src/ownership_proof/carrier_protocol.rs:130:46
    |
130 | pub(super) fn increment(control: ControlPtr, mut context: Ghost<&mut ControlContext>) -> usize {
    |                                              ----^^^^^^^
    |                                              |
    |                                              help: remove this `mut`
    |
    = note: `#[warn(unused_mut)]` (part of `#[warn(unused)]`) on by default

warning: variable does not need to be mutable
   --> /workspace/bytes-runtime-verification/bytes/1.11.1/src/ownership_proof/carrier_protocol.rs:224:5
    |
224 |     mut packet: Ghost<&'a mut Packet>,
    |     ----^^^^^^
    |     |
    |     help: remove this `mut`

warning: variable does not need to be mutable
   --> /workspace/bytes-runtime-verification/bytes/1.11.1/src/ownership_proof/carrier_protocol.rs:286:5
    |
286 |     mut packet: Ghost<&'a mut Packet>,
    |     ----^^^^^^
    |     |
    |     help: remove this `mut`

warning: variable does not need to be mutable
   --> /workspace/bytes-proof-tools/targets/bytes/debug/build/bytes-coordinator-carrier-split-76c4820167c56539/out/actual_carrier.rs:641:17
    |
641 |             let mut other = self.shallow_clone();
    |                 ----^^^^^
    |                 |
    |                 help: remove this `mut`

warning: variable does not need to be mutable
   --> /workspace/bytes-proof-tools/targets/bytes/debug/build/bytes-coordinator-carrier-split-76c4820167c56539/out/actual_carrier.rs:703:17
    |
703 |             let mut other = self.shallow_clone();
    |                 ----^^^^^
    |                 |
    |                 help: remove this `mut`

warning: unused variable: `off`
   --> /workspace/bytes-proof-tools/targets/bytes/debug/build/bytes-coordinator-carrier-split-76c4820167c56539/out/actual_carrier.rs:798:13
    |
798 |         let off = crate::capacity_ops::vec_pos_from_data(
    |             ^^^ help: if this is intentional, prefix it with an underscore: `_off`

warning: unused variable: `handle`
    --> /workspace/bytes-proof-tools/targets/bytes/debug/build/bytes-coordinator-carrier-split-76c4820167c56539/out/actual_carrier.rs:1045:41
     |
1045 |     fn proof_initialization_coordinates(handle: Snapshot<Self>) {
     |                                         ^^^^^^ help: if this is intentional, prefix it with an underscore: `_handle`

warning: unused variable: `at`
    --> /workspace/bytes-proof-tools/targets/bytes/debug/build/bytes-coordinator-carrier-split-76c4820167c56539/out/actual_carrier.rs:1214:66
     |
1214 |     fn proof_register_carrier_split(&mut self, other: &mut Self, at: usize) {
     |                                                                  ^^ help: if this is intentional, prefix it with an underscore: `_at`

warning: function `pointer_addr_eq` is never used
  --> src/../../../../src/provenance_specs.rs:19:15
   |
19 | pub(crate) fn pointer_addr_eq<T>(left: *const T, right: *const T) -> bool {
   |               ^^^^^^^^^^^^^^^
   |
   = note: `#[warn(dead_code)]` (part of `#[warn(unused)]`) on by default

warning: function `pointer_with_address` is never used
  --> src/../../../../src/provenance_specs.rs:86:15
   |
86 | pub(crate) fn pointer_with_address(ptr: *mut u8, new_addr: usize) -> *mut u8 {
   |               ^^^^^^^^^^^^^^^^^^^^

warning: method `join` is never used
   --> src/../../../../src/ownership_proof/owned_region.rs:243:19
    |
 95 | impl OwnedRegion {
    | ---------------- method in this implementation
...
243 |     pub(crate) fn join(self, other: Self) -> Self {
    |                   ^^^^

warning: methods `as_non_null` and `retreat_within` are never used
   --> src/../../../../src/ownership_proof/raw_vec.rs:207:19
    |
175 | impl BoundPtr {
    | ------------- methods in this implementation
...
207 |     pub(crate) fn as_non_null(&self) -> NonNull<u8> {
    |                   ^^^^^^^^^^^
...
219 |     pub(crate) fn retreat_within(&self, count: usize) -> Self {
    |                   ^^^^^^^^^^^^^^

warning: fields `resource` and `descriptor` are never read
   --> src/../../../../src/ownership_proof/raw_vec.rs:342:5
    |
341 | pub(crate) struct Recovery {
    |                   -------- fields in this struct
342 |     resource: Resource<KernelRA>,
    |     ^^^^^^^^
343 |     descriptor: AllocationDesc,
    |     ^^^^^^^^^^

warning: method `join` is never used
   --> src/../../../../src/ownership_proof/raw_vec.rs:499:19
    |
413 | impl PhysicalRegion {
    | ------------------- method in this implementation
...
499 |     pub(crate) fn join(self, other: Self) -> Self {
    |                   ^^^^

warning: function `resume_vec` is never used
   --> src/../../../../src/ownership_proof/raw_vec.rs:799:22
    |
799 | pub(crate) unsafe fn resume_vec(
    |                      ^^^^^^^^^^

warning: function `deallocate_vec` is never used
   --> src/../../../../src/ownership_proof/raw_vec.rs:835:22
    |
835 | pub(crate) unsafe fn deallocate_vec(
    |                      ^^^^^^^^^^^^^^

warning: function `borrow_mut` is never used
   --> src/../../../../src/ownership_proof/raw_vec.rs:919:22
    |
919 | pub(crate) unsafe fn borrow_mut<'a>(
    |                      ^^^^^^^^^^

warning: function `slot_known_equivalence` is never used
   --> src/../../../../src/ownership_proof/raw_vec.rs:941:15
    |
941 | pub(crate) fn slot_known_equivalence(slot: Option<Option<u8>>) {}
    |               ^^^^^^^^^^^^^^^^^^^^^^

warning: function `borrow_empty_bound` is never used
    --> src/../../../../src/ownership_proof/raw_vec.rs:1098:22
     |
1098 | pub(crate) unsafe fn borrow_empty_bound<'a>(bound: &'a BoundPtr) -> &'a [u8] {
     |                      ^^^^^^^^^^^^^^^^^^

warning: function `borrow_empty_bound_mut` is never used
    --> src/../../../../src/ownership_proof/raw_vec.rs:1107:22
     |
1107 | pub(crate) unsafe fn borrow_empty_bound_mut<'a>(bound: &'a BoundPtr) -> &'a mut [u8] {
     |                      ^^^^^^^^^^^^^^^^^^^^^^

warning: function `borrow_empty_bound_uninit_mut` is never used
    --> src/../../../../src/ownership_proof/raw_vec.rs:1115:22
     |
1115 | pub(crate) unsafe fn borrow_empty_bound_uninit_mut<'a>(
     |                      ^^^^^^^^^^^^^^^^^^^^^^^^^^^^^

warning: fields `capacity`, `allocation`, and `registration` are never read
  --> src/../../../../src/ownership_proof/scalable_tickets.rs:63:16
   |
62 | pub(crate) struct Status {
   |                   ------ fields in this struct
63 |     pub(crate) capacity: Int,
   |                ^^^^^^^^
64 |     pub(crate) allocation: Id,
   |                ^^^^^^^^^^
65 |     pub(crate) registration: Id,
   |                ^^^^^^^^^^^^
   |
   = note: `Status` has a derived impl for the trait `Clone`, but this is intentionally ignored during dead code analysis

warning: function `initialize` is never used
   --> src/../../../../src/ownership_proof/scalable_tickets.rs:507:15
    |
507 | pub(crate) fn initialize(input: alloc::vec::Vec<u8>) -> (crate::ownership_proof::raw_vec::BoundPtr, usize, Ghost<(Coordinator, Pack...
    |               ^^^^^^^^^^

warning: function `replace` is never used
   --> src/../../../../src/ownership_proof/scalable_tickets.rs:728:15
    |
728 | pub(crate) fn replace(
    |               ^^^^^^^

warning: field `original_capacity_repr` is never read
  --> /workspace/bytes-proof-tools/targets/bytes/debug/build/bytes-coordinator-carrier-split-76c4820167c56539/out/actual_carrier.rs:32:5
   |
30 | struct Shared {
   |        ------ field in this struct
31 |     buffer: SharedBuffer,
32 |     original_capacity_repr: usize,
   |     ^^^^^^^^^^^^^^^^^^^^^^

warning: `bytes-coordinator-carrier-split` (lib test) generated 99 warnings (run `cargo fix --lib -p bytes-coordinator-carrier-split --tests` to apply 82 suggestions)
warning: `bytes-coordinator-carrier-split` (lib) generated 99 warnings (99 duplicates)
    Finished `test` profile [unoptimized + debuginfo] target(s) in 1.26s
     Running unittests src/lib.rs (/workspace/bytes-proof-tools/targets/bytes/debug/deps/bytes_coordinator_carrier_split-9e616049819d4367)

running 0 tests

test result: ok. 0 passed; 0 failed; 0 ignored; 0 measured; 0 filtered out; finished in 0.00s

     Running tests/allocations.rs (/workspace/bytes-proof-tools/targets/bytes/debug/deps/allocations-8a10bc75e27bad24)

running 1 test
test repeated_split_frees_each_original_buffer_and_shared_control_once ... ok

test result: ok. 1 passed; 0 failed; 0 ignored; 0 measured; 0 filtered out; finished in 0.01s

     Running tests/native_matrix.rs (/workspace/bytes-proof-tools/targets/bytes/debug/deps/native_matrix-388048d3c395fd71)

running 6 tests
test actual_split_off_second_split_mutation_and_all_six_retirement_orders ... ok
test actual_split_and_try_reclaim_convenience_all_six_retirement_orders ... ok
test actual_repeated_split_relocation_and_all_six_survivor_retirement_orders ... ok
test actual_split_off_storage_advance_truncate_clear_and_all_six_retirement_orders ... ok
test actual_two_splits_mutation_and_all_six_retirement_orders ... ok
test actual_split_off_capacity_ops_resize_extend_and_all_six_retirement_orders ... ok

test result: ok. 6 passed; 0 failed; 0 ignored; 0 measured; 0 filtered out; finished in 0.01s

   Doc-tests bytes_coordinator_carrier_split

running 0 tests

test result: ok. 0 passed; 0 failed; 0 ignored; 0 measured; 0 filtered out; finished in 0.00s

