bytes v1.11.1 (/tmp/bytes-cross-183)
└── creusot-std feature "default"
    ├── creusot-std v0.13.0
    │   └── creusot-std-proc feature "default"
    │       └── creusot-std-proc v0.13.0 (proc-macro)
    │           ├── pearlite-syn feature "default"
    │           │   ├── pearlite-syn v0.13.0
    │           │   │   ├── proc-macro2 feature "default"
    │           │   │   │   ├── proc-macro2 v1.0.107
    │           │   │   │   │   └── unicode-ident feature "default"
    │           │   │   │   │       └── unicode-ident v1.0.26
    │           │   │   │   └── proc-macro2 feature "proc-macro"
    │           │   │   │       └── proc-macro2 v1.0.107 (*)
    │           │   │   ├── proc-macro2 feature "span-locations"
    │           │   │   │   └── proc-macro2 v1.0.107 (*)
    │           │   │   ├── quote feature "default"
    │           │   │   │   ├── quote v1.0.47
    │           │   │   │   │   └── proc-macro2 v1.0.107 (*)
    │           │   │   │   └── quote feature "proc-macro"
    │           │   │   │       ├── quote v1.0.47 (*)
    │           │   │   │       └── proc-macro2 feature "proc-macro" (*)
    │           │   │   ├── syn feature "default"
    │           │   │   │   ├── syn v2.0.119
    │           │   │   │   │   ├── proc-macro2 v1.0.107 (*)
    │           │   │   │   │   ├── quote v1.0.47 (*)
    │           │   │   │   │   └── unicode-ident feature "default" (*)
    │           │   │   │   ├── syn feature "clone-impls"
    │           │   │   │   │   └── syn v2.0.119 (*)
    │           │   │   │   ├── syn feature "derive"
    │           │   │   │   │   └── syn v2.0.119 (*)
    │           │   │   │   ├── syn feature "parsing"
    │           │   │   │   │   └── syn v2.0.119 (*)
    │           │   │   │   ├── syn feature "printing"
    │           │   │   │   │   └── syn v2.0.119 (*)
    │           │   │   │   └── syn feature "proc-macro"
    │           │   │   │       ├── syn v2.0.119 (*)
    │           │   │   │       ├── proc-macro2 feature "proc-macro" (*)
    │           │   │   │       └── quote feature "proc-macro" (*)
    │           │   │   ├── syn feature "extra-traits"
    │           │   │   │   └── syn v2.0.119 (*)
    │           │   │   ├── syn feature "full"
    │           │   │   │   └── syn v2.0.119 (*)
    │           │   │   └── syn feature "visit-mut"
    │           │   │       └── syn v2.0.119 (*)
    │           │   └── pearlite-syn feature "full"
    │           │       ├── pearlite-syn v0.13.0 (*)
    │           │       ├── pearlite-syn feature "parsing"
    │           │       │   └── pearlite-syn v0.13.0 (*)
    │           │       └── pearlite-syn feature "printing"
    │           │           └── pearlite-syn v0.13.0 (*)
    │           ├── pearlite-syn feature "full" (*)
    │           ├── proc-macro2 feature "default" (*)
    │           ├── quote feature "default" (*)
    │           ├── syn feature "default" (*)
    │           ├── syn feature "full" (*)
    │           ├── syn feature "parsing" (*)
    │           ├── syn feature "visit"
    │           │   └── syn v2.0.119 (*)
    │           ├── syn feature "visit-mut" (*)
    │           ├── uuid feature "default"
    │           │   ├── uuid v1.27.0
    │           │   │   └── getrandom feature "default"
    │           │   │       └── getrandom v0.4.3
    │           │   │           ├── libc v0.2.190
    │           │   │           └── cfg-if feature "default"
    │           │   │               └── cfg-if v1.0.5
    │           │   └── uuid feature "std"
    │           │       └── uuid v1.27.0 (*)
    │           └── uuid feature "v4"
    │               ├── uuid v1.27.0 (*)
    │               └── uuid feature "rng"
    │                   └── uuid v1.27.0 (*)
    ├── creusot-std feature "creusot-deps"
    │   ├── creusot-std v0.13.0 (*)
    │   └── creusot-std-proc feature "creusot-deps"
    │       └── creusot-std-proc v0.13.0 (proc-macro) (*)
    └── creusot-std feature "std"
        └── creusot-std v0.13.0 (*)
