bytes proof: /workspace/bytes-runtime-verification/bytes/1.11.1/verification/probes/bound-vec-constructor; one prover; 1024 MiB; native Ordering; sc-drf disabled
     Removed 22 files, 8.9MiB total
   Compiling bytes-bound-vec-constructor v0.1.0 (/workspace/bytes-runtime-verification/bytes/1.11.1/verification/probes/bound-vec-constructor)
warning: unused import: `owned_region`
  --> src/lib.rs:17:39
   |
17 |     pub(crate) use crate::{bound_ptr, owned_region, raw_vec};
   |                                       ^^^^^^^^^^^^
   |
   = note: `#[warn(unused_imports)]` (part of `#[warn(unused)]`) on by default

warning: unused import: `ManuallyDrop`
 --> /workspace/bytes-proof-tools/targets/bytes/debug/build/bytes-bound-vec-constructor-b9b2c4f89f44b410/out/actual_from_vec.rs:3:23
  |
3 | use core::mem::{self, ManuallyDrop};
  |                       ^^^^^^^^^^^^

warning: associated items `slots`, `slot`, `restrict`, `split_at`, and `join` are never used
   --> src/../../../../src/ownership_proof/owned_region.rs:113:19
    |
 76 | impl OwnedRegion {
    | ---------------- associated items in this implementation
...
113 |     pub(crate) fn slots(self) -> FMap<Int, Excl<Option<u8>>> {
    |                   ^^^^^
...
120 |     pub(crate) fn slot(self, index: Int) -> Option<Option<u8>> {
    |                   ^^^^
...
131 |     fn restrict(
    |        ^^^^^^^^
...
156 |     pub(crate) fn split_at(self, at: Int) -> (Self, Self) {
    |                   ^^^^^^^^
...
207 |     pub(crate) fn join(self, other: Self) -> Self {
    |                   ^^^^
    |
    = note: `#[warn(dead_code)]` (part of `#[warn(unused)]`) on by default

warning: associated items `unbound` and `as_non_null` are never used
   --> src/../../../../src/ownership_proof/raw_vec.rs:163:19
    |
159 | impl BoundPtr {
    | ------------- associated items in this implementation
...
163 |     pub(crate) fn unbound(pointer: NonNull<u8>) -> Self {
    |                   ^^^^^^^
...
184 |     pub(crate) fn as_non_null(&self) -> NonNull<u8> {
    |                   ^^^^^^^^^^^

warning: methods `split_at` and `join` are never used
   --> src/../../../../src/ownership_proof/raw_vec.rs:370:19
    |
314 | impl PhysicalRegion {
    | ------------------- methods in this implementation
...
370 |     pub(crate) fn split_at(self, at: Int) -> (Self, Self) {
    |                   ^^^^^^^^
...
400 |     pub(crate) fn join(self, other: Self) -> Self {
    |                   ^^^^

warning: function `resume_vec` is never used
   --> src/../../../../src/ownership_proof/raw_vec.rs:515:22
    |
515 | pub(crate) unsafe fn resume_vec(
    |                      ^^^^^^^^^^

warning: function `deallocate_vec` is never used
   --> src/../../../../src/ownership_proof/raw_vec.rs:551:22
    |
551 | pub(crate) unsafe fn deallocate_vec(
    |                      ^^^^^^^^^^^^^^

warning: function `borrow_mut` is never used
   --> src/../../../../src/ownership_proof/raw_vec.rs:635:22
    |
635 | pub(crate) unsafe fn borrow_mut<'a>(
    |                      ^^^^^^^^^^

warning: constant `NOT_VEC_POS_MASK` is never used
  --> src/../../../../src/capacity_ops.rs:29:18
   |
29 | pub(crate) const NOT_VEC_POS_MASK: usize = 0b11111;
   |                  ^^^^^^^^^^^^^^^^

warning: constant `MAX_VEC_POS` is never used
  --> src/../../../../src/capacity_ops.rs:30:18
   |
30 | pub(crate) const MAX_VEC_POS: usize = usize::MAX >> VEC_POS_OFFSET;
   |                  ^^^^^^^^^^^

warning: function `original_capacity_repr_from_data` is never used
   --> src/../../../../src/capacity_ops.rs:106:15
    |
106 | pub(crate) fn original_capacity_repr_from_data(data: usize) -> usize {
    |               ^^^^^^^^^^^^^^^^^^^^^^^^^^^^^^^^

warning: function `vec_pos_from_data` is never used
   --> src/../../../../src/capacity_ops.rs:113:15
    |
113 | pub(crate) fn vec_pos_from_data(data: usize) -> usize {
    |               ^^^^^^^^^^^^^^^^^

warning: function `set_vec_pos_in_data` is never used
   --> src/../../../../src/capacity_ops.rs:124:15
    |
124 | pub(crate) fn set_vec_pos_in_data(data: usize, pos: usize) -> usize {
    |               ^^^^^^^^^^^^^^^^^^^

warning: function `pointer_addr_eq` is never used
  --> src/../../../../src/provenance_specs.rs:19:15
   |
19 | pub(crate) fn pointer_addr_eq<T>(left: *const T, right: *const T) -> bool {
   |               ^^^^^^^^^^^^^^^

warning: function `wrapping_offset` is never used
  --> src/../../../../src/provenance_specs.rs:75:15
   |
75 | pub(crate) fn wrapping_offset(ptr: *mut u8, offset: usize) -> *mut u8 {
   |               ^^^^^^^^^^^^^^^

warning: function `pointer_with_address` is never used
  --> src/../../../../src/provenance_specs.rs:86:15
   |
86 | pub(crate) fn pointer_with_address(ptr: *mut u8, new_addr: usize) -> *mut u8 {
   |               ^^^^^^^^^^^^^^^^^^^^

warning: fields `vec`, `original_capacity_repr`, and `ref_count` are never read
  --> /workspace/bytes-proof-tools/targets/bytes/debug/build/bytes-bound-vec-constructor-b9b2c4f89f44b410/out/actual_from_vec.rs:27:5
   |
26 | struct Shared {
   |        ------ fields in this struct
27 |     vec: Vec<u8>,
   |     ^^^
28 |     original_capacity_repr: usize,
   |     ^^^^^^^^^^^^^^^^^^^^^^
29 |     ref_count: AtomicUsize,
   |     ^^^^^^^^^

warning: function `vptr` is never used
  --> /workspace/bytes-proof-tools/targets/bytes/debug/build/bytes-bound-vec-constructor-b9b2c4f89f44b410/out/actual_from_vec.rs:51:4
   |
51 | fn vptr(ptr: *mut u8) -> crate::ownership_proof::raw_vec::BoundPtr {
   |    ^^^^

warning: `bytes-bound-vec-constructor` (lib) generated 18 warnings (run `cargo fix --lib -p bytes-bound-vec-constructor` to apply 2 suggestions)
    Finished `dev` profile [unoptimized + debuginfo] target(s) in 0.91s
No dangling files found
Proved (34 files) ✔
