     Removed 6 files, 139.8KiB total
warning: unused variable: `vector`
  --> /workspace/bytes-proof-tools/bytes-proof-std/src/std/vec.rs:21:40
   |
21 | pub fn capacity_model<T, A: Allocator>(vector: Vec<T, A>) -> Int {
   |                                        ^^^^^^ help: if this is intentional, prefix it with an underscore: `_vector`
   |
   = note: `#[warn(unused_variables)]` (part of `#[warn(unused)]`) on by default

warning: unused variable: `vector`
  --> /workspace/bytes-proof-tools/bytes-proof-std/src/std/vec.rs:32:36
   |
32 | pub fn base_model<T, A: Allocator>(vector: Vec<T, A>) -> Int {
   |                                    ^^^^^^ help: if this is intentional, prefix it with an underscore: `_vector`

warning: unused variable: `vector`
  --> /workspace/bytes-proof-tools/bytes-proof-std/src/std/vec.rs:42:39
   |
42 | pub fn pointer_model<T, A: Allocator>(vector: Vec<T, A>) -> *mut T {
   |                                       ^^^^^^ help: if this is intentional, prefix it with an underscore: `_vector`

warning: `creusot-std` (lib) generated 3 warnings (run `cargo fix --lib -p creusot-std` to apply 3 suggestions)
    Checking bytes-shared-quota-free-registration v0.1.0 (/workspace/rust-crate-proofs/bytes/1.11.1/verification/probes/shared-quota-free-registration-2026-10-08)
    Finished `dev` profile [unoptimized + debuginfo] target(s) in 0.53s
No dangling files found
Goal Coma.vc_increment_without_map: ✘ (7/10)
Goal Coma.vc_register_without_map: ✘ (4/5)
Error: 2 unproved files
Error: 'why3find prove' failed
