creusot-libs/creusot-std/Cargo.toml: OK
creusot-libs/creusot-std/src/lib.rs: OK
creusot-libs/creusot-std/src/model.rs: OK
creusot-libs/creusot-std/src/std.rs: OK
creusot-libs/creusot-std/src/std/bytes.rs: OK
creusot-libs/creusot-std/src/std/convert.rs: OK
creusot-libs/creusot-std/src/std/fmt.rs: OK
creusot-libs/creusot-std/src/std/hash.rs: OK
creusot-libs/creusot-std/src/std/partial_eq.rs: OK
creusot-libs/creusot-std/src/std/partial_ord.rs: OK
creusot-libs/creusot-std/src/std/seq_ord.rs: OK
creusot-libs/creusot-std/src/std/string.rs: OK
http/1.5.0/src/ascii.rs: OK
http/1.5.0/src/byte_str.rs: OK
http/1.5.0/src/bytes_model.rs: OK
http/1.5.0/src/error/core.rs: OK
http/1.5.0/src/uri/VERIFICATION.md: OK
http/1.5.0/src/uri/authority.rs: OK
http/1.5.0/src/uri/authority_chars.rs: OK
http/1.5.0/src/uri/builder.rs: OK
http/1.5.0/src/uri/error.rs: OK
http/1.5.0/src/uri/limits.rs: OK
http/1.5.0/src/uri/mod.rs: OK
http/1.5.0/src/uri/path.rs: OK
http/1.5.0/src/uri/path_class.rs: OK
http/1.5.0/src/uri/path_scan.rs: OK
http/1.5.0/src/uri/path_static_domain.rs: OK
http/1.5.0/src/uri/port.rs: OK
http/1.5.0/src/uri/scheme.rs: OK
http/1.5.0/src/uri/scheme/fixed.rs: OK
http/1.5.0/src/uri/scheme/protocol.rs: OK
http/1.5.0/src/uri/scheme/types.rs: OK
http/1.5.0/src/uri/tests.rs: OK
http/1.5.0/verification/runtime-http/Cargo.lock: OK
http/1.5.0/verification/runtime-http/Cargo.toml: OK
http/1.5.0/verification/runtime-http/README.md: OK
http/1.5.0/verification/runtime-http/src/byte_str.rs: OK
http/1.5.0/verification/runtime-http/src/convert.rs: OK
http/1.5.0/verification/runtime-http/src/error.rs: OK
http/1.5.0/verification/runtime-http/src/extensions.rs: OK
http/1.5.0/verification/runtime-http/src/header/map.rs: OK
http/1.5.0/verification/runtime-http/src/header/mod.rs: OK
http/1.5.0/verification/runtime-http/src/header/name.rs: OK
http/1.5.0/verification/runtime-http/src/header/value.rs: OK
http/1.5.0/verification/runtime-http/src/lib.rs: OK
http/1.5.0/verification/runtime-http/src/method.rs: OK
http/1.5.0/verification/runtime-http/src/request.rs: OK
http/1.5.0/verification/runtime-http/src/response.rs: OK
http/1.5.0/verification/runtime-http/src/status.rs: OK
http/1.5.0/verification/runtime-http/src/uri/authority.rs: OK
http/1.5.0/verification/runtime-http/src/uri/builder.rs: OK
http/1.5.0/verification/runtime-http/src/uri/mod.rs: OK
http/1.5.0/verification/runtime-http/src/uri/path.rs: OK
http/1.5.0/verification/runtime-http/src/uri/port.rs: OK
http/1.5.0/verification/runtime-http/src/uri/scheme.rs: OK
http/1.5.0/verification/runtime-http/src/uri/tests.rs: OK
http/1.5.0/verification/runtime-http/src/version.rs: OK
http/1.5.0/verification/runtime-http/tests/header_map.rs: OK
http/1.5.0/verification/runtime-http/tests/header_map_fuzz.rs: OK
http/1.5.0/verification/runtime-http/tests/status_code.rs: OK
http/1.5.0/verification/uri/Cargo.lock: OK
http/1.5.0/verification/uri/Cargo.toml: OK
http/1.5.0/verification/uri/src/lib.rs: OK
