     Removed 4 files, 104.3KiB total
    Checking http-header-map-api-proof v0.1.0 (/workspace/rust-crate-proofs/http/1.5.0/verification/header-map-api)
error: cannot find attribute `logic` in this scope
    --> src/../../../src/header/map.rs:5112:11
     |
5112 |         #[logic(open(self))]
     |           ^^^^^
     |
help: consider importing one of these attribute macros
     |
4855 +     use crate::header::map::logic;
     |
4855 +     use creusot_std::prelude::logic;
     |

error: cannot find attribute `logic` in this scope
    --> src/../../../src/header/map.rs:5074:11
     |
5074 |         #[logic(open(self))]
     |           ^^^^^
     |
help: consider importing one of these attribute macros
     |
4855 +     use crate::header::map::logic;
     |
4855 +     use creusot_std::prelude::logic;
     |

error: cannot find attribute `logic` in this scope
    --> src/../../../src/header/map.rs:5037:11
     |
5037 |         #[logic(open(self))]
     |           ^^^^^
     |
help: consider importing one of these attribute macros
     |
4855 +     use crate::header::map::logic;
     |
4855 +     use creusot_std::prelude::logic;
     |

error: cannot find attribute `logic` in this scope
    --> src/../../../src/header/map.rs:4996:11
     |
4996 |         #[logic(open(self))]
     |           ^^^^^
     |
help: consider importing one of these attribute macros
     |
4855 +     use crate::header::map::logic;
     |
4855 +     use creusot_std::prelude::logic;
     |

error: cannot find attribute `logic` in this scope
    --> src/../../../src/header/map.rs:4957:11
     |
4957 |         #[logic(open(self))]
     |           ^^^^^
     |
help: consider importing one of these attribute macros
     |
4855 +     use crate::header::map::logic;
     |
4855 +     use creusot_std::prelude::logic;
     |

error: cannot find attribute `logic` in this scope
    --> src/../../../src/header/map.rs:4926:19
     |
4926 |                   #[logic]
     |                     ^^^^^
...
4939 | /     define_sealed_trait! {
4940 | |         : creusot_std::prelude::DeepModel
4941 | |     }
     | |_____- in this macro invocation
     |
     = note: this error originates in the macro `define_sealed_trait` (in Nightly builds, run with -Z macro-backtrace for more info)
help: consider importing one of these attribute macros
     |
4855 +     use crate::header::map::logic;
     |
4855 +     use creusot_std::prelude::logic;
     |

error: cannot find attribute `logic` in this scope
    --> src/../../../src/header/map.rs:4868:7
     |
4868 |     #[logic(open)]
     |       ^^^^^
     |
help: consider importing one of these attribute macros
     |
4855 +     use crate::header::map::logic;
     |
4855 +     use creusot_std::prelude::logic;
     |

error: cannot find macro `pearlite` in this scope
    --> src/../../../src/header/map.rs:4873:9
     |
4873 |         pearlite! {
     |         ^^^^^^^^
     |
help: consider importing one of these macros
     |
4855 +     use crate::header::map::pearlite;
     |
4855 +     use creusot_std::prelude::pearlite;
     |

warning: unused import: `std::collections::HashMap`
 --> src/../../../src/header/map.rs:5:5
  |
5 | use std::collections::HashMap;
  |     ^^^^^^^^^^^^^^^^^^^^^^^^^
  |
  = note: `#[warn(unused_imports)]` (part of `#[warn(unused)]`) on by default

warning: unused import: `std::convert::TryFrom`
 --> src/../../../src/header/map.rs:7:5
  |
7 | use std::convert::TryFrom;
  |     ^^^^^^^^^^^^^^^^^^^^^

warning: unused import: `std::iter::FromIterator`
  --> src/../../../src/header/map.rs:10:5
   |
10 | use std::iter::FromIterator;
   |     ^^^^^^^^^^^^^^^^^^^^^^^

warning: unused import: `std::iter::FusedIterator`
  --> src/../../../src/header/map.rs:11:5
   |
11 | use std::iter::FusedIterator;
   |     ^^^^^^^^^^^^^^^^^^^^^^^^

warning: unused imports: `ops` and `ptr`
  --> src/../../../src/header/map.rs:13:21
   |
13 | use std::{fmt, mem, ops, ptr, vec};
   |                     ^^^  ^^^

warning: unused import: `PtrAddExt`
  --> src/../../../src/header/map.rs:16:29
   |
16 | use creusot_std::std::ptr::{PtrAddExt, PtrLive};
   |                             ^^^^^^^^^

warning: unused import: `crate::Error`
  --> src/../../../src/header/map.rs:29:5
   |
29 | use crate::Error;
   |     ^^^^^^^^^^^^

warning: unused imports: `ReprDeepModel`, `hdr_parse_success`, and `header_name_matches_hdr_name`
  --> src/../../../src/header/map.rs:33:19
   |
33 | use super::name::{hdr_parse_success, header_name_matches_hdr_name, ReprDeepModel};
   |                   ^^^^^^^^^^^^^^^^^  ^^^^^^^^^^^^^^^^^^^^^^^^^^^^  ^^^^^^^^^^^^^

warning: unused macro definition: `insert_phase_one`
   --> src/../../../src/header/map.rs:842:14
    |
842 | macro_rules! insert_phase_one {
    |              ^^^^^^^^^^^^^^^^
    |
    = note: `#[warn(unused_macros)]` (part of `#[warn(unused)]`) on by default

warning: unused imports: `HdrName` and `HeaderName`
    --> src/../../../src/header/map.rs:4752:24
     |
4752 |     use super::{Entry, HdrName, HeaderMap, HeaderName, MaxSizeReached};
     |                        ^^^^^^^             ^^^^^^^^^^

warning: unused import: `Entry`
    --> src/../../../src/header/map.rs:4855:17
     |
4855 |     use super::{Entry, HdrName, HeaderMap, HeaderName, InvalidHeaderName, MaxSizeReached};
     |                 ^^^^^

warning: unused imports: `hdr_parse_success` and `header_name_matches_hdr_name`
    --> src/../../../src/header/map.rs:4861:30
     |
4861 |     use super::super::name::{hdr_parse_success, header_name_matches_hdr_name, ReprDeepModel};
     |                              ^^^^^^^^^^^^^^^^^  ^^^^^^^^^^^^^^^^^^^^^^^^^^^^

warning: `http-header-map-api-proof` (lib) generated 12 warnings
error: could not compile `http-header-map-api-proof` (lib) due to 8 previous errors; 12 warnings emitted
