Shared proof queue held; Why3 running_provers_max=1, memlimit=1000 MiB
{"counterexample": [],
 "prover-result":
  {"answer": "Valid",
   "ce-models": [],
   "status": "exited with status 0",
   "step": 9743,
   "time": 0.008687},
 "term":
  {"explanations": ["utf8_byte requires"],
   "goal_name": "vc_to_utf8_char",
   "loc":
    {"end-char": 37,
     "end-line": 74,
     "file-name":
      "/workspace/httparse-tool-rebuild/string-model/creusot-libs/creusot-std/src/std/char.rs",
     "start-char": 11,
     "start-line": 74}}}
{"counterexample": [],
 "prover-result":
  {"answer": "Valid",
   "ce-models": [],
   "status": "exited with status 0",
   "step": 22248,
   "time": 0.011145},
 "term":
  {"explanations": ["to_utf8 ensures"],
   "goal_name": "vc_to_utf8_char",
   "loc":
    {"end-char": 52,
     "end-line": 46,
     "file-name":
      "/workspace/httparse-tool-rebuild/string-model/creusot-libs/creusot-std/src/std/char.rs",
     "start-char": 14,
     "start-line": 46}}}
{"counterexample": [],
 "prover-result":
  {"answer": "Valid",
   "ce-models": [],
   "status": "exited with status 0",
   "step": 17715,
   "time": 0.007904},
 "term":
  {"explanations": ["utf8_byte requires"],
   "goal_name": "vc_to_utf8_char",
   "loc":
    {"end-char": 37,
     "end-line": 74,
     "file-name":
      "/workspace/httparse-tool-rebuild/string-model/creusot-libs/creusot-std/src/std/char.rs",
     "start-char": 11,
     "start-line": 74}}}
{"counterexample": [],
 "prover-result":
  {"answer": "Valid",
   "ce-models": [],
   "status": "exited with status 0",
   "step": 18573,
   "time": 0.012092},
 "term":
  {"explanations": ["utf8_byte requires"],
   "goal_name": "vc_to_utf8_char",
   "loc":
    {"end-char": 37,
     "end-line": 74,
     "file-name":
      "/workspace/httparse-tool-rebuild/string-model/creusot-libs/creusot-std/src/std/char.rs",
     "start-char": 11,
     "start-line": 74}}}
{"counterexample": [],
 "prover-result":
  {"answer": "Valid",
   "ce-models": [],
   "status": "exited with status 0",
   "step": 36440,
   "time": 0.007965},
 "term":
  {"explanations": ["to_utf8 ensures"],
   "goal_name": "vc_to_utf8_char",
   "loc":
    {"end-char": 52,
     "end-line": 46,
     "file-name":
      "/workspace/httparse-tool-rebuild/string-model/creusot-libs/creusot-std/src/std/char.rs",
     "start-char": 14,
     "start-line": 46}}}
{"counterexample": [],
 "prover-result":
  {"answer": "Valid",
   "ce-models": [],
   "status": "exited with status 0",
   "step": 17802,
   "time": 0.007712},
 "term":
  {"explanations": ["utf8_byte requires"],
   "goal_name": "vc_to_utf8_char",
   "loc":
    {"end-char": 37,
     "end-line": 74,
     "file-name":
      "/workspace/httparse-tool-rebuild/string-model/creusot-libs/creusot-std/src/std/char.rs",
     "start-char": 11,
     "start-line": 74}}}
{"counterexample": [],
 "prover-result":
  {"answer": "Valid",
   "ce-models": [],
   "status": "exited with status 0",
   "step": 22736,
   "time": 0.009358},
 "term":
  {"explanations": ["utf8_byte requires"],
   "goal_name": "vc_to_utf8_char",
   "loc":
    {"end-char": 37,
     "end-line": 74,
     "file-name":
      "/workspace/httparse-tool-rebuild/string-model/creusot-libs/creusot-std/src/std/char.rs",
     "start-char": 11,
     "start-line": 74}}}
{"counterexample": [],
 "prover-result":
  {"answer": "Valid",
   "ce-models": [],
   "status": "exited with status 0",
   "step": 19566,
   "time": 0.008523},
 "term":
  {"explanations": ["utf8_byte requires"],
   "goal_name": "vc_to_utf8_char",
   "loc":
    {"end-char": 37,
     "end-line": 74,
     "file-name":
      "/workspace/httparse-tool-rebuild/string-model/creusot-libs/creusot-std/src/std/char.rs",
     "start-char": 11,
     "start-line": 74}}}
{"counterexample": [],
 "prover-result":
  {"answer": "Valid",
   "ce-models": [],
   "status": "exited with status 0",
   "step": 38425,
   "time": 0.011666},
 "term":
  {"explanations": ["to_utf8 ensures"],
   "goal_name": "vc_to_utf8_char",
   "loc":
    {"end-char": 52,
     "end-line": 46,
     "file-name":
      "/workspace/httparse-tool-rebuild/string-model/creusot-libs/creusot-std/src/std/char.rs",
     "start-char": 14,
     "start-line": 46}}}
{"counterexample": [],
 "prover-result":
  {"answer": "Valid",
   "ce-models": [],
   "status": "exited with status 0",
   "step": 17770,
   "time": 0.00885},
 "term":
  {"explanations": ["utf8_byte requires"],
   "goal_name": "vc_to_utf8_char",
   "loc":
    {"end-char": 37,
     "end-line": 74,
     "file-name":
      "/workspace/httparse-tool-rebuild/string-model/creusot-libs/creusot-std/src/std/char.rs",
     "start-char": 11,
     "start-line": 74}}}
{"counterexample": [],
 "prover-result":
  {"answer": "Valid",
   "ce-models": [],
   "status": "exited with status 0",
   "step": 22708,
   "time": 0.007448},
 "term":
  {"explanations": ["utf8_byte requires"],
   "goal_name": "vc_to_utf8_char",
   "loc":
    {"end-char": 37,
     "end-line": 74,
     "file-name":
      "/workspace/httparse-tool-rebuild/string-model/creusot-libs/creusot-std/src/std/char.rs",
     "start-char": 11,
     "start-line": 74}}}
{"counterexample": [],
 "prover-result":
  {"answer": "Valid",
   "ce-models": [],
   "status": "exited with status 0",
   "step": 27516,
   "time": 0.015841},
 "term":
  {"explanations": ["utf8_byte requires"],
   "goal_name": "vc_to_utf8_char",
   "loc":
    {"end-char": 37,
     "end-line": 74,
     "file-name":
      "/workspace/httparse-tool-rebuild/string-model/creusot-libs/creusot-std/src/std/char.rs",
     "start-char": 11,
     "start-line": 74}}}
{"counterexample": [],
 "prover-result":
  {"answer": "Valid",
   "ce-models": [],
   "status": "exited with status 0",
   "step": 20762,
   "time": 0.010278},
 "term":
  {"explanations": ["utf8_byte requires"],
   "goal_name": "vc_to_utf8_char",
   "loc":
    {"end-char": 37,
     "end-line": 74,
     "file-name":
      "/workspace/httparse-tool-rebuild/string-model/creusot-libs/creusot-std/src/std/char.rs",
     "start-char": 11,
     "start-line": 74}}}
{"counterexample": [],
 "prover-result":
  {"answer": "Valid",
   "ce-models": [],
   "status": "exited with status 0",
   "step": 41135,
   "time": 0.014573},
 "term":
  {"explanations": ["to_utf8 ensures"],
   "goal_name": "vc_to_utf8_char",
   "loc":
    {"end-char": 52,
     "end-line": 46,
     "file-name":
      "/workspace/httparse-tool-rebuild/string-model/creusot-libs/creusot-std/src/std/char.rs",
     "start-char": 14,
     "start-line": 46}}}
