   Compiling proc-macro2 v1.0.107
   Compiling quote v1.0.47
   Compiling unicode-ident v1.0.26
   Compiling syn v2.0.119
   Compiling creusot-std-proc v0.11.0-dev (/workspace/rust-crate-proofs/creusot-libs/creusot-std-proc)
warning: building proc macro crate with `panic=abort` or `panic=immediate-abort` may crash the compiler should the proc-macro panic

warning: `creusot-std-proc` (lib) generated 1 warning
    Checking creusot-std v0.11.0-dev (/workspace/rust-crate-proofs/creusot-libs/creusot-std)
warning: `auto` traits are unstable
   --> /workspace/rust-crate-proofs/creusot-libs/creusot-std/src/ghost.rs:260:5
    |
260 | pub auto trait Objective {}
    |     ^^^^
    |
    = note: see issue #13231 <https://github.com/rust-lang/rust/issues/13231> for more information
    = help: add `#![feature(auto_traits)]` to the crate attributes to enable
    = note: this compiler was built on 2026-02-26; consider upgrading it if it is out of date
    = warning: unstable syntax can change at any point in the future, causing a hard error!
    = note: for more information, see issue #65860 <https://github.com/rust-lang/rust/issues/65860>

warning: `creusot-std` (lib) generated 1 warning
    Checking static-atomic-gate-c-fixture v0.1.0 (/tmp/httparse-static-atomic-gate-c-final/d5721f7f08e131c7dfb45224d0b210c2b8e09a6ba7be50f6ba070dc582d3fdb0/positive/fixture)
    Finished `dev` profile [unoptimized + debuginfo] target(s) in 5.58s
