Warning, file "/workspace/scratch/httparse-string-model/creusot-data/share/why3find/packages/creusot/creusot/int.coma", line 166, characters 8-22: axiom extensionality does not contain any local abstract symbol (contains: int, (=), t, to_int)
Warning, file "/workspace/scratch/httparse-string-model/creusot-data/share/why3find/packages/creusot/creusot/int.coma", line 484, characters 8-22: axiom extensionality does not contain any local abstract symbol (contains: int, (=), t, to_int)
Warning, file "/workspace/scratch/httparse-string-model/creusot-data/share/why3find/packages/creusot/creusot/int.coma", line 802, characters 8-22: axiom extensionality does not contain any local abstract symbol (contains: int, (=), t, to_int)
Warning, file "/workspace/scratch/httparse-string-model/creusot-data/share/why3find/packages/creusot/creusot/int.coma", line 1120, characters 8-22: axiom extensionality does not contain any local abstract symbol (contains: int, (=), t, to_int)
Warning, file "/workspace/scratch/httparse-string-model/creusot-data/share/why3find/packages/creusot/creusot/int.coma", line 1438, characters 8-22: axiom extensionality does not contain any local abstract symbol (contains: int, (=), t, to_int)
Warning, file "/workspace/rust-crate-proofs/httparse/1.10.1/verification/probes/version-harness/evidence/direct-why3-array8-20261005T055700Z/context/string/verif/httparse_memory_array_conversion_probe_rlib/array8_prefix.coma", line 83, characters 17-19: unused variable f0
Warning, file "/workspace/rust-crate-proofs/httparse/1.10.1/verification/probes/version-harness/evidence/direct-why3-array8-20261005T055700Z/context/string/verif/httparse_memory_array_conversion_probe_rlib/array8_prefix.coma", line 146, characters 97-102: unused variable value
Warning, file "/workspace/rust-crate-proofs/httparse/1.10.1/verification/probes/version-harness/evidence/direct-why3-array8-20261005T055700Z/context/string/verif/httparse_memory_array_conversion_probe_rlib/array8_prefix.coma", line 146, characters 51-55: unused variable self
Warning, file "/workspace/rust-crate-proofs/httparse/1.10.1/verification/probes/version-harness/evidence/direct-why3-array8-20261005T055700Z/context/string/verif/httparse_memory_array_conversion_probe_rlib/array8_prefix.coma", line 181, characters 57-61: unused variable self
Warning, file "/workspace/rust-crate-proofs/httparse/1.10.1/verification/probes/version-harness/evidence/direct-why3-array8-20261005T055700Z/context/string/verif/httparse_memory_array_conversion_probe_rlib/array8_prefix.coma", line 195, characters 56-60: unused variable self
Warning, file "/workspace/rust-crate-proofs/httparse/1.10.1/verification/probes/version-harness/evidence/direct-why3-array8-20261005T055700Z/context/string/verif/httparse_memory_array_conversion_probe_rlib/array8_prefix.coma", line 195, characters 97-109: unused variable result_state
Warning, file "/workspace/rust-crate-proofs/httparse/1.10.1/verification/probes/version-harness/evidence/direct-why3-array8-20261005T055700Z/context/string/verif/httparse_memory_array_conversion_probe_rlib/array8_prefix.coma", line 207, characters 6-31: axiom fn_mut_once_try_from_spec does not contain any local abstract symbol (contains: tuple0, t, slice, t_Result_array_u8_8_TryFromSliceError, postcondition_once_try_from, resolve_try_from, postcondition_mut_try_from)
Warning, file "/workspace/rust-crate-proofs/httparse/1.10.1/verification/probes/version-harness/evidence/direct-why3-array8-20261005T055700Z/context/string/verif/httparse_memory_array_conversion_probe_rlib/array8_prefix.coma", line 211, characters 47-51: unused variable self
Warning, file "/workspace/rust-crate-proofs/httparse/1.10.1/verification/probes/version-harness/evidence/direct-why3-array8-20261005T055700Z/context/string/verif/httparse_memory_array_conversion_probe_rlib/array8_prefix.coma", line 211, characters 58-70: unused variable result_state
Warning, file "/workspace/rust-crate-proofs/httparse/1.10.1/verification/probes/version-harness/evidence/direct-why3-array8-20261005T055700Z/context/string/verif/httparse_memory_array_conversion_probe_rlib/array8_prefix.coma", line 217, characters 6-34: axiom hist_inv_trans_try_from_spec does not contain any local abstract symbol (contains: tuple0, hist_inv_try_from)
Warning, file "/workspace/rust-crate-proofs/httparse/1.10.1/verification/probes/version-harness/evidence/direct-why3-array8-20261005T055700Z/context/string/verif/httparse_memory_array_conversion_probe_rlib/array8_prefix.coma", line 222, characters 6-33: axiom hist_inv_refl_try_from_spec does not contain any local abstract symbol (contains: tuple0, hist_inv_try_from)
Warning, file "/workspace/rust-crate-proofs/httparse/1.10.1/verification/probes/version-harness/evidence/direct-why3-array8-20261005T055700Z/context/string/verif/httparse_memory_array_conversion_probe_rlib/array8_prefix.coma", line 226, characters 6-46: axiom postcondition_mut_hist_inv_try_from_spec does not contain any local abstract symbol (contains: tuple0, t, slice, t_Result_array_u8_8_TryFromSliceError, postcondition_mut_try_from, hist_inv_try_from)
Warning, file "/workspace/rust-crate-proofs/httparse/1.10.1/verification/probes/version-harness/evidence/direct-why3-array8-20261005T055700Z/context/string/verif/httparse_memory_array_conversion_probe_rlib/array8_prefix.coma", line 232, characters 6-31: axiom fn_hist_inv_try_from_spec does not contain any local abstract symbol (contains: (=), tuple0, hist_inv_try_from)
Warning, file "/workspace/rust-crate-proofs/httparse/1.10.1/verification/probes/version-harness/evidence/direct-why3-array8-20261005T055700Z/context/string/verif/httparse_memory_array_conversion_probe_rlib/array8_prefix.coma", line 235, characters 52-56: unused variable self
Warning, file "/workspace/rust-crate-proofs/httparse/1.10.1/verification/probes/version-harness/evidence/direct-why3-array8-20261005T055700Z/context/string/verif/httparse_memory_array_conversion_probe_rlib/array8_prefix.coma", line 247, characters 6-27: axiom fn_once_try_from_spec does not contain any local abstract symbol (contains: tuple0, t, slice, t_Result_array_u8_8_TryFromSliceError, postcondition_once_try_from, resolve_try_from, postcondition_try_from)
Warning, file "/workspace/rust-crate-proofs/httparse/1.10.1/verification/probes/version-harness/evidence/direct-why3-array8-20261005T055700Z/context/string/verif/httparse_memory_array_conversion_probe_rlib/array8_prefix.coma", line 253, characters 6-26: axiom fn_mut_try_from_spec does not contain any local abstract symbol (contains: (=), tuple0, t, slice, t_Result_array_u8_8_TryFromSliceError, postcondition_mut_try_from, postcondition_try_from)
{"counterexample": [],
 "prover-result":
  {"answer": "Valid",
   "ce-models": [],
   "status": "exited with status 0",
   "step": 2856,
   "time": 0.012599},
 "term":
  {"explanations": ["try_into requires"],
   "goal_name": "vc_array8_prefix",
   "loc":
    {"end-char": 68,
     "end-line": 33,
     "file-name":
      "/workspace/rust-crate-proofs/creusot-libs/creusot-std/src/std/convert.rs",
     "start-char": 19,
     "start-line": 33}}}
{"counterexample": [],
 "prover-result":
  {"answer": "Valid",
   "ce-models": [],
   "status": "exited with status 0",
   "step": 2965,
   "time": 0.002801},
 "term":
  {"explanations": ["ok 'self_' type invariant"],
   "goal_name": "vc_array8_prefix",
   "loc":
    {"end-char": 18,
     "end-line": 30,
     "file-name":
      "/workspace/rust-crate-proofs/creusot-libs/creusot-std/src/std/result.rs",
     "start-char": 14,
     "start-line": 30}}}
{"counterexample": [],
 "prover-result":
  {"answer": "Valid",
   "ce-models": [],
   "status": "exited with status 0",
   "step": 46329,
   "time": 0.01537},
 "term":
  {"explanations": ["array8_prefix ensures"],
   "goal_name": "vc_array8_prefix",
   "loc":
    {"end-char": 10,
     "end-line": 316,
     "file-name":
      "/workspace/rust-crate-proofs/httparse/1.10.1/verification/probes/version-harness/evidence/direct-why3-array8-20261005T055700Z/context/string/verif/httparse_memory_array_conversion_probe_rlib/array8_prefix.coma",
     "start-char": 47,
     "start-line": 312}}}
{"counterexample": [],
 "prover-result":
  {"answer": "Valid",
   "ce-models": [],
   "status": "exited with status 0",
   "step": 19030,
   "time": 0.007566},
 "term":
  {"explanations": ["elim Continue"],
   "goal_name": "vc_array8_prefix",
   "loc":
    {"end-char": 9,
     "end-line": 139,
     "file-name":
      "/workspace/rust-crate-proofs/httparse/1.10.1/verification/probes/version-harness/evidence/direct-why3-array8-20261005T055700Z/context/string/verif/httparse_memory_array_conversion_probe_rlib/array8_prefix.coma",
     "start-char": 38,
     "start-line": 136}}}
{"counterexample": [],
 "prover-result":
  {"answer": "Valid",
   "ce-models": [],
   "status": "exited with status 0",
   "step": 37593,
   "time": 0.007884},
 "term":
  {"explanations": ["from_residual 'residual' type invariant"],
   "goal_name": "vc_array8_prefix",
   "loc":
    {"end-char": 33,
     "end-line": 645,
     "file-name":
      "/workspace/rust-crate-proofs/creusot-libs/creusot-std/src/std/ops.rs",
     "start-char": 25,
     "start-line": 645}}}
{"counterexample": [],
 "prover-result":
  {"answer": "Valid",
   "ce-models": [],
   "status": "exited with status 0",
   "step": 39137,
   "time": 0.019925},
 "term":
  {"explanations": ["array8_prefix ensures"],
   "goal_name": "vc_array8_prefix",
   "loc":
    {"end-char": 10,
     "end-line": 316,
     "file-name":
      "/workspace/rust-crate-proofs/httparse/1.10.1/verification/probes/version-harness/evidence/direct-why3-array8-20261005T055700Z/context/string/verif/httparse_memory_array_conversion_probe_rlib/array8_prefix.coma",
     "start-char": 47,
     "start-line": 312}}}
{"counterexample": [],
 "prover-result":
  {"answer": "Valid",
   "ce-models": [],
   "status": "exited with status 0",
   "step": 19030,
   "time": 0.011837},
 "term":
  {"explanations": ["elim Break"],
   "goal_name": "vc_array8_prefix",
   "loc":
    {"end-char": 9,
     "end-line": 102,
     "file-name":
      "/workspace/rust-crate-proofs/httparse/1.10.1/verification/probes/version-harness/evidence/direct-why3-array8-20261005T055700Z/context/string/verif/httparse_memory_array_conversion_probe_rlib/array8_prefix.coma",
     "start-char": 35,
     "start-line": 99}}}
