warning: function `isize_to_usize_word` is never used
  --> /workspace/httparse-cloud-resume/creusot-libs/creusot-std/src/std/hash_word.rs:12:15
   |
12 | pub(crate) fn isize_to_usize_word(value: isize) -> usize {
   |               ^^^^^^^^^^^^^^^^^^^
   |
   = note: `#[warn(dead_code)]` (part of `#[warn(unused)]`) on by default

warning: `auto` traits are unstable
   --> /workspace/httparse-cloud-resume/creusot-libs/creusot-std/src/ghost.rs:260:5
    |
260 | pub auto trait Objective {}
    |     ^^^^
    |
    = note: see issue #13231 <https://github.com/rust-lang/rust/issues/13231> for more information
    = help: add `#![feature(auto_traits)]` to the crate attributes to enable
    = note: this compiler was built on 2026-02-26; consider upgrading it if it is out of date
    = warning: unstable syntax can change at any point in the future, causing a hard error!
    = note: for more information, see issue #65860 <https://github.com/rust-lang/rust/issues/65860>

   Compiling httparse v1.10.1 (/workspace/httparse-cloud-resume/httparse/1.10.1)
warning: `creusot-std` (lib) generated 2 warnings
   Compiling criterion v0.3.6
    Finished `test` profile [unoptimized + debuginfo] target(s) in 4.86s
     Running unittests src/lib.rs (/tmp/httparse-empty-lines-native-20261005T163530Z/debug/deps/httparse-d89b2620033e3c2f)

running 105 tests
test simd::sse42::sse_code_matches_header_value_chars_table ... ok
test simd::avx2::avx2_code_matches_header_value_chars_table ... ok
test simd::sse42::sse_code_matches_uri_chars_table ... ok
test simd::avx2::avx2_code_matches_uri_chars_table ... ok
test simd::swar::test_is_header_value_block ... ok
test simd::swar::test_is_uri_block ... ok
test simd::swar::test_offsetnz ... ok
test tests::public_type_names_keep_the_crate_root_path ... ok
test tests::safe_method_entry_keeps_partial_and_token_errors ... ok
test tests::safe_method_entry_preserves_valid_retained_prefix ... ok
test tests::partial_permutations ... ok
test tests::safe_method_entry_rejects_invalid_retained_prefix ... ok
test tests::test_allow_request_with_multiple_space_delimiters ... ok
test tests::test_allow_response_response_with_space_before_first_header ... ok
test tests::test_allow_response_with_multiple_space_delimiters ... ok
test tests::test_allow_response_with_obsolete_line_folding_at_end ... ok
test tests::test_allow_response_with_obsolete_line_folding_at_start ... ok
test tests::test_allow_response_with_obsolete_line_folding_in_empty_header ... ok
test tests::test_allow_response_with_obsolete_line_folding_in_middle ... ok
test tests::test_allow_response_with_whitespace_between_header_name_and_colon ... ok
test tests::test_bad_utf8_in_path ... ok
test tests::test_chunk_size ... ok
test tests::test_forbid_request_with_multiple_space_delimiters ... ok
test tests::test_forbid_request_with_weird_whitespace_delimiters ... ok
test tests::test_forbid_request_with_whitespace_between_header_name_and_colon ... ok
test tests::test_forbid_response_with_multiple_space_delimiters ... ok
test tests::test_forbid_response_with_obsolete_line_folding_at_end ... ok
test tests::test_forbid_response_with_obsolete_line_folding_at_start ... ok
test tests::test_forbid_response_with_obsolete_line_folding_in_empty_header ... ok
test tests::test_forbid_response_with_obsolete_line_folding_in_middle ... ok
test tests::test_forbid_response_with_space_before_first_header ... ok
test tests::test_forbid_response_with_weird_whitespace_delimiters ... ok
test tests::test_forbid_response_with_whitespace_between_header_name_and_colon ... ok
test tests::test_header_with_cr_in_header_name ... ok
test tests::test_header_with_invalid_char_in_value ... ok
test tests::test_header_with_invalid_char_in_value_with_folding ... ok
test tests::test_header_with_nul_in_value ... ok
test tests::test_header_with_nul_in_whitespace_before_colon ... ok
test tests::test_ignore_header_line_with_missing_colon_in_request ... ok
test tests::test_ignore_header_line_with_missing_colon_in_response ... ok
test tests::test_ignore_header_line_with_whitespaces_after_header_name_in_request ... ok
test tests::test_ignore_header_line_with_whitespaces_after_header_name_in_response ... ok
test tests::test_method_within_buffer ... ok
test tests::test_no_space_after_colon ... ok
test tests::test_request_empty_lines_prefix ... ok
test tests::test_request_empty_lines_prefix_lf_only ... ok
test tests::test_request_header_no_space_after_colon ... ok
test tests::test_request_header_value_htab_long ... ok
test tests::test_request_header_value_htab_med ... ok
test tests::test_request_header_value_htab_short ... ok
test tests::test_request_header_with_missing_colon_with_folding ... ok
test tests::test_request_header_with_nul_in_header_name ... ok
test tests::test_request_headers ... ok
test tests::test_request_headers_max ... ok
test tests::test_request_headers_optional_whitespace ... ok
test tests::test_request_method_no_delimiter ... ok
test tests::test_request_method_only ... ok
test tests::test_request_method_path_no_delimiter ... ok
test tests::test_request_method_path_only ... ok
test tests::test_request_multibyte ... ok
test tests::test_request_newlines ... ok
test tests::test_request_one_byte_method ... ok
test tests::test_request_partial ... ok
test tests::test_request_partial_method ... ok
test tests::test_request_partial_parses_headers_as_much_as_it_can ... ok
test tests::test_request_partial_version ... ok
test tests::test_request_path_backslash ... ok
test tests::test_request_simple ... ok
test tests::test_request_simple_with_query_params ... ok
test tests::test_request_simple_with_whatwg_query_params ... ok
test tests::test_request_with_del_in_path ... ok
test tests::test_request_with_empty_header_name ... ok
test tests::test_request_with_empty_method ... ok
test tests::test_request_with_empty_method_and_path ... ok
test tests::test_request_with_empty_path ... ok
test tests::test_request_with_invalid_but_short_version ... ok
test tests::test_request_with_invalid_char_between_header_name_and_colon ... ok
test tests::test_request_with_invalid_method ... ok
test tests::test_request_with_invalid_token_delimiter ... ok
test tests::test_request_with_leading_space ... ok
test tests::test_request_with_multiple_spaces_and_bad_path ... ok
test tests::test_request_with_whitespace_between_header_name_and_colon ... ok
test tests::test_response_code_missing_space ... ok
test tests::test_response_empty_lines_prefix_lf_only ... ok
test tests::test_response_header_with_missing_colon_with_folding ... ok
test tests::test_response_header_with_nul_in_header_name ... ok
test tests::test_response_newlines ... ok
test tests::test_response_no_cr ... ok
test tests::test_response_partial_parses_headers_as_much_as_it_can ... ok
test tests::test_response_reason_missing ... ok
test tests::test_response_reason_missing_no_space ... ok
test tests::test_response_reason_missing_no_space_with_headers ... ok
test tests::test_response_reason_with_nul_byte ... ok
test tests::test_response_reason_with_obsolete_text_byte ... ok
test tests::test_response_reason_with_space_and_tab ... ok
test tests::test_response_simple ... ok
test tests::test_response_version_missing_space ... ok
test tests::test_response_with_empty_header_name ... ok
test tests::test_response_with_invalid_char_between_header_name_and_colon ... ok
test tests::test_response_with_spaces_in_code ... ok
test tests::test_still_forbid_request_with_weird_whitespace_delimiters ... ok
test tests::test_still_forbid_response_with_weird_whitespace_delimiters ... ok
test tests::test_utf8_in_path_ok ... ok
test tests::uri_parser_checks_the_retained_utf8_span ... ok
test tests::test_all_utf8_char_in_paths ... ok

test result: ok. 105 passed; 0 failed; 0 ignored; 0 measured; 0 filtered out; finished in 20.01s

     Running tests/uri.rs (/tmp/httparse-empty-lines-native-20261005T163530Z/debug/deps/uri-e788caa7bf97befe)

running 263 tests
test urltest_003 ... ok
test urltest_001 ... ok
test urltest_002 ... ok
test urltest_004 ... ok
test urltest_005 ... ok
test urltest_006 ... ok
test urltest_007 ... ok
test urltest_008 ... ok
test urltest_009 ... ok
test urltest_010 ... ok
test urltest_011 ... ok
test urltest_012 ... ok
test urltest_013 ... ok
test urltest_014 ... ok
test urltest_015 ... ok
test urltest_016 ... ok
test urltest_017 ... ok
test urltest_018 ... ok
test urltest_019 ... ok
test urltest_020 ... ok
test urltest_021 ... ok
test urltest_022 ... ok
test urltest_023 ... ok
test urltest_024 ... ok
test urltest_025 ... ok
test urltest_026 ... ok
test urltest_027 ... ok
test urltest_028 ... ok
test urltest_029 ... ok
test urltest_030 ... ok
test urltest_031 ... ok
test urltest_032 ... ok
test urltest_033 ... ok
test urltest_034 ... ok
test urltest_035 ... ok
test urltest_036 ... ok
test urltest_037 ... ok
test urltest_038 ... ok
test urltest_039 ... ok
test urltest_040 ... ok
test urltest_041 ... ok
test urltest_042 ... ok
test urltest_043 ... ok
test urltest_044 ... ok
test urltest_045 ... ok
test urltest_046 ... ok
test urltest_047 ... ok
test urltest_048 ... ok
test urltest_049 ... ok
test urltest_050 ... ok
test urltest_051 ... ok
test urltest_052 ... ok
test urltest_053 ... ok
test urltest_054 ... ok
test urltest_055 ... ok
test urltest_056 ... ok
test urltest_057 ... ok
test urltest_058 ... ok
test urltest_059 ... ok
test urltest_060 ... ok
test urltest_061 ... ok
test urltest_062 ... ok
test urltest_063 ... ok
test urltest_065 ... ok
test urltest_064 ... ok
test urltest_066 ... ok
test urltest_067 ... ok
test urltest_068 ... ok
test urltest_069 ... ok
test urltest_070 ... ok
test urltest_071 ... ok
test urltest_072 ... ok
test urltest_073 ... ok
test urltest_074 ... ok
test urltest_075 ... ok
test urltest_076 ... ok
test urltest_077 ... ok
test urltest_078 ... ok
test urltest_079 ... ok
test urltest_080 ... ok
test urltest_081 ... ok
test urltest_082 ... ok
test urltest_083 ... ok
test urltest_084 ... ok
test urltest_085 ... ok
test urltest_086 ... ok
test urltest_087 ... ok
test urltest_089 ... ok
test urltest_088 ... ok
test urltest_090 ... ok
test urltest_091 ... ok
test urltest_092 ... ok
test urltest_093 ... ok
test urltest_094 ... ok
test urltest_095 ... ok
test urltest_096 ... ok
test urltest_097 ... ok
test urltest_098 ... ok
test urltest_099 ... ok
test urltest_100 ... ok
test urltest_101 ... ok
test urltest_102 ... ok
test urltest_103 ... ok
test urltest_104 ... ok
test urltest_105 ... ok
test urltest_106 ... ok
test urltest_107 ... ok
test urltest_108 ... ok
test urltest_109 ... ok
test urltest_110 ... ok
test urltest_111 ... ok
test urltest_112 ... ok
test urltest_113 ... ok
test urltest_114 ... ok
test urltest_115 ... ok
test urltest_116 ... ok
test urltest_117 ... ok
test urltest_118 ... ok
test urltest_119 ... ok
test urltest_120 ... ok
test urltest_121 ... ok
test urltest_122 ... ok
test urltest_123 ... ok
test urltest_124 ... ok
test urltest_125 ... ok
test urltest_126 ... ok
test urltest_127 ... ok
test urltest_129 ... ok
test urltest_128 ... ok
test urltest_130 ... ok
test urltest_131 ... ok
test urltest_132 ... ok
test urltest_133 ... ok
test urltest_134 ... ok
test urltest_135 ... ok
test urltest_136 ... ok
test urltest_137 ... ok
test urltest_138 ... ok
test urltest_139 ... ok
test urltest_140 ... ok
test urltest_141 ... ok
test urltest_142 ... ok
test urltest_143 ... ok
test urltest_144 ... ok
test urltest_145 ... ok
test urltest_146 ... ok
test urltest_147 ... ok
test urltest_148 ... ok
test urltest_149 ... ok
test urltest_150 ... ok
test urltest_151 ... ok
test urltest_152 ... ok
test urltest_153 ... ok
test urltest_154 ... ok
test urltest_155 ... ok
test urltest_156 ... ok
test urltest_157 ... ok
test urltest_158 ... ok
test urltest_159 ... ok
test urltest_160 ... ok
test urltest_161 ... ok
test urltest_162 ... ok
test urltest_163 ... ok
test urltest_164 ... ok
test urltest_165 ... ok
test urltest_166 ... ok
test urltest_167 ... ok
test urltest_168 ... ok
test urltest_169 ... ok
test urltest_170 ... ok
test urltest_171 ... ok
test urltest_172 ... ok
test urltest_173 ... ok
test urltest_174 ... ok
test urltest_175 ... ok
test urltest_176 ... ok
test urltest_177 ... ok
test urltest_178 ... ok
test urltest_179 ... ok
test urltest_180 ... ok
test urltest_181 ... ok
test urltest_182 ... ok
test urltest_183 ... ok
test urltest_184 ... ok
test urltest_185 ... ok
test urltest_186 ... ok
test urltest_187 ... ok
test urltest_188 ... ok
test urltest_189 ... ok
test urltest_190 ... ok
test urltest_191 ... ok
test urltest_192 ... ok
test urltest_193 ... ok
test urltest_194 ... ok
test urltest_195 ... ok
test urltest_196 ... ok
test urltest_197 ... ok
test urltest_198 ... ok
test urltest_199 ... ok
test urltest_200 ... ok
test urltest_201 ... ok
test urltest_202 ... ok
test urltest_204 ... ok
test urltest_203 ... ok
test urltest_205 ... ok
test urltest_206 ... ok
test urltest_207 ... ok
test urltest_208 ... ok
test urltest_209 ... ok
test urltest_210 ... ok
test urltest_211 ... ok
test urltest_212 ... ok
test urltest_213 ... ok
test urltest_214 ... ok
test urltest_215 ... ok
test urltest_216 ... ok
test urltest_217 ... ok
test urltest_218 ... ok
test urltest_219 ... ok
test urltest_220 ... ok
test urltest_221 ... ok
test urltest_222 ... ok
test urltest_223 ... ok
test urltest_224 ... ok
test urltest_225 ... ok
test urltest_226 ... ok
test urltest_227 ... ok
test urltest_228 ... ok
test urltest_229 ... ok
test urltest_230 ... ok
test urltest_231 ... ok
test urltest_232 ... ok
test urltest_233 ... ok
test urltest_234 ... ok
test urltest_235 ... ok
test urltest_236 ... ok
test urltest_237 ... ok
test urltest_238 ... ok
test urltest_239 ... ok
test urltest_240 ... ok
test urltest_241 ... ok
test urltest_242 ... ok
test urltest_243 ... ok
test urltest_244 ... ok
test urltest_245 ... ok
test urltest_246 ... ok
test urltest_247 ... ok
test urltest_248 ... ok
test urltest_249 ... ok
test urltest_250 ... ok
test urltest_251 ... ok
test urltest_252 ... ok
test urltest_253 ... ok
test urltest_254 ... ok
test urltest_255 ... ok
test urltest_256 ... ok
test urltest_257 ... ok
test urltest_258 ... ok
test urltest_259 ... ok
test urltest_260 ... ok
test urltest_261 ... ok
test urltest_262 ... ok
test urltest_nvidia ... ok

test result: ok. 263 passed; 0 failed; 0 ignored; 0 measured; 0 filtered out; finished in 0.01s

   Doc-tests httparse

running 6 tests
test src/chunk.rs - chunk::parse_chunk_size (line 217) ... ok
test src/config.rs - ParserConfig::allow_obsolete_multiline_headers_in_responses (line 150) ... ok
test src/lib.rs - parse_headers (line 463) ... ok
test src/config.rs - ParserConfig::allow_space_before_first_header_name (line 193) ... ok
test src/message.rs - Request (line 9) - compile ... ok
test src/message.rs - EMPTY_HEADER (line 127) ... ok

test result: ok. 6 passed; 0 failed; 0 ignored; 0 measured; 0 filtered out; finished in 0.17s

