bytes proof: /workspace/bytes-runtime-verification/bytes/1.11.1/verification/probes/public-bytesmut-constructors; one prover; 1024 MiB; native Ordering; sc-drf disabled
     Removed 22 files, 9.4MiB total
   Compiling bytes-public-bytesmut-constructors v0.1.0 (/workspace/bytes-runtime-verification/bytes/1.11.1/verification/probes/public-bytesmut-constructors)
warning: unused import: `creusot_std::prelude::*`
 --> src/lib.rs:6:5
  |
6 | use creusot_std::prelude::*;
  |     ^^^^^^^^^^^^^^^^^^^^^^^
  |
  = note: `#[warn(unused_imports)]` (part of `#[warn(unused)]`) on by default

warning: unused import: `owned_region`
  --> src/lib.rs:20:39
   |
20 |     pub(crate) use crate::{bound_ptr, owned_region, raw_vec, sequential_counter, shared_protocol};
   |                                       ^^^^^^^^^^^^

warning: unused import: `ManuallyDrop`
 --> /workspace/bytes-proof-tools/targets/bytes/debug/build/bytes-public-bytesmut-constructors-8d854e3e39987e34/out/actual_public_constructors.rs:3:23
  |
3 | use core::mem::{self, ManuallyDrop};
  |                       ^^^^^^^^^^^^

warning: unused import: `core::sync::atomic::AtomicUsize`
 --> /workspace/bytes-proof-tools/targets/bytes/debug/build/bytes-public-bytesmut-constructors-8d854e3e39987e34/out/actual_public_constructors.rs:5:5
  |
5 | use core::sync::atomic::AtomicUsize;
  |     ^^^^^^^^^^^^^^^^^^^^^^^^^^^^^^^

warning: unused import: `prelude`
  --> /workspace/bytes-proof-tools/targets/bytes/debug/build/bytes-public-bytesmut-constructors-8d854e3e39987e34/out/actual_public_constructors.rs:16:53
   |
16 |     use creusot_std::{ghost::perm::Perm, logic::Id, prelude::*};
   |                                                     ^^^^^^^

warning: function `detach_bound_vec` is never used
  --> src/../../../../src/ownership_proof/bound_ptr.rs:43:15
   |
43 | pub(crate) fn detach_bound_vec(
   |               ^^^^^^^^^^^^^^^^
   |
   = note: `#[warn(dead_code)]` (part of `#[warn(unused)]`) on by default

warning: type alias `KernelRA` is never used
  --> src/../../../../src/ownership_proof/owned_region.rs:20:17
   |
20 | pub(crate) type KernelRA = (Option<Excl<()>>, FMap<Int, Excl<Option<u8>>>);
   |                 ^^^^^^^^

warning: type alias `SlotMap` is never used
  --> src/../../../../src/ownership_proof/owned_region.rs:23:17
   |
23 | pub(crate) type SlotMap = FMap<Int, Excl<Option<u8>>>;
   |                 ^^^^^^^

warning: function `map_compose_eq` is never used
  --> src/../../../../src/ownership_proof/owned_region.rs:32:15
   |
32 | pub(crate) fn map_compose_eq(
   |               ^^^^^^^^^^^^^^

warning: function `map_op_get` is never used
  --> src/../../../../src/ownership_proof/owned_region.rs:47:15
   |
47 | pub(crate) fn map_op_get(
   |               ^^^^^^^^^^

warning: struct `OwnedRegion` is never constructed
  --> src/../../../../src/ownership_proof/owned_region.rs:66:19
   |
66 | pub(crate) struct OwnedRegion {
   |                   ^^^^^^^^^^^

warning: multiple associated items are never used
   --> src/../../../../src/ownership_proof/owned_region.rs:108:19
    |
 95 | impl OwnedRegion {
    | ---------------- associated items in this implementation
...
108 |     pub(crate) fn from_model_ledger(lo: Int, hi: Int, resource: Resource<KernelRA>) -> Self {
    |                   ^^^^^^^^^^^^^^^^^
...
125 |     pub(crate) fn into_parts(self) -> (Int, Int, Resource<KernelRA>) {
    |                   ^^^^^^^^^^
...
131 |     pub(crate) fn lo(self) -> Int {
    |                   ^^
...
137 |     pub(crate) fn hi(self) -> Int {
    |                   ^^
...
143 |     pub(crate) fn resource_id(self) -> Id {
    |                   ^^^^^^^^^^^
...
149 |     pub(crate) fn slots(self) -> FMap<Int, Excl<Option<u8>>> {
    |                   ^^^^^
...
156 |     pub(crate) fn slot(self, index: Int) -> Option<Option<u8>> {
    |                   ^^^^
...
167 |     fn restrict(
    |        ^^^^^^^^
...
192 |     pub(crate) fn split_at(self, at: Int) -> (Self, Self) {
    |                   ^^^^^^^^
...
243 |     pub(crate) fn join(self, other: Self) -> Self {
    |                   ^^^^

warning: struct `AllocationDesc` is never constructed
  --> src/../../../../src/ownership_proof/raw_vec.rs:30:8
   |
30 | struct AllocationDesc {
   |        ^^^^^^^^^^^^^^

warning: function `slots_from_vec` is never used
  --> src/../../../../src/ownership_proof/raw_vec.rs:46:4
   |
46 | fn slots_from_vec(contents: Seq<u8>, capacity: Int) -> SlotMap {
   |    ^^^^^^^^^^^^^^

warning: struct `RawAllocation` is never constructed
  --> src/../../../../src/ownership_proof/raw_vec.rs:66:19
   |
66 | pub(crate) struct RawAllocation {
   |                   ^^^^^^^^^^^^^

warning: methods `base_address`, `capacity`, and `namespace` are never used
   --> src/../../../../src/ownership_proof/raw_vec.rs:95:12
    |
 92 | impl RawAllocation {
    | ------------------ methods in this implementation
...
 95 |     pub fn base_address(self) -> Int {
    |            ^^^^^^^^^^^^
...
101 |     pub(crate) fn capacity(self) -> Int {
    |                   ^^^^^^^^
...
107 |     pub(crate) fn namespace(self) -> Id {
    |                   ^^^^^^^^^

warning: struct `BoundPtrBinding` is never constructed
   --> src/../../../../src/ownership_proof/raw_vec.rs:116:8
    |
116 | struct BoundPtrBinding {
    |        ^^^^^^^^^^^^^^^

warning: struct `BoundPtr` is never constructed
   --> src/../../../../src/ownership_proof/raw_vec.rs:128:19
    |
128 | pub(crate) struct BoundPtr {
    |                   ^^^^^^^^

warning: associated items `current_address`, `unbound`, `as_ptr`, `as_non_null`, `retreat_within`, and `advance_within` are never used
   --> src/../../../../src/ownership_proof/raw_vec.rs:175:12
    |
171 | impl BoundPtr {
    | ------------- associated items in this implementation
...
175 |     pub fn current_address(self) -> Int {
    |            ^^^^^^^^^^^^^^^
...
182 |     pub(crate) fn unbound(pointer: NonNull<u8>) -> Self {
    |                   ^^^^^^^
...
196 |     pub(crate) fn as_ptr(&self) -> *mut u8 {
    |                   ^^^^^^
...
203 |     pub(crate) fn as_non_null(&self) -> NonNull<u8> {
    |                   ^^^^^^^^^^^
...
215 |     pub(crate) fn retreat_within(&self, count: usize) -> Self {
    |                   ^^^^^^^^^^^^^^
...
261 |     pub(crate) fn advance_within(&self, count: usize) -> Self {
    |                   ^^^^^^^^^^^^^^

warning: method `into_bound_ptr_at_zero` is never used
   --> src/../../../../src/ownership_proof/raw_vec.rs:309:19
    |
298 | impl RawAllocation {
    | ------------------ method in this implementation
...
309 |     pub(crate) fn into_bound_ptr_at_zero(self) -> (BoundPtr, usize) {
    |                   ^^^^^^^^^^^^^^^^^^^^^^

warning: struct `Recovery` is never constructed
   --> src/../../../../src/ownership_proof/raw_vec.rs:337:19
    |
337 | pub(crate) struct Recovery {
    |                   ^^^^^^^^

warning: methods `namespace`, `capacity`, and `invariant` are never used
   --> src/../../../../src/ownership_proof/raw_vec.rs:357:19
    |
355 | impl Recovery {
    | ------------- methods in this implementation
356 |     #[logic(open)]
357 |     pub(crate) fn namespace(self) -> Id {
    |                   ^^^^^^^^^
...
362 |     pub(crate) fn capacity(self) -> Int {
    |                   ^^^^^^^^
...
367 |     pub(crate) fn invariant(self) -> bool {
    |                   ^^^^^^^^^

warning: struct `PhysicalRegion` is never constructed
   --> src/../../../../src/ownership_proof/raw_vec.rs:379:19
    |
379 | pub(crate) struct PhysicalRegion {
    |                   ^^^^^^^^^^^^^^

warning: multiple methods are never used
   --> src/../../../../src/ownership_proof/raw_vec.rs:411:19
    |
409 | impl PhysicalRegion {
    | ------------------- methods in this implementation
410 |     #[logic(open)]
411 |     pub(crate) fn lo(self) -> Int {
    |                   ^^
...
416 |     pub(crate) fn hi(self) -> Int {
    |                   ^^
...
421 |     pub(crate) fn namespace(self) -> Id {
    |                   ^^^^^^^^^
...
426 |     pub(crate) fn capacity(self) -> Int {
    |                   ^^^^^^^^
...
431 |     pub(crate) fn resource_id(self) -> Id {
    |                   ^^^^^^^^^^^
...
436 |     pub(crate) fn slot(self, index: Int) -> Option<Option<u8>> {
    |                   ^^^^
...
465 |     pub(crate) fn split_at(self, at: Int) -> (Self, Self) {
    |                   ^^^^^^^^
...
495 |     pub(crate) fn join(self, other: Self) -> Self {
    |                   ^^^^

warning: struct `PhysicalPool` is never constructed
   --> src/../../../../src/ownership_proof/raw_vec.rs:509:19
    |
509 | pub(crate) struct PhysicalPool {
    |                   ^^^^^^^^^^^^

warning: multiple associated items are never used
   --> src/../../../../src/ownership_proof/raw_vec.rs:542:19
    |
540 | impl PhysicalPool {
    | ----------------- associated items in this implementation
541 |     #[logic(open)]
542 |     pub(crate) fn capacity(self) -> Int {
    |                   ^^^^^^^^
...
547 |     pub(crate) fn namespace(self) -> Id {
    |                   ^^^^^^^^^
...
552 |     pub(crate) fn resource_id(self) -> Id {
    |                   ^^^^^^^^^^^
...
557 |     pub(crate) fn contains(self, index: Int) -> bool {
    |                   ^^^^^^^^
...
562 |     pub(crate) fn slot(self, index: Int) -> Option<Option<u8>> {
    |                   ^^^^
...
576 |     fn kernel_unit_is_empty() {
    |        ^^^^^^^^^^^^^^^^^^^^
...
602 |     pub(crate) fn empty_from(region: &PhysicalRegion) -> Self {
    |                   ^^^^^^^^^^
...
635 |     pub(crate) fn retire(self, region: PhysicalRegion) -> Self {
    |                   ^^^^^^
...
671 |     pub(crate) fn finish(self, lo: Int) -> PhysicalRegion {
    |                   ^^^^^^

warning: function `detach_vec` is never used
   --> src/../../../../src/ownership_proof/raw_vec.rs:712:15
    |
712 | pub(crate) fn detach_vec(
    |               ^^^^^^^^^^

warning: function `resume_vec` is never used
   --> src/../../../../src/ownership_proof/raw_vec.rs:795:22
    |
795 | pub(crate) unsafe fn resume_vec(
    |                      ^^^^^^^^^^

warning: function `deallocate_vec` is never used
   --> src/../../../../src/ownership_proof/raw_vec.rs:831:22
    |
831 | pub(crate) unsafe fn deallocate_vec(
    |                      ^^^^^^^^^^^^^^

warning: function `deallocate_bound_vec` is never used
   --> src/../../../../src/ownership_proof/raw_vec.rs:866:22
    |
866 | pub(crate) unsafe fn deallocate_bound_vec(
    |                      ^^^^^^^^^^^^^^^^^^^^

warning: function `borrow_mut` is never used
   --> src/../../../../src/ownership_proof/raw_vec.rs:915:22
    |
915 | pub(crate) unsafe fn borrow_mut<'a>(
    |                      ^^^^^^^^^^

warning: function `slot_known` is never used
   --> src/../../../../src/ownership_proof/raw_vec.rs:931:15
    |
931 | pub(crate) fn slot_known(slot: Option<Option<u8>>) -> bool {
    |               ^^^^^^^^^^

warning: function `slot_known_equivalence` is never used
   --> src/../../../../src/ownership_proof/raw_vec.rs:937:15
    |
937 | pub(crate) fn slot_known_equivalence(slot: Option<Option<u8>>) {}
    |               ^^^^^^^^^^^^^^^^^^^^^^

warning: function `borrow_bound_mut` is never used
   --> src/../../../../src/ownership_proof/raw_vec.rs:976:22
    |
976 | pub(crate) unsafe fn borrow_bound_mut<'a>(
    |                      ^^^^^^^^^^^^^^^^

warning: function `borrow_bound_uninit_mut` is never used
    --> src/../../../../src/ownership_proof/raw_vec.rs:1016:22
     |
1016 | pub(crate) unsafe fn borrow_bound_uninit_mut<'a>(
     |                      ^^^^^^^^^^^^^^^^^^^^^^^

warning: function `borrow_bound` is never used
    --> src/../../../../src/ownership_proof/raw_vec.rs:1043:22
     |
1043 | pub(crate) unsafe fn borrow_bound<'a>(
     |                      ^^^^^^^^^^^^

warning: function `borrow_empty_bound` is never used
    --> src/../../../../src/ownership_proof/raw_vec.rs:1057:22
     |
1057 | pub(crate) unsafe fn borrow_empty_bound<'a>(bound: &'a BoundPtr) -> &'a [u8] {
     |                      ^^^^^^^^^^^^^^^^^^

warning: function `borrow_empty_bound_mut` is never used
    --> src/../../../../src/ownership_proof/raw_vec.rs:1066:22
     |
1066 | pub(crate) unsafe fn borrow_empty_bound_mut<'a>(bound: &'a BoundPtr) -> &'a mut [u8] {
     |                      ^^^^^^^^^^^^^^^^^^^^^^

warning: function `borrow_empty_bound_uninit_mut` is never used
    --> src/../../../../src/ownership_proof/raw_vec.rs:1074:22
     |
1074 | pub(crate) unsafe fn borrow_empty_bound_uninit_mut<'a>(
     |                      ^^^^^^^^^^^^^^^^^^^^^^^^^^^^^

warning: struct `SequentialCounter` is never constructed
  --> src/../../../../src/ownership_proof/sequential_counter.rs:20:19
   |
20 | pub(crate) struct SequentialCounter {
   |                   ^^^^^^^^^^^^^^^^^

warning: struct `CounterOwn` is never constructed
  --> src/../../../../src/ownership_proof/sequential_counter.rs:26:19
   |
26 | pub(crate) struct CounterOwn {
   |                   ^^^^^^^^^^

warning: associated items `new`, `fetch_add_relaxed`, `fetch_sub_release`, and `load_acquire` are never used
  --> src/../../../../src/ownership_proof/sequential_counter.rs:48:19
   |
43 | impl SequentialCounter {
   | ---------------------- associated items in this implementation
...
48 |     pub(crate) fn new(value: usize) -> (Self, Ghost<CounterOwn>) {
   |                   ^^^
...
66 |     pub(crate) fn fetch_add_relaxed(&self, amount: usize, own: Ghost<&mut CounterOwn>) -> usize {
   |                   ^^^^^^^^^^^^^^^^^
...
79 |     pub(crate) fn fetch_sub_release(&self, amount: usize, own: Ghost<&mut CounterOwn>) -> usize {
   |                   ^^^^^^^^^^^^^^^^^
...
89 |     pub(crate) fn load_acquire(&self, own: Ghost<&CounterOwn>) -> usize {
   |                   ^^^^^^^^^^^^

warning: type alias `RegistrationRA` is never used
 --> src/../../../../src/ownership_proof/shared_protocol.rs:9:6
  |
9 | type RegistrationRA = (Option<Excl<()>>, Option<Excl<()>>);
  |      ^^^^^^^^^^^^^^

warning: struct `Ticket` is never constructed
  --> src/../../../../src/ownership_proof/shared_protocol.rs:11:19
   |
11 | pub(crate) struct Ticket {
   |                   ^^^^^^

warning: struct `Status` is never constructed
  --> src/../../../../src/ownership_proof/shared_protocol.rs:17:19
   |
17 | pub(crate) struct Status {
   |                   ^^^^^^

warning: struct `State` is never constructed
  --> src/../../../../src/ownership_proof/shared_protocol.rs:26:19
   |
26 | pub(crate) struct State {
   |                   ^^^^^

warning: type alias `Coordinator` is never used
  --> src/../../../../src/ownership_proof/shared_protocol.rs:33:17
   |
33 | pub(crate) type Coordinator = NonAtomicInvariant<State>;
   |                 ^^^^^^^^^^^

warning: type alias `Packet` is never used
  --> src/../../../../src/ownership_proof/shared_protocol.rs:34:17
   |
34 | pub(crate) type Packet = (Ticket, PhysicalRegion);
   |                 ^^^^^^

warning: function `ticket_value` is never used
  --> src/../../../../src/ownership_proof/shared_protocol.rs:37:4
   |
37 | fn ticket_value(left: bool) -> RegistrationRA {
   |    ^^^^^^^^^^^^

warning: function `packet_matches` is never used
  --> src/../../../../src/ownership_proof/shared_protocol.rs:42:15
   |
42 | pub(crate) fn packet_matches(packet: Packet, allocation: Id, capacity: Int, split: Int, registration: Id, left: bool) -> bool {
   |               ^^^^^^^^^^^^^^

warning: function `initialize` is never used
   --> src/../../../../src/ownership_proof/shared_protocol.rs:103:15
    |
103 | pub(crate) fn initialize(capacity: usize, split: usize, caps: Ghost<(Recovery, PhysicalRegion)>) -> Ghost<(Coordinator, Packet, Pac...
    |               ^^^^^^^^^^

warning: function `retire` is never used
   --> src/../../../../src/ownership_proof/shared_protocol.rs:135:15
    |
135 | pub(crate) fn retire(coordinator: Ghost<&mut Coordinator>, packet: Ghost<Packet>, left: bool) {
    |               ^^^^^^

warning: function `finish` is never used
   --> src/../../../../src/ownership_proof/shared_protocol.rs:162:15
    |
162 | pub(crate) fn finish(coordinator: Ghost<Coordinator>) -> Ghost<(Recovery, PhysicalRegion)> {
    |               ^^^^^^

warning: function `borrow_packet_mut` is never used
   --> src/../../../../src/ownership_proof/shared_protocol.rs:200:22
    |
200 | pub(crate) unsafe fn borrow_packet_mut<'a>(
    |                      ^^^^^^^^^^^^^^^^^

warning: function `borrow_packet_uninit_mut` is never used
   --> src/../../../../src/ownership_proof/shared_protocol.rs:232:22
    |
232 | pub(crate) unsafe fn borrow_packet_uninit_mut<'a>(
    |                      ^^^^^^^^^^^^^^^^^^^^^^^^

warning: function `borrow_packet` is never used
   --> src/../../../../src/ownership_proof/shared_protocol.rs:258:22
    |
258 | pub(crate) unsafe fn borrow_packet<'a>(
    |                      ^^^^^^^^^^^^^

warning: constant `KIND_VEC` is never used
  --> src/../../../../src/capacity_ops.rs:25:18
   |
25 | pub(crate) const KIND_VEC: usize = 0b1;
   |                  ^^^^^^^^

warning: constant `VEC_POS_OFFSET` is never used
  --> src/../../../../src/capacity_ops.rs:28:18
   |
28 | pub(crate) const VEC_POS_OFFSET: usize = 5;
   |                  ^^^^^^^^^^^^^^

warning: constant `NOT_VEC_POS_MASK` is never used
  --> src/../../../../src/capacity_ops.rs:29:18
   |
29 | pub(crate) const NOT_VEC_POS_MASK: usize = 0b11111;
   |                  ^^^^^^^^^^^^^^^^

warning: constant `MAX_VEC_POS` is never used
  --> src/../../../../src/capacity_ops.rs:30:18
   |
30 | pub(crate) const MAX_VEC_POS: usize = usize::MAX >> VEC_POS_OFFSET;
   |                  ^^^^^^^^^^^

warning: function `pack_vec_metadata` is never used
   --> src/../../../../src/capacity_ops.rs:117:15
    |
117 | pub(crate) fn pack_vec_metadata(repr: usize) -> usize {
    |               ^^^^^^^^^^^^^^^^^

warning: function `original_capacity_repr_from_data` is never used
   --> src/../../../../src/capacity_ops.rs:125:15
    |
125 | pub(crate) fn original_capacity_repr_from_data(data: usize) -> usize {
    |               ^^^^^^^^^^^^^^^^^^^^^^^^^^^^^^^^

warning: function `vec_pos_from_data` is never used
   --> src/../../../../src/capacity_ops.rs:132:15
    |
132 | pub(crate) fn vec_pos_from_data(data: usize) -> usize {
    |               ^^^^^^^^^^^^^^^^^

warning: function `set_vec_pos_in_data` is never used
   --> src/../../../../src/capacity_ops.rs:143:15
    |
143 | pub(crate) fn set_vec_pos_in_data(data: usize, pos: usize) -> usize {
    |               ^^^^^^^^^^^^^^^^^^^

warning: function `pointer_addr_eq` is never used
  --> src/../../../../src/provenance_specs.rs:19:15
   |
19 | pub(crate) fn pointer_addr_eq<T>(left: *const T, right: *const T) -> bool {
   |               ^^^^^^^^^^^^^^^

warning: function `pointer_addr` is never used
  --> src/../../../../src/provenance_specs.rs:51:15
   |
51 | pub(crate) fn pointer_addr<T>(ptr: *const T) -> usize {
   |               ^^^^^^^^^^^^

warning: function `wrapping_offset` is never used
  --> src/../../../../src/provenance_specs.rs:75:15
   |
75 | pub(crate) fn wrapping_offset(ptr: *mut u8, offset: usize) -> *mut u8 {
   |               ^^^^^^^^^^^^^^^

warning: function `pointer_with_address` is never used
  --> src/../../../../src/provenance_specs.rs:86:15
   |
86 | pub(crate) fn pointer_with_address(ptr: *mut u8, new_addr: usize) -> *mut u8 {
   |               ^^^^^^^^^^^^^^^^^^^^

warning: function `metadata_pointer` is never used
  --> src/../../../../src/provenance_specs.rs:96:15
   |
96 | pub(crate) fn metadata_pointer(addr: usize) -> *mut u8 {
   |               ^^^^^^^^^^^^^^^^

warning: struct `BytesMut` is never constructed
   --> /workspace/bytes-proof-tools/targets/bytes/debug/build/bytes-public-bytesmut-constructors-8d854e3e39987e34/out/actual_public_constructors.rs:273:12
    |
273 | pub struct BytesMut {
    |            ^^^^^^^^

warning: struct `Shared` is never constructed
   --> /workspace/bytes-proof-tools/targets/bytes/debug/build/bytes-public-bytesmut-constructors-8d854e3e39987e34/out/actual_public_constructors.rs:296:8
    |
296 | struct Shared {
    |        ^^^^^^

warning: struct `SharedBuffer` is never constructed
   --> /workspace/bytes-proof-tools/targets/bytes/debug/build/bytes-public-bytesmut-constructors-8d854e3e39987e34/out/actual_public_constructors.rs:305:8
    |
305 | struct SharedBuffer {
    |        ^^^^^^^^^^^^

warning: constant `KIND_VEC` is never used
   --> /workspace/bytes-proof-tools/targets/bytes/debug/build/bytes-public-bytesmut-constructors-8d854e3e39987e34/out/actual_public_constructors.rs:313:7
    |
313 | const KIND_VEC: usize = 0b1;
    |       ^^^^^^^^

warning: constant `KIND_MASK` is never used
   --> /workspace/bytes-proof-tools/targets/bytes/debug/build/bytes-public-bytesmut-constructors-8d854e3e39987e34/out/actual_public_constructors.rs:315:7
    |
315 | const KIND_MASK: usize = 0b1;
    |       ^^^^^^^^^

warning: function `vptr` is never used
   --> /workspace/bytes-proof-tools/targets/bytes/debug/build/bytes-public-bytesmut-constructors-8d854e3e39987e34/out/actual_public_constructors.rs:332:4
    |
332 | fn vptr(ptr: *mut u8) -> crate::ownership_proof::raw_vec::BoundPtr {
    |    ^^^^

warning: function `invalid_ptr` is never used
   --> /workspace/bytes-proof-tools/targets/bytes/debug/build/bytes-public-bytesmut-constructors-8d854e3e39987e34/out/actual_public_constructors.rs:343:4
    |
343 | fn invalid_ptr<T>(addr: usize) -> *mut T {
    |    ^^^^^^^^^^^

warning: associated items `from_vec`, `proof_unique_at_zero_owned`, `proof_unique_at_zero_valid`, `proof_unique_slot`, `proof_release_unique_at_zero`, and `zeroed` are never used
   --> /workspace/bytes-proof-tools/targets/bytes/debug/build/bytes-public-bytesmut-constructors-8d854e3e39987e34/out/actual_public_constructors.rs:366:19
    |
351 | impl BytesMut {
    | ------------- associated items in this implementation
...
366 |     pub(crate) fn from_vec(vec: Vec<u8>) -> BytesMut {
    |                   ^^^^^^^^
...
397 |     pub(crate) fn proof_unique_at_zero_owned(self) -> bool {
    |                   ^^^^^^^^^^^^^^^^^^^^^^^^^^
...
422 |     pub(crate) fn proof_unique_at_zero_valid(self) -> bool {
    |                   ^^^^^^^^^^^^^^^^^^^^^^^^^^
...
432 |     pub(crate) fn proof_unique_slot(self, index: Int) -> Option<Option<u8>> {
    |                   ^^^^^^^^^^^^^^^^^
...
448 |     pub(crate) fn proof_release_unique_at_zero(mut self) {
    |                   ^^^^^^^^^^^^^^^^^^^^^^^^^^^^
...
492 |     pub fn zeroed(len: usize) -> BytesMut {
    |            ^^^^^^

warning: function `zeroed_then_release` is never used
 --> src/actual_public_constructors.rs:5:15
  |
5 | pub(crate) fn zeroed_then_release(len: usize) -> usize {
  |               ^^^^^^^^^^^^^^^^^^^

warning: function `from_slice_then_release` is never used
  --> src/actual_public_constructors.rs:14:15
   |
14 | pub(crate) fn from_slice_then_release(src: &[u8]) -> usize {
   |               ^^^^^^^^^^^^^^^^^^^^^^^

warning: function `generic_from_slice` is never used
  --> src/actual_public_constructors.rs:22:15
   |
22 | pub(crate) fn generic_from_slice<'a, T: From<&'a [u8]>>(src: &'a [u8]) -> T {
   |               ^^^^^^^^^^^^^^^^^^

warning: struct `ControlPtr` is never constructed
  --> /workspace/bytes-proof-tools/targets/bytes/debug/build/bytes-public-bytesmut-constructors-8d854e3e39987e34/out/actual_public_constructors.rs:20:23
   |
20 |     pub(crate) struct ControlPtr {
   |                       ^^^^^^^^^^

warning: struct `ControlContext` is never constructed
  --> /workspace/bytes-proof-tools/targets/bytes/debug/build/bytes-public-bytesmut-constructors-8d854e3e39987e34/out/actual_public_constructors.rs:24:23
   |
24 |     pub(crate) struct ControlContext {
   |                       ^^^^^^^^^^^^^^

warning: methods `valid` and `active` are never used
  --> /workspace/bytes-proof-tools/targets/bytes/debug/build/bytes-public-bytesmut-constructors-8d854e3e39987e34/out/actual_public_constructors.rs:32:23
   |
30 |     impl ControlContext {
   |     ------------------- methods in this implementation
31 |         #[logic(open(super), prophetic)]
32 |         pub(super) fn valid(self, control: ControlPtr) -> bool {
   |                       ^^^^^
...
50 |         pub(super) fn active(self) -> bool { pearlite! { self.registry != None } }
   |                       ^^^^^^

warning: struct `PendingControl` is never constructed
  --> /workspace/bytes-proof-tools/targets/bytes/debug/build/bytes-public-bytesmut-constructors-8d854e3e39987e34/out/actual_public_constructors.rs:55:23
   |
55 |     pub(super) struct PendingControl {
   |                       ^^^^^^^^^^^^^^

warning: method `valid` is never used
  --> /workspace/bytes-proof-tools/targets/bytes/debug/build/bytes-public-bytesmut-constructors-8d854e3e39987e34/out/actual_public_constructors.rs:62:23
   |
60 |     impl PendingControl {
   |     ------------------- method in this implementation
61 |         #[logic(open(super), prophetic)]
62 |         pub(super) fn valid(self, pointer: *mut Shared, base: BoundPtr, capacity: usize) -> bool {
   |                       ^^^^^

warning: struct `HandleRegistration` is never constructed
  --> /workspace/bytes-proof-tools/targets/bytes/debug/build/bytes-public-bytesmut-constructors-8d854e3e39987e34/out/actual_public_constructors.rs:77:23
   |
77 |     pub(super) struct HandleRegistration {
   |                       ^^^^^^^^^^^^^^^^^^

warning: methods `valid`, `same_registration`, and `matches` are never used
   --> /workspace/bytes-proof-tools/targets/bytes/debug/build/bytes-public-bytesmut-constructors-8d854e3e39987e34/out/actual_public_constructors.rs:85:23
    |
 83 |     impl HandleRegistration {
    |     ----------------------- methods in this implementation
 84 |         #[logic(open(super), prophetic)]
 85 |         pub(super) fn valid(self) -> bool {
    |                       ^^^^^
...
 90 |         pub(super) fn same_registration(self, other: Self) -> bool {
    |                       ^^^^^^^^^^^^^^^^^
...
100 |         pub(super) fn matches(self, context: ControlContext) -> bool {
    |                       ^^^^^^^

warning: function `activate` is never used
   --> /workspace/bytes-proof-tools/targets/bytes/debug/build/bytes-public-bytesmut-constructors-8d854e3e39987e34/out/actual_public_constructors.rs:131:19
    |
131 |     pub(super) fn activate(pointer: *mut Shared, base: BoundPtr, capacity: usize, split: usize,
    |                   ^^^^^^^^

warning: function `new` is never used
   --> /workspace/bytes-proof-tools/targets/bytes/debug/build/bytes-public-bytesmut-constructors-8d854e3e39987e34/out/actual_public_constructors.rs:160:8
    |
160 |     fn new(input: Vec<u8>, split: usize) -> (ControlPtr, Ghost<ControlContext>, Ghost<Packet>, Ghost<Packet>) {
    |        ^^^

warning: function `release` is never used
   --> /workspace/bytes-proof-tools/targets/bytes/debug/build/bytes-public-bytesmut-constructors-8d854e3e39987e34/out/actual_public_constructors.rs:197:19
    |
197 |     pub(super) fn release(control: ControlPtr, mut context: Ghost<&mut ControlContext>, packet: Ghost<Packet>, left: bool) -> bool {
    |                   ^^^^^^^

warning: function `release_left_then_right` is never used
   --> /workspace/bytes-proof-tools/targets/bytes/debug/build/bytes-public-bytesmut-constructors-8d854e3e39987e34/out/actual_public_constructors.rs:241:19
    |
241 |     pub(crate) fn release_left_then_right(input: Vec<u8>, split: usize) {
    |                   ^^^^^^^^^^^^^^^^^^^^^^^

warning: function `release_right_then_left` is never used
   --> /workspace/bytes-proof-tools/targets/bytes/debug/build/bytes-public-bytesmut-constructors-8d854e3e39987e34/out/actual_public_constructors.rs:250:19
    |
250 |     pub(crate) fn release_right_then_left(input: Vec<u8>, split: usize) {
    |                   ^^^^^^^^^^^^^^^^^^^^^^^

warning: `bytes-public-bytesmut-constructors` (lib) generated 92 warnings (run `cargo fix --lib -p bytes-public-bytesmut-constructors` to apply 4 suggestions)
    Finished `dev` profile [unoptimized + debuginfo] target(s) in 1.89s
No dangling files found
Proved (60 files) ✔
