   Compiling proc-macro2 v1.0.106
   Compiling quote v1.0.45
   Compiling unicode-ident v1.0.24
   Compiling syn v2.0.117
   Compiling creusot-std-proc v0.11.0-dev (/workspace/rust-crate-proofs/creusot-libs/creusot-std-proc)
    Checking creusot-std v0.11.0-dev (/workspace/rust-crate-proofs/creusot-libs/creusot-std)
warning: function `isize_to_usize_word` is never used
  --> /workspace/rust-crate-proofs/creusot-libs/creusot-std/src/std/hash_word.rs:12:15
   |
12 | pub(crate) fn isize_to_usize_word(value: isize) -> usize {
   |               ^^^^^^^^^^^^^^^^^^^
   |
   = note: `#[warn(dead_code)]` (part of `#[warn(unused)]`) on by default

warning: `auto` traits are unstable
   --> /workspace/rust-crate-proofs/creusot-libs/creusot-std/src/ghost.rs:260:5
    |
260 | pub auto trait Objective {}
    |     ^^^^
    |
    = note: see issue #13231 <https://github.com/rust-lang/rust/issues/13231> for more information
    = help: add `#![feature(auto_traits)]` to the crate attributes to enable
    = note: this compiler was built on 2026-02-26; consider upgrading it if it is out of date
    = warning: unstable syntax can change at any point in the future, causing a hard error!
    = note: for more information, see issue #65860 <https://github.com/rust-lang/rust/issues/65860>

warning: `creusot-std` (lib) generated 2 warnings
    Checking itoa-proof v1.0.18 (/workspace/rust-crate-proofs/itoa/1.0.18)
warning: unused variable: `high2_lo`
   --> /workspace/rust-crate-proofs/itoa/1.0.18/src/u128_ext.rs:466:10
    |
466 |     let (high2_lo, high2) = u128_halves(high2_product);
    |          ^^^^^^^^ help: if this is intentional, prefix it with an underscore: `_high2_lo`
    |
    = note: `#[warn(unused_variables)]` (part of `#[warn(unused)]`) on by default

warning: `itoa-proof` (lib) generated 1 warning (run `cargo fix --lib -p itoa-proof` to apply 1 suggestion)
    Checking http v1.5.0 (/workspace/rust-crate-proofs/http/1.5.0)
error[E0658]: attributes on expressions are experimental
   --> src/uri/authority.rs:780:5
    |
780 |     #[invariant(i@ <= bytes@.len())]
    |     ^^^^^^^^^^^^^^^^^^^^^^^^^^^^^^^^
    |
    = note: see issue #15701 <https://github.com/rust-lang/rust/issues/15701> for more information
    = help: add `#![feature(stmt_expr_attributes)]` to the crate attributes to enable
    = note: this compiler was built on 2026-02-26; consider upgrading it if it is out of date

error[E0658]: attributes on expressions are experimental
   --> src/uri/authority.rs:965:5
    |
965 |     #[invariant(index@ <= left@.len())]
    |     ^^^^^^^^^^^^^^^^^^^^^^^^^^^^^^^^^^^
    |
    = note: see issue #15701 <https://github.com/rust-lang/rust/issues/15701> for more information
    = help: add `#![feature(stmt_expr_attributes)]` to the crate attributes to enable
    = note: this compiler was built on 2026-02-26; consider upgrading it if it is out of date

error[E0658]: attributes on expressions are experimental
    --> src/uri/authority.rs:1013:5
     |
1013 |     #[invariant(index@ <= left@.len())]
     |     ^^^^^^^^^^^^^^^^^^^^^^^^^^^^^^^^^^^
     |
     = note: see issue #15701 <https://github.com/rust-lang/rust/issues/15701> for more information
     = help: add `#![feature(stmt_expr_attributes)]` to the crate attributes to enable
     = note: this compiler was built on 2026-02-26; consider upgrading it if it is out of date

error[E0658]: attributes on expressions are experimental
    --> src/uri/authority.rs:1643:5
     |
1643 |     #[invariant(i@ <= bytes@.len())]
     |     ^^^^^^^^^^^^^^^^^^^^^^^^^^^^^^^^
     |
     = note: see issue #15701 <https://github.com/rust-lang/rust/issues/15701> for more information
     = help: add `#![feature(stmt_expr_attributes)]` to the crate attributes to enable
     = note: this compiler was built on 2026-02-26; consider upgrading it if it is out of date

error[E0658]: attributes on expressions are experimental
    --> src/uri/authority.rs:1667:9
     |
1667 |         #[invariant(host_start@ + 1 <= host_end@)]
     |         ^^^^^^^^^^^^^^^^^^^^^^^^^^^^^^^^^^^^^^^^^^
     |
     = note: see issue #15701 <https://github.com/rust-lang/rust/issues/15701> for more information
     = help: add `#![feature(stmt_expr_attributes)]` to the crate attributes to enable
     = note: this compiler was built on 2026-02-26; consider upgrading it if it is out of date

error[E0658]: attributes on expressions are experimental
    --> src/uri/authority.rs:1732:9
     |
1732 |         #[invariant(host_start@ <= host_end@)]
     |         ^^^^^^^^^^^^^^^^^^^^^^^^^^^^^^^^^^^^^^
     |
     = note: see issue #15701 <https://github.com/rust-lang/rust/issues/15701> for more information
     = help: add `#![feature(stmt_expr_attributes)]` to the crate attributes to enable
     = note: this compiler was built on 2026-02-26; consider upgrading it if it is out of date

error[E0658]: attributes on expressions are experimental
    --> src/uri/authority.rs:1883:5
     |
1883 |     #[invariant(i@ <= s@.len())]
     |     ^^^^^^^^^^^^^^^^^^^^^^^^^^^^
     |
     = note: see issue #15701 <https://github.com/rust-lang/rust/issues/15701> for more information
     = help: add `#![feature(stmt_expr_attributes)]` to the crate attributes to enable
     = note: this compiler was built on 2026-02-26; consider upgrading it if it is out of date

error[E0658]: custom attributes cannot be applied to expressions
   --> src/uri/authority.rs:780:5
    |
780 |     #[invariant(i@ <= bytes@.len())]
    |     ^^^^^^^^^^^^^^^^^^^^^^^^^^^^^^^^
    |
    = note: see issue #54727 <https://github.com/rust-lang/rust/issues/54727> for more information
    = help: add `#![feature(proc_macro_hygiene)]` to the crate attributes to enable
    = note: this compiler was built on 2026-02-26; consider upgrading it if it is out of date

error[E0658]: attributes on expressions are experimental
   --> src/uri/authority.rs:781:5
    |
781 |     #[invariant(forall<j: Int> i@ <= j && j < bytes@.len() ==> bytes@[j]@ != 58)]
    |     ^^^^^^^^^^^^^^^^^^^^^^^^^^^^^^^^^^^^^^^^^^^^^^^^^^^^^^^^^^^^^^^^^^^^^^^^^^^^^
    |
    = note: see issue #15701 <https://github.com/rust-lang/rust/issues/15701> for more information
    = help: add `#![feature(stmt_expr_attributes)]` to the crate attributes to enable
    = note: this compiler was built on 2026-02-26; consider upgrading it if it is out of date

error[E0658]: custom attributes cannot be applied to expressions
   --> src/uri/authority.rs:781:5
    |
781 |     #[invariant(forall<j: Int> i@ <= j && j < bytes@.len() ==> bytes@[j]@ != 58)]
    |     ^^^^^^^^^^^^^^^^^^^^^^^^^^^^^^^^^^^^^^^^^^^^^^^^^^^^^^^^^^^^^^^^^^^^^^^^^^^^^
    |
    = note: see issue #54727 <https://github.com/rust-lang/rust/issues/54727> for more information
    = help: add `#![feature(proc_macro_hygiene)]` to the crate attributes to enable
    = note: this compiler was built on 2026-02-26; consider upgrading it if it is out of date

error[E0658]: attributes on expressions are experimental
   --> src/uri/authority.rs:782:5
    |
782 | /     #[invariant(authority_port_start(bytes@, bytes@.len())
783 | |         == authority_port_start(bytes@, i@))]
    | |_____________________________________________^
    |
    = note: see issue #15701 <https://github.com/rust-lang/rust/issues/15701> for more information
    = help: add `#![feature(stmt_expr_attributes)]` to the crate attributes to enable
    = note: this compiler was built on 2026-02-26; consider upgrading it if it is out of date

error[E0658]: custom attributes cannot be applied to expressions
   --> src/uri/authority.rs:782:5
    |
782 | /     #[invariant(authority_port_start(bytes@, bytes@.len())
783 | |         == authority_port_start(bytes@, i@))]
    | |_____________________________________________^
    |
    = note: see issue #54727 <https://github.com/rust-lang/rust/issues/54727> for more information
    = help: add `#![feature(proc_macro_hygiene)]` to the crate attributes to enable
    = note: this compiler was built on 2026-02-26; consider upgrading it if it is out of date

error[E0658]: attributes on expressions are experimental
   --> src/uri/authority.rs:784:5
    |
784 |     #[variant(i@)]
    |     ^^^^^^^^^^^^^^
    |
    = note: see issue #15701 <https://github.com/rust-lang/rust/issues/15701> for more information
    = help: add `#![feature(stmt_expr_attributes)]` to the crate attributes to enable
    = note: this compiler was built on 2026-02-26; consider upgrading it if it is out of date

error[E0658]: custom attributes cannot be applied to expressions
   --> src/uri/authority.rs:784:5
    |
784 |     #[variant(i@)]
    |     ^^^^^^^^^^^^^^
    |
    = note: see issue #54727 <https://github.com/rust-lang/rust/issues/54727> for more information
    = help: add `#![feature(proc_macro_hygiene)]` to the crate attributes to enable
    = note: this compiler was built on 2026-02-26; consider upgrading it if it is out of date

error[E0658]: custom attributes cannot be applied to expressions
   --> src/uri/authority.rs:965:5
    |
965 |     #[invariant(index@ <= left@.len())]
    |     ^^^^^^^^^^^^^^^^^^^^^^^^^^^^^^^^^^^
    |
    = note: see issue #54727 <https://github.com/rust-lang/rust/issues/54727> for more information
    = help: add `#![feature(proc_macro_hygiene)]` to the crate attributes to enable
    = note: this compiler was built on 2026-02-26; consider upgrading it if it is out of date

error[E0658]: attributes on expressions are experimental
   --> src/uri/authority.rs:966:5
    |
966 |     #[invariant(index@ <= right@.len())]
    |     ^^^^^^^^^^^^^^^^^^^^^^^^^^^^^^^^^^^^
    |
    = note: see issue #15701 <https://github.com/rust-lang/rust/issues/15701> for more information
    = help: add `#![feature(stmt_expr_attributes)]` to the crate attributes to enable
    = note: this compiler was built on 2026-02-26; consider upgrading it if it is out of date

error[E0658]: custom attributes cannot be applied to expressions
   --> src/uri/authority.rs:966:5
    |
966 |     #[invariant(index@ <= right@.len())]
    |     ^^^^^^^^^^^^^^^^^^^^^^^^^^^^^^^^^^^^
    |
    = note: see issue #54727 <https://github.com/rust-lang/rust/issues/54727> for more information
    = help: add `#![feature(proc_macro_hygiene)]` to the crate attributes to enable
    = note: this compiler was built on 2026-02-26; consider upgrading it if it is out of date

error[E0658]: attributes on expressions are experimental
   --> src/uri/authority.rs:967:5
    |
967 | /     #[invariant(authority_folded_bytes(left@).subsequence(0, index@)
968 | |         == authority_folded_bytes(right@).subsequence(0, index@))]
    | |__________________________________________________________________^
    |
    = note: see issue #15701 <https://github.com/rust-lang/rust/issues/15701> for more information
    = help: add `#![feature(stmt_expr_attributes)]` to the crate attributes to enable
    = note: this compiler was built on 2026-02-26; consider upgrading it if it is out of date

error[E0658]: custom attributes cannot be applied to expressions
   --> src/uri/authority.rs:967:5
    |
967 | /     #[invariant(authority_folded_bytes(left@).subsequence(0, index@)
968 | |         == authority_folded_bytes(right@).subsequence(0, index@))]
    | |__________________________________________________________________^
    |
    = note: see issue #54727 <https://github.com/rust-lang/rust/issues/54727> for more information
    = help: add `#![feature(proc_macro_hygiene)]` to the crate attributes to enable
    = note: this compiler was built on 2026-02-26; consider upgrading it if it is out of date

error[E0658]: attributes on expressions are experimental
   --> src/uri/authority.rs:969:5
    |
969 |     #[variant(left@.len() - index@)]
    |     ^^^^^^^^^^^^^^^^^^^^^^^^^^^^^^^^
    |
    = note: see issue #15701 <https://github.com/rust-lang/rust/issues/15701> for more information
    = help: add `#![feature(stmt_expr_attributes)]` to the crate attributes to enable
    = note: this compiler was built on 2026-02-26; consider upgrading it if it is out of date

error[E0658]: custom attributes cannot be applied to expressions
   --> src/uri/authority.rs:969:5
    |
969 |     #[variant(left@.len() - index@)]
    |     ^^^^^^^^^^^^^^^^^^^^^^^^^^^^^^^^
    |
    = note: see issue #54727 <https://github.com/rust-lang/rust/issues/54727> for more information
    = help: add `#![feature(proc_macro_hygiene)]` to the crate attributes to enable
    = note: this compiler was built on 2026-02-26; consider upgrading it if it is out of date

error[E0658]: custom attributes cannot be applied to expressions
    --> src/uri/authority.rs:1013:5
     |
1013 |     #[invariant(index@ <= left@.len())]
     |     ^^^^^^^^^^^^^^^^^^^^^^^^^^^^^^^^^^^
     |
     = note: see issue #54727 <https://github.com/rust-lang/rust/issues/54727> for more information
     = help: add `#![feature(proc_macro_hygiene)]` to the crate attributes to enable
     = note: this compiler was built on 2026-02-26; consider upgrading it if it is out of date

error[E0658]: attributes on expressions are experimental
    --> src/uri/authority.rs:1014:5
     |
1014 |     #[invariant(index@ <= right@.len())]
     |     ^^^^^^^^^^^^^^^^^^^^^^^^^^^^^^^^^^^^
     |
     = note: see issue #15701 <https://github.com/rust-lang/rust/issues/15701> for more information
     = help: add `#![feature(stmt_expr_attributes)]` to the crate attributes to enable
     = note: this compiler was built on 2026-02-26; consider upgrading it if it is out of date

error[E0658]: custom attributes cannot be applied to expressions
    --> src/uri/authority.rs:1014:5
     |
1014 |     #[invariant(index@ <= right@.len())]
     |     ^^^^^^^^^^^^^^^^^^^^^^^^^^^^^^^^^^^^
     |
     = note: see issue #54727 <https://github.com/rust-lang/rust/issues/54727> for more information
     = help: add `#![feature(proc_macro_hygiene)]` to the crate attributes to enable
     = note: this compiler was built on 2026-02-26; consider upgrading it if it is out of date

error[E0658]: attributes on expressions are experimental
    --> src/uri/authority.rs:1015:5
     |
1015 | /     #[invariant(authority_folded_cmp_from(*left_folded, *right_folded, 0)
1016 | |         == authority_folded_cmp_from(*left_folded, *right_folded, index@))]
     | |___________________________________________________________________________^
     |
     = note: see issue #15701 <https://github.com/rust-lang/rust/issues/15701> for more information
     = help: add `#![feature(stmt_expr_attributes)]` to the crate attributes to enable
     = note: this compiler was built on 2026-02-26; consider upgrading it if it is out of date

error[E0658]: custom attributes cannot be applied to expressions
    --> src/uri/authority.rs:1015:5
     |
1015 | /     #[invariant(authority_folded_cmp_from(*left_folded, *right_folded, 0)
1016 | |         == authority_folded_cmp_from(*left_folded, *right_folded, index@))]
     | |___________________________________________________________________________^
     |
     = note: see issue #54727 <https://github.com/rust-lang/rust/issues/54727> for more information
     = help: add `#![feature(proc_macro_hygiene)]` to the crate attributes to enable
     = note: this compiler was built on 2026-02-26; consider upgrading it if it is out of date

error[E0658]: attributes on expressions are experimental
    --> src/uri/authority.rs:1017:5
     |
1017 |     #[variant(common_len@ - index@)]
     |     ^^^^^^^^^^^^^^^^^^^^^^^^^^^^^^^^
     |
     = note: see issue #15701 <https://github.com/rust-lang/rust/issues/15701> for more information
     = help: add `#![feature(stmt_expr_attributes)]` to the crate attributes to enable
     = note: this compiler was built on 2026-02-26; consider upgrading it if it is out of date

error[E0658]: custom attributes cannot be applied to expressions
    --> src/uri/authority.rs:1017:5
     |
1017 |     #[variant(common_len@ - index@)]
     |     ^^^^^^^^^^^^^^^^^^^^^^^^^^^^^^^^
     |
     = note: see issue #54727 <https://github.com/rust-lang/rust/issues/54727> for more information
     = help: add `#![feature(proc_macro_hygiene)]` to the crate attributes to enable
     = note: this compiler was built on 2026-02-26; consider upgrading it if it is out of date

error[E0658]: custom attributes cannot be applied to expressions
    --> src/uri/authority.rs:1643:5
     |
1643 |     #[invariant(i@ <= bytes@.len())]
     |     ^^^^^^^^^^^^^^^^^^^^^^^^^^^^^^^^
     |
     = note: see issue #54727 <https://github.com/rust-lang/rust/issues/54727> for more information
     = help: add `#![feature(proc_macro_hygiene)]` to the crate attributes to enable
     = note: this compiler was built on 2026-02-26; consider upgrading it if it is out of date

error[E0658]: attributes on expressions are experimental
    --> src/uri/authority.rs:1644:5
     |
1644 |     #[invariant(host_start@ == authority_host_start_before(bytes@, i@))]
     |     ^^^^^^^^^^^^^^^^^^^^^^^^^^^^^^^^^^^^^^^^^^^^^^^^^^^^^^^^^^^^^^^^^^^^
     |
     = note: see issue #15701 <https://github.com/rust-lang/rust/issues/15701> for more information
     = help: add `#![feature(stmt_expr_attributes)]` to the crate attributes to enable
     = note: this compiler was built on 2026-02-26; consider upgrading it if it is out of date

error[E0658]: custom attributes cannot be applied to expressions
    --> src/uri/authority.rs:1644:5
     |
1644 |     #[invariant(host_start@ == authority_host_start_before(bytes@, i@))]
     |     ^^^^^^^^^^^^^^^^^^^^^^^^^^^^^^^^^^^^^^^^^^^^^^^^^^^^^^^^^^^^^^^^^^^^
     |
     = note: see issue #54727 <https://github.com/rust-lang/rust/issues/54727> for more information
     = help: add `#![feature(proc_macro_hygiene)]` to the crate attributes to enable
     = note: this compiler was built on 2026-02-26; consider upgrading it if it is out of date

error[E0658]: attributes on expressions are experimental
    --> src/uri/authority.rs:1645:5
     |
1645 |     #[variant(bytes@.len() - i@)]
     |     ^^^^^^^^^^^^^^^^^^^^^^^^^^^^^
     |
     = note: see issue #15701 <https://github.com/rust-lang/rust/issues/15701> for more information
     = help: add `#![feature(stmt_expr_attributes)]` to the crate attributes to enable
     = note: this compiler was built on 2026-02-26; consider upgrading it if it is out of date

error[E0658]: custom attributes cannot be applied to expressions
    --> src/uri/authority.rs:1645:5
     |
1645 |     #[variant(bytes@.len() - i@)]
     |     ^^^^^^^^^^^^^^^^^^^^^^^^^^^^^
     |
     = note: see issue #54727 <https://github.com/rust-lang/rust/issues/54727> for more information
     = help: add `#![feature(proc_macro_hygiene)]` to the crate attributes to enable
     = note: this compiler was built on 2026-02-26; consider upgrading it if it is out of date

error[E0658]: custom attributes cannot be applied to expressions
    --> src/uri/authority.rs:1667:9
     |
1667 |         #[invariant(host_start@ + 1 <= host_end@)]
     |         ^^^^^^^^^^^^^^^^^^^^^^^^^^^^^^^^^^^^^^^^^^
     |
     = note: see issue #54727 <https://github.com/rust-lang/rust/issues/54727> for more information
     = help: add `#![feature(proc_macro_hygiene)]` to the crate attributes to enable
     = note: this compiler was built on 2026-02-26; consider upgrading it if it is out of date

error[E0658]: attributes on expressions are experimental
    --> src/uri/authority.rs:1668:9
     |
1668 |         #[invariant(host_end@ <= bytes@.len())]
     |         ^^^^^^^^^^^^^^^^^^^^^^^^^^^^^^^^^^^^^^^
     |
     = note: see issue #15701 <https://github.com/rust-lang/rust/issues/15701> for more information
     = help: add `#![feature(stmt_expr_attributes)]` to the crate attributes to enable
     = note: this compiler was built on 2026-02-26; consider upgrading it if it is out of date

error[E0658]: custom attributes cannot be applied to expressions
    --> src/uri/authority.rs:1668:9
     |
1668 |         #[invariant(host_end@ <= bytes@.len())]
     |         ^^^^^^^^^^^^^^^^^^^^^^^^^^^^^^^^^^^^^^^
     |
     = note: see issue #54727 <https://github.com/rust-lang/rust/issues/54727> for more information
     = help: add `#![feature(proc_macro_hygiene)]` to the crate attributes to enable
     = note: this compiler was built on 2026-02-26; consider upgrading it if it is out of date

error[E0658]: attributes on expressions are experimental
    --> src/uri/authority.rs:1669:9
     |
1669 | /         #[invariant(host_end@ <= authority_first_byte_from(
1670 | |             bytes@, host_start@ + 1, 93,
1671 | |         ))]
     | |___________^
     |
     = note: see issue #15701 <https://github.com/rust-lang/rust/issues/15701> for more information
     = help: add `#![feature(stmt_expr_attributes)]` to the crate attributes to enable
     = note: this compiler was built on 2026-02-26; consider upgrading it if it is out of date

error[E0658]: custom attributes cannot be applied to expressions
    --> src/uri/authority.rs:1669:9
     |
1669 | /         #[invariant(host_end@ <= authority_first_byte_from(
1670 | |             bytes@, host_start@ + 1, 93,
1671 | |         ))]
     | |___________^
     |
     = note: see issue #54727 <https://github.com/rust-lang/rust/issues/54727> for more information
     = help: add `#![feature(proc_macro_hygiene)]` to the crate attributes to enable
     = note: this compiler was built on 2026-02-26; consider upgrading it if it is out of date

error[E0658]: attributes on expressions are experimental
    --> src/uri/authority.rs:1672:9
     |
1672 | /         #[invariant(forall<j: Int> host_start@ + 1 <= j && j < host_end@ ==>
1673 | |             bytes@[j]@ != 93)]
     | |______________________________^
     |
     = note: see issue #15701 <https://github.com/rust-lang/rust/issues/15701> for more information
     = help: add `#![feature(stmt_expr_attributes)]` to the crate attributes to enable
     = note: this compiler was built on 2026-02-26; consider upgrading it if it is out of date

error[E0658]: custom attributes cannot be applied to expressions
    --> src/uri/authority.rs:1672:9
     |
1672 | /         #[invariant(forall<j: Int> host_start@ + 1 <= j && j < host_end@ ==>
1673 | |             bytes@[j]@ != 93)]
     | |______________________________^
     |
     = note: see issue #54727 <https://github.com/rust-lang/rust/issues/54727> for more information
     = help: add `#![feature(proc_macro_hygiene)]` to the crate attributes to enable
     = note: this compiler was built on 2026-02-26; consider upgrading it if it is out of date

error[E0658]: attributes on expressions are experimental
    --> src/uri/authority.rs:1674:9
     |
1674 |         #[variant(bytes@.len() - host_end@)]
     |         ^^^^^^^^^^^^^^^^^^^^^^^^^^^^^^^^^^^^
     |
     = note: see issue #15701 <https://github.com/rust-lang/rust/issues/15701> for more information
     = help: add `#![feature(stmt_expr_attributes)]` to the crate attributes to enable
     = note: this compiler was built on 2026-02-26; consider upgrading it if it is out of date

error[E0658]: custom attributes cannot be applied to expressions
    --> src/uri/authority.rs:1674:9
     |
1674 |         #[variant(bytes@.len() - host_end@)]
     |         ^^^^^^^^^^^^^^^^^^^^^^^^^^^^^^^^^^^^
     |
     = note: see issue #54727 <https://github.com/rust-lang/rust/issues/54727> for more information
     = help: add `#![feature(proc_macro_hygiene)]` to the crate attributes to enable
     = note: this compiler was built on 2026-02-26; consider upgrading it if it is out of date

error[E0658]: custom attributes cannot be applied to expressions
    --> src/uri/authority.rs:1732:9
     |
1732 |         #[invariant(host_start@ <= host_end@)]
     |         ^^^^^^^^^^^^^^^^^^^^^^^^^^^^^^^^^^^^^^
     |
     = note: see issue #54727 <https://github.com/rust-lang/rust/issues/54727> for more information
     = help: add `#![feature(proc_macro_hygiene)]` to the crate attributes to enable
     = note: this compiler was built on 2026-02-26; consider upgrading it if it is out of date

error[E0658]: attributes on expressions are experimental
    --> src/uri/authority.rs:1733:9
     |
1733 |         #[invariant(host_end@ <= bytes@.len())]
     |         ^^^^^^^^^^^^^^^^^^^^^^^^^^^^^^^^^^^^^^^
     |
     = note: see issue #15701 <https://github.com/rust-lang/rust/issues/15701> for more information
     = help: add `#![feature(stmt_expr_attributes)]` to the crate attributes to enable
     = note: this compiler was built on 2026-02-26; consider upgrading it if it is out of date

error[E0658]: custom attributes cannot be applied to expressions
    --> src/uri/authority.rs:1733:9
     |
1733 |         #[invariant(host_end@ <= bytes@.len())]
     |         ^^^^^^^^^^^^^^^^^^^^^^^^^^^^^^^^^^^^^^^
     |
     = note: see issue #54727 <https://github.com/rust-lang/rust/issues/54727> for more information
     = help: add `#![feature(proc_macro_hygiene)]` to the crate attributes to enable
     = note: this compiler was built on 2026-02-26; consider upgrading it if it is out of date

error[E0658]: attributes on expressions are experimental
    --> src/uri/authority.rs:1734:9
     |
1734 |         #[invariant(host_end@ <= authority_first_byte_from(bytes@, host_start@, 58))]
     |         ^^^^^^^^^^^^^^^^^^^^^^^^^^^^^^^^^^^^^^^^^^^^^^^^^^^^^^^^^^^^^^^^^^^^^^^^^^^^^
     |
     = note: see issue #15701 <https://github.com/rust-lang/rust/issues/15701> for more information
     = help: add `#![feature(stmt_expr_attributes)]` to the crate attributes to enable
     = note: this compiler was built on 2026-02-26; consider upgrading it if it is out of date

error[E0658]: custom attributes cannot be applied to expressions
    --> src/uri/authority.rs:1734:9
     |
1734 |         #[invariant(host_end@ <= authority_first_byte_from(bytes@, host_start@, 58))]
     |         ^^^^^^^^^^^^^^^^^^^^^^^^^^^^^^^^^^^^^^^^^^^^^^^^^^^^^^^^^^^^^^^^^^^^^^^^^^^^^
     |
     = note: see issue #54727 <https://github.com/rust-lang/rust/issues/54727> for more information
     = help: add `#![feature(proc_macro_hygiene)]` to the crate attributes to enable
     = note: this compiler was built on 2026-02-26; consider upgrading it if it is out of date

error[E0658]: attributes on expressions are experimental
    --> src/uri/authority.rs:1735:9
     |
1735 | /         #[invariant(forall<j: Int> host_start@ <= j && j < host_end@ ==>
1736 | |             bytes@[j]@ != 58)]
     | |______________________________^
     |
     = note: see issue #15701 <https://github.com/rust-lang/rust/issues/15701> for more information
     = help: add `#![feature(stmt_expr_attributes)]` to the crate attributes to enable
     = note: this compiler was built on 2026-02-26; consider upgrading it if it is out of date

error[E0658]: custom attributes cannot be applied to expressions
    --> src/uri/authority.rs:1735:9
     |
1735 | /         #[invariant(forall<j: Int> host_start@ <= j && j < host_end@ ==>
1736 | |             bytes@[j]@ != 58)]
     | |______________________________^
     |
     = note: see issue #54727 <https://github.com/rust-lang/rust/issues/54727> for more information
     = help: add `#![feature(proc_macro_hygiene)]` to the crate attributes to enable
     = note: this compiler was built on 2026-02-26; consider upgrading it if it is out of date

error[E0658]: attributes on expressions are experimental
    --> src/uri/authority.rs:1737:9
     |
1737 |         #[variant(bytes@.len() - host_end@)]
     |         ^^^^^^^^^^^^^^^^^^^^^^^^^^^^^^^^^^^^
     |
     = note: see issue #15701 <https://github.com/rust-lang/rust/issues/15701> for more information
     = help: add `#![feature(stmt_expr_attributes)]` to the crate attributes to enable
     = note: this compiler was built on 2026-02-26; consider upgrading it if it is out of date

error[E0658]: custom attributes cannot be applied to expressions
    --> src/uri/authority.rs:1737:9
     |
1737 |         #[variant(bytes@.len() - host_end@)]
     |         ^^^^^^^^^^^^^^^^^^^^^^^^^^^^^^^^^^^^
     |
     = note: see issue #54727 <https://github.com/rust-lang/rust/issues/54727> for more information
     = help: add `#![feature(proc_macro_hygiene)]` to the crate attributes to enable
     = note: this compiler was built on 2026-02-26; consider upgrading it if it is out of date

error[E0658]: custom attributes cannot be applied to expressions
    --> src/uri/authority.rs:1883:5
     |
1883 |     #[invariant(i@ <= s@.len())]
     |     ^^^^^^^^^^^^^^^^^^^^^^^^^^^^
     |
     = note: see issue #54727 <https://github.com/rust-lang/rust/issues/54727> for more information
     = help: add `#![feature(proc_macro_hygiene)]` to the crate attributes to enable
     = note: this compiler was built on 2026-02-26; consider upgrading it if it is out of date

error[E0658]: attributes on expressions are experimental
    --> src/uri/authority.rs:1884:5
     |
1884 |     #[invariant(end@ <= s@.len())]
     |     ^^^^^^^^^^^^^^^^^^^^^^^^^^^^^^
     |
     = note: see issue #15701 <https://github.com/rust-lang/rust/issues/15701> for more information
     = help: add `#![feature(stmt_expr_attributes)]` to the crate attributes to enable
     = note: this compiler was built on 2026-02-26; consider upgrading it if it is out of date

error[E0658]: custom attributes cannot be applied to expressions
    --> src/uri/authority.rs:1884:5
     |
1884 |     #[invariant(end@ <= s@.len())]
     |     ^^^^^^^^^^^^^^^^^^^^^^^^^^^^^^
     |
     = note: see issue #54727 <https://github.com/rust-lang/rust/issues/54727> for more information
     = help: add `#![feature(proc_macro_hygiene)]` to the crate attributes to enable
     = note: this compiler was built on 2026-02-26; consider upgrading it if it is out of date

error[E0658]: attributes on expressions are experimental
    --> src/uri/authority.rs:1885:5
     |
1885 |     #[invariant(end@ == s@.len() || end@ == i@)]
     |     ^^^^^^^^^^^^^^^^^^^^^^^^^^^^^^^^^^^^^^^^^^^^
     |
     = note: see issue #15701 <https://github.com/rust-lang/rust/issues/15701> for more information
     = help: add `#![feature(stmt_expr_attributes)]` to the crate attributes to enable
     = note: this compiler was built on 2026-02-26; consider upgrading it if it is out of date

error[E0658]: custom attributes cannot be applied to expressions
    --> src/uri/authority.rs:1885:5
     |
1885 |     #[invariant(end@ == s@.len() || end@ == i@)]
     |     ^^^^^^^^^^^^^^^^^^^^^^^^^^^^^^^^^^^^^^^^^^^^
     |
     = note: see issue #54727 <https://github.com/rust-lang/rust/issues/54727> for more information
     = help: add `#![feature(proc_macro_hygiene)]` to the crate attributes to enable
     = note: this compiler was built on 2026-02-26; consider upgrading it if it is out of date

error[E0658]: attributes on expressions are experimental
    --> src/uri/authority.rs:1886:5
     |
1886 |     #[invariant(end@ == s@.len() || authority_delimiter(s@[end@]@))]
     |     ^^^^^^^^^^^^^^^^^^^^^^^^^^^^^^^^^^^^^^^^^^^^^^^^^^^^^^^^^^^^^^^^
     |
     = note: see issue #15701 <https://github.com/rust-lang/rust/issues/15701> for more information
     = help: add `#![feature(stmt_expr_attributes)]` to the crate attributes to enable
     = note: this compiler was built on 2026-02-26; consider upgrading it if it is out of date

error[E0658]: custom attributes cannot be applied to expressions
    --> src/uri/authority.rs:1886:5
     |
1886 |     #[invariant(end@ == s@.len() || authority_delimiter(s@[end@]@))]
     |     ^^^^^^^^^^^^^^^^^^^^^^^^^^^^^^^^^^^^^^^^^^^^^^^^^^^^^^^^^^^^^^^^
     |
     = note: see issue #54727 <https://github.com/rust-lang/rust/issues/54727> for more information
     = help: add `#![feature(proc_macro_hygiene)]` to the crate attributes to enable
     = note: this compiler was built on 2026-02-26; consider upgrading it if it is out of date

error[E0658]: attributes on expressions are experimental
    --> src/uri/authority.rs:1887:5
     |
1887 | /     #[invariant(forall<j: Int> 0 <= j && j < i@ ==>
1888 | |         !authority_delimiter(s@[j]@))]
     | |______________________________________^
     |
     = note: see issue #15701 <https://github.com/rust-lang/rust/issues/15701> for more information
     = help: add `#![feature(stmt_expr_attributes)]` to the crate attributes to enable
     = note: this compiler was built on 2026-02-26; consider upgrading it if it is out of date

error[E0658]: custom attributes cannot be applied to expressions
    --> src/uri/authority.rs:1887:5
     |
1887 | /     #[invariant(forall<j: Int> 0 <= j && j < i@ ==>
1888 | |         !authority_delimiter(s@[j]@))]
     | |______________________________________^
     |
     = note: see issue #54727 <https://github.com/rust-lang/rust/issues/54727> for more information
     = help: add `#![feature(proc_macro_hygiene)]` to the crate attributes to enable
     = note: this compiler was built on 2026-02-26; consider upgrading it if it is out of date

error[E0658]: attributes on expressions are experimental
    --> src/uri/authority.rs:1889:5
     |
1889 | /     #[invariant(forall<j: Int> 0 <= j && j < i@ ==>
1890 | |         authority_chars::uri_char_model(s@[j]@) != 0 || s@[j]@ == 37)]
     | |______________________________________________________________________^
     |
     = note: see issue #15701 <https://github.com/rust-lang/rust/issues/15701> for more information
     = help: add `#![feature(stmt_expr_attributes)]` to the crate attributes to enable
     = note: this compiler was built on 2026-02-26; consider upgrading it if it is out of date

error[E0658]: custom attributes cannot be applied to expressions
    --> src/uri/authority.rs:1889:5
     |
1889 | /     #[invariant(forall<j: Int> 0 <= j && j < i@ ==>
1890 | |         authority_chars::uri_char_model(s@[j]@) != 0 || s@[j]@ == 37)]
     | |______________________________________________________________________^
     |
     = note: see issue #54727 <https://github.com/rust-lang/rust/issues/54727> for more information
     = help: add `#![feature(proc_macro_hygiene)]` to the crate attributes to enable
     = note: this compiler was built on 2026-02-26; consider upgrading it if it is out of date

error[E0658]: attributes on expressions are experimental
    --> src/uri/authority.rs:1891:5
     |
1891 |     #[invariant(forall<j: Int> 0 <= j && j < i@ ==> s@[j]@ < 128)]
     |     ^^^^^^^^^^^^^^^^^^^^^^^^^^^^^^^^^^^^^^^^^^^^^^^^^^^^^^^^^^^^^^
     |
     = note: see issue #15701 <https://github.com/rust-lang/rust/issues/15701> for more information
     = help: add `#![feature(stmt_expr_attributes)]` to the crate attributes to enable
     = note: this compiler was built on 2026-02-26; consider upgrading it if it is out of date

error[E0658]: custom attributes cannot be applied to expressions
    --> src/uri/authority.rs:1891:5
     |
1891 |     #[invariant(forall<j: Int> 0 <= j && j < i@ ==> s@[j]@ < 128)]
     |     ^^^^^^^^^^^^^^^^^^^^^^^^^^^^^^^^^^^^^^^^^^^^^^^^^^^^^^^^^^^^^^
     |
     = note: see issue #54727 <https://github.com/rust-lang/rust/issues/54727> for more information
     = help: add `#![feature(proc_macro_hygiene)]` to the crate attributes to enable
     = note: this compiler was built on 2026-02-26; consider upgrading it if it is out of date

error[E0658]: attributes on expressions are experimental
    --> src/uri/authority.rs:1892:5
     |
1892 |     #[invariant(authority_prefix_steps_valid(s@, i@))]
     |     ^^^^^^^^^^^^^^^^^^^^^^^^^^^^^^^^^^^^^^^^^^^^^^^^^^
     |
     = note: see issue #15701 <https://github.com/rust-lang/rust/issues/15701> for more information
     = help: add `#![feature(stmt_expr_attributes)]` to the crate attributes to enable
     = note: this compiler was built on 2026-02-26; consider upgrading it if it is out of date

error[E0658]: custom attributes cannot be applied to expressions
    --> src/uri/authority.rs:1892:5
     |
1892 |     #[invariant(authority_prefix_steps_valid(s@, i@))]
     |     ^^^^^^^^^^^^^^^^^^^^^^^^^^^^^^^^^^^^^^^^^^^^^^^^^^
     |
     = note: see issue #54727 <https://github.com/rust-lang/rust/issues/54727> for more information
     = help: add `#![feature(proc_macro_hygiene)]` to the crate attributes to enable
     = note: this compiler was built on 2026-02-26; consider upgrading it if it is out of date

error[E0658]: attributes on expressions are experimental
    --> src/uri/authority.rs:1893:5
     |
1893 |     #[invariant(colon_cnt@ == authority_colons_since_reset(s@, i@))]
     |     ^^^^^^^^^^^^^^^^^^^^^^^^^^^^^^^^^^^^^^^^^^^^^^^^^^^^^^^^^^^^^^^^
     |
     = note: see issue #15701 <https://github.com/rust-lang/rust/issues/15701> for more information
     = help: add `#![feature(stmt_expr_attributes)]` to the crate attributes to enable
     = note: this compiler was built on 2026-02-26; consider upgrading it if it is out of date

error[E0658]: custom attributes cannot be applied to expressions
    --> src/uri/authority.rs:1893:5
     |
1893 |     #[invariant(colon_cnt@ == authority_colons_since_reset(s@, i@))]
     |     ^^^^^^^^^^^^^^^^^^^^^^^^^^^^^^^^^^^^^^^^^^^^^^^^^^^^^^^^^^^^^^^^
     |
     = note: see issue #54727 <https://github.com/rust-lang/rust/issues/54727> for more information
     = help: add `#![feature(proc_macro_hygiene)]` to the crate attributes to enable
     = note: this compiler was built on 2026-02-26; consider upgrading it if it is out of date

error[E0658]: attributes on expressions are experimental
    --> src/uri/authority.rs:1894:5
     |
1894 |     #[invariant(start_bracket == authority_prefix_has_byte(s@, i@, 91))]
     |     ^^^^^^^^^^^^^^^^^^^^^^^^^^^^^^^^^^^^^^^^^^^^^^^^^^^^^^^^^^^^^^^^^^^^
     |
     = note: see issue #15701 <https://github.com/rust-lang/rust/issues/15701> for more information
     = help: add `#![feature(stmt_expr_attributes)]` to the crate attributes to enable
     = note: this compiler was built on 2026-02-26; consider upgrading it if it is out of date

error[E0658]: custom attributes cannot be applied to expressions
    --> src/uri/authority.rs:1894:5
     |
1894 |     #[invariant(start_bracket == authority_prefix_has_byte(s@, i@, 91))]
     |     ^^^^^^^^^^^^^^^^^^^^^^^^^^^^^^^^^^^^^^^^^^^^^^^^^^^^^^^^^^^^^^^^^^^^
     |
     = note: see issue #54727 <https://github.com/rust-lang/rust/issues/54727> for more information
     = help: add `#![feature(proc_macro_hygiene)]` to the crate attributes to enable
     = note: this compiler was built on 2026-02-26; consider upgrading it if it is out of date

error[E0658]: attributes on expressions are experimental
    --> src/uri/authority.rs:1895:5
     |
1895 |     #[invariant(end_bracket == authority_prefix_has_byte(s@, i@, 93))]
     |     ^^^^^^^^^^^^^^^^^^^^^^^^^^^^^^^^^^^^^^^^^^^^^^^^^^^^^^^^^^^^^^^^^^
     |
     = note: see issue #15701 <https://github.com/rust-lang/rust/issues/15701> for more information
     = help: add `#![feature(stmt_expr_attributes)]` to the crate attributes to enable
     = note: this compiler was built on 2026-02-26; consider upgrading it if it is out of date

error[E0658]: custom attributes cannot be applied to expressions
    --> src/uri/authority.rs:1895:5
     |
1895 |     #[invariant(end_bracket == authority_prefix_has_byte(s@, i@, 93))]
     |     ^^^^^^^^^^^^^^^^^^^^^^^^^^^^^^^^^^^^^^^^^^^^^^^^^^^^^^^^^^^^^^^^^^
     |
     = note: see issue #54727 <https://github.com/rust-lang/rust/issues/54727> for more information
     = help: add `#![feature(proc_macro_hygiene)]` to the crate attributes to enable
     = note: this compiler was built on 2026-02-26; consider upgrading it if it is out of date

error[E0658]: attributes on expressions are experimental
    --> src/uri/authority.rs:1896:5
     |
1896 |     #[invariant(has_percent == authority_percent_since_reset(s@, i@))]
     |     ^^^^^^^^^^^^^^^^^^^^^^^^^^^^^^^^^^^^^^^^^^^^^^^^^^^^^^^^^^^^^^^^^^
     |
     = note: see issue #15701 <https://github.com/rust-lang/rust/issues/15701> for more information
     = help: add `#![feature(stmt_expr_attributes)]` to the crate attributes to enable
     = note: this compiler was built on 2026-02-26; consider upgrading it if it is out of date

error[E0658]: custom attributes cannot be applied to expressions
    --> src/uri/authority.rs:1896:5
     |
1896 |     #[invariant(has_percent == authority_percent_since_reset(s@, i@))]
     |     ^^^^^^^^^^^^^^^^^^^^^^^^^^^^^^^^^^^^^^^^^^^^^^^^^^^^^^^^^^^^^^^^^^
     |
     = note: see issue #54727 <https://github.com/rust-lang/rust/issues/54727> for more information
     = help: add `#![feature(proc_macro_hygiene)]` to the crate attributes to enable
     = note: this compiler was built on 2026-02-26; consider upgrading it if it is out of date

error[E0658]: attributes on expressions are experimental
    --> src/uri/authority.rs:1897:5
     |
1897 |     #[invariant(at_sign_pos@ == authority_last_at(s@, i@))]
     |     ^^^^^^^^^^^^^^^^^^^^^^^^^^^^^^^^^^^^^^^^^^^^^^^^^^^^^^^
     |
     = note: see issue #15701 <https://github.com/rust-lang/rust/issues/15701> for more information
     = help: add `#![feature(stmt_expr_attributes)]` to the crate attributes to enable
     = note: this compiler was built on 2026-02-26; consider upgrading it if it is out of date

error[E0658]: custom attributes cannot be applied to expressions
    --> src/uri/authority.rs:1897:5
     |
1897 |     #[invariant(at_sign_pos@ == authority_last_at(s@, i@))]
     |     ^^^^^^^^^^^^^^^^^^^^^^^^^^^^^^^^^^^^^^^^^^^^^^^^^^^^^^^
     |
     = note: see issue #54727 <https://github.com/rust-lang/rust/issues/54727> for more information
     = help: add `#![feature(proc_macro_hygiene)]` to the crate attributes to enable
     = note: this compiler was built on 2026-02-26; consider upgrading it if it is out of date

error[E0658]: attributes on expressions are experimental
    --> src/uri/authority.rs:1898:5
     |
1898 |     #[variant(s@.len() - i@)]
     |     ^^^^^^^^^^^^^^^^^^^^^^^^^
     |
     = note: see issue #15701 <https://github.com/rust-lang/rust/issues/15701> for more information
     = help: add `#![feature(stmt_expr_attributes)]` to the crate attributes to enable
     = note: this compiler was built on 2026-02-26; consider upgrading it if it is out of date

error[E0658]: custom attributes cannot be applied to expressions
    --> src/uri/authority.rs:1898:5
     |
1898 |     #[variant(s@.len() - i@)]
     |     ^^^^^^^^^^^^^^^^^^^^^^^^^
     |
     = note: see issue #54727 <https://github.com/rust-lang/rust/issues/54727> for more information
     = help: add `#![feature(proc_macro_hygiene)]` to the crate attributes to enable
     = note: this compiler was built on 2026-02-26; consider upgrading it if it is out of date

For more information about this error, try `rustc --explain E0658`.
error: could not compile `http` (lib) due to 78 previous errors
