bytes proof: /workspace/bytes-runtime-verification/bytes/1.11.1/verification/probes/bound-pointer-offset; one prover; 1024 MiB; native Ordering; sc-drf disabled
     Removed 7 files, 290.1KiB total
    Checking bytes-bound-pointer-offset v0.1.0 (/workspace/bytes-runtime-verification/bytes/1.11.1/verification/probes/bound-pointer-offset)
warning: function `map_op_get` is never used
  --> src/../../../../src/ownership_proof/owned_region.rs:47:15
   |
47 | pub(crate) fn map_op_get(
   |               ^^^^^^^^^^
   |
   = note: `#[warn(dead_code)]` (part of `#[warn(unused)]`) on by default

warning: associated items `into_parts`, `slots`, `slot`, `restrict`, `split_at`, and `join` are never used
   --> src/../../../../src/ownership_proof/owned_region.rs:125:19
    |
 95 | impl OwnedRegion {
    | ---------------- associated items in this implementation
...
125 |     pub(crate) fn into_parts(self) -> (Int, Int, Resource<KernelRA>) {
    |                   ^^^^^^^^^^
...
149 |     pub(crate) fn slots(self) -> FMap<Int, Excl<Option<u8>>> {
    |                   ^^^^^
...
156 |     pub(crate) fn slot(self, index: Int) -> Option<Option<u8>> {
    |                   ^^^^
...
167 |     fn restrict(
    |        ^^^^^^^^
...
192 |     pub(crate) fn split_at(self, at: Int) -> (Self, Self) {
    |                   ^^^^^^^^
...
243 |     pub(crate) fn join(self, other: Self) -> Self {
    |                   ^^^^

warning: associated items `unbound` and `as_non_null` are never used
   --> src/../../../../src/ownership_proof/raw_vec.rs:181:19
    |
170 | impl BoundPtr {
    | ------------- associated items in this implementation
...
181 |     pub(crate) fn unbound(pointer: NonNull<u8>) -> Self {
    |                   ^^^^^^^
...
202 |     pub(crate) fn as_non_null(&self) -> NonNull<u8> {
    |                   ^^^^^^^^^^^

warning: methods `split_at` and `join` are never used
   --> src/../../../../src/ownership_proof/raw_vec.rs:433:19
    |
377 | impl PhysicalRegion {
    | ------------------- methods in this implementation
...
433 |     pub(crate) fn split_at(self, at: Int) -> (Self, Self) {
    |                   ^^^^^^^^
...
463 |     pub(crate) fn join(self, other: Self) -> Self {
    |                   ^^^^

warning: struct `PhysicalPool` is never constructed
   --> src/../../../../src/ownership_proof/raw_vec.rs:477:19
    |
477 | pub(crate) struct PhysicalPool {
    |                   ^^^^^^^^^^^^

warning: multiple associated items are never used
   --> src/../../../../src/ownership_proof/raw_vec.rs:510:19
    |
508 | impl PhysicalPool {
    | ----------------- associated items in this implementation
509 |     #[logic(open)]
510 |     pub(crate) fn capacity(self) -> Int {
    |                   ^^^^^^^^
...
515 |     pub(crate) fn namespace(self) -> Id {
    |                   ^^^^^^^^^
...
520 |     pub(crate) fn resource_id(self) -> Id {
    |                   ^^^^^^^^^^^
...
525 |     pub(crate) fn contains(self, index: Int) -> bool {
    |                   ^^^^^^^^
...
530 |     pub(crate) fn slot(self, index: Int) -> Option<Option<u8>> {
    |                   ^^^^
...
544 |     fn kernel_unit_is_empty() {
    |        ^^^^^^^^^^^^^^^^^^^^
...
570 |     pub(crate) fn empty_from(region: &PhysicalRegion) -> Self {
    |                   ^^^^^^^^^^
...
603 |     pub(crate) fn retire(self, region: PhysicalRegion) -> Self {
    |                   ^^^^^^
...
639 |     pub(crate) fn finish(self, lo: Int) -> PhysicalRegion {
    |                   ^^^^^^

warning: function `resume_vec` is never used
   --> src/../../../../src/ownership_proof/raw_vec.rs:763:22
    |
763 | pub(crate) unsafe fn resume_vec(
    |                      ^^^^^^^^^^

warning: function `deallocate_vec` is never used
   --> src/../../../../src/ownership_proof/raw_vec.rs:799:22
    |
799 | pub(crate) unsafe fn deallocate_vec(
    |                      ^^^^^^^^^^^^^^

warning: function `borrow_mut` is never used
   --> src/../../../../src/ownership_proof/raw_vec.rs:883:22
    |
883 | pub(crate) unsafe fn borrow_mut<'a>(
    |                      ^^^^^^^^^^

warning: function `pointer_addr_eq` is never used
  --> src/../../../../src/provenance_specs.rs:19:15
   |
19 | pub(crate) fn pointer_addr_eq<T>(left: *const T, right: *const T) -> bool {
   |               ^^^^^^^^^^^^^^^

warning: function `pointer_addr` is never used
  --> src/../../../../src/provenance_specs.rs:51:15
   |
51 | pub(crate) fn pointer_addr<T>(ptr: *const T) -> usize {
   |               ^^^^^^^^^^^^

warning: function `pointer_with_address` is never used
  --> src/../../../../src/provenance_specs.rs:86:15
   |
86 | pub(crate) fn pointer_with_address(ptr: *mut u8, new_addr: usize) -> *mut u8 {
   |               ^^^^^^^^^^^^^^^^^^^^

warning: function `metadata_pointer` is never used
  --> src/../../../../src/provenance_specs.rs:96:15
   |
96 | pub(crate) fn metadata_pointer(addr: usize) -> *mut u8 {
   |               ^^^^^^^^^^^^^^^^

warning: `bytes-bound-pointer-offset` (lib) generated 13 warnings
    Finished `dev` profile [unoptimized + debuginfo] target(s) in 0.80s
No dangling files found
Proved (29 files) ✔
