   Compiling bytes-actual-frozen v0.1.0 (/tmp/astra-clone-diagnostic/verification/probes/actual-frozen-bytes)
warning: unused import: `ManuallyDrop`
 --> /workspace/bytes-proof-tools/targets/bytes/debug/build/bytes-actual-frozen-08d5e41d211727df/out/actual_frozen.rs:5:22
  |
5 | use core::mem::{self,ManuallyDrop};
  |                      ^^^^^^^^^^^^
  |
  = note: `#[warn(unused_imports)]` (part of `#[warn(unused)]`) on by default

warning: unused import: `core::sync::atomic::AtomicUsize`
 --> /workspace/bytes-proof-tools/targets/bytes/debug/build/bytes-actual-frozen-08d5e41d211727df/out/actual_frozen.rs:7:5
  |
7 | use core::sync::atomic::AtomicUsize;
  |     ^^^^^^^^^^^^^^^^^^^^^^^^^^^^^^^

warning: unused import: `prelude`
  --> /workspace/bytes-proof-tools/targets/bytes/debug/build/bytes-actual-frozen-08d5e41d211727df/out/actual_frozen.rs:15:53
   |
15 |     use creusot_std::{ghost::perm::Perm, logic::Id, prelude::*};
   |                                                     ^^^^^^^

warning: unused variable: `base`
   --> src/../../../../src/ownership_proof/raw_vec.rs:928:25
    |
928 |     let RawAllocation { base, capacity, namespace: _, _not_objective: _ } = raw;
    |                         ^^^^ help: try ignoring the field: `base: _`
    |
    = note: `#[warn(unused_variables)]` (part of `#[warn(unused)]`) on by default

warning: unused variable: `capacity`
   --> src/../../../../src/ownership_proof/raw_vec.rs:928:31
    |
928 |     let RawAllocation { base, capacity, namespace: _, _not_objective: _ } = raw;
    |                               ^^^^^^^^ help: try ignoring the field: `capacity: _`

warning: unused variable: `base`
   --> src/../../../../src/ownership_proof/raw_vec.rs:964:9
    |
964 |     let base = bound.as_ptr();
    |         ^^^^ help: if this is intentional, prefix it with an underscore: `_base`

warning: type `frozen_region::FrozenOwner` is more private than the item `actual::BytesMut::freeze`
   --> /workspace/bytes-proof-tools/targets/bytes/debug/build/bytes-actual-frozen-08d5e41d211727df/out/actual_frozen.rs:424:5
    |
424 | /     pub fn freeze(self,
425 | |         #[cfg(bytes_proof_frozen)] coordinator: &mut Option<crate::ownership_proof::frozen_region::FrozenOwner>,
426 | |         #[cfg(bytes_proof_frozen)] table: &'static crate::bytes::Vtable,
427 | |     ) -> Bytes {
    | |______________^ method `actual::BytesMut::freeze` is reachable at visibility `pub`
    |
note: but type `frozen_region::FrozenOwner` is only usable at visibility `pub(crate)`
   --> src/../../../../src/ownership_proof/frozen_region.rs:67:1
    |
 67 | pub(crate) struct FrozenOwner {
    | ^^^^^^^^^^^^^^^^^^^^^^^^^^^^^
    = note: `#[warn(private_interfaces)]` on by default

warning: type `actual::Vtable` is more private than the item `actual::BytesMut::freeze`
   --> /workspace/bytes-proof-tools/targets/bytes/debug/build/bytes-actual-frozen-08d5e41d211727df/out/actual_frozen.rs:424:5
    |
424 | /     pub fn freeze(self,
425 | |         #[cfg(bytes_proof_frozen)] coordinator: &mut Option<crate::ownership_proof::frozen_region::FrozenOwner>,
426 | |         #[cfg(bytes_proof_frozen)] table: &'static crate::bytes::Vtable,
427 | |     ) -> Bytes {
    | |______________^ method `actual::BytesMut::freeze` is reachable at visibility `pub`
    |
note: but type `actual::Vtable` is only usable at visibility `pub(crate)`
   --> /workspace/bytes-proof-tools/targets/bytes/debug/build/bytes-actual-frozen-08d5e41d211727df/out/actual_frozen.rs:480:1
    |
480 | pub(crate) struct Vtable {
    | ^^^^^^^^^^^^^^^^^^^^^^^^

error: unsupported function call type
   --> /workspace/bytes-proof-tools/targets/bytes/debug/build/bytes-actual-frozen-08d5e41d211727df/out/actual_frozen.rs:572:18
    |
572 |         unsafe { (self.vtable.clone)(&self.data, self.ptr.as_ptr() as *const u8, self.len, self.vtable) }
    |                  ^^^^^^^^^^^^^^^^^^^^^^^^^^^^^^^^^^^^^^^^^^^^^^^^^^^^^^^^^^^^^^^^^^^^^^^^^^^^^^^^^^^^^^

warning: `bytes-actual-frozen` (lib) generated 8 warnings
error: could not compile `bytes-actual-frozen` (lib) due to 1 previous error; 8 warnings emitted
Error: Compilation failed
