bytes proof: /workspace/rust-crate-proofs/bytes/1.11.1; one prover; 1024 MiB; native Ordering; sc-drf disabled
     Removed 893 files, 218.1MiB total
    Checking bytes v1.11.1 (/workspace/rust-crate-proofs/bytes/1.11.1)
warning: unused import: `string::String`
 --> src/bytes_mut.rs:9:5
  |
9 |     string::String,
  |     ^^^^^^^^^^^^^^
  |
  = note: `#[warn(unused_imports)]` (part of `#[warn(unused)]`) on by default

warning: unused import: `AtomicUsize`
  --> src/bytes_mut.rs:18:44
   |
18 | use crate::loom::sync::atomic::{AtomicPtr, AtomicUsize, Ordering};
   |                                            ^^^^^^^^^^^

warning: unreachable expression
    --> src/bytes_mut.rs:3578:13
     |
3568 |             panic!("ARC clone is outside the first sequential split gate");
     |             -------------------------------------------------------------- any code following this expression is unreachable
...
3578 |             { self.pending_descriptor_copy() }
     |             ^^^^^^^^^^^^^^^^^^^^^^^^^^^^^^^^^^ unreachable expression
     |
     = note: `#[warn(unreachable_code)]` (part of `#[warn(unused)]`) on by default

warning: unused import: `prelude`
    --> src/bytes_mut.rs:4760:53
     |
4760 |     use creusot_std::{ghost::perm::Perm, logic::Id, prelude::*};
     |                                                     ^^^^^^^

warning: unused variable: `off`
    --> src/bytes_mut.rs:3483:13
     |
3483 |         let off = crate::capacity_ops::vec_pos_from_data(
     |             ^^^ help: if this is intentional, prefix it with an underscore: `_off`
     |
     = note: `#[warn(unused_variables)]` (part of `#[warn(unused)]`) on by default

warning: unused variable: `base`
   --> src/ownership_proof/raw_vec.rs:939:25
    |
939 |     let RawAllocation { base, capacity, namespace: _, _not_objective: _ } = raw;
    |                         ^^^^ help: try ignoring the field: `base: _`

warning: unused variable: `capacity`
   --> src/ownership_proof/raw_vec.rs:939:31
    |
939 |     let RawAllocation { base, capacity, namespace: _, _not_objective: _ } = raw;
    |                               ^^^^^^^^ help: try ignoring the field: `capacity: _`

warning: unused variable: `base`
   --> src/ownership_proof/raw_vec.rs:975:9
    |
975 |     let base = bound.as_ptr();
    |         ^^^^ help: if this is intentional, prefix it with an underscore: `_base`

warning: associated function `new` is never used
  --> src/buf/chain.rs:42:19
   |
38 | impl<T, U> Chain<T, U> {
   | ---------------------- associated function in this implementation
...
42 |     pub(crate) fn new(a: T, b: U) -> Chain<T, U> {
   |                   ^^^
   |
   = note: `#[warn(dead_code)]` (part of `#[warn(unused)]`) on by default

warning: function `chain` is never used
  --> src/buf/proof_convenience.rs:22:15
   |
22 | pub(crate) fn chain<T: Buf, U: Buf>(first: T, second: U) -> Chain<T, U> {
   |               ^^^^^

warning: function `reader` is never used
  --> src/buf/proof_convenience.rs:32:15
   |
32 | pub(crate) fn reader<T: Buf>(inner: T) -> super::Reader<T> {
   |               ^^^^^^

warning: function `writer` is never used
  --> src/buf/proof_convenience.rs:42:15
   |
42 | pub(crate) fn writer<T: BufMut>(inner: T) -> super::Writer<T> {
   |               ^^^^^^

warning: function `chain_mut` is never used
  --> src/buf/proof_convenience.rs:51:15
   |
51 | pub(crate) fn chain_mut<T: BufMut, U: BufMut>(first: T, second: U) -> Chain<T, U> {
   |               ^^^^^^^^^

warning: function `new` is never used
  --> src/buf/reader.rs:19:8
   |
19 | pub fn new<B>(buf: B) -> Reader<B> {
   |        ^^^

warning: trait `UninitSliceIndexModel` is never used
   --> src/buf/uninit_slice.rs:332:22
    |
332 |     pub(super) trait UninitSliceIndexModel {
    |                      ^^^^^^^^^^^^^^^^^^^^^

warning: function `new` is never used
  --> src/buf/writer.rs:19:8
   |
19 | pub fn new<B>(buf: B) -> Writer<B> {
   |        ^^^

warning: function `reallocate_u8` is never used
  --> src/allocation_ops.rs:25:22
   |
25 | pub(crate) unsafe fn reallocate_u8(base: *mut u8, old_capacity: usize, capacity: usize) -> core::ptr::NonNull<u8> {
   |                      ^^^^^^^^^^^^^

warning: field `original_capacity_repr` is never read
   --> src/bytes_mut.rs:108:5
    |
106 | struct Shared {
    |        ------ field in this struct
107 |     buffer: SharedBuffer,
108 |     original_capacity_repr: usize,
    |     ^^^^^^^^^^^^^^^^^^^^^^

warning: associated items `from_handle` and `reserve` are never used
   --> src/bytes_mut.rs:319:15
    |
316 | impl SharedBuffer {
    | ----------------- associated items in this implementation
...
319 |     unsafe fn from_handle(ptr: *mut u8, capacity: usize, offset: usize) -> Self {
    |               ^^^^^^^^^^^
...
337 |     unsafe fn reserve(&mut self, capacity: usize) {
    |               ^^^^^^^

warning: multiple associated items are never used
    --> src/bytes_mut.rs:1212:8
     |
 386 | impl BytesMut {
     | ------------- associated items in this implementation
...
1212 |     fn reserve_unique_growing(&mut self, additional: usize) {
     |        ^^^^^^^^^^^^^^^^^^^^^^
...
1250 |     fn reclaim_unique(&mut self) {
     |        ^^^^^^^^^^^^^^
...
1284 |     fn reserve_inner(&mut self, additional: usize, allocate: bool) -> bool {
     |        ^^^^^^^^^^^^^
...
1940 |     fn proof_empty_valid(self) -> bool {
     |        ^^^^^^^^^^^^^^^^^
...
2072 |     fn proof_take_coordinator(&mut self) -> Ghost<sequential_shared_control::ControlContext> {
     |        ^^^^^^^^^^^^^^^^^^^^^^
...
2087 |     fn proof_release(mut self, context: Ghost<&mut sequential_shared_control::ControlContext>, left: bool) -> bool {
     |        ^^^^^^^^^^^^^
...
2108 |     pub(crate) fn proof_split_then_release(input: Vec<u8>, at: usize, right_first: bool) {
     |                   ^^^^^^^^^^^^^^^^^^^^^^^^
...
2140 |     pub(crate) fn proof_mutate_split_then_release(input: Vec<u8>, at: usize, left_value: u8, right_value: u8, right_first: bool) {
     |                   ^^^^^^^^^^^^^^^^^^^^^^^^^^^^^^^
...
2169 |     pub(crate) fn proof_access_split_then_release(input: Vec<u8>, at: usize, right_first: bool) {
     |                   ^^^^^^^^^^^^^^^^^^^^^^^^^^^^^^^
...
2209 |     pub(crate) fn proof_split_off_then_release(input: Vec<u8>, requested: usize, right_first: bool) {
     |                   ^^^^^^^^^^^^^^^^^^^^^^^^^^^^
...
2240 |     pub(crate) fn proof_shrink_split_off_then_release(input: Vec<u8>, requested: usize, keep: usize, right_first: bool) {
     |                   ^^^^^^^^^^^^^^^^^^^^^^^^^^^^^^^^^^^
...
2287 |     pub(crate) fn proof_advance_split_off_then_release(input: Vec<u8>, requested: usize, left_count: usize, right_count: usize, ri...
     |                   ^^^^^^^^^^^^^^^^^^^^^^^^^^^^^^^^^^^^
...
2354 |     fn proof_initialize_spare_byte(&mut self, value: u8, use_write: bool) {
     |        ^^^^^^^^^^^^^^^^^^^^^^^^^^^
...
2368 |     pub(crate) fn proof_initialize_split_spare(input: Vec<u8>, requested: usize, right_first: bool) {
     |                   ^^^^^^^^^^^^^^^^^^^^^^^^^^^^
...
2394 |     pub(crate) fn proof_reinitialize_split_prefix(input: Vec<u8>, right_first: bool) {
     |                   ^^^^^^^^^^^^^^^^^^^^^^^^^^^^^^^
...
2426 |     pub(crate) fn proof_readonly_split(input: Vec<u8>, requested: usize, right_first: bool) {
     |                   ^^^^^^^^^^^^^^^^^^^^
...
2469 |     pub(crate) fn proof_unique_access(input: Vec<u8>, keep: usize, value: u8) {
     |                   ^^^^^^^^^^^^^^^^^^^
...
3238 |     pub(crate) fn proof_release_unique_at_zero(mut self) {
     |                   ^^^^^^^^^^^^^^^^^^^^^^^^^^^^

warning: function `new` is never used
    --> src/bytes_mut.rs:4913:8
     |
4913 |     fn new(input: Vec<u8>, split: usize) -> (ControlPtr, Ghost<ControlContext>, Ghost<Packet>, Ghost<Packet>) {
     |        ^^^

warning: function `release` is never used
    --> src/bytes_mut.rs:4950:19
     |
4950 |     pub(super) fn release(control: ControlPtr, mut context: Ghost<&mut ControlContext>, packet: Ghost<Packet>, left: bool) -> bool {
     |                   ^^^^^^^

warning: function `release_left_then_right` is never used
    --> src/bytes_mut.rs:4994:19
     |
4994 |     pub(crate) fn release_left_then_right(input: Vec<u8>, split: usize) {
     |                   ^^^^^^^^^^^^^^^^^^^^^^^

warning: function `release_right_then_left` is never used
    --> src/bytes_mut.rs:5003:19
     |
5003 |     pub(crate) fn release_right_then_left(input: Vec<u8>, split: usize) {
     |                   ^^^^^^^^^^^^^^^^^^^^^^^

warning: function `map_op_get` is never used
  --> src/ownership_proof/owned_region.rs:47:15
   |
47 | pub(crate) fn map_op_get(
   |               ^^^^^^^^^^

warning: methods `into_parts`, `slots`, and `join` are never used
   --> src/ownership_proof/owned_region.rs:125:19
    |
 95 | impl OwnedRegion {
    | ---------------- methods in this implementation
...
125 |     pub(crate) fn into_parts(self) -> (Int, Int, Resource<KernelRA>) {
    |                   ^^^^^^^^^^
...
149 |     pub(crate) fn slots(self) -> FMap<Int, Excl<Option<u8>>> {
    |                   ^^^^^
...
243 |     pub(crate) fn join(self, other: Self) -> Self {
    |                   ^^^^

warning: function `slots_grown` is never used
  --> src/ownership_proof/raw_vec.rs:72:4
   |
72 | fn slots_grown(old: SlotMap, old_capacity: Int, capacity: Int) -> SlotMap {
   |    ^^^^^^^^^^^

warning: function `reallocate_bound` is never used
   --> src/ownership_proof/raw_vec.rs:103:22
    |
103 | pub(crate) unsafe fn reallocate_bound(base: BoundPtr, old_capacity: usize, capacity: usize,
    |                      ^^^^^^^^^^^^^^^^

warning: methods `as_non_null` and `offset_from_bound_base` are never used
   --> src/ownership_proof/raw_vec.rs:284:19
    |
241 | impl BoundPtr {
    | ------------- methods in this implementation
...
284 |     pub(crate) fn as_non_null(&self) -> NonNull<u8> {
    |                   ^^^^^^^^^^^
...
307 |     pub(crate) fn offset_from_bound_base(&self, base: Self) -> usize {
    |                   ^^^^^^^^^^^^^^^^^^^^^^

warning: method `join` is never used
   --> src/ownership_proof/raw_vec.rs:599:19
    |
513 | impl PhysicalRegion {
    | ------------------- method in this implementation
...
599 |     pub(crate) fn join(self, other: Self) -> Self {
    |                   ^^^^

warning: methods `slot`, `retire`, and `finish` are never used
   --> src/ownership_proof/raw_vec.rs:666:19
    |
644 | impl PhysicalPool {
    | ----------------- methods in this implementation
...
666 |     pub(crate) fn slot(self, index: Int) -> Option<Option<u8>> {
    |                   ^^^^
...
739 |     pub(crate) fn retire(self, region: PhysicalRegion) -> Self {
    |                   ^^^^^^
...
775 |     pub(crate) fn finish(self, lo: Int) -> PhysicalRegion {
    |                   ^^^^^^

warning: function `resume_vec` is never used
   --> src/ownership_proof/raw_vec.rs:899:22
    |
899 | pub(crate) unsafe fn resume_vec(
    |                      ^^^^^^^^^^

warning: function `deallocate_vec` is never used
   --> src/ownership_proof/raw_vec.rs:935:22
    |
935 | pub(crate) unsafe fn deallocate_vec(
    |                      ^^^^^^^^^^^^^^

warning: function `borrow_mut` is never used
    --> src/ownership_proof/raw_vec.rs:1019:22
     |
1019 | pub(crate) unsafe fn borrow_mut<'a>(
     |                      ^^^^^^^^^^

warning: function `slot_known_equivalence` is never used
    --> src/ownership_proof/raw_vec.rs:1041:15
     |
1041 | pub(crate) fn slot_known_equivalence(slot: Option<Option<u8>>) {}
     |               ^^^^^^^^^^^^^^^^^^^^^^

warning: function `borrow_empty_bound` is never used
    --> src/ownership_proof/raw_vec.rs:1204:22
     |
1204 | pub(crate) unsafe fn borrow_empty_bound<'a>(bound: &'a BoundPtr) -> &'a [u8] {
     |                      ^^^^^^^^^^^^^^^^^^

warning: function `borrow_empty_bound_mut` is never used
    --> src/ownership_proof/raw_vec.rs:1213:22
     |
1213 | pub(crate) unsafe fn borrow_empty_bound_mut<'a>(bound: &'a BoundPtr) -> &'a mut [u8] {
     |                      ^^^^^^^^^^^^^^^^^^^^^^

warning: function `borrow_empty_bound_uninit_mut` is never used
    --> src/ownership_proof/raw_vec.rs:1221:22
     |
1221 | pub(crate) unsafe fn borrow_empty_bound_uninit_mut<'a>(
     |                      ^^^^^^^^^^^^^^^^^^^^^^^^^^^^^

warning: field `inner` is never read
  --> src/ownership_proof/sequential_counter.rs:21:5
   |
20 | pub(crate) struct SequentialCounter {
   |                   ----------------- field in this struct
21 |     inner: AtomicUsize,
   |     ^^^^^

warning: methods `fetch_add_relaxed`, `fetch_sub_release`, and `load_acquire` are never used
  --> src/ownership_proof/sequential_counter.rs:66:19
   |
43 | impl SequentialCounter {
   | ---------------------- methods in this implementation
...
66 |     pub(crate) fn fetch_add_relaxed(&self, amount: usize, own: Ghost<&mut CounterOwn>) -> usize {
   |                   ^^^^^^^^^^^^^^^^^
...
79 |     pub(crate) fn fetch_sub_release(&self, amount: usize, own: Ghost<&mut CounterOwn>) -> usize {
   |                   ^^^^^^^^^^^^^^^^^
...
89 |     pub(crate) fn load_acquire(&self, own: Ghost<&CounterOwn>) -> usize {
   |                   ^^^^^^^^^^^^

warning: function `retire` is never used
   --> src/ownership_proof/shared_protocol.rs:135:15
    |
135 | pub(crate) fn retire(coordinator: Ghost<&mut Coordinator>, packet: Ghost<Packet>, left: bool) {
    |               ^^^^^^

warning: function `finish` is never used
   --> src/ownership_proof/shared_protocol.rs:162:15
    |
162 | pub(crate) fn finish(coordinator: Ghost<Coordinator>) -> Ghost<(Recovery, PhysicalRegion)> {
    |               ^^^^^^

warning: function `reclaim` is never used
  --> src/ownership_proof/unique_reclaim.rs:26:15
   |
26 | pub(crate) fn reclaim(
   |               ^^^^^^^

error: Expected implementation of trait `core::marker::Send` for `bytes::Bytes` to be marked as `#[trusted]`
   --> src/bytes.rs:750:1
    |
750 | unsafe impl Send for Bytes {}
    | ^^^^^^^^^^^^^^^^^^^^^^^^^^

error: Expected implementation of trait `core::marker::Sync` for `bytes::Bytes` to be marked as `#[trusted]`
   --> src/bytes.rs:751:1
    |
751 | unsafe impl Sync for Bytes {}
    | ^^^^^^^^^^^^^^^^^^^^^^^^^^

error: Expected `deref` to be `#[check(ghost)]` as specified by the trait declaration
   --> src/bytes.rs:801:5
    |
801 |     fn deref(&self) -> &[u8] {
    |     ^^^^^^^^^^^^^^^^^^^^^^^^

error: Expected `deref_mut` to be `#[check(ghost)]` as specified by the trait declaration
    --> src/bytes_mut.rs:3934:5
     |
3934 |     fn deref_mut(&mut self) -> &mut [u8] {
     |     ^^^^^^^^^^^^^^^^^^^^^^^^^^^^^^^^^^^^

warning: `bytes` (lib) generated 43 warnings
error: could not compile `bytes` (lib) due to 4 previous errors; 43 warnings emitted
Error: Compilation failed
