/workspace/bytes-proof-tools/creusot-data/lib/why3/plugins/cfg cannot be loaded: 
Dynlink error: error loading shared library: Failure("/workspace/bytes-proof-tools/creusot-data/lib/why3/plugins/cfg.cmxs: undefined symbol: camlGraph__Blocks.19")
/workspace/bytes-proof-tools/creusot-data/lib/why3/plugins/hypothesis_selection cannot be loaded: 
Dynlink error: error loading shared library: Failure("/workspace/bytes-proof-tools/creusot-data/lib/why3/plugins/hypothesis_selection.cmxs: undefined symbol: camlGraph__Persistent")
Warning, file "/workspace/bytes-proof-tools/creusot-data/share/why3find/packages/creusot/creusot/int.coma", line 158, characters 8-22: axiom extensionality does not contain any local abstract symbol (contains: int, (=), t, to_int)
Warning, file "/workspace/bytes-proof-tools/creusot-data/share/why3find/packages/creusot/creusot/int.coma", line 462, characters 8-22: axiom extensionality does not contain any local abstract symbol (contains: int, (=), t, to_int)
Warning, file "/workspace/bytes-proof-tools/creusot-data/share/why3find/packages/creusot/creusot/int.coma", line 766, characters 8-22: axiom extensionality does not contain any local abstract symbol (contains: int, (=), t, to_int)
Warning, file "/workspace/bytes-proof-tools/creusot-data/share/why3find/packages/creusot/creusot/int.coma", line 1070, characters 8-22: axiom extensionality does not contain any local abstract symbol (contains: int, (=), t, to_int)
Warning, file "/workspace/bytes-proof-tools/creusot-data/share/why3find/packages/creusot/creusot/int.coma", line 1374, characters 8-22: axiom extensionality does not contain any local abstract symbol (contains: int, (=), t, to_int)
Warning, file "verif/bytes_original_promotable_reclone_rlib/public_shared/shared_drop_checked.coma", line 922, characters 31-35: unused variable self
Warning, file "verif/bytes_original_promotable_reclone_rlib/public_shared/shared_drop_checked.coma", line 927, characters 6-40: axiom commutative_Excl_PositiveReal_spec does not contain any local abstract symbol (contains: (=), t_Excl_PositiveReal, t_Option_Excl_PositiveReal, op_Excl_PositiveReal)
Warning, file "verif/bytes_original_promotable_reclone_rlib/public_shared/shared_drop_checked.coma", line 939, characters 6-47: axiom commutative_Option_Excl_PositiveReal_spec does not contain any local abstract symbol (contains: (=), t_Option_Excl_PositiveReal, t_Option_Option_Excl_PositiveReal, op_Option_Excl_PositiveReal)
Warning, file "verif/bytes_original_promotable_reclone_rlib/public_shared/shared_drop_checked.coma", line 991, characters 34-38: unused variable self
Warning, file "verif/bytes_original_promotable_reclone_rlib/public_shared/shared_drop_checked.coma", line 991, characters 62-67: unused variable other
Warning, file "verif/bytes_original_promotable_reclone_rlib/public_shared/shared_drop_checked.coma", line 993, characters 6-33: axiom incl_Excl_PositiveReal_spec does not contain any local abstract symbol (contains: (=), t_Excl_PositiveReal, t_Option_Excl_PositiveReal, Some'3, op_Excl_PositiveReal, incl_Excl_PositiveReal)
Warning, file "verif/bytes_original_promotable_reclone_rlib/public_shared/shared_drop_checked.coma", line 999, characters 6-44: axiom incl_transitive_Excl_PositiveReal_spec does not contain any local abstract symbol (contains: t_Excl_PositiveReal, incl_Excl_PositiveReal)
Warning, file "verif/bytes_original_promotable_reclone_rlib/public_shared/shared_drop_checked.coma", line 1005, characters 6-45: axiom associative_some_Excl_PositiveReal_spec does not contain any local abstract symbol (contains: (=), t_Excl_PositiveReal, t_Option_Excl_PositiveReal, Some'3, op_Excl_PositiveReal)
Warning, file "verif/bytes_original_promotable_reclone_rlib/public_shared/shared_drop_checked.coma", line 1013, characters 6-45: axiom associative_none_Excl_PositiveReal_spec does not contain any local abstract symbol (contains: (=), t_Excl_PositiveReal, t_Option_Excl_PositiveReal, None'3, Some'3, op_Excl_PositiveReal)
Warning, file "verif/bytes_original_promotable_reclone_rlib/public_shared/shared_drop_checked.coma", line 1019, characters 6-36: axiom incl_op_Excl_PositiveReal_spec does not contain any local abstract symbol (contains: (=), t_Excl_PositiveReal, t_Option_Excl_PositiveReal, Some'3, op_Excl_PositiveReal, incl_Excl_PositiveReal)
Warning, file "verif/bytes_original_promotable_reclone_rlib/public_shared/shared_drop_checked.coma", line 1028, characters 6-31: axiom eq_Excl_PositiveReal_spec does not contain any local abstract symbol (contains: (=), t_Excl_PositiveReal, eq_Excl_PositiveReal)
Warning, file "verif/bytes_original_promotable_reclone_rlib/public_shared/shared_drop_checked.coma", line 1042, characters 6-40: axiom incl_Option_Excl_PositiveReal_spec does not contain any local abstract symbol (contains: (=), t_Option_Excl_PositiveReal, t_Option_Option_Excl_PositiveReal, Some'4, op_Option_Excl_PositiveReal, incl_Option_Excl_PositiveReal)
Warning, file "verif/bytes_original_promotable_reclone_rlib/public_shared/shared_drop_checked.coma", line 1067, characters 9-10: unused variable a
Warning, file "verif/bytes_original_promotable_reclone_rlib/public_shared/shared_drop_checked.coma", line 1732, characters 30-32: unused variable x2
Warning, file "verif/bytes_original_promotable_reclone_rlib/public_shared/shared_drop_checked.coma", line 2170, characters 6-25: axiom size_of_Shared_spec does not contain any local abstract symbol (contains: int, (<=), size_of_Shared)
Warning, file "verif/bytes_original_promotable_reclone_rlib/public_shared/shared_drop_checked.coma", line 2178, characters 6-26: axiom align_of_Shared_spec does not contain any local abstract symbol (contains: (=), t, sub, bw_and, align_of_Shared)
Warning, file "verif/bytes_original_promotable_reclone_rlib/public_shared/shared_drop_checked.coma", line 2181, characters 6-28: axiom align_of_Shared_spec'0 does not contain any local abstract symbol (contains: int, (=), mod, t, t'int, size_of_Shared, align_of_Shared)
