/workspace/bytes-proof-tools/creusot-data/lib/why3/plugins/cfg cannot be loaded: 
Dynlink error: error loading shared library: Failure("/workspace/bytes-proof-tools/creusot-data/lib/why3/plugins/cfg.cmxs: undefined symbol: camlGraph__Blocks.19")
/workspace/bytes-proof-tools/creusot-data/lib/why3/plugins/hypothesis_selection cannot be loaded: 
Dynlink error: error loading shared library: Failure("/workspace/bytes-proof-tools/creusot-data/lib/why3/plugins/hypothesis_selection.cmxs: undefined symbol: camlGraph__Persistent")
Warning, file "/workspace/bytes-proof-tools/creusot-data/share/why3find/packages/creusot/creusot/int.coma", line 158, characters 8-22: axiom extensionality does not contain any local abstract symbol (contains: int, (=), t, to_int)
Warning, file "/workspace/bytes-proof-tools/creusot-data/share/why3find/packages/creusot/creusot/int.coma", line 462, characters 8-22: axiom extensionality does not contain any local abstract symbol (contains: int, (=), t, to_int)
Warning, file "/workspace/bytes-proof-tools/creusot-data/share/why3find/packages/creusot/creusot/int.coma", line 766, characters 8-22: axiom extensionality does not contain any local abstract symbol (contains: int, (=), t, to_int)
Warning, file "/workspace/bytes-proof-tools/creusot-data/share/why3find/packages/creusot/creusot/int.coma", line 1070, characters 8-22: axiom extensionality does not contain any local abstract symbol (contains: int, (=), t, to_int)
Warning, file "/workspace/bytes-proof-tools/creusot-data/share/why3find/packages/creusot/creusot/int.coma", line 1374, characters 8-22: axiom extensionality does not contain any local abstract symbol (contains: int, (=), t, to_int)
Warning, file "verif/bytes_original_promotable_reclone_rlib/promotion/odd_reclone_checked.coma", line 1161, characters 31-35: unused variable self
Warning, file "verif/bytes_original_promotable_reclone_rlib/promotion/odd_reclone_checked.coma", line 1166, characters 6-40: axiom commutative_Excl_PositiveReal_spec does not contain any local abstract symbol (contains: (=), t_Excl_PositiveReal, t_Option_Excl_PositiveReal, op_Excl_PositiveReal)
Warning, file "verif/bytes_original_promotable_reclone_rlib/promotion/odd_reclone_checked.coma", line 1178, characters 6-47: axiom commutative_Option_Excl_PositiveReal_spec does not contain any local abstract symbol (contains: (=), t_Option_Excl_PositiveReal, t_Option_Option_Excl_PositiveReal, op_Option_Excl_PositiveReal)
Warning, file "verif/bytes_original_promotable_reclone_rlib/promotion/odd_reclone_checked.coma", line 1230, characters 34-38: unused variable self
Warning, file "verif/bytes_original_promotable_reclone_rlib/promotion/odd_reclone_checked.coma", line 1230, characters 62-67: unused variable other
Warning, file "verif/bytes_original_promotable_reclone_rlib/promotion/odd_reclone_checked.coma", line 1232, characters 6-33: axiom incl_Excl_PositiveReal_spec does not contain any local abstract symbol (contains: (=), t_Excl_PositiveReal, t_Option_Excl_PositiveReal, Some'9, op_Excl_PositiveReal, incl_Excl_PositiveReal)
Warning, file "verif/bytes_original_promotable_reclone_rlib/promotion/odd_reclone_checked.coma", line 1238, characters 6-44: axiom incl_transitive_Excl_PositiveReal_spec does not contain any local abstract symbol (contains: t_Excl_PositiveReal, incl_Excl_PositiveReal)
Warning, file "verif/bytes_original_promotable_reclone_rlib/promotion/odd_reclone_checked.coma", line 1244, characters 6-45: axiom associative_some_Excl_PositiveReal_spec does not contain any local abstract symbol (contains: (=), t_Excl_PositiveReal, t_Option_Excl_PositiveReal, Some'9, op_Excl_PositiveReal)
Warning, file "verif/bytes_original_promotable_reclone_rlib/promotion/odd_reclone_checked.coma", line 1252, characters 6-45: axiom associative_none_Excl_PositiveReal_spec does not contain any local abstract symbol (contains: (=), t_Excl_PositiveReal, t_Option_Excl_PositiveReal, None'9, Some'9, op_Excl_PositiveReal)
Warning, file "verif/bytes_original_promotable_reclone_rlib/promotion/odd_reclone_checked.coma", line 1258, characters 6-36: axiom incl_op_Excl_PositiveReal_spec does not contain any local abstract symbol (contains: (=), t_Excl_PositiveReal, t_Option_Excl_PositiveReal, Some'9, op_Excl_PositiveReal, incl_Excl_PositiveReal)
Warning, file "verif/bytes_original_promotable_reclone_rlib/promotion/odd_reclone_checked.coma", line 1267, characters 6-31: axiom eq_Excl_PositiveReal_spec does not contain any local abstract symbol (contains: (=), t_Excl_PositiveReal, eq_Excl_PositiveReal)
Warning, file "verif/bytes_original_promotable_reclone_rlib/promotion/odd_reclone_checked.coma", line 1281, characters 6-40: axiom incl_Option_Excl_PositiveReal_spec does not contain any local abstract symbol (contains: (=), t_Option_Excl_PositiveReal, t_Option_Option_Excl_PositiveReal, Some'10, op_Option_Excl_PositiveReal, incl_Option_Excl_PositiveReal)
Warning, file "verif/bytes_original_promotable_reclone_rlib/promotion/odd_reclone_checked.coma", line 1306, characters 9-10: unused variable a
