Proof resources: jobs=1, memory=1024 MiB per prover; shared lock held
Warning, file "/tmp/creusot-data/share/why3find/packages/creusot/creusot/int.coma", line 166, characters 8-22: axiom extensionality does not contain any local abstract symbol (contains: int, (=), t, to_int)
Warning, file "/tmp/creusot-data/share/why3find/packages/creusot/creusot/int.coma", line 484, characters 8-22: axiom extensionality does not contain any local abstract symbol (contains: int, (=), t, to_int)
Warning, file "/tmp/creusot-data/share/why3find/packages/creusot/creusot/int.coma", line 802, characters 8-22: axiom extensionality does not contain any local abstract symbol (contains: int, (=), t, to_int)
Warning, file "/tmp/creusot-data/share/why3find/packages/creusot/creusot/int.coma", line 1120, characters 8-22: axiom extensionality does not contain any local abstract symbol (contains: int, (=), t, to_int)
Warning, file "/tmp/creusot-data/share/why3find/packages/creusot/creusot/int.coma", line 1438, characters 8-22: axiom extensionality does not contain any local abstract symbol (contains: int, (=), t, to_int)
MULHI_TASK goal=vc_mulhi_product_split_from_limbs expl= loc=<none> decls=205 hash=-633486862402357400
MULHI_FORMULA forall x:t, y:t, x_hi:t1, x_lo:t1, y_hi:t1, y_lo:t1.
 t'int x = ((t'int1 x_hi * pow2 64) + t'int1 x_lo) /\
 t'int y = ((t'int1 y_hi * pow2 64) + t'int1 y_lo) ->
 t'int x = ((t'int1 x_hi * pow2 64) + t'int1 x_lo) /\
 ((t'int x * t'int y) = (((t'int1 x_hi * pow2 64) + t'int1 x_lo) * t'int y) ->
  t'int y = ((t'int1 y_hi * pow2 64) + t'int1 y_lo) /\
  ((t'int x * t'int y) = (t'int x * ((t'int1 y_hi * pow2 64) + t'int1 y_lo)) ->
   (t'int x * t'int y) =
   (((t'int1 x_hi * pow2 64) + t'int1 x_lo)
    * ((t'int1 y_hi * pow2 64) + t'int1 y_lo)) &&
   (t'int x * t'int y) =
   (((t'int1 x_hi * pow2 64) + t'int1 x_lo)
    * ((t'int1 y_hi * pow2 64) + t'int1 y_lo))))
MULHI_PROP kind=goal name=vc_mulhi_product_split_from_limbs id=33717 loc=<none>
MULHI_PROP kind=axiom name=pow2_64 id=6494 loc=/tmp/why3-toolpatch-overlay.dzcYNF/stdlib/bv.mlw:91
MULHI_PROP kind=axiom name=pow2_63 id=6490 loc=/tmp/why3-toolpatch-overlay.dzcYNF/stdlib/bv.mlw:90
MULHI_PROP kind=axiom name=pow2_62 id=6486 loc=/tmp/why3-toolpatch-overlay.dzcYNF/stdlib/bv.mlw:89
MULHI_PROP kind=axiom name=pow2_61 id=6482 loc=/tmp/why3-toolpatch-overlay.dzcYNF/stdlib/bv.mlw:88
MULHI_PROP kind=axiom name=pow2_60 id=6478 loc=/tmp/why3-toolpatch-overlay.dzcYNF/stdlib/bv.mlw:87
MULHI_PROP kind=axiom name=pow2_59 id=6474 loc=/tmp/why3-toolpatch-overlay.dzcYNF/stdlib/bv.mlw:86
MULHI_PROP kind=axiom name=pow2_58 id=6470 loc=/tmp/why3-toolpatch-overlay.dzcYNF/stdlib/bv.mlw:85
MULHI_PROP kind=axiom name=pow2_57 id=6466 loc=/tmp/why3-toolpatch-overlay.dzcYNF/stdlib/bv.mlw:84
MULHI_PROP kind=axiom name=pow2_56 id=6462 loc=/tmp/why3-toolpatch-overlay.dzcYNF/stdlib/bv.mlw:83
MULHI_PROP kind=axiom name=pow2_55 id=6458 loc=/tmp/why3-toolpatch-overlay.dzcYNF/stdlib/bv.mlw:82
MULHI_PROP kind=axiom name=pow2_54 id=6454 loc=/tmp/why3-toolpatch-overlay.dzcYNF/stdlib/bv.mlw:81
MULHI_PROP kind=axiom name=pow2_53 id=6450 loc=/tmp/why3-toolpatch-overlay.dzcYNF/stdlib/bv.mlw:80
MULHI_PROP kind=axiom name=pow2_52 id=6446 loc=/tmp/why3-toolpatch-overlay.dzcYNF/stdlib/bv.mlw:79
MULHI_PROP kind=axiom name=pow2_51 id=6442 loc=/tmp/why3-toolpatch-overlay.dzcYNF/stdlib/bv.mlw:78
MULHI_PROP kind=axiom name=pow2_50 id=6438 loc=/tmp/why3-toolpatch-overlay.dzcYNF/stdlib/bv.mlw:77
MULHI_PROP kind=axiom name=pow2_49 id=6434 loc=/tmp/why3-toolpatch-overlay.dzcYNF/stdlib/bv.mlw:76
MULHI_PROP kind=axiom name=pow2_48 id=6430 loc=/tmp/why3-toolpatch-overlay.dzcYNF/stdlib/bv.mlw:75
MULHI_PROP kind=axiom name=pow2_47 id=6426 loc=/tmp/why3-toolpatch-overlay.dzcYNF/stdlib/bv.mlw:74
MULHI_PROP kind=axiom name=pow2_46 id=6422 loc=/tmp/why3-toolpatch-overlay.dzcYNF/stdlib/bv.mlw:73
MULHI_PROP kind=axiom name=pow2_45 id=6418 loc=/tmp/why3-toolpatch-overlay.dzcYNF/stdlib/bv.mlw:72
MULHI_PROP kind=axiom name=pow2_44 id=6414 loc=/tmp/why3-toolpatch-overlay.dzcYNF/stdlib/bv.mlw:71
MULHI_PROP kind=axiom name=pow2_43 id=6410 loc=/tmp/why3-toolpatch-overlay.dzcYNF/stdlib/bv.mlw:70
MULHI_PROP kind=axiom name=pow2_42 id=6406 loc=/tmp/why3-toolpatch-overlay.dzcYNF/stdlib/bv.mlw:69
MULHI_PROP kind=axiom name=pow2_41 id=6402 loc=/tmp/why3-toolpatch-overlay.dzcYNF/stdlib/bv.mlw:68
MULHI_PROP kind=axiom name=pow2_40 id=6398 loc=/tmp/why3-toolpatch-overlay.dzcYNF/stdlib/bv.mlw:67
MULHI_PROP kind=axiom name=pow2_39 id=6394 loc=/tmp/why3-toolpatch-overlay.dzcYNF/stdlib/bv.mlw:66
MULHI_PROP kind=axiom name=pow2_38 id=6390 loc=/tmp/why3-toolpatch-overlay.dzcYNF/stdlib/bv.mlw:65
MULHI_PROP kind=axiom name=pow2_37 id=6386 loc=/tmp/why3-toolpatch-overlay.dzcYNF/stdlib/bv.mlw:64
MULHI_PROP kind=axiom name=pow2_36 id=6382 loc=/tmp/why3-toolpatch-overlay.dzcYNF/stdlib/bv.mlw:63
MULHI_PROP kind=axiom name=pow2_35 id=6378 loc=/tmp/why3-toolpatch-overlay.dzcYNF/stdlib/bv.mlw:62
MULHI_PROP kind=axiom name=pow2_34 id=6374 loc=/tmp/why3-toolpatch-overlay.dzcYNF/stdlib/bv.mlw:61
MULHI_PROP kind=axiom name=pow2_33 id=6370 loc=/tmp/why3-toolpatch-overlay.dzcYNF/stdlib/bv.mlw:60
MULHI_PROP kind=axiom name=pow2_32 id=6366 loc=/tmp/why3-toolpatch-overlay.dzcYNF/stdlib/bv.mlw:59
MULHI_PROP kind=axiom name=pow2_31 id=6362 loc=/tmp/why3-toolpatch-overlay.dzcYNF/stdlib/bv.mlw:58
MULHI_PROP kind=axiom name=pow2_30 id=6358 loc=/tmp/why3-toolpatch-overlay.dzcYNF/stdlib/bv.mlw:57
MULHI_PROP kind=axiom name=pow2_29 id=6354 loc=/tmp/why3-toolpatch-overlay.dzcYNF/stdlib/bv.mlw:56
MULHI_PROP kind=axiom name=pow2_28 id=6350 loc=/tmp/why3-toolpatch-overlay.dzcYNF/stdlib/bv.mlw:55
MULHI_PROP kind=axiom name=pow2_27 id=6346 loc=/tmp/why3-toolpatch-overlay.dzcYNF/stdlib/bv.mlw:54
MULHI_PROP kind=axiom name=pow2_26 id=6342 loc=/tmp/why3-toolpatch-overlay.dzcYNF/stdlib/bv.mlw:53
MULHI_PROP kind=axiom name=pow2_25 id=6338 loc=/tmp/why3-toolpatch-overlay.dzcYNF/stdlib/bv.mlw:52
MULHI_PROP kind=axiom name=pow2_24 id=6334 loc=/tmp/why3-toolpatch-overlay.dzcYNF/stdlib/bv.mlw:51
MULHI_PROP kind=axiom name=pow2_23 id=6330 loc=/tmp/why3-toolpatch-overlay.dzcYNF/stdlib/bv.mlw:50
MULHI_PROP kind=axiom name=pow2_22 id=6326 loc=/tmp/why3-toolpatch-overlay.dzcYNF/stdlib/bv.mlw:49
MULHI_PROP kind=axiom name=pow2_21 id=6322 loc=/tmp/why3-toolpatch-overlay.dzcYNF/stdlib/bv.mlw:48
MULHI_PROP kind=axiom name=pow2_20 id=6318 loc=/tmp/why3-toolpatch-overlay.dzcYNF/stdlib/bv.mlw:47
MULHI_PROP kind=axiom name=pow2_19 id=6314 loc=/tmp/why3-toolpatch-overlay.dzcYNF/stdlib/bv.mlw:46
MULHI_PROP kind=axiom name=pow2_18 id=6310 loc=/tmp/why3-toolpatch-overlay.dzcYNF/stdlib/bv.mlw:45
MULHI_PROP kind=axiom name=pow2_17 id=6306 loc=/tmp/why3-toolpatch-overlay.dzcYNF/stdlib/bv.mlw:44
MULHI_PROP kind=axiom name=pow2_16 id=6302 loc=/tmp/why3-toolpatch-overlay.dzcYNF/stdlib/bv.mlw:43
MULHI_PROP kind=axiom name=pow2_15 id=6298 loc=/tmp/why3-toolpatch-overlay.dzcYNF/stdlib/bv.mlw:42
MULHI_PROP kind=axiom name=pow2_14 id=6294 loc=/tmp/why3-toolpatch-overlay.dzcYNF/stdlib/bv.mlw:41
MULHI_PROP kind=axiom name=pow2_13 id=6290 loc=/tmp/why3-toolpatch-overlay.dzcYNF/stdlib/bv.mlw:40
MULHI_PROP kind=axiom name=pow2_12 id=6286 loc=/tmp/why3-toolpatch-overlay.dzcYNF/stdlib/bv.mlw:39
MULHI_PROP kind=axiom name=pow2_11 id=6282 loc=/tmp/why3-toolpatch-overlay.dzcYNF/stdlib/bv.mlw:38
MULHI_PROP kind=axiom name=pow2_10 id=6278 loc=/tmp/why3-toolpatch-overlay.dzcYNF/stdlib/bv.mlw:37
MULHI_PROP kind=axiom name=pow2_9 id=6274 loc=/tmp/why3-toolpatch-overlay.dzcYNF/stdlib/bv.mlw:36
MULHI_PROP kind=axiom name=pow2_8 id=6270 loc=/tmp/why3-toolpatch-overlay.dzcYNF/stdlib/bv.mlw:35
MULHI_PROP kind=axiom name=pow2_7 id=6266 loc=/tmp/why3-toolpatch-overlay.dzcYNF/stdlib/bv.mlw:34
MULHI_PROP kind=axiom name=pow2_6 id=6262 loc=/tmp/why3-toolpatch-overlay.dzcYNF/stdlib/bv.mlw:33
MULHI_PROP kind=axiom name=pow2_5 id=6258 loc=/tmp/why3-toolpatch-overlay.dzcYNF/stdlib/bv.mlw:32
MULHI_PROP kind=axiom name=pow2_4 id=6254 loc=/tmp/why3-toolpatch-overlay.dzcYNF/stdlib/bv.mlw:31
MULHI_PROP kind=axiom name=pow2_3 id=6250 loc=/tmp/why3-toolpatch-overlay.dzcYNF/stdlib/bv.mlw:30
MULHI_PROP kind=axiom name=pow2_2 id=6246 loc=/tmp/why3-toolpatch-overlay.dzcYNF/stdlib/bv.mlw:29
MULHI_PROP kind=axiom name=pow2_1 id=6242 loc=/tmp/why3-toolpatch-overlay.dzcYNF/stdlib/bv.mlw:28
MULHI_PROP kind=axiom name=pow2_0 id=6238 loc=/tmp/why3-toolpatch-overlay.dzcYNF/stdlib/bv.mlw:27
MULHI_PROP kind=axiom name=pow2pos id=6230 loc=/tmp/why3-toolpatch-overlay.dzcYNF/stdlib/bv.mlw:24
MULHI_PROP kind=axiom name=Power_sum id=6218 loc=/tmp/why3-toolpatch-overlay.dzcYNF/stdlib/bv.mlw:20
MULHI_PROP kind=axiom name=Power_1 id=6214 loc=/tmp/why3-toolpatch-overlay.dzcYNF/stdlib/bv.mlw:17
MULHI_PROP kind=axiom name=Power_s id=6206 loc=/tmp/why3-toolpatch-overlay.dzcYNF/stdlib/bv.mlw:14
MULHI_PROP kind=axiom name=Power_0 id=6202 loc=/tmp/why3-toolpatch-overlay.dzcYNF/stdlib/bv.mlw:11
MULHI_PROP kind=axiom name=neg_not_zero id=30979 loc=/tmp/creusot-data/share/why3find/packages/creusot/creusot/int.coma:992
MULHI_PROP kind=axiom name=neg_zero id=30971 loc=/tmp/creusot-data/share/why3find/packages/creusot/creusot/int.coma:990
MULHI_PROP kind=axiom name=mul_wrapping id=30955 loc=/tmp/creusot-data/share/why3find/packages/creusot/creusot/int.coma:986
MULHI_PROP kind=axiom name=mul_in_bounds id=30943 loc=/tmp/creusot-data/share/why3find/packages/creusot/creusot/int.coma:984
MULHI_PROP kind=axiom name=sub_wrapping id=30926 loc=/tmp/creusot-data/share/why3find/packages/creusot/creusot/int.coma:980
MULHI_PROP kind=axiom name=sub_in_bounds id=30914 loc=/tmp/creusot-data/share/why3find/packages/creusot/creusot/int.coma:978
MULHI_PROP kind=axiom name=add_wrapping id=30897 loc=/tmp/creusot-data/share/why3find/packages/creusot/creusot/int.coma:974
MULHI_PROP kind=axiom name=add_in_bounds id=30885 loc=/tmp/creusot-data/share/why3find/packages/creusot/creusot/int.coma:972
MULHI_PROP kind=axiom name=to_of_int id=30874 loc=/tmp/creusot-data/share/why3find/packages/creusot/creusot/int.coma:968
MULHI_PROP kind=axiom name=extensionality id=30853 loc=/tmp/creusot-data/share/why3find/packages/creusot/creusot/int.coma:962
MULHI_PROP kind=axiom name=t'inj id=30841 loc=/tmp/creusot-data/share/why3find/packages/creusot/creusot/int.coma:958
MULHI_PROP kind=axiom name=neg_not_zero id=32195 loc=/tmp/creusot-data/share/why3find/packages/creusot/creusot/int.coma:1310
MULHI_PROP kind=axiom name=neg_zero id=32187 loc=/tmp/creusot-data/share/why3find/packages/creusot/creusot/int.coma:1308
MULHI_PROP kind=axiom name=mul_wrapping id=32171 loc=/tmp/creusot-data/share/why3find/packages/creusot/creusot/int.coma:1304
MULHI_PROP kind=axiom name=mul_in_bounds id=32159 loc=/tmp/creusot-data/share/why3find/packages/creusot/creusot/int.coma:1302
MULHI_PROP kind=axiom name=sub_wrapping id=32142 loc=/tmp/creusot-data/share/why3find/packages/creusot/creusot/int.coma:1298
MULHI_PROP kind=axiom name=sub_in_bounds id=32130 loc=/tmp/creusot-data/share/why3find/packages/creusot/creusot/int.coma:1296
MULHI_PROP kind=axiom name=add_wrapping id=32113 loc=/tmp/creusot-data/share/why3find/packages/creusot/creusot/int.coma:1292
MULHI_PROP kind=axiom name=add_in_bounds id=32101 loc=/tmp/creusot-data/share/why3find/packages/creusot/creusot/int.coma:1290
MULHI_PROP kind=axiom name=to_of_int id=32090 loc=/tmp/creusot-data/share/why3find/packages/creusot/creusot/int.coma:1286
MULHI_PROP kind=axiom name=extensionality id=32069 loc=/tmp/creusot-data/share/why3find/packages/creusot/creusot/int.coma:1280
MULHI_PROP kind=axiom name=t'inj id=32057 loc=/tmp/creusot-data/share/why3find/packages/creusot/creusot/int.coma:1276
MULHI_PROP kind=axiom name=Mod_mult id=2812 loc=/tmp/why3-toolpatch-overlay.dzcYNF/stdlib/int.mlw:280
MULHI_PROP kind=axiom name=Div_mult id=2796 loc=/tmp/why3-toolpatch-overlay.dzcYNF/stdlib/int.mlw:274
MULHI_PROP kind=axiom name=Mod_inf id=2784 loc=/tmp/why3-toolpatch-overlay.dzcYNF/stdlib/int.mlw:270
MULHI_PROP kind=axiom name=Div_inf id=2772 loc=/tmp/why3-toolpatch-overlay.dzcYNF/stdlib/int.mlw:266
MULHI_PROP kind=axiom name=Mod_1 id=2764 loc=/tmp/why3-toolpatch-overlay.dzcYNF/stdlib/int.mlw:262
MULHI_PROP kind=axiom name=Div_1 id=2756 loc=/tmp/why3-toolpatch-overlay.dzcYNF/stdlib/int.mlw:258
MULHI_PROP kind=axiom name=Rounds_toward_zero id=2744 loc=/tmp/why3-toolpatch-overlay.dzcYNF/stdlib/int.mlw:253
MULHI_PROP kind=axiom name=Mod_sign_neg id=2732 loc=/tmp/why3-toolpatch-overlay.dzcYNF/stdlib/int.mlw:248
MULHI_PROP kind=axiom name=Mod_sign_pos id=2720 loc=/tmp/why3-toolpatch-overlay.dzcYNF/stdlib/int.mlw:243
MULHI_PROP kind=axiom name=Div_sign_neg id=2708 loc=/tmp/why3-toolpatch-overlay.dzcYNF/stdlib/int.mlw:238
MULHI_PROP kind=axiom name=Div_sign_pos id=2696 loc=/tmp/why3-toolpatch-overlay.dzcYNF/stdlib/int.mlw:233
MULHI_PROP kind=axiom name=Mod_bound id=2684 loc=/tmp/why3-toolpatch-overlay.dzcYNF/stdlib/int.mlw:228
MULHI_PROP kind=axiom name=Div_bound id=2672 loc=/tmp/why3-toolpatch-overlay.dzcYNF/stdlib/int.mlw:223
MULHI_PROP kind=axiom name=Div_mod id=2660 loc=/tmp/why3-toolpatch-overlay.dzcYNF/stdlib/int.mlw:218
MULHI_PROP kind=axiom name=Abs_pos id=2270 loc=/tmp/why3-toolpatch-overlay.dzcYNF/stdlib/int.mlw:63
MULHI_PROP kind=axiom name=Abs_le id=2258 loc=/tmp/why3-toolpatch-overlay.dzcYNF/stdlib/int.mlw:60
MULHI_PROP kind=axiom name=CompatOrderMult id=2222 loc=/tmp/why3-toolpatch-overlay.dzcYNF/stdlib/algebra.mlw:140
MULHI_PROP kind=axiom name=CompatOrderAdd id=2210 loc=/tmp/why3-toolpatch-overlay.dzcYNF/stdlib/algebra.mlw:137
MULHI_PROP kind=axiom name=ZeroLessOne id=2204 loc=/tmp/why3-toolpatch-overlay.dzcYNF/stdlib/algebra.mlw:135
MULHI_PROP kind=axiom name=Total id=2197 loc=/tmp/why3-toolpatch-overlay.dzcYNF/stdlib/relations.mlw:43
MULHI_PROP kind=axiom name=Antisymm id=2188 loc=/tmp/why3-toolpatch-overlay.dzcYNF/stdlib/relations.mlw:38
MULHI_PROP kind=axiom name=Trans id=2177 loc=/tmp/why3-toolpatch-overlay.dzcYNF/stdlib/relations.mlw:23
MULHI_PROP kind=axiom name=Refl id=2169 loc=/tmp/why3-toolpatch-overlay.dzcYNF/stdlib/relations.mlw:13
MULHI_PROP kind=axiom name=NonTrivialRing id=2165 loc=/tmp/why3-toolpatch-overlay.dzcYNF/stdlib/algebra.mlw:120
MULHI_PROP kind=axiom name=Unitary id=2160 loc=/tmp/why3-toolpatch-overlay.dzcYNF/stdlib/algebra.mlw:119
MULHI_PROP kind=axiom name=Comm id=2152 loc=/tmp/why3-toolpatch-overlay.dzcYNF/stdlib/algebra.mlw:20
MULHI_PROP kind=axiom name=Mul_distr_r id=2141 loc=/tmp/why3-toolpatch-overlay.dzcYNF/stdlib/algebra.mlw:99
MULHI_PROP kind=axiom name=Mul_distr_l id=2129 loc=/tmp/why3-toolpatch-overlay.dzcYNF/stdlib/algebra.mlw:98
MULHI_PROP kind=axiom name=Assoc id=2117 loc=/tmp/why3-toolpatch-overlay.dzcYNF/stdlib/algebra.mlw:10
MULHI_PROP kind=axiom name=Comm id=2107 loc=/tmp/why3-toolpatch-overlay.dzcYNF/stdlib/algebra.mlw:20
MULHI_PROP kind=axiom name=Inv_def_r id=2100 loc=/tmp/why3-toolpatch-overlay.dzcYNF/stdlib/algebra.mlw:62
MULHI_PROP kind=axiom name=Inv_def_l id=2094 loc=/tmp/why3-toolpatch-overlay.dzcYNF/stdlib/algebra.mlw:61
MULHI_PROP kind=axiom name=Unit_def_r id=2088 loc=/tmp/why3-toolpatch-overlay.dzcYNF/stdlib/algebra.mlw:41
MULHI_PROP kind=axiom name=Unit_def_l id=2082 loc=/tmp/why3-toolpatch-overlay.dzcYNF/stdlib/algebra.mlw:40
MULHI_PROP kind=axiom name=Assoc id=2072 loc=/tmp/why3-toolpatch-overlay.dzcYNF/stdlib/algebra.mlw:10
anomaly: Sys_error("/tmp/itoa-mulhi-step3/task-probe2/mulhi_product_split_from_limbs-Coma-vc_mulhi_product_split_from_limbs.smt2: No such file or directory")
