bytes proof: /workspace/bytes-runtime-verification/bytes/1.11.1/verification/probes/coordinator-carrier-split; one prover; 1024 MiB; native Ordering; sc-drf disabled
     Removed 22 files, 9.9MiB total
   Compiling bytes-coordinator-carrier-split v0.1.0 (/workspace/bytes-runtime-verification/bytes/1.11.1/verification/probes/coordinator-carrier-split)
warning: unnecessary parentheses around match arm expression
   --> src/../../../../src/ownership_proof/scalable_tickets.rs:381:27
    |
381 |             Some(pool) => (forall<id: Int> match (*state.status.pending).get(id) {
    |                           ^
...
385 |             }),
    |              ^
    |
    = note: `#[warn(unused_parens)]` (part of `#[warn(unused)]`) on by default
help: remove these parentheses
    |
381 ~             Some(pool) => forall<id: Int> match (*state.status.pending).get(id) {
382 |                 None => true,
383 |                 Some((lo, hi)) =>
384 |                     (forall<index: Int> lo <= index && index < hi ==> !pool.contains(index)),
385 ~             },
    |

warning: unnecessary parentheses around match arm expression
   --> src/../../../../src/ownership_proof/scalable_tickets.rs:384:21
    |
384 |                     (forall<index: Int> lo <= index && index < hi ==> !pool.contains(index)),
    |                     ^                                                                      ^
    |
help: remove these parentheses
    |
384 -                     (forall<index: Int> lo <= index && index < hi ==> !pool.contains(index)),
384 +                     forall<index: Int> lo <= index && index < hi ==> !pool.contains(index),
    |

warning: unnecessary parentheses around block return value
   --> src/../../../../src/ownership_proof/scalable_tickets.rs:395:9
    |
395 |         (forall<left: Int, right: Int> match
    |         ^
...
400 |         })
    |          ^
    |
help: remove these parentheses
    |
395 ~         forall<left: Int, right: Int> match
396 |             ((*state.status.pending).get(left), (*state.status.pending).get(right)) {
...
399 |             _ => true,
400 ~         }
    |

warning: unnecessary parentheses around match arm expression
   --> src/../../../../src/ownership_proof/scalable_tickets.rs:409:27
    |
409 |             Some(pool) => (forall<index: Int> pool.contains(index) == (
    |                           ^
...
412 |             )),
    |              ^
    |
help: remove these parentheses
    |
409 ~             Some(pool) => forall<index: Int> pool.contains(index) == (
410 |                 0 <= index && index < state.status.capacity &&
411 |                 pending_outside(*state.status.pending, index)
412 ~             ),
    |

warning: unused import: `owned_region`
  --> src/lib.rs:28:28
   |
28 |     pub(crate) use crate::{owned_region, raw_vec, sequential_counter, scalable_tickets, bound_ptr, boxed_alignment};
   |                            ^^^^^^^^^^^^
   |
   = note: `#[warn(unused_imports)]` (part of `#[warn(unused)]`) on by default

warning: unused import: `ManuallyDrop`
 --> /workspace/bytes-proof-tools/targets/bytes/debug/build/bytes-coordinator-carrier-split-f9f2a3e7ac30305b/out/actual_carrier.rs:2:22
  |
2 | use core::mem::{self,ManuallyDrop,MaybeUninit};
  |                      ^^^^^^^^^^^^

warning: unused import: `self`
 --> /workspace/bytes-proof-tools/targets/bytes/debug/build/bytes-coordinator-carrier-split-f9f2a3e7ac30305b/out/actual_carrier.rs:3:17
  |
3 | use core::ptr::{self,NonNull};
  |                 ^^^^

warning: unused imports: `AtomicUsize` and `Ordering`
 --> /workspace/bytes-proof-tools/targets/bytes/debug/build/bytes-coordinator-carrier-split-f9f2a3e7ac30305b/out/actual_carrier.rs:5:26
  |
5 | use core::sync::atomic::{AtomicUsize,Ordering};
  |                          ^^^^^^^^^^^ ^^^^^^^^

warning: unnecessary parentheses around method argument
   --> /workspace/bytes-proof-tools/targets/bytes/debug/build/bytes-coordinator-carrier-split-f9f2a3e7ac30305b/out/actual_carrier.rs:641:92
    |
641 |     #[cfg_attr(all(creusot, bytes_proof_repeated_split), ensures(result.proof_carrier_pair((^self))))]
    |                                                                                            ^     ^
    |
help: remove these parentheses
    |
641 -     #[cfg_attr(all(creusot, bytes_proof_repeated_split), ensures(result.proof_carrier_pair((^self))))]
641 +     #[cfg_attr(all(creusot, bytes_proof_repeated_split), ensures(result.proof_carrier_pair(^self )))]
    |

warning: unnecessary parentheses around method argument
    --> /workspace/bytes-proof-tools/targets/bytes/debug/build/bytes-coordinator-carrier-split-f9f2a3e7ac30305b/out/actual_carrier.rs:1115:59
     |
1115 |     #[cfg_attr(creusot, ensures(result.proof_carrier_pair((^self))))]
     |                                                           ^     ^
     |
help: remove these parentheses
     |
1115 -     #[cfg_attr(creusot, ensures(result.proof_carrier_pair((^self))))]
1115 +     #[cfg_attr(creusot, ensures(result.proof_carrier_pair(^self )))]
     |

warning: unused import: `prelude`
 --> /workspace/bytes-runtime-verification/bytes/1.11.1/src/ownership_proof/carrier_protocol.rs:5:49
  |
5 | use creusot_std::{ghost::perm::Perm, logic::Id, prelude::*};
  |                                                 ^^^^^^^

warning: unused variable: `base`
   --> src/../../../../src/ownership_proof/raw_vec.rs:839:25
    |
839 |     let RawAllocation { base, capacity, namespace: _, _not_objective: _ } = raw;
    |                         ^^^^ help: try ignoring the field: `base: _`
    |
    = note: `#[warn(unused_variables)]` (part of `#[warn(unused)]`) on by default

warning: unused variable: `capacity`
   --> src/../../../../src/ownership_proof/raw_vec.rs:839:31
    |
839 |     let RawAllocation { base, capacity, namespace: _, _not_objective: _ } = raw;
    |                               ^^^^^^^^ help: try ignoring the field: `capacity: _`

warning: unused variable: `base`
   --> src/../../../../src/ownership_proof/raw_vec.rs:875:9
    |
875 |     let base = bound.as_ptr();
    |         ^^^^ help: if this is intentional, prefix it with an underscore: `_base`

warning: variable does not need to be mutable
   --> /workspace/bytes-proof-tools/targets/bytes/debug/build/bytes-coordinator-carrier-split-f9f2a3e7ac30305b/out/actual_carrier.rs:667:17
    |
667 |             let mut other = self.shallow_clone();
    |                 ----^^^^^
    |                 |
    |                 help: remove this `mut`
    |
    = note: `#[warn(unused_mut)]` (part of `#[warn(unused)]`) on by default

warning: variable does not need to be mutable
   --> /workspace/bytes-proof-tools/targets/bytes/debug/build/bytes-coordinator-carrier-split-f9f2a3e7ac30305b/out/actual_carrier.rs:729:17
    |
729 |             let mut other = self.shallow_clone();
    |                 ----^^^^^
    |                 |
    |                 help: remove this `mut`

warning: unused variable: `off`
   --> /workspace/bytes-proof-tools/targets/bytes/debug/build/bytes-coordinator-carrier-split-f9f2a3e7ac30305b/out/actual_carrier.rs:824:13
    |
824 |         let off = crate::capacity_ops::vec_pos_from_data(
    |             ^^^ help: if this is intentional, prefix it with an underscore: `_off`

warning: function `pointer_addr_eq` is never used
  --> src/../../../../src/provenance_specs.rs:19:15
   |
19 | pub(crate) fn pointer_addr_eq<T>(left: *const T, right: *const T) -> bool {
   |               ^^^^^^^^^^^^^^^
   |
   = note: `#[warn(dead_code)]` (part of `#[warn(unused)]`) on by default

warning: function `pointer_with_address` is never used
  --> src/../../../../src/provenance_specs.rs:86:15
   |
86 | pub(crate) fn pointer_with_address(ptr: *mut u8, new_addr: usize) -> *mut u8 {
   |               ^^^^^^^^^^^^^^^^^^^^

warning: methods `slots` and `join` are never used
   --> src/../../../../src/ownership_proof/owned_region.rs:149:19
    |
 95 | impl OwnedRegion {
    | ---------------- methods in this implementation
...
149 |     pub(crate) fn slots(self) -> FMap<Int, Excl<Option<u8>>> {
    |                   ^^^^^
...
243 |     pub(crate) fn join(self, other: Self) -> Self {
    |                   ^^^^

warning: methods `as_non_null` and `retreat_within` are never used
   --> src/../../../../src/ownership_proof/raw_vec.rs:207:19
    |
175 | impl BoundPtr {
    | ------------- methods in this implementation
...
207 |     pub(crate) fn as_non_null(&self) -> NonNull<u8> {
    |                   ^^^^^^^^^^^
...
219 |     pub(crate) fn retreat_within(&self, count: usize) -> Self {
    |                   ^^^^^^^^^^^^^^

warning: method `join` is never used
   --> src/../../../../src/ownership_proof/raw_vec.rs:499:19
    |
413 | impl PhysicalRegion {
    | ------------------- method in this implementation
...
499 |     pub(crate) fn join(self, other: Self) -> Self {
    |                   ^^^^

warning: function `resume_vec` is never used
   --> src/../../../../src/ownership_proof/raw_vec.rs:799:22
    |
799 | pub(crate) unsafe fn resume_vec(
    |                      ^^^^^^^^^^

warning: function `deallocate_vec` is never used
   --> src/../../../../src/ownership_proof/raw_vec.rs:835:22
    |
835 | pub(crate) unsafe fn deallocate_vec(
    |                      ^^^^^^^^^^^^^^

warning: function `borrow_mut` is never used
   --> src/../../../../src/ownership_proof/raw_vec.rs:919:22
    |
919 | pub(crate) unsafe fn borrow_mut<'a>(
    |                      ^^^^^^^^^^

warning: function `slot_known_equivalence` is never used
   --> src/../../../../src/ownership_proof/raw_vec.rs:941:15
    |
941 | pub(crate) fn slot_known_equivalence(slot: Option<Option<u8>>) {}
    |               ^^^^^^^^^^^^^^^^^^^^^^

warning: function `borrow_empty_bound` is never used
    --> src/../../../../src/ownership_proof/raw_vec.rs:1098:22
     |
1098 | pub(crate) unsafe fn borrow_empty_bound<'a>(bound: &'a BoundPtr) -> &'a [u8] {
     |                      ^^^^^^^^^^^^^^^^^^

warning: function `borrow_empty_bound_mut` is never used
    --> src/../../../../src/ownership_proof/raw_vec.rs:1107:22
     |
1107 | pub(crate) unsafe fn borrow_empty_bound_mut<'a>(bound: &'a BoundPtr) -> &'a mut [u8] {
     |                      ^^^^^^^^^^^^^^^^^^^^^^

warning: function `borrow_empty_bound_uninit_mut` is never used
    --> src/../../../../src/ownership_proof/raw_vec.rs:1115:22
     |
1115 | pub(crate) unsafe fn borrow_empty_bound_uninit_mut<'a>(
     |                      ^^^^^^^^^^^^^^^^^^^^^^^^^^^^^

warning: function `initialize` is never used
   --> src/../../../../src/ownership_proof/scalable_tickets.rs:507:15
    |
507 | pub(crate) fn initialize(input: alloc::vec::Vec<u8>) -> (crate::ownership_proof::raw_vec::BoundPtr, usize, Ghost<(Coordinator, Pack...
    |               ^^^^^^^^^^

warning: function `replace` is never used
   --> src/../../../../src/ownership_proof/scalable_tickets.rs:728:15
    |
728 | pub(crate) fn replace(
    |               ^^^^^^^

warning: function `release_unique_storage` is never used
  --> /workspace/bytes-proof-tools/targets/bytes/debug/build/bytes-coordinator-carrier-split-f9f2a3e7ac30305b/out/actual_carrier.rs:19:11
   |
19 | unsafe fn release_unique_storage(
   |           ^^^^^^^^^^^^^^^^^^^^^^

warning: field `original_capacity_repr` is never read
  --> /workspace/bytes-proof-tools/targets/bytes/debug/build/bytes-coordinator-carrier-split-f9f2a3e7ac30305b/out/actual_carrier.rs:58:5
   |
56 | struct Shared {
   |        ------ field in this struct
57 |     buffer: SharedBuffer,
58 |     original_capacity_repr: usize,
   |     ^^^^^^^^^^^^^^^^^^^^^^

warning: calling external function `abort` with no contract will yield an impossible precondition
  --> src/lib.rs:33:19
   |
33 | fn abort() -> ! { std::process::abort() }
   |                   ^^^^^^^^^^^^^^^^^^^^^ function called here
   |
   = note: `#[warn(creusot::contractless_external_function)]` on by default

warning: `bytes-coordinator-carrier-split` (lib) generated 34 warnings (run `cargo fix --lib -p bytes-coordinator-carrier-split` to apply 16 suggestions)
    Finished `dev` profile [unoptimized + debuginfo] target(s) in 4.18s
No dangling files found
Goal Coma.vc_proof_carrier_unknown_publication: ✘ (16/17)
Error: 1 unproved file
Error: 'why3find prove' failed
