    Checking itoa-proof v1.0.18 (/tmp/phase6-ecc9/itoa/1.0.18)
warning: unused import: `proof_assert`
  --> src/arithmetic.rs:16:39
   |
16 |     use creusot_std::prelude::{logic, proof_assert, requires, ensures, Int};
   |                                       ^^^^^^^^^^^^
   |
   = note: `#[warn(unused_imports)]` (part of `#[warn(unused)]`) on by default

warning: function `magic_quotient` is never used
 --> src/divmod100.rs:9:4
  |
9 | fn magic_quotient(n: Int) {
  |    ^^^^^^^^^^^^^^
  |
  = note: `#[warn(dead_code)]` (part of `#[warn(unused)]`) on by default

warning: function `divmod100` is never used
  --> src/divmod100.rs:32:15
   |
32 | pub(crate) fn divmod100(value: u32) -> (u32, u32) {
   |               ^^^^^^^^^

warning: function `div_rem_1e16` is never used
   --> src/arithmetic.rs:226:15
    |
226 | pub(crate) fn div_rem_1e16(n: u128) -> (u128, u64) {
    |               ^^^^^^^^^^^^

warning: function `power_two_sum` is never used
  --> src/u128_ext.rs:12:15
   |
12 | pub(super) fn power_two_sum(a: Int, b: Int) {}
   |               ^^^^^^^^^^^^^

warning: function `limb_base_square` is never used
  --> src/u128_ext.rs:17:4
   |
17 | fn limb_base_square() {
   |    ^^^^^^^^^^^^^^^^

warning: function `euclidean_u128_half_bound` is never used
  --> src/u128_ext.rs:26:4
   |
26 | fn euclidean_u128_half_bound(n: Int) {
   |    ^^^^^^^^^^^^^^^^^^^^^^^^^

warning: function `exact_floor_from_split` is never used
  --> src/u128_ext.rs:45:15
   |
45 | pub(super) fn exact_floor_from_split(n: Int, q: Int, r: Int, d: Int) {
   |               ^^^^^^^^^^^^^^^^^^^^^^

warning: function `u128_halves` is never used
  --> src/u128_ext.rs:60:15
   |
60 | pub(crate) fn u128_halves(n: u128) -> (u64, u64) {
   |               ^^^^^^^^^^^

warning: function `limb_product_fits` is never used
  --> src/u128_ext.rs:70:4
   |
70 | fn limb_product_fits(a: Int, b: Int) {
   |    ^^^^^^^^^^^^^^^^^

warning: function `limb_product_plus_limb_fits` is never used
  --> src/u128_ext.rs:89:4
   |
89 | fn limb_product_plus_limb_fits(a: Int, b: Int, c: Int) {
   |    ^^^^^^^^^^^^^^^^^^^^^^^^^^^

warning: function `limb_product_plus_two_limbs_fits` is never used
   --> src/u128_ext.rs:107:4
    |
107 | fn limb_product_plus_two_limbs_fits(a: Int, b: Int, c: Int, d: Int) {
    |    ^^^^^^^^^^^^^^^^^^^^^^^^^^^^^^^^

warning: function `mulhi_limb_identity` is never used
   --> src/u128_ext.rs:132:4
    |
132 | fn mulhi_limb_identity(
    |    ^^^^^^^^^^^^^^^^^^^

warning: function `mulhi` is never used
   --> src/u128_ext.rs:183:15
    |
183 | pub(crate) fn mulhi(x: u128, y: u128) -> u128 {
    |               ^^^^^

warning: function `shift_by` is never used
   --> src/u128_ext.rs:397:15
    |
397 | pub(crate) fn shift_by(n: u128, k: u32) -> u128 {
    |               ^^^^^^^^

warning: function `shift_by_u128` is never used
   --> src/u128_ext.rs:408:15
    |
408 | pub(crate) fn shift_by_u128(n: u128, k: u128) -> u128 {
    |               ^^^^^^^^^^^^^

warning: function `shift_by_u128_euclid` is never used
   --> src/u128_ext.rs:419:15
    |
419 | pub(crate) fn shift_by_u128_euclid(n: u128, k: u128) -> u128 {
    |               ^^^^^^^^^^^^^^^^^^^^

warning: function `shift_by_i32_euclid` is never used
   --> src/u128_ext.rs:428:15
    |
428 | pub(crate) fn shift_by_i32_euclid(n: u128, k: i32) -> u128 {
    |               ^^^^^^^^^^^^^^^^^^^

warning: function `shift_by_64_actual` is never used
   --> src/u128_ext.rs:436:15
    |
436 | pub(crate) fn shift_by_64_actual(n: u128) -> u128 {
    |               ^^^^^^^^^^^^^^^^^^

warning: function `high_half_as_u64` is never used
   --> src/u128_ext.rs:443:15
    |
443 | pub(crate) fn high_half_as_u64(n: u128) -> u64 {
    |               ^^^^^^^^^^^^^^^^

warning: function `high_half_cast_view` is never used
   --> src/u128_ext.rs:453:15
    |
453 | pub(super) fn high_half_cast_view(n: u128, q: u64) {
    |               ^^^^^^^^^^^^^^^^^^^

warning: function `high_half_cast_bitwise` is never used
   --> src/u128_ext.rs:461:15
    |
461 | pub(super) fn high_half_cast_bitwise(n: u128, q: u64) {}
    |               ^^^^^^^^^^^^^^^^^^^^^^

warning: function `positive_multiplication_monotone` is never used
   --> src/u128_ext.rs:467:4
    |
467 | fn positive_multiplication_monotone(x: Int, y: Int, z: Int) {
    |    ^^^^^^^^^^^^^^^^^^^^^^^^^^^^^^^^

warning: function `quotient_equal_from_remainders` is never used
   --> src/u128_ext.rs:479:4
    |
479 | fn quotient_equal_from_remainders(n: Int, d: Int, q: Int, r: Int, qe: Int, re: Int) {
    |    ^^^^^^^^^^^^^^^^^^^^^^^^^^^^^^

warning: function `computer_division_euclidean_compat` is never used
   --> src/u128_ext.rs:503:4
    |
503 | fn computer_division_euclidean_compat(n: Int, d: Int) {
    |    ^^^^^^^^^^^^^^^^^^^^^^^^^^^^^^^^^^

warning: function `computer_division_matches_shift64` is never used
   --> src/u128_ext.rs:521:15
    |
521 | pub(super) fn computer_division_matches_shift64(n: Int) -> bool {
    |               ^^^^^^^^^^^^^^^^^^^^^^^^^^^^^^^^^

warning: function `computer_division_matches_shift51` is never used
   --> src/u128_ext.rs:531:15
    |
531 | pub(super) fn computer_division_matches_shift51(n: Int) -> bool {
    |               ^^^^^^^^^^^^^^^^^^^^^^^^^^^^^^^^^

warning: function `pow2_179_decomposition` is never used
  --> src/arithmetic.rs:21:19
   |
21 |     pub(super) fn pow2_179_decomposition() {
   |                   ^^^^^^^^^^^^^^^^^^^^^^

warning: function `pow2_128_decomposition` is never used
  --> src/arithmetic.rs:29:8
   |
29 |     fn pow2_128_decomposition() {
   |        ^^^^^^^^^^^^^^^^^^^^^^

warning: function `magic_multiplier_identity` is never used
  --> src/arithmetic.rs:41:8
   |
41 |     fn magic_multiplier_identity() {
   |        ^^^^^^^^^^^^^^^^^^^^^^^^^

warning: function `magic_division_floor` is never used
  --> src/arithmetic.rs:57:19
   |
57 |     pub(super) fn magic_division_floor(n: Int) {
   |                   ^^^^^^^^^^^^^^^^^^^^

warning: function `magic_shift_floor` is never used
   --> src/arithmetic.rs:120:19
    |
120 |     pub(super) fn magic_shift_floor(n: Int, high: Int, q: Int) {
    |                   ^^^^^^^^^^^^^^^^^

warning: function `nonnegative_product` is never used
   --> src/arithmetic.rs:134:8
    |
134 |     fn nonnegative_product(x: Int, y: Int) {}
    |        ^^^^^^^^^^^^^^^^^^^

warning: function `multiply_monotone` is never used
   --> src/arithmetic.rs:139:8
    |
139 |     fn multiply_monotone(x: Int, y: Int, z: Int) {
    |        ^^^^^^^^^^^^^^^^^

warning: function `strict_integer_predecessor` is never used
   --> src/arithmetic.rs:146:8
    |
146 |     fn strict_integer_predecessor(x: Int, y: Int) {}
    |        ^^^^^^^^^^^^^^^^^^^^^^^^^^

warning: function `successor_product` is never used
   --> src/arithmetic.rs:150:8
    |
150 |     fn successor_product(s: Int, p: Int) {}
    |        ^^^^^^^^^^^^^^^^^

warning: function `add_strict` is never used
   --> src/arithmetic.rs:155:8
    |
155 |     fn add_strict(a: Int, b: Int, c: Int) {}
    |        ^^^^^^^^^^

warning: function `nonnegative_quotient` is never used
   --> src/arithmetic.rs:161:8
    |
161 |     fn nonnegative_quotient(n: Int, d: Int) {}
    |        ^^^^^^^^^^^^^^^^^^^^

warning: function `euclidean_remainder_bound` is never used
   --> src/arithmetic.rs:166:8
    |
166 |     fn euclidean_remainder_bound(n: Int, d: Int) {}
    |        ^^^^^^^^^^^^^^^^^^^^^^^^^

warning: function `nested_residual_bound` is never used
   --> src/arithmetic.rs:177:8
    |
177 |     fn nested_residual_bound(r: Int, p: Int, s: Int, n: Int) {
    |        ^^^^^^^^^^^^^^^^^^^^^

warning: function `nested_floor` is never used
   --> src/arithmetic.rs:193:19
    |
193 |     pub(super) fn nested_floor(n: Int, p: Int, s: Int) {
    |                   ^^^^^^^^^^^^

warning: struct `DecimalPairs` is never constructed
 --> src/decimal_pairs.rs:5:19
  |
5 | pub(crate) struct DecimalPairs(pub(crate) [u8; 200]);
  |                   ^^^^^^^^^^^^

warning: constant `DECIMAL_PAIRS` is never used
  --> src/decimal_pairs.rs:61:18
   |
61 | pub(crate) const DECIMAL_PAIRS: DecimalPairs = decimal_pairs_scalar!();
   |                  ^^^^^^^^^^^^^

warning: function `decimal_pair_correct` is never used
  --> src/decimal_pairs.rs:71:15
   |
71 | pub(crate) fn decimal_pair_correct(n: u32) -> (u8, u8) {
   |               ^^^^^^^^^^^^^^^^^^^^

warning: struct `Buffer` is never constructed
  --> src/runtime.rs:45:12
   |
45 | pub struct Buffer {
   |            ^^^^^^

warning: associated function `new` is never used
  --> src/runtime.rs:71:12
   |
66 | impl Buffer {
   | ----------- associated function in this implementation
...
71 |     pub fn new() -> Buffer {
   |            ^^^

warning: trait `Integer` is never used
  --> src/runtime.rs:93:11
   |
93 | pub trait Integer: private::Sealed {
   |           ^^^^^^^

warning: function `write_decimal_digit` is never used
   --> src/runtime.rs:236:4
    |
236 | fn write_decimal_digit(buf: &mut [MaybeUninit<u8>], index: usize, digit: u8) {
    |    ^^^^^^^^^^^^^^^^^^^

warning: function `write_decimal_pair` is never used
   --> src/runtime.rs:264:4
    |
264 | fn write_decimal_pair(buf: &mut [MaybeUninit<u8>], index: usize, pair: u32) {
    |    ^^^^^^^^^^^^^^^^^^

warning: function `write_decimal_quad` is never used
   --> src/runtime.rs:342:4
    |
342 | fn write_decimal_quad(buf: &mut [MaybeUninit<u8>], index: usize, pair1: u32, pair2: u32) {
    |    ^^^^^^^^^^^^^^^^^^

warning: trait `Unsigned` is never used
   --> src/runtime.rs:424:7
    |
424 | trait Unsigned: Integer {
    |       ^^^^^^^^

warning: function `check_u16_fmt_call_site` is never used
   --> src/runtime.rs:726:4
    |
726 | fn check_u16_fmt_call_site(n: u16) {
    |    ^^^^^^^^^^^^^^^^^^^^^^^

warning: trait `Sealed` is never used
   --> src/runtime.rs:102:15
    |
102 |     pub trait Sealed: Copy {
    |               ^^^^^^

warning: function `write_decimal_quad` is never used
   --> src/enc_16lsd.rs:451:4
    |
451 | fn write_decimal_quad<const OFFSET: usize>(
    |    ^^^^^^^^^^^^^^^^^^

warning: function `enc_16lsd` is never used
   --> src/enc_16lsd.rs:537:15
    |
537 | pub(crate) fn enc_16lsd<const OFFSET: usize>(buf: &mut [MaybeUninit<u8>], n: u64) {
    |               ^^^^^^^^^

warning: function `power_of_ten_unfold_local` is never used
  --> src/enc_16lsd.rs:26:4
   |
26 | fn power_of_ten_unfold_local(exponent: Int) {}
   |    ^^^^^^^^^^^^^^^^^^^^^^^^^

warning: function `power_of_ten_split_4` is never used
  --> src/enc_16lsd.rs:31:4
   |
31 | fn power_of_ten_split_4(width: Int) {
   |    ^^^^^^^^^^^^^^^^^^^^

warning: function `power_of_ten_4` is never used
  --> src/enc_16lsd.rs:40:4
   |
40 | fn power_of_ten_4() {
   |    ^^^^^^^^^^^^^^

warning: function `power_of_ten_16` is never used
  --> src/enc_16lsd.rs:51:4
   |
51 | fn power_of_ten_16() {
   |    ^^^^^^^^^^^^^^^

warning: function `remainder_10_000_nonnegative` is never used
  --> src/enc_16lsd.rs:63:4
   |
63 | fn remainder_10_000_nonnegative(n: Int) {}
   |    ^^^^^^^^^^^^^^^^^^^^^^^^^^^^

warning: function `fixed_width_decimal_values_unfold_local` is never used
  --> src/enc_16lsd.rs:74:4
   |
74 | fn fixed_width_decimal_values_unfold_local(n: Int, width: Int) {}
   |    ^^^^^^^^^^^^^^^^^^^^^^^^^^^^^^^^^^^^^^^

warning: function `decimal_values_unfold_local` is never used
  --> src/enc_16lsd.rs:83:4
   |
83 | fn decimal_values_unfold_local(n: Int) {}
   |    ^^^^^^^^^^^^^^^^^^^^^^^^^^^

warning: function `decimal_values_one_digit_local` is never used
  --> src/enc_16lsd.rs:88:4
   |
88 | fn decimal_values_one_digit_local(n: Int) {
   |    ^^^^^^^^^^^^^^^^^^^^^^^^^^^^^^

warning: function `fixed_width_decimal_values_expand_4` is never used
  --> src/enc_16lsd.rs:99:4
   |
99 | fn fixed_width_decimal_values_expand_4(n: Int) {
   |    ^^^^^^^^^^^^^^^^^^^^^^^^^^^^^^^^^^^

warning: function `concat_singleton_local` is never used
   --> src/enc_16lsd.rs:120:4
    |
120 | fn concat_singleton_local(a: Seq<Int>, x: Int) {}
    |    ^^^^^^^^^^^^^^^^^^^^^^

warning: function `concat_push_back_local` is never used
   --> src/enc_16lsd.rs:124:4
    |
124 | fn concat_push_back_local(a: Seq<Int>, b: Seq<Int>, x: Int) {}
    |    ^^^^^^^^^^^^^^^^^^^^^^

warning: function `fixed_width_decimal_values_runtime_quad_digits` is never used
   --> src/enc_16lsd.rs:141:15
    |
141 | pub(crate) fn fixed_width_decimal_values_runtime_quad_digits(
    |               ^^^^^^^^^^^^^^^^^^^^^^^^^^^^^^^^^^^^^^^^^^^^^^

warning: function `fixed_width_decimal_values_split_4` is never used
   --> src/enc_16lsd.rs:199:4
    |
199 | fn fixed_width_decimal_values_split_4(n: Int, width: Int) {
    |    ^^^^^^^^^^^^^^^^^^^^^^^^^^^^^^^^^^

warning: function `fixed_width_decimal_values_split_16` is never used
   --> src/enc_16lsd.rs:294:4
    |
294 | fn fixed_width_decimal_values_split_16(n: Int) {
    |    ^^^^^^^^^^^^^^^^^^^^^^^^^^^^^^^^^^^

warning: function `fixed_width_decimal_values_len_4_local` is never used
   --> src/enc_16lsd.rs:309:4
    |
309 | fn fixed_width_decimal_values_len_4_local(n: Int) {
    |    ^^^^^^^^^^^^^^^^^^^^^^^^^^^^^^^^^^^^^^

warning: function `concat_four_get_second` is never used
   --> src/enc_16lsd.rs:337:4
    |
337 | fn concat_four_get_second(a: Seq<Int>, b: Seq<Int>, c: Seq<Int>, d: Seq<Int>) {
    |    ^^^^^^^^^^^^^^^^^^^^^^

warning: function `concat_four_get_third` is never used
   --> src/enc_16lsd.rs:354:4
    |
354 | fn concat_four_get_third(a: Seq<Int>, b: Seq<Int>, c: Seq<Int>, d: Seq<Int>) {
    |    ^^^^^^^^^^^^^^^^^^^^^

warning: function `fixed_width_decimal_values_chunk_16` is never used
   --> src/enc_16lsd.rs:383:15
    |
383 | pub(crate) fn fixed_width_decimal_values_chunk_16(n: Int, quad_index: Int) {
    |               ^^^^^^^^^^^^^^^^^^^^^^^^^^^^^^^^^^^

warning: function `logical_slot_bytes` is never used
  --> src/verification.rs:30:8
   |
30 | pub fn logical_slot_bytes(slots: Seq<MaybeUninit<u8>>) -> Seq<Int> {
   |        ^^^^^^^^^^^^^^^^^^

warning: function `logical_slot_bytes_subsequence` is never used
  --> src/verification.rs:46:8
   |
46 | pub fn logical_slot_bytes_subsequence(
   |        ^^^^^^^^^^^^^^^^^^^^^^^^^^^^^^

warning: function `logical_slot_bytes_initialized_range` is never used
  --> src/verification.rs:69:15
   |
69 | pub(crate) fn logical_slot_bytes_initialized_range(
   |               ^^^^^^^^^^^^^^^^^^^^^^^^^^^^^^^^^^^^

warning: function `logical_slot_bytes_split` is never used
  --> src/verification.rs:87:8
   |
87 | pub fn logical_slot_bytes_split(
   |        ^^^^^^^^^^^^^^^^^^^^^^^^

warning: function `sequence_subsequence_split` is never used
   --> src/verification.rs:104:8
    |
104 | pub fn sequence_subsequence_split(
    |        ^^^^^^^^^^^^^^^^^^^^^^^^^^

warning: function `concat_two_get_digits` is never used
   --> src/verification.rs:130:8
    |
130 | pub fn concat_two_get_digits(a: Seq<Int>, b: Seq<Int>) {
    |        ^^^^^^^^^^^^^^^^^^^^^

warning: function `masked_decimal_digit` is never used
   --> src/verification.rs:150:15
    |
150 | pub(crate) fn masked_decimal_digit(d: u8) -> u8 {
    |               ^^^^^^^^^^^^^^^^^^^^

warning: function `decimal_values_len_u8` is never used
   --> src/verification.rs:453:28
    |
453 | unsigned_decimal_capacity!(decimal_values_len_u8, u8, 3; 3, 2, 1, 0);
    |                            ^^^^^^^^^^^^^^^^^^^^^
    |
    = note: this warning originates in the macro `unsigned_decimal_capacity` (in Nightly builds, run with -Z macro-backtrace for more info)

warning: function `decimal_values_len_u16` is never used
   --> src/verification.rs:454:28
    |
454 | unsigned_decimal_capacity!(decimal_values_len_u16, u16, 5; 5, 4, 3, 2, 1, 0);
    |                            ^^^^^^^^^^^^^^^^^^^^^^
    |
    = note: this warning originates in the macro `unsigned_decimal_capacity` (in Nightly builds, run with -Z macro-backtrace for more info)

warning: function `decimal_values_len_u32` is never used
   --> src/verification.rs:455:28
    |
455 | unsigned_decimal_capacity!(decimal_values_len_u32, u32, 10; 10, 9, 8, 7, 6, 5, 4, 3, 2, 1, 0);
    |                            ^^^^^^^^^^^^^^^^^^^^^^
    |
    = note: this warning originates in the macro `unsigned_decimal_capacity` (in Nightly builds, run with -Z macro-backtrace for more info)

warning: function `decimal_values_len_u64` is never used
   --> src/verification.rs:456:28
    |
456 | unsigned_decimal_capacity!(decimal_values_len_u64, u64, 20;
    |                            ^^^^^^^^^^^^^^^^^^^^^^
    |
    = note: this warning originates in the macro `unsigned_decimal_capacity` (in Nightly builds, run with -Z macro-backtrace for more info)

warning: function `decimal_values_len_u128` is never used
   --> src/verification.rs:463:15
    |
463 | pub(crate) fn decimal_values_len_u128(n: u128) {
    |               ^^^^^^^^^^^^^^^^^^^^^^^

warning: function `fixed_width_decimal_values` is never used
   --> src/verification.rs:719:8
    |
719 | pub fn fixed_width_decimal_values(n: Int, width: Int) -> Seq<Int> {
    |        ^^^^^^^^^^^^^^^^^^^^^^^^^^

warning: function `fixed_width_decimal_values_unfold` is never used
   --> src/verification.rs:735:4
    |
735 | fn fixed_width_decimal_values_unfold(n: Int, width: Int) {}
    |    ^^^^^^^^^^^^^^^^^^^^^^^^^^^^^^^^^

warning: function `decimal_values_one_digit_len` is never used
   --> src/verification.rs:740:4
    |
740 | fn decimal_values_one_digit_len(n: Int) {
    |    ^^^^^^^^^^^^^^^^^^^^^^^^^^^^

warning: function `decimal_values_len_at_least_one` is never used
   --> src/verification.rs:748:15
    |
748 | pub(crate) fn decimal_values_len_at_least_one(n: Int) {
    |               ^^^^^^^^^^^^^^^^^^^^^^^^^^^^^^^

warning: function `decimal_values_len_ge_2` is never used
   --> src/verification.rs:761:15
    |
761 | pub(crate) fn decimal_values_len_ge_2(n: Int) {
    |               ^^^^^^^^^^^^^^^^^^^^^^^

warning: function `decimal_seq_snoc_singleton` is never used
   --> src/verification.rs:770:4
    |
770 | fn decimal_seq_snoc_singleton(s: Seq<Int>, value: Int) {}
    |    ^^^^^^^^^^^^^^^^^^^^^^^^^^

warning: function `decimal_seq_concat_snoc` is never used
   --> src/verification.rs:774:4
    |
774 | fn decimal_seq_concat_snoc(s: Seq<Int>, t: Seq<Int>, value: Int) {}
    |    ^^^^^^^^^^^^^^^^^^^^^^^

warning: function `decimal_seq_concat_assoc` is never used
   --> src/verification.rs:778:15
    |
778 | pub(crate) fn decimal_seq_concat_assoc(s: Seq<Int>, t: Seq<Int>, u: Seq<Int>) {}
    |               ^^^^^^^^^^^^^^^^^^^^^^^^

warning: function `decimal_values_len_ge_4` is never used
   --> src/verification.rs:784:15
    |
784 | pub(crate) fn decimal_values_len_ge_4(n: Int) {
    |               ^^^^^^^^^^^^^^^^^^^^^^^

warning: function `fixed_width_decimal_values_len` is never used
   --> src/verification.rs:803:15
    |
803 | pub(crate) fn fixed_width_decimal_values_len(n: Int, width: Int) {
    |               ^^^^^^^^^^^^^^^^^^^^^^^^^^^^^^

warning: function `fixed_width_decimal_values_pair` is never used
   --> src/verification.rs:827:15
    |
827 | pub(crate) fn fixed_width_decimal_values_pair(pair: Int) {
    |               ^^^^^^^^^^^^^^^^^^^^^^^^^^^^^^^

warning: function `fixed_width_decimal_values_2_is_decimal` is never used
   --> src/verification.rs:843:15
    |
843 | pub(crate) fn fixed_width_decimal_values_2_is_decimal(n: Int) {
    |               ^^^^^^^^^^^^^^^^^^^^^^^^^^^^^^^^^^^^^^^

warning: function `decimal_values_compose_1x2` is never used
   --> src/verification.rs:858:15
    |
858 | pub(crate) fn decimal_values_compose_1x2(n: Int) {
    |               ^^^^^^^^^^^^^^^^^^^^^^^^^^

warning: function `decimal_quad_split_digits` is never used
   --> src/verification.rs:883:15
    |
883 | pub(crate) fn decimal_quad_split_digits(quad: Int) {
    |               ^^^^^^^^^^^^^^^^^^^^^^^^^

warning: function `fixed_width_decimal_values_compose_2x2` is never used
   --> src/verification.rs:900:15
    |
900 | pub(crate) fn fixed_width_decimal_values_compose_2x2(quad: Int) {
    |               ^^^^^^^^^^^^^^^^^^^^^^^^^^^^^^^^^^^^^^

warning: function `decimal_values_split_4` is never used
   --> src/verification.rs:937:15
    |
937 | pub(crate) fn decimal_values_split_4(n: Int) {
    |               ^^^^^^^^^^^^^^^^^^^^^^

warning: function `power_of_ten_positive` is never used
    --> src/verification.rs:1003:15
     |
1003 | pub(crate) fn power_of_ten_positive(exponent: Int) {
     |               ^^^^^^^^^^^^^^^^^^^^^

warning: function `power_of_ten_add` is never used
    --> src/verification.rs:1022:15
     |
1022 | pub(crate) fn power_of_ten_add(a: Int, b: Int) {
     |               ^^^^^^^^^^^^^^^^

warning: function `euclidean_mul_add` is never used
    --> src/verification.rs:1050:15
     |
1050 | pub(crate) fn euclidean_mul_add(high: Int, base: Int, rem: Int) {
     |               ^^^^^^^^^^^^^^^^^

warning: function `decimal_division_split_10` is never used
    --> src/verification.rs:1064:15
     |
1064 | pub(crate) fn decimal_division_split_10(
     |               ^^^^^^^^^^^^^^^^^^^^^^^^^

warning: function `fixed_width_decimal_values_split_width` is never used
    --> src/verification.rs:1093:15
     |
1093 | pub(crate) fn fixed_width_decimal_values_split_width(
     |               ^^^^^^^^^^^^^^^^^^^^^^^^^^^^^^^^^^^^^^

warning: function `decimal_values_split_width` is never used
    --> src/verification.rs:1169:15
     |
1169 | pub(crate) fn decimal_values_split_width(n: Int, width: Int) {
     |               ^^^^^^^^^^^^^^^^^^^^^^^^^^

warning: function `power_of_ten_16` is never used
    --> src/verification.rs:1241:15
     |
1241 | pub(crate) fn power_of_ten_16() {
     |               ^^^^^^^^^^^^^^^

warning: function `decimal_values_split_16` is never used
    --> src/verification.rs:1274:15
     |
1274 | pub(crate) fn decimal_values_split_16(n: Int) {
     |               ^^^^^^^^^^^^^^^^^^^^^^^

warning: function `fixed_width_decimal_values_split_16x16` is never used
    --> src/verification.rs:1289:15
     |
1289 | pub(crate) fn fixed_width_decimal_values_split_16x16(n: Int) {
     |               ^^^^^^^^^^^^^^^^^^^^^^^^^^^^^^^^^^^^^^

warning: function `decimal_values_compose_16` is never used
    --> src/verification.rs:1304:15
     |
1304 | pub(crate) fn decimal_values_compose_16(high: Int, low: Int) {
     |               ^^^^^^^^^^^^^^^^^^^^^^^^^

warning: function `decimal_values_compose_16x2` is never used
    --> src/verification.rs:1325:15
     |
1325 | pub(crate) fn decimal_values_compose_16x2(top: Int, middle: Int, low: Int) {
     |               ^^^^^^^^^^^^^^^^^^^^^^^^^^^

warning: `itoa-proof` (lib) generated 112 warnings (run `cargo fix --lib -p itoa-proof` to apply 1 suggestion)
    Finished `dev` profile [unoptimized + debuginfo] target(s) in 3.05s
Library verif.itoa_rlib.runtime.impl_Unsigned_for_u128.fmt__refines: ✔ (1)
Library verif.itoa_rlib.runtime.impl_Unsigned_for_u128.fmt: ✔ (146)
