Local proof config: /tmp/httparse-nth-overlay.qkvDKF/creusot/why3.conf
Local config SHA-256: fc85a35687e1e7e2fcae52f521970b2f67e963c844573052a548b56b078b14b8  /tmp/httparse-nth-overlay.qkvDKF/creusot/why3.conf
Base config SHA-256: e1124888733158546f027f02926484f591bed63bb5e10f861a6c93a54330ea07  /workspace/proof-tools/config/creusot/why3.conf
Local driver: /workspace/rust-crate-proofs/httparse/1.10.1/verification/probes/backend-sse-prefix/why3-driver/z3_nth_overlay.drv
Prover profile: Z3-NthOverlay 4.15.3, 1 running prover, 1000 MiB
Registered local prover: Z3-NthOverlay 4.15.3
Effective local prover stanza:
name = "Z3-NthOverlay"
version = "4.15.3"
command = "/workspace/proof-tools/creusot-data/bin/z3 -smt2 -T:%t sat.random_seed=42 nlsat.randomize=false smt.random_seed=42 -st %f"
command_steps = "/workspace/proof-tools/creusot-data/bin/z3 -smt2 sat.random_seed=42 nlsat.randomize=false smt.random_seed=42 -st rlimit=%S %f"
driver = "/workspace/rust-crate-proofs/httparse/1.10.1/verification/probes/backend-sse-prefix/why3-driver/z3_nth_overlay.drv"
Coma target SHA-256: 188af68006994ac695cf49f601c078f8a2bee56b8a21655db7e4b9b02c48dfdd  /workspace/rust-crate-proofs/httparse/1.10.1/verification/probes/backend-sse-prefix/verif/httparse_backend_sse_prefix_probe_rlib/sse_prefix/trailing_zeros_shift_to_nth.coma
Proof command: why3 -C /tmp/httparse-nth-overlay.qkvDKF/creusot/why3.conf prove -L /workspace/proof-tools/creusot-data/share/why3find/packages/creusot -L /workspace/rust-crate-proofs/httparse/1.10.1/verification/probes/backend-sse-prefix/verif -a split_vc -P Z3-NthOverlay -t 30 -m 1000 /workspace/rust-crate-proofs/httparse/1.10.1/verification/probes/backend-sse-prefix/verif/httparse_backend_sse_prefix_probe_rlib/sse_prefix/trailing_zeros_shift_to_nth.coma
Shared proof queue held; Why3 running_provers_max=1, memlimit=1000 MiB
Warning, file "/workspace/proof-tools/creusot-data/share/why3find/packages/creusot/creusot/int.coma", line 166, characters 8-22: axiom extensionality does not contain any local abstract symbol (contains: int, (=), t, to_int)
Warning, file "/workspace/proof-tools/creusot-data/share/why3find/packages/creusot/creusot/int.coma", line 484, characters 8-22: axiom extensionality does not contain any local abstract symbol (contains: int, (=), t, to_int)
Warning, file "/workspace/proof-tools/creusot-data/share/why3find/packages/creusot/creusot/int.coma", line 802, characters 8-22: axiom extensionality does not contain any local abstract symbol (contains: int, (=), t, to_int)
Warning, file "/workspace/proof-tools/creusot-data/share/why3find/packages/creusot/creusot/int.coma", line 1120, characters 8-22: axiom extensionality does not contain any local abstract symbol (contains: int, (=), t, to_int)
Warning, file "/workspace/proof-tools/creusot-data/share/why3find/packages/creusot/creusot/int.coma", line 1438, characters 8-22: axiom extensionality does not contain any local abstract symbol (contains: int, (=), t, to_int)
Warning, file "/workspace/rust-crate-proofs/httparse/1.10.1/verification/probes/backend-sse-prefix/verif/httparse_backend_sse_prefix_probe_rlib/sse_prefix/trailing_zeros_shift_to_nth.coma", line 40, characters 6-21: axiom eq_cmp_u32_spec does not contain any local abstract symbol (contains: (=), t, t_Ordering, Equal, cmp_log_u32)
Warning, file "/workspace/rust-crate-proofs/httparse/1.10.1/verification/probes/backend-sse-prefix/verif/httparse_backend_sse_prefix_probe_rlib/sse_prefix/trailing_zeros_shift_to_nth.coma", line 44, characters 6-23: axiom antisym2_u32_spec does not contain any local abstract symbol (contains: (=), t, t_Ordering, Less, Greater, cmp_log_u32)
Warning, file "/workspace/rust-crate-proofs/httparse/1.10.1/verification/probes/backend-sse-prefix/verif/httparse_backend_sse_prefix_probe_rlib/sse_prefix/trailing_zeros_shift_to_nth.coma", line 49, characters 6-23: axiom antisym1_u32_spec does not contain any local abstract symbol (contains: (=), t, t_Ordering, Less, Greater, cmp_log_u32)
Warning, file "/workspace/rust-crate-proofs/httparse/1.10.1/verification/probes/backend-sse-prefix/verif/httparse_backend_sse_prefix_probe_rlib/sse_prefix/trailing_zeros_shift_to_nth.coma", line 54, characters 6-20: axiom trans_u32_spec does not contain any local abstract symbol (contains: (=), t, t_Ordering, cmp_log_u32)
Warning, file "/workspace/rust-crate-proofs/httparse/1.10.1/verification/probes/backend-sse-prefix/verif/httparse_backend_sse_prefix_probe_rlib/sse_prefix/trailing_zeros_shift_to_nth.coma", line 59, characters 6-19: axiom refl_u32_spec does not contain any local abstract symbol (contains: (=), t, t_Ordering, Equal, cmp_log_u32)
Warning, file "/workspace/rust-crate-proofs/httparse/1.10.1/verification/probes/backend-sse-prefix/verif/httparse_backend_sse_prefix_probe_rlib/sse_prefix/trailing_zeros_shift_to_nth.coma", line 63, characters 6-25: axiom cmp_gt_log_u32_spec does not contain any local abstract symbol (contains: (=), t, gt, t_Ordering, Greater, cmp_log_u32)
Warning, file "/workspace/rust-crate-proofs/httparse/1.10.1/verification/probes/backend-sse-prefix/verif/httparse_backend_sse_prefix_probe_rlib/sse_prefix/trailing_zeros_shift_to_nth.coma", line 67, characters 6-25: axiom cmp_ge_log_u32_spec does not contain any local abstract symbol (contains: (=), t, ge, t_Ordering, Less, cmp_log_u32)
Warning, file "/workspace/rust-crate-proofs/httparse/1.10.1/verification/probes/backend-sse-prefix/verif/httparse_backend_sse_prefix_probe_rlib/sse_prefix/trailing_zeros_shift_to_nth.coma", line 71, characters 6-25: axiom cmp_lt_log_u32_spec does not contain any local abstract symbol (contains: (=), t, lt, t_Ordering, Less, cmp_log_u32)
Warning, file "/workspace/rust-crate-proofs/httparse/1.10.1/verification/probes/backend-sse-prefix/verif/httparse_backend_sse_prefix_probe_rlib/sse_prefix/trailing_zeros_shift_to_nth.coma", line 75, characters 6-25: axiom cmp_le_log_u32_spec does not contain any local abstract symbol (contains: (=), t, le, t_Ordering, Greater, cmp_log_u32)
File "/workspace/rust-crate-proofs/httparse/1.10.1/verification/probes/backend-sse-prefix/verif/httparse_backend_sse_prefix_probe_rlib/sse_prefix/trailing_zeros_shift_to_nth.coma", line 101, character 61 to line 106, character 49:
Sub-goal Trailing_zeros_shift_to_nth ensures of goal
vc_trailing_zeros_shift_to_nth.
Prover result is: Valid (0.28s, 488496 steps).

