Local proof config: /tmp/httparse-nth-overlay.0Zd1gh/creusot/why3.conf
Local config SHA-256: fc85a35687e1e7e2fcae52f521970b2f67e963c844573052a548b56b078b14b8  /tmp/httparse-nth-overlay.0Zd1gh/creusot/why3.conf
Base config SHA-256: e1124888733158546f027f02926484f591bed63bb5e10f861a6c93a54330ea07  /workspace/proof-tools/config/creusot/why3.conf
Local driver: /workspace/rust-crate-proofs/httparse/1.10.1/verification/probes/backend-sse-prefix/why3-driver/z3_nth_overlay.drv
Prover profile: Z3-NthOverlay 4.15.3, 1 running prover, 1000 MiB
Registered local prover: Z3-NthOverlay 4.15.3
Effective local prover stanza:
name = "Z3-NthOverlay"
version = "4.15.3"
command = "/workspace/proof-tools/creusot-data/bin/z3 -smt2 -T:%t sat.random_seed=42 nlsat.randomize=false smt.random_seed=42 -st %f"
command_steps = "/workspace/proof-tools/creusot-data/bin/z3 -smt2 sat.random_seed=42 nlsat.randomize=false smt.random_seed=42 -st rlimit=%S %f"
driver = "/workspace/rust-crate-proofs/httparse/1.10.1/verification/probes/backend-sse-prefix/why3-driver/z3_nth_overlay.drv"
Coma target SHA-256: 68d2f3112c8ac945ae0133d96ad4126cbdb94dc2ee04e67291b7d2cc12ac0142  /workspace/rust-crate-proofs/httparse/1.10.1/verification/probes/backend-sse-prefix/verif/httparse_backend_sse_prefix_probe_rlib/sse_prefix/prefix_len_from_mask.coma
Proof command: why3 -C /tmp/httparse-nth-overlay.0Zd1gh/creusot/why3.conf prove -L /workspace/proof-tools/creusot-data/share/why3find/packages/creusot -L /workspace/rust-crate-proofs/httparse/1.10.1/verification/probes/backend-sse-prefix/verif -a split_vc -P Z3-NthOverlay -t 30 -m 1000 /workspace/rust-crate-proofs/httparse/1.10.1/verification/probes/backend-sse-prefix/verif/httparse_backend_sse_prefix_probe_rlib/sse_prefix/prefix_len_from_mask.coma
Shared proof queue held; Why3 running_provers_max=1, memlimit=1000 MiB
Warning, file "/workspace/proof-tools/creusot-data/share/why3find/packages/creusot/creusot/int.coma", line 166, characters 8-22: axiom extensionality does not contain any local abstract symbol (contains: int, (=), t, to_int)
Warning, file "/workspace/proof-tools/creusot-data/share/why3find/packages/creusot/creusot/int.coma", line 484, characters 8-22: axiom extensionality does not contain any local abstract symbol (contains: int, (=), t, to_int)
Warning, file "/workspace/proof-tools/creusot-data/share/why3find/packages/creusot/creusot/int.coma", line 802, characters 8-22: axiom extensionality does not contain any local abstract symbol (contains: int, (=), t, to_int)
Warning, file "/workspace/proof-tools/creusot-data/share/why3find/packages/creusot/creusot/int.coma", line 1120, characters 8-22: axiom extensionality does not contain any local abstract symbol (contains: int, (=), t, to_int)
Warning, file "/workspace/proof-tools/creusot-data/share/why3find/packages/creusot/creusot/int.coma", line 1438, characters 8-22: axiom extensionality does not contain any local abstract symbol (contains: int, (=), t, to_int)
Warning, file "/workspace/rust-crate-proofs/httparse/1.10.1/verification/probes/backend-sse-prefix/verif/httparse_backend_sse_prefix_probe_rlib/sse_prefix/prefix_len_from_mask.coma", line 55, characters 6-21: axiom eq_cmp_u32_spec does not contain any local abstract symbol (contains: (=), t, t_Ordering, Equal, cmp_log_u32)
Warning, file "/workspace/rust-crate-proofs/httparse/1.10.1/verification/probes/backend-sse-prefix/verif/httparse_backend_sse_prefix_probe_rlib/sse_prefix/prefix_len_from_mask.coma", line 59, characters 6-23: axiom antisym2_u32_spec does not contain any local abstract symbol (contains: (=), t, t_Ordering, Less, Greater, cmp_log_u32)
Warning, file "/workspace/rust-crate-proofs/httparse/1.10.1/verification/probes/backend-sse-prefix/verif/httparse_backend_sse_prefix_probe_rlib/sse_prefix/prefix_len_from_mask.coma", line 64, characters 6-23: axiom antisym1_u32_spec does not contain any local abstract symbol (contains: (=), t, t_Ordering, Less, Greater, cmp_log_u32)
Warning, file "/workspace/rust-crate-proofs/httparse/1.10.1/verification/probes/backend-sse-prefix/verif/httparse_backend_sse_prefix_probe_rlib/sse_prefix/prefix_len_from_mask.coma", line 69, characters 6-20: axiom trans_u32_spec does not contain any local abstract symbol (contains: (=), t, t_Ordering, cmp_log_u32)
Warning, file "/workspace/rust-crate-proofs/httparse/1.10.1/verification/probes/backend-sse-prefix/verif/httparse_backend_sse_prefix_probe_rlib/sse_prefix/prefix_len_from_mask.coma", line 74, characters 6-19: axiom refl_u32_spec does not contain any local abstract symbol (contains: (=), t, t_Ordering, Equal, cmp_log_u32)
Warning, file "/workspace/rust-crate-proofs/httparse/1.10.1/verification/probes/backend-sse-prefix/verif/httparse_backend_sse_prefix_probe_rlib/sse_prefix/prefix_len_from_mask.coma", line 78, characters 6-25: axiom cmp_gt_log_u32_spec does not contain any local abstract symbol (contains: (=), t, gt, t_Ordering, Greater, cmp_log_u32)
Warning, file "/workspace/rust-crate-proofs/httparse/1.10.1/verification/probes/backend-sse-prefix/verif/httparse_backend_sse_prefix_probe_rlib/sse_prefix/prefix_len_from_mask.coma", line 82, characters 6-25: axiom cmp_ge_log_u32_spec does not contain any local abstract symbol (contains: (=), t, ge, t_Ordering, Less, cmp_log_u32)
Warning, file "/workspace/rust-crate-proofs/httparse/1.10.1/verification/probes/backend-sse-prefix/verif/httparse_backend_sse_prefix_probe_rlib/sse_prefix/prefix_len_from_mask.coma", line 86, characters 6-25: axiom cmp_lt_log_u32_spec does not contain any local abstract symbol (contains: (=), t, lt, t_Ordering, Less, cmp_log_u32)
Warning, file "/workspace/rust-crate-proofs/httparse/1.10.1/verification/probes/backend-sse-prefix/verif/httparse_backend_sse_prefix_probe_rlib/sse_prefix/prefix_len_from_mask.coma", line 90, characters 6-25: axiom cmp_le_log_u32_spec does not contain any local abstract symbol (contains: (=), t, le, t_Ordering, Greater, cmp_log_u32)
File "/workspace/proof-tools/creusot-data/share/why3find/packages/creusot/creusot/int.coma", line 1074, characters 34-86:
Sub-goal Arithmetic overflow of goal vc_prefix_len_from_mask.
Prover result is: Valid (0.01s, 17318 steps).

File "/workspace/rust-crate-proofs/httparse/1.10.1/verification/probes/backend-sse-prefix/verif/httparse_backend_sse_prefix_probe_rlib/sse_prefix/prefix_len_from_mask.coma", line 143, character 54 to line 148, character 53:
Sub-goal Prefix_len_from_mask ensures of goal vc_prefix_len_from_mask.
Prover result is: Valid (0.02s, 20543 steps).

