Local proof config: /tmp/httparse-nth-overlay.UHqEff/creusot/why3.conf
Local config SHA-256: fc85a35687e1e7e2fcae52f521970b2f67e963c844573052a548b56b078b14b8  /tmp/httparse-nth-overlay.UHqEff/creusot/why3.conf
Base config SHA-256: e1124888733158546f027f02926484f591bed63bb5e10f861a6c93a54330ea07  /workspace/proof-tools/config/creusot/why3.conf
Local driver: /workspace/rust-crate-proofs/httparse/1.10.1/verification/probes/backend-sse-prefix/why3-driver/z3_nth_overlay.drv
Prover profile: Z3-NthOverlay 4.15.3, 1 running prover, 1000 MiB
Registered local prover: Z3-NthOverlay 4.15.3
Effective local prover stanza:
name = "Z3-NthOverlay"
version = "4.15.3"
command = "/workspace/proof-tools/creusot-data/bin/z3 -smt2 -T:%t sat.random_seed=42 nlsat.randomize=false smt.random_seed=42 -st %f"
command_steps = "/workspace/proof-tools/creusot-data/bin/z3 -smt2 sat.random_seed=42 nlsat.randomize=false smt.random_seed=42 -st rlimit=%S %f"
driver = "/workspace/rust-crate-proofs/httparse/1.10.1/verification/probes/backend-sse-prefix/why3-driver/z3_nth_overlay.drv"
Coma target SHA-256: c2d42ae05df51be60fb86ba303914a69282d332f8381eeabac003add0bfc90f1  /workspace/rust-crate-proofs/httparse/1.10.1/verification/probes/backend-sse-prefix/verif/httparse_backend_sse_prefix_probe_rlib/sse_prefix/uri_allowed_mask_16_sse.coma
Proof command: why3 -C /tmp/httparse-nth-overlay.UHqEff/creusot/why3.conf prove -L /workspace/proof-tools/creusot-data/share/why3find/packages/creusot -L /workspace/rust-crate-proofs/httparse/1.10.1/verification/probes/backend-sse-prefix/verif -a split_vc -P Z3-NthOverlay -t 30 -m 1000 /workspace/rust-crate-proofs/httparse/1.10.1/verification/probes/backend-sse-prefix/verif/httparse_backend_sse_prefix_probe_rlib/sse_prefix/uri_allowed_mask_16_sse.coma
Shared proof queue held; Why3 running_provers_max=1, memlimit=1000 MiB
Warning, file "/workspace/proof-tools/creusot-data/share/why3find/packages/creusot/creusot/int.coma", line 166, characters 8-22: axiom extensionality does not contain any local abstract symbol (contains: int, (=), t, to_int)
Warning, file "/workspace/proof-tools/creusot-data/share/why3find/packages/creusot/creusot/int.coma", line 484, characters 8-22: axiom extensionality does not contain any local abstract symbol (contains: int, (=), t, to_int)
Warning, file "/workspace/proof-tools/creusot-data/share/why3find/packages/creusot/creusot/int.coma", line 802, characters 8-22: axiom extensionality does not contain any local abstract symbol (contains: int, (=), t, to_int)
Warning, file "/workspace/proof-tools/creusot-data/share/why3find/packages/creusot/creusot/int.coma", line 1120, characters 8-22: axiom extensionality does not contain any local abstract symbol (contains: int, (=), t, to_int)
Warning, file "/workspace/proof-tools/creusot-data/share/why3find/packages/creusot/creusot/int.coma", line 1438, characters 8-22: axiom extensionality does not contain any local abstract symbol (contains: int, (=), t, to_int)
File "/workspace/rust-crate-proofs/httparse/1.10.1/verification/probes/backend-sse-prefix/verif/httparse_backend_sse_prefix_probe_rlib/sse_prefix/uri_allowed_mask_16_sse.coma", line 71, character 47 to line 72, character 86:
Sub-goal _mm_max_epu8 requires of goal vc_uri_allowed_mask_16_sse.
Prover result is: Valid (0.01s, 1630 steps).

File "/workspace/rust-crate-proofs/httparse/1.10.1/verification/probes/backend-sse-prefix/verif/httparse_backend_sse_prefix_probe_rlib/sse_prefix/uri_allowed_mask_16_sse.coma", line 87, character 49 to line 88, character 88:
Sub-goal _mm_cmpeq_epi8 requires of goal vc_uri_allowed_mask_16_sse.
Prover result is: Valid (0.01s, 2169 steps).

File "/workspace/rust-crate-proofs/httparse/1.10.1/verification/probes/backend-sse-prefix/verif/httparse_backend_sse_prefix_probe_rlib/sse_prefix/uri_allowed_mask_16_sse.coma", line 87, character 49 to line 88, character 88:
Sub-goal _mm_cmpeq_epi8 requires of goal vc_uri_allowed_mask_16_sse.
Prover result is: Valid (0.00s, 2378 steps).

File "/workspace/rust-crate-proofs/httparse/1.10.1/verification/probes/backend-sse-prefix/verif/httparse_backend_sse_prefix_probe_rlib/sse_prefix/uri_allowed_mask_16_sse.coma", line 103, character 51 to line 104, character 90:
Sub-goal _mm_andnot_si128 requires of goal vc_uri_allowed_mask_16_sse.
Prover result is: Valid (0.00s, 2467 steps).

File "/workspace/rust-crate-proofs/httparse/1.10.1/verification/probes/backend-sse-prefix/src/lib.rs", line 193, characters 48-49:
Sub-goal _mm_movemask_epi8 'v' type invariant of goal
vc_uri_allowed_mask_16_sse.
Prover result is: Valid (0.00s, 2228 steps).

File "/workspace/rust-crate-proofs/httparse/1.10.1/verification/probes/backend-sse-prefix/src/lib.rs", line 59, characters 15-45:
Sub-goal Movemask_narrow_preserves_bits requires of goal
vc_uri_allowed_mask_16_sse.
Prover result is: Valid (0.01s, 4242 steps).

File "/workspace/proof-tools/creusot-data/share/why3find/packages/creusot/creusot/int.coma", line 438, characters 34-86:
Sub-goal Arithmetic overflow of goal vc_uri_allowed_mask_16_sse.
Prover result is: Valid (0.03s, 53114 steps).

File "/workspace/rust-crate-proofs/httparse/1.10.1/verification/probes/backend-sse-prefix/verif/httparse_backend_sse_prefix_probe_rlib/sse_prefix/uri_allowed_mask_16_sse.coma", line 173, character 57 to line 177, character 89:
Sub-goal Uri_allowed_mask_16_sse ensures of goal vc_uri_allowed_mask_16_sse.
Prover result is: Valid (0.05s, 141677 steps).

