Local proof config: /tmp/httparse-nth-overlay.tFwgzP/creusot/why3.conf
Local config SHA-256: fc85a35687e1e7e2fcae52f521970b2f67e963c844573052a548b56b078b14b8  /tmp/httparse-nth-overlay.tFwgzP/creusot/why3.conf
Base config SHA-256: e1124888733158546f027f02926484f591bed63bb5e10f861a6c93a54330ea07  /workspace/proof-tools/config/creusot/why3.conf
Local driver: /workspace/rust-crate-proofs/httparse/1.10.1/verification/probes/backend-sse-prefix/why3-driver/z3_nth_overlay.drv
Prover profile: Z3-NthOverlay 4.15.3, 1 running prover, 1000 MiB
Registered local prover: Z3-NthOverlay 4.15.3
Effective local prover stanza:
name = "Z3-NthOverlay"
version = "4.15.3"
command = "/workspace/proof-tools/creusot-data/bin/z3 -smt2 -T:%t sat.random_seed=42 nlsat.randomize=false smt.random_seed=42 -st %f"
command_steps = "/workspace/proof-tools/creusot-data/bin/z3 -smt2 sat.random_seed=42 nlsat.randomize=false smt.random_seed=42 -st rlimit=%S %f"
driver = "/workspace/rust-crate-proofs/httparse/1.10.1/verification/probes/backend-sse-prefix/why3-driver/z3_nth_overlay.drv"
Coma target SHA-256: 3623aa3413d9304eeeecaa491aa80cd043f0a0814f7eda10bba6b0abdc112a8c  /workspace/rust-crate-proofs/httparse/1.10.1/verification/probes/backend-sse-prefix/verif/httparse_backend_sse_prefix_probe_rlib/sse_prefix/match_uri_char_16_sse_pure.coma
Proof command: why3 -C /tmp/httparse-nth-overlay.tFwgzP/creusot/why3.conf prove -L /workspace/proof-tools/creusot-data/share/why3find/packages/creusot -L /workspace/rust-crate-proofs/httparse/1.10.1/verification/probes/backend-sse-prefix/verif -a split_vc -P Z3-NthOverlay -t 30 -m 1000 /workspace/rust-crate-proofs/httparse/1.10.1/verification/probes/backend-sse-prefix/verif/httparse_backend_sse_prefix_probe_rlib/sse_prefix/match_uri_char_16_sse_pure.coma
Shared proof queue held; Why3 running_provers_max=1, memlimit=1000 MiB
Warning, file "/workspace/proof-tools/creusot-data/share/why3find/packages/creusot/creusot/int.coma", line 166, characters 8-22: axiom extensionality does not contain any local abstract symbol (contains: int, (=), t, to_int)
Warning, file "/workspace/proof-tools/creusot-data/share/why3find/packages/creusot/creusot/int.coma", line 484, characters 8-22: axiom extensionality does not contain any local abstract symbol (contains: int, (=), t, to_int)
Warning, file "/workspace/proof-tools/creusot-data/share/why3find/packages/creusot/creusot/int.coma", line 802, characters 8-22: axiom extensionality does not contain any local abstract symbol (contains: int, (=), t, to_int)
Warning, file "/workspace/proof-tools/creusot-data/share/why3find/packages/creusot/creusot/int.coma", line 1120, characters 8-22: axiom extensionality does not contain any local abstract symbol (contains: int, (=), t, to_int)
Warning, file "/workspace/proof-tools/creusot-data/share/why3find/packages/creusot/creusot/int.coma", line 1438, characters 8-22: axiom extensionality does not contain any local abstract symbol (contains: int, (=), t, to_int)
File "/workspace/rust-crate-proofs/httparse/1.10.1/verification/probes/backend-sse-prefix/src/lib.rs", line 215, characters 38-41:
Sub-goal Uri_allowed_mask_16_sse 'dat' type invariant of goal
vc_match_uri_char_16_sse_pure.
Prover result is: Valid (0.02s, 1628 steps).

File "/workspace/rust-crate-proofs/httparse/1.10.1/verification/probes/backend-sse-prefix/verif/httparse_backend_sse_prefix_probe_rlib/sse_prefix/match_uri_char_16_sse_pure.coma", line 79, character 60 to line 84, character 87:
Sub-goal Match_uri_char_16_sse_pure ensures of goal
vc_match_uri_char_16_sse_pure.
Prover result is: Valid (0.02s, 25943 steps).

