Local proof config: /tmp/httparse-nth-overlay-10s.qxiRDu/creusot/why3.conf
Local config SHA-256: fc85a35687e1e7e2fcae52f521970b2f67e963c844573052a548b56b078b14b8  /tmp/httparse-nth-overlay-10s.qxiRDu/creusot/why3.conf
Base config SHA-256: e1124888733158546f027f02926484f591bed63bb5e10f861a6c93a54330ea07  /workspace/proof-tools/config/creusot/why3.conf
Local driver: /workspace/rust-crate-proofs/httparse/1.10.1/verification/probes/backend-sse-prefix/why3-driver/z3_nth_overlay.drv
Prover profile: Z3-NthOverlay 4.15.3, 1 running prover, 1000 MiB, 10 seconds per goal
Registered local prover: Z3-NthOverlay 4.15.3
Effective local prover stanza:
name = "Z3-NthOverlay"
version = "4.15.3"
command = "/workspace/proof-tools/creusot-data/bin/z3 -smt2 -T:%t sat.random_seed=42 nlsat.randomize=false smt.random_seed=42 -st %f"
command_steps = "/workspace/proof-tools/creusot-data/bin/z3 -smt2 sat.random_seed=42 nlsat.randomize=false smt.random_seed=42 -st rlimit=%S %f"
driver = "/workspace/rust-crate-proofs/httparse/1.10.1/verification/probes/backend-sse-prefix/why3-driver/z3_nth_overlay.drv"
Coma target SHA-256: e0d494f58131abc1a779388d224f59448d3d387224db08afd2207d719c625e8a  /workspace/rust-crate-proofs/httparse/1.10.1/verification/probes/backend-sse-prefix/verif/httparse_backend_sse_prefix_probe_rlib/sse_prefix/expected_invalid_u32_negative_index_wrap.coma
Proof command: why3 -C /tmp/httparse-nth-overlay-10s.qxiRDu/creusot/why3.conf prove -L /workspace/proof-tools/creusot-data/share/why3find/packages/creusot -L /workspace/rust-crate-proofs/httparse/1.10.1/verification/probes/backend-sse-prefix/verif -a split_vc -P Z3-NthOverlay -t 10 -m 1000 --json /workspace/rust-crate-proofs/httparse/1.10.1/verification/probes/backend-sse-prefix/verif/httparse_backend_sse_prefix_probe_rlib/sse_prefix/expected_invalid_u32_negative_index_wrap.coma
Shared proof queue held; Why3 running_provers_max=1, memlimit=1000 MiB
Warning, file "/workspace/proof-tools/creusot-data/share/why3find/packages/creusot/creusot/int.coma", line 166, characters 8-22: axiom extensionality does not contain any local abstract symbol (contains: int, (=), t, to_int)
Warning, file "/workspace/proof-tools/creusot-data/share/why3find/packages/creusot/creusot/int.coma", line 484, characters 8-22: axiom extensionality does not contain any local abstract symbol (contains: int, (=), t, to_int)
Warning, file "/workspace/proof-tools/creusot-data/share/why3find/packages/creusot/creusot/int.coma", line 802, characters 8-22: axiom extensionality does not contain any local abstract symbol (contains: int, (=), t, to_int)
Warning, file "/workspace/proof-tools/creusot-data/share/why3find/packages/creusot/creusot/int.coma", line 1120, characters 8-22: axiom extensionality does not contain any local abstract symbol (contains: int, (=), t, to_int)
Warning, file "/workspace/proof-tools/creusot-data/share/why3find/packages/creusot/creusot/int.coma", line 1438, characters 8-22: axiom extensionality does not contain any local abstract symbol (contains: int, (=), t, to_int)
{"counterexample": [],
 "prover-result":
  {"answer": "Timeout",
   "ce-models": [],
   "status": "exited with status 0",
   "step": 38834086,
   "time": 10},
 "term":
  {"explanations": ["expected_invalid_u32_negative_index_wrap ensures"],
   "goal_name": "vc_expected_invalid_u32_negative_index_wrap",
   "loc":
    {"end-char": 32,
     "end-line": 142,
     "file-name":
      "/workspace/rust-crate-proofs/httparse/1.10.1/verification/probes/backend-sse-prefix/src/lib.rs",
     "start-char": 14,
     "start-line": 142}}}
