   Compiling autocfg v1.1.0
   Compiling proc-macro2 v1.0.93
   Compiling unicode-ident v1.0.2
   Compiling cfg-if v1.0.0
   Compiling libc v0.2.169
   Compiling serde v1.0.140
   Compiling crossbeam-utils v0.8.11
   Compiling memoffset v0.6.5
   Compiling once_cell v1.13.0
   Compiling quote v1.0.38
   Compiling crossbeam-epoch v0.9.10
   Compiling syn v2.0.96
   Compiling memchr v2.5.0
   Compiling scopeguard v1.1.0
   Compiling rayon-core v1.9.3
   Compiling num-traits v0.2.19
   Compiling ryu v1.0.10
   Compiling serde_json v1.0.82
   Compiling byteorder v1.5.0
   Compiling syn v1.0.98
   Compiling either v1.7.0
   Compiling crossbeam-deque v0.8.2
   Compiling getrandom v0.2.15
   Compiling num_cpus v1.13.1
   Compiling crossbeam-channel v0.5.6
   Compiling rayon v1.5.3
   Compiling serde_derive v1.0.140
   Compiling unicode-width v0.1.9
   Compiling plotters-backend v0.3.4
   Compiling itoa v1.0.2
   Compiling regex-automata v0.1.10
   Compiling lazy_static v1.4.0
   Compiling plotters-svg v0.3.2
   Compiling textwrap v0.11.0
   Compiling bstr v0.2.17
   Compiling rand_core v0.6.4
   Compiling itertools v0.10.3
   Compiling csv-core v0.1.10
   Compiling regex-syntax v0.6.27
   Compiling zerocopy-derive v0.7.35
   Compiling zerocopy v0.7.35
   Compiling ppv-lite86 v0.2.20
   Compiling cast v0.3.0
   Compiling itoa v0.4.8
   Compiling bitflags v1.3.2
   Compiling half v1.8.2
   Compiling same-file v1.0.6
   Compiling walkdir v2.3.2
   Compiling serde_cbor v0.11.2
   Compiling csv v1.1.6
   Compiling clap v2.34.0
   Compiling rand_chacha v0.3.1
   Compiling criterion-plot v0.4.5
   Compiling regex v1.6.0
   Compiling creusot-std-proc v0.11.0-dev (/workspace/httparse-cloud-resume/creusot-libs/creusot-std-proc)
   Compiling plotters v0.3.2
   Compiling tinytemplate v1.2.1
   Compiling atty v0.2.14
   Compiling httparse v1.10.1 (/workspace/httparse-cloud-resume/httparse/1.10.1)
   Compiling oorandom v11.1.3
   Compiling creusot-std v0.11.0-dev (/workspace/httparse-cloud-resume/creusot-libs/creusot-std)
warning: function `isize_to_usize_word` is never used
  --> /workspace/httparse-cloud-resume/creusot-libs/creusot-std/src/std/hash_word.rs:12:15
   |
12 | pub(crate) fn isize_to_usize_word(value: isize) -> usize {
   |               ^^^^^^^^^^^^^^^^^^^
   |
   = note: `#[warn(dead_code)]` (part of `#[warn(unused)]`) on by default

warning: `auto` traits are unstable
   --> /workspace/httparse-cloud-resume/creusot-libs/creusot-std/src/ghost.rs:260:5
    |
260 | pub auto trait Objective {}
    |     ^^^^
    |
    = note: see issue #13231 <https://github.com/rust-lang/rust/issues/13231> for more information
    = help: add `#![feature(auto_traits)]` to the crate attributes to enable
    = note: this compiler was built on 2026-02-26; consider upgrading it if it is out of date
    = warning: unstable syntax can change at any point in the future, causing a hard error!
    = note: for more information, see issue #65860 <https://github.com/rust-lang/rust/issues/65860>

warning: `creusot-std` (lib) generated 2 warnings
   Compiling rand v0.8.5
   Compiling criterion v0.3.6
    Finished `test` profile [unoptimized + debuginfo] target(s) in 14.64s
     Running unittests src/lib.rs (httparse/1.10.1/target/debug/deps/httparse-d89b2620033e3c2f)

running 3 tests
test tests::safe_method_entry_keeps_partial_and_token_errors ... ok
test tests::safe_method_entry_rejects_invalid_retained_prefix ... ok
test tests::safe_method_entry_preserves_valid_retained_prefix ... ok

test result: ok. 3 passed; 0 failed; 0 ignored; 0 measured; 102 filtered out; finished in 0.00s

