warning: function `isize_to_usize_word` is never used
  --> /workspace/httparse-cloud-resume/creusot-libs/creusot-std/src/std/hash_word.rs:12:15
   |
12 | pub(crate) fn isize_to_usize_word(value: isize) -> usize {
   |               ^^^^^^^^^^^^^^^^^^^
   |
   = note: `#[warn(dead_code)]` (part of `#[warn(unused)]`) on by default

warning: `auto` traits are unstable
   --> /workspace/httparse-cloud-resume/creusot-libs/creusot-std/src/ghost.rs:260:5
    |
260 | pub auto trait Objective {}
    |     ^^^^
    |
    = note: see issue #13231 <https://github.com/rust-lang/rust/issues/13231> for more information
    = help: add `#![feature(auto_traits)]` to the crate attributes to enable
    = note: this compiler was built on 2026-02-26; consider upgrading it if it is out of date
    = warning: unstable syntax can change at any point in the future, causing a hard error!
    = note: for more information, see issue #65860 <https://github.com/rust-lang/rust/issues/65860>

warning: `creusot-std` (lib) generated 2 warnings
   Compiling httparse v1.10.1 (/workspace/httparse-cloud-resume/httparse/1.10.1)
    Finished `test` profile [unoptimized + debuginfo] target(s) in 0.33s
     Running unittests src/lib.rs (httparse/1.10.1/target/debug/deps/httparse-d89b2620033e3c2f)

running 1 test
test tests::uri_parser_checks_the_retained_utf8_span ... ok

test result: ok. 1 passed; 0 failed; 0 ignored; 0 measured; 104 filtered out; finished in 0.00s

