    Checking http-header-map-api-proof v0.1.0 (/workspace/rust-crate-proofs/http/1.5.0/verification/header-map-api)
warning: unused import: `std::collections::HashMap`
 --> src/../../../src/header/map.rs:5:5
  |
5 | use std::collections::HashMap;
  |     ^^^^^^^^^^^^^^^^^^^^^^^^^
  |
  = note: `#[warn(unused_imports)]` (part of `#[warn(unused)]`) on by default

warning: unused import: `std::convert::TryFrom`
 --> src/../../../src/header/map.rs:7:5
  |
7 | use std::convert::TryFrom;
  |     ^^^^^^^^^^^^^^^^^^^^^

warning: unused import: `std::iter::FromIterator`
  --> src/../../../src/header/map.rs:10:5
   |
10 | use std::iter::FromIterator;
   |     ^^^^^^^^^^^^^^^^^^^^^^^

warning: unused import: `std::iter::FusedIterator`
  --> src/../../../src/header/map.rs:11:5
   |
11 | use std::iter::FusedIterator;
   |     ^^^^^^^^^^^^^^^^^^^^^^^^

warning: unused imports: `ops` and `ptr`
  --> src/../../../src/header/map.rs:13:21
   |
13 | use std::{fmt, mem, ops, ptr, vec};
   |                     ^^^  ^^^

warning: unused import: `PtrAddExt`
  --> src/../../../src/header/map.rs:16:29
   |
16 | use creusot_std::std::ptr::{PtrAddExt, PtrLive};
   |                             ^^^^^^^^^

warning: unused import: `crate::Error`
  --> src/../../../src/header/map.rs:29:5
   |
29 | use crate::Error;
   |     ^^^^^^^^^^^^

warning: unnecessary parentheses around function argument
   --> src/../../../src/header/map.rs:210:31
    |
210 |         && (forall<slot: Int> (0 <= slot && slot < before.indices.view().len()) ==>
    |                               ^                                               ^
    |
    = note: `#[warn(unused_parens)]` (part of `#[warn(unused)]`) on by default
help: remove these parentheses
    |
210 -         && (forall<slot: Int> (0 <= slot && slot < before.indices.view().len()) ==>
210 +         && (forall<slot: Int> 0 <= slot && slot < before.indices.view().len() ==>
    |

warning: unnecessary parentheses around function argument
   --> src/../../../src/header/map.rs:213:32
    |
213 |         && (forall<extra: Int> (0 <= extra && extra < before.extra_values.view().len()) ==>
    |                                ^                                                      ^
    |
help: remove these parentheses
    |
213 -         && (forall<extra: Int> (0 <= extra && extra < before.extra_values.view().len()) ==>
213 +         && (forall<extra: Int> 0 <= extra && extra < before.extra_values.view().len() ==>
    |

warning: unnecessary parentheses around function argument
   --> src/../../../src/header/map.rs:219:32
    |
219 |         && (forall<index: Int> (0 <= index && index < before.entries.view().len()) ==>
    |                                ^                                                 ^
    |
help: remove these parentheses
    |
219 -         && (forall<index: Int> (0 <= index && index < before.entries.view().len()) ==>
219 +         && (forall<index: Int> 0 <= index && index < before.entries.view().len() ==>
    |

warning: unused macro definition: `insert_phase_one`
   --> src/../../../src/header/map.rs:916:14
    |
916 | macro_rules! insert_phase_one {
    |              ^^^^^^^^^^^^^^^^
    |
    = note: `#[warn(unused_macros)]` (part of `#[warn(unused)]`) on by default

warning: unused imports: `HdrName` and `HeaderName`
    --> src/../../../src/header/map.rs:4816:24
     |
4816 |     use super::{Entry, HdrName, HeaderMap, HeaderName, MaxSizeReached};
     |                        ^^^^^^^             ^^^^^^^^^^

warning: unused import: `Entry`
    --> src/../../../src/header/map.rs:4919:17
     |
4919 |     use super::{Entry, HdrName, HeaderMap, HeaderName, InvalidHeaderName, MaxSizeReached};
     |                 ^^^^^

warning: calling external function `new` with no contract will yield an impossible precondition
    --> src/../../../src/header/map.rs:4704:29
     |
4704 |         *self = Danger::Red(RandomState::new());
     |                             ^^^^^^^^^^^^^^^^^^ function called here
     |
     = note: `#[warn(creusot::contractless_external_function)]` on by default

warning: calling external function `build_hasher` with no contract will yield an impossible precondition
    --> src/../../../src/header/map.rs:4768:25
     |
4768 |             let mut h = hasher.build_hasher();
     |                         ^^^^^^^^^^^^^^^^^^^^^ function called here

warning: calling external function `finish` with no contract will yield an impossible precondition
    --> src/../../../src/header/map.rs:4770:13
     |
4770 |             h.finish()
     |             ^^^^^^^^^^ function called here

warning: `http-header-map-api-proof` (lib) generated 16 warnings (run `cargo fix --lib -p http-header-map-api-proof` to apply 12 suggestions)
    Finished `dev` profile [unoptimized + debuginfo] target(s) in 4.16s
