   Compiling bytes-actual-frozen v0.1.0 (/workspace/bytes-runtime-verification/bytes/1.11.1/verification/probes/actual-frozen-bytes)
warning: function `extract_line` is never used
   --> build.rs:120:4
    |
120 | fn extract_line<'a>(source: &'a str, name: &'static str, marker: &str) -> Fragment<'a> {
    |    ^^^^^^^^^^^^
    |
    = note: `#[warn(dead_code)]` (part of `#[warn(unused)]`) on by default

warning: `bytes-actual-frozen` (build script) generated 1 warning
warning: unused variable: `base`
   --> src/../../../../src/ownership_proof/raw_vec.rs:905:25
    |
905 |     let RawAllocation { base, capacity, namespace: _, _not_objective: _ } = raw;
    |                         ^^^^ help: try ignoring the field: `base: _`
    |
    = note: `#[warn(unused_variables)]` (part of `#[warn(unused)]`) on by default

warning: unused variable: `capacity`
   --> src/../../../../src/ownership_proof/raw_vec.rs:905:31
    |
905 |     let RawAllocation { base, capacity, namespace: _, _not_objective: _ } = raw;
    |                               ^^^^^^^^ help: try ignoring the field: `capacity: _`

warning: unused variable: `base`
   --> src/../../../../src/ownership_proof/raw_vec.rs:941:9
    |
941 |     let base = bound.as_ptr();
    |         ^^^^ help: if this is intentional, prefix it with an underscore: `_base`

error: unsupported function call type
  --> /workspace/bytes-proof-tools/targets/bytes/debug/build/bytes-actual-frozen-08d5e41d211727df/out/actual_frozen.rs:88:18
   |
88 |         unsafe { (self.vtable.clone)(&self.data, self.ptr.as_ptr() as *const u8, self.len, self.vtable) }
   |                  ^^^^^^^^^^^^^^^^^^^^^^^^^^^^^^^^^^^^^^^^^^^^^^^^^^^^^^^^^^^^^^^^^^^^^^^^^^^^^^^^^^^^^^

warning: `bytes-actual-frozen` (lib) generated 3 warnings
error: could not compile `bytes-actual-frozen` (lib) due to 1 previous error; 3 warnings emitted
Error: Compilation failed
