warning: function `extract_line` is never used
   --> build.rs:120:4
    |
120 | fn extract_line<'a>(source: &'a str, name: &'static str, marker: &str) -> Fragment<'a> {
    |    ^^^^^^^^^^^^
    |
    = note: `#[warn(dead_code)]` (part of `#[warn(unused)]`) on by default

warning: `bytes-actual-frozen` (build script) generated 1 warning
   Compiling bytes-actual-frozen v0.1.0 (/workspace/bytes-runtime-verification/bytes/1.11.1/verification/probes/actual-frozen-bytes)
warning: unused import: `RA`
  --> src/../../../../src/ownership_proof/owned_region.rs:11:33
   |
11 |     logic::{FMap, Id, Int, ra::{RA, excl::Excl}},
   |                                 ^^
   |
   = note: `#[warn(unused_imports)]` (part of `#[warn(unused)]`) on by default

warning: unused imports: `FMap`, `RA`, `UnitRA`, and `excl::Excl`
  --> src/../../../../src/ownership_proof/raw_vec.rs:25:13
   |
25 |     logic::{FMap, Id, Int, ra::{RA, UnitRA, excl::Excl}},
   |             ^^^^                ^^  ^^^^^^  ^^^^^^^^^^

warning: unused variable: `left`
  --> src/../../../../src/ownership_proof/owned_region.rs:33:5
   |
33 |     left: Snapshot<SlotMap>,
   |     ^^^^ help: if this is intentional, prefix it with an underscore: `_left`
   |
   = note: `#[warn(unused_variables)]` (part of `#[warn(unused)]`) on by default

warning: unused variable: `right`
  --> src/../../../../src/ownership_proof/owned_region.rs:34:5
   |
34 |     right: Snapshot<SlotMap>,
   |     ^^^^^ help: if this is intentional, prefix it with an underscore: `_right`

warning: unused variable: `whole`
  --> src/../../../../src/ownership_proof/owned_region.rs:35:5
   |
35 |     whole: Snapshot<SlotMap>,
   |     ^^^^^ help: if this is intentional, prefix it with an underscore: `_whole`

warning: unused variable: `merged`
  --> src/../../../../src/ownership_proof/owned_region.rs:38:9
   |
38 |     let merged: Snapshot<SlotMap> = snapshot! { (*left).total_op(*right) };
   |         ^^^^^^ help: if this is intentional, prefix it with an underscore: `_merged`

warning: unused variable: `left`
  --> src/../../../../src/ownership_proof/owned_region.rs:48:5
   |
48 |     left: Snapshot<SlotMap>,
   |     ^^^^ help: if this is intentional, prefix it with an underscore: `_left`

warning: unused variable: `right`
  --> src/../../../../src/ownership_proof/owned_region.rs:49:5
   |
49 |     right: Snapshot<SlotMap>,
   |     ^^^^^ help: if this is intentional, prefix it with an underscore: `_right`

warning: unused variable: `whole`
  --> src/../../../../src/ownership_proof/owned_region.rs:50:5
   |
50 |     whole: Snapshot<SlotMap>,
   |     ^^^^^ help: if this is intentional, prefix it with an underscore: `_whole`

warning: unused variable: `merged`
  --> src/../../../../src/ownership_proof/owned_region.rs:52:9
   |
52 |     let merged: Snapshot<SlotMap> = snapshot! { (*left).total_op(*right) };
   |         ^^^^^^ help: if this is intentional, prefix it with an underscore: `_merged`

warning: unused variable: `slots`
   --> src/../../../../src/ownership_proof/raw_vec.rs:109:9
    |
109 |     let slots = snapshot! { slots_grown(capabilities.inner_logic().1.ledger.slots(), old_capacity@, capacity@) };
    |         ^^^^^ help: if this is intentional, prefix it with an underscore: `_slots`

warning: unused variable: `unit`
   --> src/../../../../src/ownership_proof/raw_vec.rs:647:13
    |
647 |         let unit: Snapshot<KernelRA> = snapshot!(KernelRA::unit());
    |             ^^^^ help: if this is intentional, prefix it with an underscore: `_unit`

warning: unused variable: `empty_value`
   --> src/../../../../src/ownership_proof/raw_vec.rs:650:13
    |
650 |         let empty_value: Snapshot<KernelRA> = snapshot!((None, FMap::empty()));
    |             ^^^^^^^^^^^ help: if this is intentional, prefix it with an underscore: `_empty_value`

warning: unused variable: `input_model`
   --> src/../../../../src/ownership_proof/raw_vec.rs:785:9
    |
785 |     let input_model = snapshot!(input@);
    |         ^^^^^^^^^^^ help: if this is intentional, prefix it with an underscore: `_input_model`

warning: unused variable: `slot`
    --> src/../../../../src/ownership_proof/raw_vec.rs:1007:38
     |
1007 | pub(crate) fn slot_known_equivalence(slot: Option<Option<u8>>) {}
     |                                      ^^^^ help: if this is intentional, prefix it with an underscore: `_slot`

warning: `bytes-actual-frozen` (lib) generated 15 warnings (run `cargo fix --lib -p bytes-actual-frozen` to apply 15 suggestions)
warning: `bytes-actual-frozen` (lib test) generated 15 warnings (15 duplicates)
    Finished `test` profile [unoptimized + debuginfo] target(s) in 0.43s
     Running unittests src/lib.rs (/workspace/bytes-proof-tools/targets/bytes/debug/deps/bytes_actual_frozen-ef51a0c3714a9b30)

running 1 test
test actual::tests::actual_receiver_reads_and_explicit_close ... ok

test result: ok. 1 passed; 0 failed; 0 ignored; 0 measured; 0 filtered out; finished in 0.00s

   Doc-tests bytes_actual_frozen

running 0 tests

test result: ok. 0 passed; 0 failed; 0 ignored; 0 measured; 0 filtered out; finished in 0.00s

