    Checking bytes-architecture-thread-objective v0.1.0 (/workspace/rust-crate-proofs/bytes/1.11.1/verification/probes/architecture-thread-objective)
warning: unused imports: `Acquire`, `None as NoStore`, and `invariant::Tokens`
 --> src/lib.rs:5:45
  |
5 | use creusot_std::{prelude::*, ghost::{Perm, invariant::Tokens},
  |                                             ^^^^^^^^^^^^^^^^^
6 |     std::sync::{atomic::{AtomicUsize as ModelAtomic, ordering::{Acquire,Relaxed,Release,None as NoStore}},
  |                                                                 ^^^^^^^                 ^^^^^^^^^^^^^^^
  |
  = note: `#[warn(unused_imports)]` (part of `#[warn(unused)]`) on by default

warning: unnecessary parentheses around function argument
  --> src/../../weak-native-publication/src/primitive.rs:24:9
   |
24 |         (if c.val_load() == 0usize { c.val_store() == usize::MAX } else { c.val_store()@ + 1 == c.val_load()@ }) ==>
   |         ^                                                                                                      ^
   |
   = note: `#[warn(unused_parens)]` (part of `#[warn(unused)]`) on by default
help: remove these parentheses
   |
24 -         (if c.val_load() == 0usize { c.val_store() == usize::MAX } else { c.val_store()@ + 1 == c.val_load()@ }) ==>
24 +         if c.val_load() == 0usize { c.val_store() == usize::MAX } else { c.val_store()@ + 1 == c.val_load()@ } ==>
   |

warning: `bytes-architecture-thread-objective` (lib) generated 2 warnings (run `cargo fix --lib -p bytes-architecture-thread-objective` to apply 2 suggestions)
    Finished `dev` profile [unoptimized + debuginfo] target(s) in 1.57s
