   Compiling bytes-architecture-thread-objective v0.1.0 (/workspace/rust-crate-proofs/bytes/1.11.1/verification/probes/architecture-thread-objective)
warning: unused imports: `Acquire`, `HasTimestamp`, `None as NoStore`, and `invariant::Tokens`
 --> src/lib.rs:5:45
  |
5 | use creusot_std::{prelude::*, ghost::{Perm, invariant::Tokens},
  |                                             ^^^^^^^^^^^^^^^^^
6 |     std::sync::{atomic::{AtomicUsize as ModelAtomic, ordering::{Acquire,Relaxed,Release,None as NoStore}},
  |                                                                 ^^^^^^^                 ^^^^^^^^^^^^^^^
7 |         committer::Committer, view::{AtView,HasTimestamp,SyncView}}};
  |                                             ^^^^^^^^^^^^
  |
  = note: `#[warn(unused_imports)]` (part of `#[warn(unused)]`) on by default

warning: unused imports: `HasTimestamp` and `logic::FMap`
 --> src/../../weak-native-publication/src/primitive.rs:4:53
  |
4 | use creusot_std::{prelude::*, ghost::{FnGhost,Perm},logic::FMap,
  |                                                     ^^^^^^^^^^^
5 |     std::sync::{atomic::{AtomicUsize as ModelAtomic,ordering::{Acquire,Relaxed,Release,None as NoStore}},
6 |         committer::Committer,view::{HasTimestamp,SyncView}}};
  |                                     ^^^^^^^^^^^^

warning: unused import: `RA`
  --> src/../../../../src/ownership_proof/owned_region.rs:11:33
   |
11 |     logic::{FMap, Id, Int, ra::{RA, excl::Excl}},
   |                                 ^^

warning: unused imports: `FMap`, `RA`, `UnitRA`, and `excl::Excl`
  --> src/../../../../src/ownership_proof/raw_vec.rs:25:13
   |
25 |     logic::{FMap, Id, Int, ra::{RA, UnitRA, excl::Excl}},
   |             ^^^^                ^^  ^^^^^^  ^^^^^^^^^^

warning: `bytes-architecture-thread-objective` (lib) generated 4 warnings (run `cargo fix --lib -p bytes-architecture-thread-objective` to apply 4 suggestions)
warning: `bytes-architecture-thread-objective` (lib test) generated 4 warnings (4 duplicates)
    Finished `test` profile [unoptimized + debuginfo] target(s) in 0.47s
     Running unittests src/lib.rs (/workspace/bytes-proof-tools/targets/bytes/debug/deps/bytes_architecture_thread_objective-69c8c40b5344660d)

running 2 tests
test primitive::tests::two_native_release_rmws_have_one_last_observer ... ok
threaded native cases: 84
test tests::physical_resources_cross_actual_threads ... ok

test result: ok. 2 passed; 0 failed; 0 ignored; 0 measured; 0 filtered out; finished in 0.01s

   Doc-tests bytes_architecture_thread_objective

running 0 tests

test result: ok. 0 passed; 0 failed; 0 ignored; 0 measured; 0 filtered out; finished in 0.00s

