     Removed 2 files, 65.9KiB total
    Checking http-header-map-api-proof v0.1.0 (/workspace/rust-crate-proofs/http/1.5.0/verification/header-map-api)
error: expected one of `!`, `)`, `,`, `.`, `::`, `?`, `{`, or an operator, found `@`
   --> src/../../../src/header/map.rs:496:34
    |
496 |         Some(index) => Some(index@),
    |                                  ^ expected one of 8 possible tokens

warning: unused import: `std::collections::HashMap`
 --> src/../../../src/header/map.rs:5:5
  |
5 | use std::collections::HashMap;
  |     ^^^^^^^^^^^^^^^^^^^^^^^^^
  |
  = note: `#[warn(unused_imports)]` (part of `#[warn(unused)]`) on by default

warning: unused import: `std::convert::TryFrom`
 --> src/../../../src/header/map.rs:7:5
  |
7 | use std::convert::TryFrom;
  |     ^^^^^^^^^^^^^^^^^^^^^

warning: unused import: `std::iter::FromIterator`
  --> src/../../../src/header/map.rs:10:5
   |
10 | use std::iter::FromIterator;
   |     ^^^^^^^^^^^^^^^^^^^^^^^

warning: unused import: `std::iter::FusedIterator`
  --> src/../../../src/header/map.rs:11:5
   |
11 | use std::iter::FusedIterator;
   |     ^^^^^^^^^^^^^^^^^^^^^^^^

warning: unused imports: `ops` and `ptr`
  --> src/../../../src/header/map.rs:13:21
   |
13 | use std::{fmt, mem, ops, ptr, vec};
   |                     ^^^  ^^^

warning: unused import: `PtrAddExt`
  --> src/../../../src/header/map.rs:16:29
   |
16 | use creusot_std::std::ptr::{PtrAddExt, PtrLive};
   |                             ^^^^^^^^^

warning: unused import: `crate::Error`
  --> src/../../../src/header/map.rs:29:5
   |
29 | use crate::Error;
   |     ^^^^^^^^^^^^

warning: unused macro definition: `insert_phase_one`
   --> src/../../../src/header/map.rs:869:14
    |
869 | macro_rules! insert_phase_one {
    |              ^^^^^^^^^^^^^^^^
    |
    = note: `#[warn(unused_macros)]` (part of `#[warn(unused)]`) on by default

warning: unused imports: `HdrName` and `HeaderName`
    --> src/../../../src/header/map.rs:4751:24
     |
4751 |     use super::{Entry, HdrName, HeaderMap, HeaderName, MaxSizeReached};
     |                        ^^^^^^^             ^^^^^^^^^^

warning: unused import: `Entry`
    --> src/../../../src/header/map.rs:4854:17
     |
4854 |     use super::{Entry, HdrName, HeaderMap, HeaderName, InvalidHeaderName, MaxSizeReached};
     |                 ^^^^^

warning: unused imports: `View` and `pearlite`
    --> src/../../../src/header/map.rs:4856:48
     |
4856 |     use creusot_std::prelude::{ensures, logic, pearlite, requires, DeepModel, View};
     |                                                ^^^^^^^^                       ^^^^

warning: `http-header-map-api-proof` (lib) generated 11 warnings
error: could not compile `http-header-map-api-proof` (lib) due to 1 previous error; 11 warnings emitted
