Warning, file "/workspace/scratch/httparse-string-model/creusot-data/share/why3find/packages/creusot/creusot/int.coma", line 166, characters 8-22: axiom extensionality does not contain any local abstract symbol (contains: int, (=), t, to_int)
Warning, file "/workspace/scratch/httparse-string-model/creusot-data/share/why3find/packages/creusot/creusot/int.coma", line 484, characters 8-22: axiom extensionality does not contain any local abstract symbol (contains: int, (=), t, to_int)
Warning, file "/workspace/scratch/httparse-string-model/creusot-data/share/why3find/packages/creusot/creusot/int.coma", line 802, characters 8-22: axiom extensionality does not contain any local abstract symbol (contains: int, (=), t, to_int)
Warning, file "/workspace/scratch/httparse-string-model/creusot-data/share/why3find/packages/creusot/creusot/int.coma", line 1120, characters 8-22: axiom extensionality does not contain any local abstract symbol (contains: int, (=), t, to_int)
Warning, file "/workspace/scratch/httparse-string-model/creusot-data/share/why3find/packages/creusot/creusot/int.coma", line 1438, characters 8-22: axiom extensionality does not contain any local abstract symbol (contains: int, (=), t, to_int)
Warning, file "/workspace/rust-crate-proofs/httparse/1.10.1/verification/probes/newline-harness/evidence/direct-why3-parse-newline-20261005T064700Z/context/string/verif/httparse_newline_string_harness_rlib/parse_newline.coma", line 83, characters 168-169: unused variable a
Warning, file "/workspace/rust-crate-proofs/httparse/1.10.1/verification/probes/newline-harness/evidence/direct-why3-parse-newline-20261005T064700Z/context/string/verif/httparse_newline_string_harness_rlib/parse_newline.coma", line 83, characters 181-183: unused variable ab
Warning, file "/workspace/rust-crate-proofs/httparse/1.10.1/verification/probes/newline-harness/evidence/direct-why3-parse-newline-20261005T064700Z/context/string/verif/httparse_newline_string_harness_rlib/parse_newline.coma", line 83, characters 203-204: unused variable b
Warning, file "/workspace/rust-crate-proofs/httparse/1.10.1/verification/probes/newline-harness/evidence/direct-why3-parse-newline-20261005T064700Z/context/string/verif/httparse_newline_string_harness_rlib/parse_newline.coma", line 83, characters 216-218: unused variable bc
Warning, file "/workspace/rust-crate-proofs/httparse/1.10.1/verification/probes/newline-harness/evidence/direct-why3-parse-newline-20261005T064700Z/context/string/verif/httparse_newline_string_harness_rlib/parse_newline.coma", line 83, characters 238-239: unused variable c
Warning, file "/workspace/rust-crate-proofs/httparse/1.10.1/verification/probes/newline-harness/evidence/direct-why3-parse-newline-20261005T064700Z/context/string/verif/httparse_newline_string_harness_rlib/parse_newline.coma", line 90, characters 167-171: unused variable self
{"counterexample": [],
 "prover-result":
  {"answer": "Valid",
   "ce-models": [],
   "status": "exited with status 0",
   "step": 4683,
   "time": 0.008298},
 "term":
  {"explanations": ["next 'self' type invariant"],
   "goal_name": "vc_parse_newline",
   "loc":
    {"end-char": 21,
     "end-line": 476,
     "file-name":
      "/workspace/rust-crate-proofs/httparse/1.10.1/verification/probes/newline-harness/string/../src/../../../../src/iter.rs",
     "start-char": 17,
     "start-line": 476}}}
{"counterexample": [],
 "prover-result":
  {"answer": "Valid",
   "ce-models": [],
   "status": "exited with status 0",
   "step": 56616,
   "time": 0.021118},
 "term":
  {"explanations": ["parse_newline ensures"],
   "goal_name": "vc_parse_newline",
   "loc":
    {"end-char": 10,
     "end-line": 323,
     "file-name":
      "/workspace/rust-crate-proofs/httparse/1.10.1/verification/probes/newline-harness/evidence/direct-why3-parse-newline-20261005T064700Z/context/string/verif/httparse_newline_string_harness_rlib/parse_newline.coma",
     "start-char": 47,
     "start-line": 311}}}
{"counterexample": [],
 "prover-result":
  {"answer": "Valid",
   "ce-models": [],
   "status": "exited with status 0",
   "step": 5555,
   "time": 0.00864},
 "term":
  {"explanations": ["type invariant"],
   "goal_name": "vc_parse_newline",
   "loc":
    {"end-char": 72,
     "end-line": 285,
     "file-name":
      "/workspace/rust-crate-proofs/httparse/1.10.1/verification/probes/newline-harness/evidence/direct-why3-parse-newline-20261005T064700Z/context/string/verif/httparse_newline_string_harness_rlib/parse_newline.coma",
     "start-char": 50,
     "start-line": 285}}}
{"counterexample": [],
 "prover-result":
  {"answer": "Valid",
   "ce-models": [],
   "status": "exited with status 0",
   "step": 5605,
   "time": 0.008661},
 "term":
  {"explanations": ["next 'self' type invariant"],
   "goal_name": "vc_parse_newline",
   "loc":
    {"end-char": 21,
     "end-line": 476,
     "file-name":
      "/workspace/rust-crate-proofs/httparse/1.10.1/verification/probes/newline-harness/string/../src/../../../../src/iter.rs",
     "start-char": 17,
     "start-line": 476}}}
{"counterexample": [],
 "prover-result":
  {"answer": "Valid",
   "ce-models": [],
   "status": "exited with status 0",
   "step": 79953,
   "time": 0.026758},
 "term":
  {"explanations": ["parse_newline ensures"],
   "goal_name": "vc_parse_newline",
   "loc":
    {"end-char": 10,
     "end-line": 323,
     "file-name":
      "/workspace/rust-crate-proofs/httparse/1.10.1/verification/probes/newline-harness/evidence/direct-why3-parse-newline-20261005T064700Z/context/string/verif/httparse_newline_string_harness_rlib/parse_newline.coma",
     "start-char": 47,
     "start-line": 311}}}
{"counterexample": [],
 "prover-result":
  {"answer": "Valid",
   "ce-models": [],
   "status": "exited with status 0",
   "step": 5867,
   "time": 0.008109},
 "term":
  {"explanations": ["type invariant"],
   "goal_name": "vc_parse_newline",
   "loc":
    {"end-char": 72,
     "end-line": 279,
     "file-name":
      "/workspace/rust-crate-proofs/httparse/1.10.1/verification/probes/newline-harness/evidence/direct-why3-parse-newline-20261005T064700Z/context/string/verif/httparse_newline_string_harness_rlib/parse_newline.coma",
     "start-char": 50,
     "start-line": 279}}}
{"counterexample": [],
 "prover-result":
  {"answer": "Valid",
   "ce-models": [],
   "status": "exited with status 0",
   "step": 5861,
   "time": 1e-06},
 "term":
  {"explanations": ["slice 'self' type invariant"],
   "goal_name": "vc_parse_newline",
   "loc":
    {"end-char": 26,
     "end-line": 209,
     "file-name":
      "/workspace/rust-crate-proofs/httparse/1.10.1/verification/probes/newline-harness/string/../src/../../../../src/iter.rs",
     "start-char": 22,
     "start-line": 209}}}
{"counterexample": [],
 "prover-result":
  {"answer": "Valid",
   "ce-models": [],
   "status": "exited with status 0",
   "step": 112313,
   "time": 0.050316},
 "term":
  {"explanations": ["parse_newline ensures"],
   "goal_name": "vc_parse_newline",
   "loc":
    {"end-char": 10,
     "end-line": 323,
     "file-name":
      "/workspace/rust-crate-proofs/httparse/1.10.1/verification/probes/newline-harness/evidence/direct-why3-parse-newline-20261005T064700Z/context/string/verif/httparse_newline_string_harness_rlib/parse_newline.coma",
     "start-char": 47,
     "start-line": 311}}}
{"counterexample": [],
 "prover-result":
  {"answer": "Valid",
   "ce-models": [],
   "status": "exited with status 0",
   "step": 6085,
   "time": 1e-06},
 "term":
  {"explanations": ["type invariant"],
   "goal_name": "vc_parse_newline",
   "loc":
    {"end-char": 72,
     "end-line": 274,
     "file-name":
      "/workspace/rust-crate-proofs/httparse/1.10.1/verification/probes/newline-harness/evidence/direct-why3-parse-newline-20261005T064700Z/context/string/verif/httparse_newline_string_harness_rlib/parse_newline.coma",
     "start-char": 50,
     "start-line": 274}}}
{"counterexample": [],
 "prover-result":
  {"answer": "Valid",
   "ce-models": [],
   "status": "exited with status 0",
   "step": 3964,
   "time": 1e-06},
 "term":
  {"explanations": ["type invariant"],
   "goal_name": "vc_parse_newline",
   "loc":
    {"end-char": 65,
     "end-line": 272,
     "file-name":
      "/workspace/rust-crate-proofs/httparse/1.10.1/verification/probes/newline-harness/evidence/direct-why3-parse-newline-20261005T064700Z/context/string/verif/httparse_newline_string_harness_rlib/parse_newline.coma",
     "start-char": 42,
     "start-line": 272}}}
{"counterexample": [],
 "prover-result":
  {"answer": "Valid",
   "ce-models": [],
   "status": "exited with status 0",
   "step": 86904,
   "time": 0.027784},
 "term":
  {"explanations": ["parse_newline ensures"],
   "goal_name": "vc_parse_newline",
   "loc":
    {"end-char": 10,
     "end-line": 323,
     "file-name":
      "/workspace/rust-crate-proofs/httparse/1.10.1/verification/probes/newline-harness/evidence/direct-why3-parse-newline-20261005T064700Z/context/string/verif/httparse_newline_string_harness_rlib/parse_newline.coma",
     "start-char": 47,
     "start-line": 311}}}
{"counterexample": [],
 "prover-result":
  {"answer": "Valid",
   "ce-models": [],
   "status": "exited with status 0",
   "step": 5926,
   "time": 0.004067},
 "term":
  {"explanations": ["type invariant"],
   "goal_name": "vc_parse_newline",
   "loc":
    {"end-char": 72,
     "end-line": 261,
     "file-name":
      "/workspace/rust-crate-proofs/httparse/1.10.1/verification/probes/newline-harness/evidence/direct-why3-parse-newline-20261005T064700Z/context/string/verif/httparse_newline_string_harness_rlib/parse_newline.coma",
     "start-char": 50,
     "start-line": 261}}}
{"counterexample": [],
 "prover-result":
  {"answer": "Valid",
   "ce-models": [],
   "status": "exited with status 0",
   "step": 12103,
   "time": 0.012643},
 "term":
  {"explanations": ["elim Some"],
   "goal_name": "vc_parse_newline",
   "loc":
    {"end-char": 9,
     "end-line": 130,
     "file-name":
      "/workspace/rust-crate-proofs/httparse/1.10.1/verification/probes/newline-harness/evidence/direct-why3-parse-newline-20261005T064700Z/context/string/verif/httparse_newline_string_harness_rlib/parse_newline.coma",
     "start-char": 34,
     "start-line": 127}}}
{"counterexample": [],
 "prover-result":
  {"answer": "Valid",
   "ce-models": [],
   "status": "exited with status 0",
   "step": 3788,
   "time": 1e-06},
 "term":
  {"explanations": ["type invariant"],
   "goal_name": "vc_parse_newline",
   "loc":
    {"end-char": 65,
     "end-line": 253,
     "file-name":
      "/workspace/rust-crate-proofs/httparse/1.10.1/verification/probes/newline-harness/evidence/direct-why3-parse-newline-20261005T064700Z/context/string/verif/httparse_newline_string_harness_rlib/parse_newline.coma",
     "start-char": 42,
     "start-line": 253}}}
{"counterexample": [],
 "prover-result":
  {"answer": "Valid",
   "ce-models": [],
   "status": "exited with status 0",
   "step": 5619,
   "time": 0.009976},
 "term":
  {"explanations": ["slice 'self' type invariant"],
   "goal_name": "vc_parse_newline",
   "loc":
    {"end-char": 26,
     "end-line": 209,
     "file-name":
      "/workspace/rust-crate-proofs/httparse/1.10.1/verification/probes/newline-harness/string/../src/../../../../src/iter.rs",
     "start-char": 22,
     "start-line": 209}}}
{"counterexample": [],
 "prover-result":
  {"answer": "Valid",
   "ce-models": [],
   "status": "exited with status 0",
   "step": 68987,
   "time": 0.027336},
 "term":
  {"explanations": ["parse_newline ensures"],
   "goal_name": "vc_parse_newline",
   "loc":
    {"end-char": 10,
     "end-line": 323,
     "file-name":
      "/workspace/rust-crate-proofs/httparse/1.10.1/verification/probes/newline-harness/evidence/direct-why3-parse-newline-20261005T064700Z/context/string/verif/httparse_newline_string_harness_rlib/parse_newline.coma",
     "start-char": 47,
     "start-line": 311}}}
{"counterexample": [],
 "prover-result":
  {"answer": "Valid",
   "ce-models": [],
   "status": "exited with status 0",
   "step": 5773,
   "time": 0.008775},
 "term":
  {"explanations": ["type invariant"],
   "goal_name": "vc_parse_newline",
   "loc":
    {"end-char": 72,
     "end-line": 245,
     "file-name":
      "/workspace/rust-crate-proofs/httparse/1.10.1/verification/probes/newline-harness/evidence/direct-why3-parse-newline-20261005T064700Z/context/string/verif/httparse_newline_string_harness_rlib/parse_newline.coma",
     "start-char": 50,
     "start-line": 245}}}
{"counterexample": [],
 "prover-result":
  {"answer": "Valid",
   "ce-models": [],
   "status": "exited with status 0",
   "step": 3788,
   "time": 0.008109},
 "term":
  {"explanations": ["type invariant"],
   "goal_name": "vc_parse_newline",
   "loc":
    {"end-char": 65,
     "end-line": 243,
     "file-name":
      "/workspace/rust-crate-proofs/httparse/1.10.1/verification/probes/newline-harness/evidence/direct-why3-parse-newline-20261005T064700Z/context/string/verif/httparse_newline_string_harness_rlib/parse_newline.coma",
     "start-char": 42,
     "start-line": 243}}}
{"counterexample": [],
 "prover-result":
  {"answer": "Valid",
   "ce-models": [],
   "status": "exited with status 0",
   "step": 74007,
   "time": 0.02585},
 "term":
  {"explanations": ["parse_newline ensures"],
   "goal_name": "vc_parse_newline",
   "loc":
    {"end-char": 10,
     "end-line": 323,
     "file-name":
      "/workspace/rust-crate-proofs/httparse/1.10.1/verification/probes/newline-harness/evidence/direct-why3-parse-newline-20261005T064700Z/context/string/verif/httparse_newline_string_harness_rlib/parse_newline.coma",
     "start-char": 47,
     "start-line": 311}}}
{"counterexample": [],
 "prover-result":
  {"answer": "Valid",
   "ce-models": [],
   "status": "exited with status 0",
   "step": 5649,
   "time": 0.007889},
 "term":
  {"explanations": ["type invariant"],
   "goal_name": "vc_parse_newline",
   "loc":
    {"end-char": 72,
     "end-line": 233,
     "file-name":
      "/workspace/rust-crate-proofs/httparse/1.10.1/verification/probes/newline-harness/evidence/direct-why3-parse-newline-20261005T064700Z/context/string/verif/httparse_newline_string_harness_rlib/parse_newline.coma",
     "start-char": 50,
     "start-line": 233}}}
{"counterexample": [],
 "prover-result":
  {"answer": "Valid",
   "ce-models": [],
   "status": "exited with status 0",
   "step": 11366,
   "time": 0.016602},
 "term":
  {"explanations": ["elim Some"],
   "goal_name": "vc_parse_newline",
   "loc":
    {"end-char": 9,
     "end-line": 130,
     "file-name":
      "/workspace/rust-crate-proofs/httparse/1.10.1/verification/probes/newline-harness/evidence/direct-why3-parse-newline-20261005T064700Z/context/string/verif/httparse_newline_string_harness_rlib/parse_newline.coma",
     "start-char": 34,
     "start-line": 127}}}
{"counterexample": [],
 "prover-result":
  {"answer": "Valid",
   "ce-models": [],
   "status": "exited with status 0",
   "step": 3194,
   "time": 1e-06},
 "term":
  {"explanations": ["type invariant"],
   "goal_name": "vc_parse_newline",
   "loc":
    {"end-char": 65,
     "end-line": 223,
     "file-name":
      "/workspace/rust-crate-proofs/httparse/1.10.1/verification/probes/newline-harness/evidence/direct-why3-parse-newline-20261005T064700Z/context/string/verif/httparse_newline_string_harness_rlib/parse_newline.coma",
     "start-char": 42,
     "start-line": 223}}}
