unknown
(:added-eqs                 67
 :arith-assert-diseq        1
 :arith-assert-lower        2
 :arith-assert-upper        2
 :arith-eq-adapter          269
 :arith-num-rows            265
 :arith-tableau-max-columns 731
 :arith-tableau-max-rows    265
 :binary-propagations       4
 :max-generation            1
 :max-memory                19.48
 :memory                    17.43
 :mk-bool-var               960
 :mk-clause                 274
 :mk-clause-binary          822
 :num-allocs                631490
 :num-checks                1
 :propagations              4
 :quant-instantiations      354
 :rlimit-count              30504
 :time                      0.01
 :total-time                0.02)
[quantifier_instances]       k!31 :      6 :   0 :   0 :   0 : 1
[quantifier_instances]       k!29 :    336 :   0 :   0 :   0 : 1
[quantifier_instances]       k!23 :      6 :   0 :   0 :   0 : 1
[quantifier_instances]       k!17 :      4 :   0 :   0 :   0 : 1
[quantifier_instances]        k!9 :      2 :   0 :   0 :   0 : 1
