unsat
(:added-eqs                   144
 :arith-assert-diseq          5
 :arith-assert-lower          255
 :arith-assert-upper          171
 :arith-conflicts             2
 :arith-eq-adapter            147
 :arith-gcd-tests             3
 :arith-grobner               2
 :arith-max-min               82
 :arith-nonlinear-bounds      10
 :arith-nonlinear-horner      6
 :arith-num-rows              79
 :arith-patches               4
 :arith-patches_succ          4
 :arith-pivots                110
 :arith-row-summations        76
 :arith-tableau-max-columns   305
 :arith-tableau-max-rows      79
 :binary-propagations         168
 :conflicts                   2
 :decisions                   5
 :del-clause                  87
 :final-checks                7
 :lazy-quant-instantiations   6
 :max-generation              12
 :max-memory                  18.56
 :max-missed-qa-cost          13.00
 :memory                      17.27
 :min-missed-qa-cost          13.00
 :missed-quant-instantiations 6
 :mk-bool-var                 538
 :mk-clause                   97
 :mk-clause-binary            319
 :num-allocs                  496832
 :num-checks                  1
 :propagations                176
 :quant-instantiations        160
 :rlimit-count                33512
 :time                        0.01
 :total-time                  0.02)
