unsat
(:added-eqs                   169
 :arith-assert-diseq          10
 :arith-assert-lower          312
 :arith-assert-upper          213
 :arith-assume-eqs            3
 :arith-conflicts             5
 :arith-eq-adapter            159
 :arith-fixed-eqs             5
 :arith-gcd-tests             4
 :arith-grobner               5
 :arith-max-min               163
 :arith-nonlinear-bounds      20
 :arith-nonlinear-horner      15
 :arith-num-rows              80
 :arith-offset-eqs            1
 :arith-patches               9
 :arith-patches_succ          9
 :arith-pivots                145
 :arith-pseudo-nonlinear      5
 :arith-row-summations        85
 :arith-tableau-max-columns   308
 :arith-tableau-max-rows      80
 :binary-propagations         169
 :conflicts                   5
 :decisions                   17
 :del-clause                  131
 :final-checks                25
 :interface-eqs               3
 :lazy-quant-instantiations   24
 :max-generation              13
 :max-memory                  18.61
 :max-missed-qa-cost          13.00
 :memory                      17.33
 :min-missed-qa-cost          13.00
 :missed-quant-instantiations 6
 :mk-bool-var                 611
 :mk-clause                   141
 :mk-clause-binary            319
 :num-allocs                  705352
 :num-checks                  1
 :propagations                202
 :quant-instantiations        184
 :rlimit-count                52694
 :time                        0.01
 :total-time                  0.02)
