{
  "affected_file_sha256": {
    "Cargo.toml": "23cec6e377be09f0ebd9465aa352c8ba446f7f81b3b2a7555b9db69ed7811ffc",
    "src/lib.rs": "39c101b53df740b1cebdf611266d507561b8b1f78f87477c2f00bf0bb3d644b9",
    "src/std.rs": "55dc8948c558b5c36af3fb9d5b49663d477430662536a349268e92141112eb77",
    "src/std/boxed.rs": "4175712d7d1e8877d25e2acd989f6670beeec8762ab0644dd34f181641c6a567",
    "src/std/convert.rs": "9129154aff915b8f11a281c1b2c99327092a98c2c68f7f2e6c60e208271a1bca",
    "src/std/slice.rs": "7ad112d993edfbd61c5d773f9b22136a7ef31092f7ffa6cec14b496172f39e3c",
    "src/std/string.rs": "90d53d05ab8001a57267b4f7c96e4e88851d49cfd8a2e95270ac20263c94f153",
    "src/std/vec.rs": "54657d2a2392d9dafc3ac51abb8401daa69793e26c392d1ee10b5dbfe41f33b7"
  },
  "cargo_config": "/workspace/rust-crate-proofs/bytes/1.11.1/.cargo/config.toml",
  "config_status": "already-correct",
  "package_status": "already-prepared",
  "private_std": "/workspace/bytes-proof-tools/bytes-proof-std",
  "private_tree_sha256": "b6977d9c1a353919da1c56d189fa066c3099431e42781cb897349c665302d2c7",
  "status": "ready"
}
bytes proof: /workspace/rust-crate-proofs/bytes/1.11.1; one prover; 1024 MiB; native Ordering; sc-drf disabled
     Removed 2 files, 112.6KiB total
warning: unused variable: `vector`
  --> /workspace/bytes-proof-tools/bytes-proof-std/src/std/vec.rs:21:40
   |
21 | pub fn capacity_model<T, A: Allocator>(vector: Vec<T, A>) -> Int {
   |                                        ^^^^^^ help: if this is intentional, prefix it with an underscore: `_vector`
   |
   = note: `#[warn(unused_variables)]` (part of `#[warn(unused)]`) on by default

warning: unused variable: `vector`
  --> /workspace/bytes-proof-tools/bytes-proof-std/src/std/vec.rs:32:36
   |
32 | pub fn base_model<T, A: Allocator>(vector: Vec<T, A>) -> Int {
   |                                    ^^^^^^ help: if this is intentional, prefix it with an underscore: `_vector`

warning: `creusot-std` (lib) generated 2 warnings (run `cargo fix --lib -p creusot-std` to apply 2 suggestions)
    Checking bytes v1.11.1 (/workspace/rust-crate-proofs/bytes/1.11.1)
warning: unused variable: `base`
   --> src/ownership_proof/raw_vec.rs:991:25
    |
991 |     let RawAllocation { base, capacity, namespace: _, _not_objective: _ } = raw;
    |                         ^^^^ help: try ignoring the field: `base: _`
    |
    = note: `#[warn(unused_variables)]` (part of `#[warn(unused)]`) on by default

warning: unused variable: `capacity`
   --> src/ownership_proof/raw_vec.rs:991:31
    |
991 |     let RawAllocation { base, capacity, namespace: _, _not_objective: _ } = raw;
    |                               ^^^^^^^^ help: try ignoring the field: `capacity: _`

warning: unused variable: `base`
    --> src/ownership_proof/raw_vec.rs:1027:9
     |
1027 |     let base = bound.as_ptr();
     |         ^^^^ help: if this is intentional, prefix it with an underscore: `_base`

warning: associated function `new` is never used
  --> src/buf/chain.rs:42:19
   |
38 | impl<T, U> Chain<T, U> {
   | ---------------------- associated function in this implementation
...
42 |     pub(crate) fn new(a: T, b: U) -> Chain<T, U> {
   |                   ^^^
   |
   = note: `#[warn(dead_code)]` (part of `#[warn(unused)]`) on by default

warning: function `chain` is never used
  --> src/buf/proof_convenience.rs:22:15
   |
22 | pub(crate) fn chain<T: Buf, U: Buf>(first: T, second: U) -> Chain<T, U> {
   |               ^^^^^

warning: function `reader` is never used
  --> src/buf/proof_convenience.rs:32:15
   |
32 | pub(crate) fn reader<T: Buf>(inner: T) -> super::Reader<T> {
   |               ^^^^^^

warning: function `writer` is never used
  --> src/buf/proof_convenience.rs:42:15
   |
42 | pub(crate) fn writer<T: BufMut>(inner: T) -> super::Writer<T> {
   |               ^^^^^^

warning: function `chain_mut` is never used
  --> src/buf/proof_convenience.rs:51:15
   |
51 | pub(crate) fn chain_mut<T: BufMut, U: BufMut>(first: T, second: U) -> Chain<T, U> {
   |               ^^^^^^^^^

warning: function `new` is never used
  --> src/buf/reader.rs:19:8
   |
19 | pub fn new<B>(buf: B) -> Reader<B> {
   |        ^^^

warning: trait `UninitSliceIndexModel` is never used
   --> src/buf/uninit_slice.rs:332:22
    |
332 |     pub(super) trait UninitSliceIndexModel {
    |                      ^^^^^^^^^^^^^^^^^^^^^

warning: function `new` is never used
  --> src/buf/writer.rs:19:8
   |
19 | pub fn new<B>(buf: B) -> Writer<B> {
   |        ^^^

warning: function `deallocate_u8` is never used
  --> src/allocation_ops.rs:10:22
   |
10 | pub(crate) unsafe fn deallocate_u8(base: *mut u8, capacity: usize) {
   |                      ^^^^^^^^^^^^^

warning: function `reallocate_u8` is never used
  --> src/allocation_ops.rs:25:22
   |
25 | pub(crate) unsafe fn reallocate_u8(base: *mut u8, old_capacity: usize, capacity: usize) -> core::ptr::NonNull<u8> {
   |                      ^^^^^^^^^^^^^

warning: constant `KIND_VEC` is never used
  --> src/capacity_ops.rs:25:18
   |
25 | pub(crate) const KIND_VEC: usize = 0b1;
   |                  ^^^^^^^^

warning: constant `VEC_POS_OFFSET` is never used
  --> src/capacity_ops.rs:28:18
   |
28 | pub(crate) const VEC_POS_OFFSET: usize = 5;
   |                  ^^^^^^^^^^^^^^

warning: constant `NOT_VEC_POS_MASK` is never used
  --> src/capacity_ops.rs:29:18
   |
29 | pub(crate) const NOT_VEC_POS_MASK: usize = 0b11111;
   |                  ^^^^^^^^^^^^^^^^

warning: constant `MAX_VEC_POS` is never used
  --> src/capacity_ops.rs:30:18
   |
30 | pub(crate) const MAX_VEC_POS: usize = usize::MAX >> VEC_POS_OFFSET;
   |                  ^^^^^^^^^^^

warning: function `pack_vec_metadata` is never used
   --> src/capacity_ops.rs:117:15
    |
117 | pub(crate) fn pack_vec_metadata(repr: usize) -> usize {
    |               ^^^^^^^^^^^^^^^^^

warning: function `original_capacity_repr_from_data` is never used
   --> src/capacity_ops.rs:125:15
    |
125 | pub(crate) fn original_capacity_repr_from_data(data: usize) -> usize {
    |               ^^^^^^^^^^^^^^^^^^^^^^^^^^^^^^^^

warning: function `vec_pos_from_data` is never used
   --> src/capacity_ops.rs:132:15
    |
132 | pub(crate) fn vec_pos_from_data(data: usize) -> usize {
    |               ^^^^^^^^^^^^^^^^^

warning: function `set_vec_pos_in_data` is never used
   --> src/capacity_ops.rs:143:15
    |
143 | pub(crate) fn set_vec_pos_in_data(data: usize, pos: usize) -> usize {
    |               ^^^^^^^^^^^^^^^^^^^

warning: function `fill_uninit_prefix` is never used
  --> src/storage_ops.rs:15:15
   |
15 | pub(crate) fn fill_uninit_prefix(dst: &mut [MaybeUninit<u8>], count: usize, value: u8) {
   |               ^^^^^^^^^^^^^^^^^^

warning: function `copy_to_uninit_prefix` is never used
  --> src/storage_ops.rs:36:15
   |
36 | pub(crate) fn copy_to_uninit_prefix(dst: &mut [MaybeUninit<u8>], src: &[u8]) {
   |               ^^^^^^^^^^^^^^^^^^^^^

warning: function `equal` is never used
 --> src/comparison_ops.rs:7:15
  |
7 | pub(crate) fn equal(left: &[u8], right: &[u8]) -> bool {
  |               ^^^^^

warning: function `compare` is never used
  --> src/comparison_ops.rs:13:15
   |
13 | pub(crate) fn compare(left: &[u8], right: &[u8]) -> core::cmp::Ordering {
   |               ^^^^^^^

warning: function `pointer_addr_eq` is never used
  --> src/provenance_specs.rs:19:15
   |
19 | pub(crate) fn pointer_addr_eq<T>(left: *const T, right: *const T) -> bool {
   |               ^^^^^^^^^^^^^^^

warning: function `pointer_addr` is never used
  --> src/provenance_specs.rs:52:15
   |
52 | pub(crate) fn pointer_addr<T>(ptr: *const T) -> usize {
   |               ^^^^^^^^^^^^

warning: function `wrapping_offset` is never used
  --> src/provenance_specs.rs:77:15
   |
77 | pub(crate) fn wrapping_offset(ptr: *mut u8, offset: usize) -> *mut u8 {
   |               ^^^^^^^^^^^^^^^

warning: function `pointer_with_address` is never used
  --> src/provenance_specs.rs:88:15
   |
88 | pub(crate) fn pointer_with_address(ptr: *mut u8, new_addr: usize) -> *mut u8 {
   |               ^^^^^^^^^^^^^^^^^^^^

warning: function `metadata_pointer` is never used
  --> src/provenance_specs.rs:98:15
   |
98 | pub(crate) fn metadata_pointer(addr: usize) -> *mut u8 {
   |               ^^^^^^^^^^^^^^^^

warning: function `detach_bound_vec` is never used
  --> src/ownership_proof/bound_ptr.rs:43:15
   |
43 | pub(crate) fn detach_bound_vec(
   |               ^^^^^^^^^^^^^^^^

warning: type alias `KernelRA` is never used
  --> src/ownership_proof/owned_region.rs:20:17
   |
20 | pub(crate) type KernelRA = (Option<Excl<()>>, FMap<Int, Excl<Option<u8>>>);
   |                 ^^^^^^^^

warning: type alias `SlotMap` is never used
  --> src/ownership_proof/owned_region.rs:23:17
   |
23 | pub(crate) type SlotMap = FMap<Int, Excl<Option<u8>>>;
   |                 ^^^^^^^

warning: function `map_compose_eq` is never used
  --> src/ownership_proof/owned_region.rs:32:15
   |
32 | pub(crate) fn map_compose_eq(
   |               ^^^^^^^^^^^^^^

warning: function `map_op_get` is never used
  --> src/ownership_proof/owned_region.rs:47:15
   |
47 | pub(crate) fn map_op_get(
   |               ^^^^^^^^^^

warning: struct `OwnedRegion` is never constructed
  --> src/ownership_proof/owned_region.rs:66:19
   |
66 | pub(crate) struct OwnedRegion {
   |                   ^^^^^^^^^^^

warning: multiple associated items are never used
   --> src/ownership_proof/owned_region.rs:108:19
    |
 95 | impl OwnedRegion {
    | ---------------- associated items in this implementation
...
108 |     pub(crate) fn from_model_ledger(lo: Int, hi: Int, resource: Resource<KernelRA>) -> Self {
    |                   ^^^^^^^^^^^^^^^^^
...
125 |     pub(crate) fn into_parts(self) -> (Int, Int, Resource<KernelRA>) {
    |                   ^^^^^^^^^^
...
131 |     pub(crate) fn lo(self) -> Int {
    |                   ^^
...
137 |     pub(crate) fn hi(self) -> Int {
    |                   ^^
...
143 |     pub(crate) fn resource_id(self) -> Id {
    |                   ^^^^^^^^^^^
...
149 |     pub(crate) fn slots(self) -> FMap<Int, Excl<Option<u8>>> {
    |                   ^^^^^
...
156 |     pub(crate) fn slot(self, index: Int) -> Option<Option<u8>> {
    |                   ^^^^
...
167 |     fn restrict(
    |        ^^^^^^^^
...
192 |     pub(crate) fn split_at(self, at: Int) -> (Self, Self) {
    |                   ^^^^^^^^
...
243 |     pub(crate) fn join(self, other: Self) -> Self {
    |                   ^^^^

warning: struct `AllocationDesc` is never constructed
  --> src/ownership_proof/raw_vec.rs:34:8
   |
34 | struct AllocationDesc {
   |        ^^^^^^^^^^^^^^

warning: function `slots_from_vec` is never used
  --> src/ownership_proof/raw_vec.rs:50:4
   |
50 | fn slots_from_vec(contents: Seq<u8>, capacity: Int) -> SlotMap {
   |    ^^^^^^^^^^^^^^

warning: function `slots_grown` is never used
  --> src/ownership_proof/raw_vec.rs:72:4
   |
72 | fn slots_grown(old: SlotMap, old_capacity: Int, capacity: Int) -> SlotMap {
   |    ^^^^^^^^^^^

warning: function `reallocate_bound` is never used
   --> src/ownership_proof/raw_vec.rs:103:22
    |
103 | pub(crate) unsafe fn reallocate_bound(base: BoundPtr, old_capacity: usize, capacity: usize,
    |                      ^^^^^^^^^^^^^^^^

warning: struct `RawAllocation` is never constructed
   --> src/ownership_proof/raw_vec.rs:136:19
    |
136 | pub(crate) struct RawAllocation {
    |                   ^^^^^^^^^^^^^

warning: methods `base_address`, `capacity`, `namespace`, and `bound_ptr_at_zero` are never used
   --> src/ownership_proof/raw_vec.rs:165:12
    |
162 | impl RawAllocation {
    | ------------------ methods in this implementation
...
165 |     pub fn base_address(self) -> Int {
    |            ^^^^^^^^^^^^
...
171 |     pub(crate) fn capacity(self) -> Int {
    |                   ^^^^^^^^
...
177 |     pub(crate) fn namespace(self) -> Id {
    |                   ^^^^^^^^^
...
193 |     pub(crate) fn bound_ptr_at_zero(&self) -> (BoundPtr, usize) {
    |                   ^^^^^^^^^^^^^^^^^

warning: struct `BoundPtrBinding` is never constructed
   --> src/ownership_proof/raw_vec.rs:224:8
    |
224 | struct BoundPtrBinding {
    |        ^^^^^^^^^^^^^^^

warning: struct `BoundPtr` is never constructed
   --> src/ownership_proof/raw_vec.rs:237:19
    |
237 | pub(crate) struct BoundPtr {
    |                   ^^^^^^^^

warning: multiple associated items are never used
   --> src/ownership_proof/raw_vec.rs:284:12
    |
280 | impl BoundPtr {
    | ------------- associated items in this implementation
...
284 |     pub fn current_address(self) -> Int {
    |            ^^^^^^^^^^^^^^^
...
294 |     pub(crate) fn raw_pointer(self) -> *mut u8 {
    |                   ^^^^^^^^^^^
...
301 |     pub(crate) fn unbound(pointer: NonNull<u8>) -> Self {
    |                   ^^^^^^^
...
316 |     pub(crate) fn as_ptr(&self) -> *mut u8 {
    |                   ^^^^^^
...
323 |     pub(crate) fn as_non_null(&self) -> NonNull<u8> {
    |                   ^^^^^^^^^^^
...
346 |     pub(crate) fn offset_from_bound_base(&self, base: Self) -> usize {
    |                   ^^^^^^^^^^^^^^^^^^^^^^
...
358 |     pub(crate) fn retreat_within(&self, count: usize) -> Self {
    |                   ^^^^^^^^^^^^^^
...
404 |     pub(crate) fn advance_within(&self, count: usize) -> Self {
    |                   ^^^^^^^^^^^^^^

warning: method `into_bound_ptr_at_zero` is never used
   --> src/ownership_proof/raw_vec.rs:453:19
    |
441 | impl RawAllocation {
    | ------------------ method in this implementation
...
453 |     pub(crate) fn into_bound_ptr_at_zero(self) -> (BoundPtr, usize) {
    |                   ^^^^^^^^^^^^^^^^^^^^^^

warning: struct `Recovery` is never constructed
   --> src/ownership_proof/raw_vec.rs:481:19
    |
481 | pub(crate) struct Recovery {
    |                   ^^^^^^^^

warning: methods `namespace`, `capacity`, and `invariant` are never used
   --> src/ownership_proof/raw_vec.rs:501:19
    |
499 | impl Recovery {
    | ------------- methods in this implementation
500 |     #[logic(open)]
501 |     pub(crate) fn namespace(self) -> Id {
    |                   ^^^^^^^^^
...
506 |     pub(crate) fn capacity(self) -> Int {
    |                   ^^^^^^^^
...
511 |     pub(crate) fn invariant(self) -> bool {
    |                   ^^^^^^^^^

warning: struct `PhysicalRegion` is never constructed
   --> src/ownership_proof/raw_vec.rs:523:19
    |
523 | pub(crate) struct PhysicalRegion {
    |                   ^^^^^^^^^^^^^^

warning: multiple methods are never used
   --> src/ownership_proof/raw_vec.rs:555:19
    |
553 | impl PhysicalRegion {
    | ------------------- methods in this implementation
554 |     #[logic(open)]
555 |     pub(crate) fn lo(self) -> Int {
    |                   ^^
...
560 |     pub(crate) fn hi(self) -> Int {
    |                   ^^
...
565 |     pub(crate) fn namespace(self) -> Id {
    |                   ^^^^^^^^^
...
570 |     pub(crate) fn capacity(self) -> Int {
    |                   ^^^^^^^^
...
575 |     pub(crate) fn resource_id(self) -> Id {
    |                   ^^^^^^^^^^^
...
580 |     pub(crate) fn slot(self, index: Int) -> Option<Option<u8>> {
    |                   ^^^^
...
609 |     pub(crate) fn split_at(self, at: Int) -> (Self, Self) {
    |                   ^^^^^^^^
...
639 |     pub(crate) fn join(self, other: Self) -> Self {
    |                   ^^^^

warning: struct `PhysicalPool` is never constructed
   --> src/ownership_proof/raw_vec.rs:653:19
    |
653 | pub(crate) struct PhysicalPool {
    |                   ^^^^^^^^^^^^

warning: multiple associated items are never used
   --> src/ownership_proof/raw_vec.rs:686:19
    |
684 | impl PhysicalPool {
    | ----------------- associated items in this implementation
685 |     #[logic(open)]
686 |     pub(crate) fn capacity(self) -> Int {
    |                   ^^^^^^^^
...
691 |     pub(crate) fn namespace(self) -> Id {
    |                   ^^^^^^^^^
...
696 |     pub(crate) fn resource_id(self) -> Id {
    |                   ^^^^^^^^^^^
...
701 |     pub(crate) fn contains(self, index: Int) -> bool {
    |                   ^^^^^^^^
...
706 |     pub(crate) fn slot(self, index: Int) -> Option<Option<u8>> {
    |                   ^^^^
...
720 |     fn kernel_unit_is_empty() {
    |        ^^^^^^^^^^^^^^^^^^^^
...
746 |     pub(crate) fn empty_from(region: &PhysicalRegion) -> Self {
    |                   ^^^^^^^^^^
...
779 |     pub(crate) fn retire(self, region: PhysicalRegion) -> Self {
    |                   ^^^^^^
...
815 |     pub(crate) fn finish(self, lo: Int) -> PhysicalRegion {
    |                   ^^^^^^

warning: function `detach_vec` is never used
   --> src/ownership_proof/raw_vec.rs:862:15
    |
862 | pub(crate) fn detach_vec(
    |               ^^^^^^^^^^

warning: function `resume_vec` is never used
   --> src/ownership_proof/raw_vec.rs:951:22
    |
951 | pub(crate) unsafe fn resume_vec(
    |                      ^^^^^^^^^^

warning: function `deallocate_vec` is never used
   --> src/ownership_proof/raw_vec.rs:987:22
    |
987 | pub(crate) unsafe fn deallocate_vec(
    |                      ^^^^^^^^^^^^^^

warning: function `deallocate_bound_vec` is never used
    --> src/ownership_proof/raw_vec.rs:1022:22
     |
1022 | pub(crate) unsafe fn deallocate_bound_vec(
     |                      ^^^^^^^^^^^^^^^^^^^^

warning: function `borrow_mut` is never used
    --> src/ownership_proof/raw_vec.rs:1071:22
     |
1071 | pub(crate) unsafe fn borrow_mut<'a>(
     |                      ^^^^^^^^^^

warning: function `slot_known` is never used
    --> src/ownership_proof/raw_vec.rs:1087:15
     |
1087 | pub(crate) fn slot_known(slot: Option<Option<u8>>) -> bool {
     |               ^^^^^^^^^^

warning: function `slot_known_equivalence` is never used
    --> src/ownership_proof/raw_vec.rs:1093:15
     |
1093 | pub(crate) fn slot_known_equivalence(slot: Option<Option<u8>>) {}
     |               ^^^^^^^^^^^^^^^^^^^^^^

warning: function `borrow_bound_mut` is never used
    --> src/ownership_proof/raw_vec.rs:1132:22
     |
1132 | pub(crate) unsafe fn borrow_bound_mut<'a>(
     |                      ^^^^^^^^^^^^^^^^

warning: function `borrow_bound_uninit_mut` is never used
    --> src/ownership_proof/raw_vec.rs:1172:22
     |
1172 | pub(crate) unsafe fn borrow_bound_uninit_mut<'a>(
     |                      ^^^^^^^^^^^^^^^^^^^^^^^

warning: function `borrow_spare_preserving_prefix` is never used
    --> src/ownership_proof/raw_vec.rs:1210:22
     |
1210 | pub(crate) unsafe fn borrow_spare_preserving_prefix<'a>(
     |                      ^^^^^^^^^^^^^^^^^^^^^^^^^^^^^^

warning: function `borrow_bound` is never used
    --> src/ownership_proof/raw_vec.rs:1240:22
     |
1240 | pub(crate) unsafe fn borrow_bound<'a>(
     |                      ^^^^^^^^^^^^

warning: function `borrow_empty_bound` is never used
    --> src/ownership_proof/raw_vec.rs:1256:22
     |
1256 | pub(crate) unsafe fn borrow_empty_bound<'a>(bound: &'a BoundPtr) -> &'a [u8] {
     |                      ^^^^^^^^^^^^^^^^^^

warning: function `borrow_empty_bound_mut` is never used
    --> src/ownership_proof/raw_vec.rs:1265:22
     |
1265 | pub(crate) unsafe fn borrow_empty_bound_mut<'a>(bound: &'a BoundPtr) -> &'a mut [u8] {
     |                      ^^^^^^^^^^^^^^^^^^^^^^

warning: function `borrow_empty_bound_uninit_mut` is never used
    --> src/ownership_proof/raw_vec.rs:1273:22
     |
1273 | pub(crate) unsafe fn borrow_empty_bound_uninit_mut<'a>(
     |                      ^^^^^^^^^^^^^^^^^^^^^^^^^^^^^

warning: function `into_raw_aligned` is never used
  --> src/ownership_proof/boxed_alignment.rs:13:15
   |
13 | pub(crate) fn into_raw_aligned<T>(value: Box<T>) -> (*mut T, Ghost<Box<Perm<*const T>>>) {
   |               ^^^^^^^^^^^^^^^^

warning: function `aligned_address_has_clear_low_bit` is never used
  --> src/ownership_proof/boxed_alignment.rs:23:15
   |
23 | pub(crate) fn aligned_address_has_clear_low_bit(address: usize, alignment: usize) {}
   |               ^^^^^^^^^^^^^^^^^^^^^^^^^^^^^^^^^

warning: function `with_capacity_bound` is never used
  --> src/ownership_proof/vec_capacity.rs:50:15
   |
50 | pub(crate) fn with_capacity_bound(
   |               ^^^^^^^^^^^^^^^^^^^

warning: function `reclaim` is never used
  --> src/ownership_proof/unique_reclaim.rs:26:15
   |
26 | pub(crate) fn reclaim(
   |               ^^^^^^^

error: internal compiler error: /rustc-dev/91fe22da8084a1c9e993d78d4a56f22ab8396236/compiler/rustc_middle/src/ty/normalize_erasing_regions.rs:201:13: Failed to normalize Alias(Alias { kind: Projection { def_id: DefId(2:1125 ~ creusot_std[78a2]::model::DeepModel::DeepModelTy) }, args: [bytes::Bytes], .. }) in typing_env=TypingEnv { typing_mode: TypingModeEqWrapper(Typeck { defining_opaque_types_and_generators: [] }), param_env: ParamEnv { caller_bounds: [Binder { value: TraitPredicate(<bytes::Bytes as core::cmp::PartialOrd<T>>, polarity:Positive), bound_vars: [] }, Binder { value: TraitPredicate(<bytes::Bytes as core::cmp::PartialEq<T>>, polarity:Positive), bound_vars: [] }, Binder { value: TraitPredicate(<T as core::marker::MetaSized>, polarity:Positive), bound_vars: [] }] } }, maybe try to call `try_normalize_erasing_regions` instead


thread 'rustc' (816336) panicked at /rustc-dev/91fe22da8084a1c9e993d78d4a56f22ab8396236/compiler/rustc_middle/src/ty/normalize_erasing_regions.rs:201:13:
Box<dyn Any>
note: run with `RUST_BACKTRACE=1` environment variable to display a backtrace

note: using internal features is not supported and expected to cause internal compiler errors when used incorrectly

note: please attach the file at `/workspace/rust-crate-proofs/bytes/1.11.1/rustc-ice-2026-10-07T13_36_16-816335.txt` to your bug report

note: rustc 1.98.0-nightly (91fe22da8 2026-06-21) running on x86_64-unknown-linux-gnu

note: compiler flags: --crate-type lib -C embed-bitcode=no -C debuginfo=2

note: some of the compiler flags provided by cargo are hidden

query stack during panic:
end of query stack
warning: `bytes` (lib) generated 71 warnings (run `cargo fix --lib -p bytes` to apply 3 suggestions)
error: could not compile `bytes` (lib); 71 warnings emitted

Caused by:
  process didn't exit successfully: `/workspace/bytes-proof-tools/creusot-data/toolchains/nightly-2026-06-22/bin/creusot-rustc --crate-name bytes --edition=2021 src/lib.rs --error-format=json --json=diagnostic-rendered-ansi,artifacts,future-incompat --crate-type lib --emit=dep-info,metadata -C embed-bitcode=no -C debuginfo=2 --warn=unexpected_cfgs --check-cfg 'cfg(loom)' --cfg 'feature="alloc"' --cfg 'feature="default"' --cfg 'feature="std"' --check-cfg 'cfg(docsrs,test)' --check-cfg 'cfg(feature, values("alloc", "default", "extra-platforms", "serde", "std"))' -C metadata=3ed24e5630813de8 -C extra-filename=-09fe1b427ffdac9e --out-dir /workspace/bytes-proof-tools/targets/bytes/debug/deps -L dependency=/workspace/bytes-proof-tools/targets/bytes/debug/deps --extern creusot_std=/workspace/bytes-proof-tools/targets/bytes/debug/deps/libcreusot_std-ff78be093a04396f.rmeta` (exit status: 101)
Error: Compilation failed
