Warning, file "/workspace/httparse-tool-rebuild/string-model/creusot-data/share/why3find/packages/creusot/creusot/int.coma", line 166, characters 8-22: axiom extensionality does not contain any local abstract symbol (contains: int, (=), t, to_int)
Warning, file "/workspace/httparse-tool-rebuild/string-model/creusot-data/share/why3find/packages/creusot/creusot/int.coma", line 484, characters 8-22: axiom extensionality does not contain any local abstract symbol (contains: int, (=), t, to_int)
Warning, file "/workspace/httparse-tool-rebuild/string-model/creusot-data/share/why3find/packages/creusot/creusot/int.coma", line 802, characters 8-22: axiom extensionality does not contain any local abstract symbol (contains: int, (=), t, to_int)
Warning, file "/workspace/httparse-tool-rebuild/string-model/creusot-data/share/why3find/packages/creusot/creusot/int.coma", line 1120, characters 8-22: axiom extensionality does not contain any local abstract symbol (contains: int, (=), t, to_int)
Warning, file "/workspace/httparse-tool-rebuild/string-model/creusot-data/share/why3find/packages/creusot/creusot/int.coma", line 1438, characters 8-22: axiom extensionality does not contain any local abstract symbol (contains: int, (=), t, to_int)
{"counterexample": [],
 "prover-result":
  {"answer": "Valid",
   "ce-models": [],
   "status": "exited with status 0",
   "step": 18263,
   "time": 0.01089},
 "term":
  {"explanations": ["get_pattern 'bytes' type invariant"],
   "goal_name": "vc_get_witness",
   "loc":
    {"end-char": 24,
     "end-line": 8,
     "file-name":
      "/workspace/httparse-cloud-resume/tools/creusot-toolpatch/constant-index-gate/fixture/src/lib.rs",
     "start-char": 19,
     "start-line": 8}}}
{"counterexample": [],
 "prover-result":
  {"answer": "Valid",
   "ce-models": [],
   "status": "exited with status 0",
   "step": 11202,
   "time": 0.00394},
 "term":
  {"explanations": ["get_witness ensures"],
   "goal_name": "vc_get_witness",
   "loc":
    {"end-char": 16,
     "end-line": 19,
     "file-name":
      "/workspace/httparse-cloud-resume/tools/creusot-toolpatch/constant-index-gate/fixture/src/lib.rs",
     "start-char": 10,
     "start-line": 19}}}
