$ bash -c set -euo pipefail; source "$1/activate.sh"; export CARGO_NET_OFFLINE=true; rustc --version; cargo check --offline --locked --manifest-path "$2" --no-default-features --features "$3" affine-check /workspace/bytes-proof-tools /workspace/bytes-runtime-verification/bytes/1.11.1/verification/probes/raw-vec-negative/affine-fixtures/Cargo.toml duplicate_descriptor
rustc 1.98.0-nightly (91fe22da8 2026-06-21)
    Checking bytes-raw-vec-affine-fixtures v0.1.0 (/workspace/bytes-runtime-verification/bytes/1.11.1/verification/probes/raw-vec-negative/affine-fixtures)
warning: unused import: `RA`
  --> src/../../../../../src/ownership_proof/owned_region.rs:11:33
   |
11 |     logic::{FMap, Id, Int, ra::{RA, excl::Excl}},
   |                                 ^^
   |
   = note: `#[warn(unused_imports)]` (part of `#[warn(unused)]`) on by default

warning: unused imports: `FMap`, `RA`, and `excl::Excl`
  --> src/../../../../../src/ownership_proof/raw_vec.rs:21:13
   |
21 |     logic::{FMap, Id, Int, ra::{RA, excl::Excl}},
   |             ^^^^                ^^  ^^^^^^^^^^

warning: unused variable: `left`
  --> src/../../../../../src/ownership_proof/owned_region.rs:33:5
   |
33 |     left: Snapshot<SlotMap>,
   |     ^^^^ help: if this is intentional, prefix it with an underscore: `_left`
   |
   = note: `#[warn(unused_variables)]` (part of `#[warn(unused)]`) on by default

warning: unused variable: `right`
  --> src/../../../../../src/ownership_proof/owned_region.rs:34:5
   |
34 |     right: Snapshot<SlotMap>,
   |     ^^^^^ help: if this is intentional, prefix it with an underscore: `_right`

warning: unused variable: `whole`
  --> src/../../../../../src/ownership_proof/owned_region.rs:35:5
   |
35 |     whole: Snapshot<SlotMap>,
   |     ^^^^^ help: if this is intentional, prefix it with an underscore: `_whole`

warning: unused variable: `merged`
  --> src/../../../../../src/ownership_proof/owned_region.rs:38:9
   |
38 |     let merged: Snapshot<SlotMap> = snapshot! { (*left).total_op(*right) };
   |         ^^^^^^ help: if this is intentional, prefix it with an underscore: `_merged`

warning: unused variable: `input_model`
   --> src/../../../../../src/ownership_proof/raw_vec.rs:433:9
    |
433 |     let input_model = snapshot!(input@);
    |         ^^^^^^^^^^^ help: if this is intentional, prefix it with an underscore: `_input_model`

error[E0382]: use of moved value: `raw`
  --> src/duplicate_descriptor.rs:6:24
   |
 4 | pub(crate) fn duplicate_descriptor(raw: RawAllocation) {
   |                                    --- move occurs because `raw` has type `RawAllocation`, which does not implement the `Copy` trait
 5 |     let first_owner = raw;
   |                       --- value moved here
 6 |     let second_owner = raw;
   |                        ^^^ value used here after move
   |
note: if `RawAllocation` implemented `Clone`, you could clone the value
  --> src/../../../../../src/ownership_proof/raw_vec.rs:66:1
   |
66 | pub(crate) struct RawAllocation {
   | ^^^^^^^^^^^^^^^^^^^^^^^^^^^^^^^ consider implementing `Clone` for this type
   |
  ::: src/duplicate_descriptor.rs:5:23
   |
 5 |     let first_owner = raw;
   |                       --- you could clone this value

For more information about this error, try `rustc --explain E0382`.
warning: `bytes-raw-vec-affine-fixtures` (lib) generated 7 warnings
error: could not compile `bytes-raw-vec-affine-fixtures` (lib) due to 1 previous error; 7 warnings emitted

exit status: 101
