Proof resources: jobs=1, memory=1000 MiB per prover; shared lock held
Command: why3 -C /workspace/proof-tools/config/creusot/why3.conf prove -L /workspace/proof-tools/creusot-data/share/why3find/packages/creusot -L /workspace/rust-crate-proofs/tools/creusot-toolpatch/static-atomic-gate-b/evidence/final-9b120a5fa27a20f0b78ea63db3d7ad46942d5e85acdc6c8ca936d38f43843403/positive/modules -a split_vc -P Z3,4.15.3 -t 30 -m 1000 -F coma /workspace/rust-crate-proofs/tools/creusot-toolpatch/static-atomic-gate-b/evidence/final-9b120a5fa27a20f0b78ea63db3d7ad46942d5e85acdc6c8ca936d38f43843403/positive/modules/CACHE.coma
Warning, file "/workspace/proof-tools/creusot-data/share/why3find/packages/creusot/creusot/int.coma", line 166, characters 8-22: axiom extensionality does not contain any local abstract symbol (contains: int, (=), t, to_int)
Warning, file "/workspace/proof-tools/creusot-data/share/why3find/packages/creusot/creusot/int.coma", line 484, characters 8-22: axiom extensionality does not contain any local abstract symbol (contains: int, (=), t, to_int)
Warning, file "/workspace/proof-tools/creusot-data/share/why3find/packages/creusot/creusot/int.coma", line 802, characters 8-22: axiom extensionality does not contain any local abstract symbol (contains: int, (=), t, to_int)
Warning, file "/workspace/proof-tools/creusot-data/share/why3find/packages/creusot/creusot/int.coma", line 1120, characters 8-22: axiom extensionality does not contain any local abstract symbol (contains: int, (=), t, to_int)
Warning, file "/workspace/proof-tools/creusot-data/share/why3find/packages/creusot/creusot/int.coma", line 1438, characters 8-22: axiom extensionality does not contain any local abstract symbol (contains: int, (=), t, to_int)
File "/workspace/rust-crate-proofs/tools/creusot-toolpatch/static-atomic-gate-b/evidence/final-9b120a5fa27a20f0b78ea63db3d7ad46942d5e85acdc6c8ca936d38f43843403/positive/modules/CACHE.coma", line 16, characters 28-56:
Goal vc_static_atomic_init.
Prover result is: Valid (0.00s, 471 steps).

WHY3_EXIT_CODE	0
Proof resources: jobs=1, memory=1000 MiB per prover; shared lock held
Command: why3 -C /workspace/proof-tools/config/creusot/why3.conf prove -L /workspace/proof-tools/creusot-data/share/why3find/packages/creusot -L /workspace/rust-crate-proofs/tools/creusot-toolpatch/static-atomic-gate-b/evidence/final-9b120a5fa27a20f0b78ea63db3d7ad46942d5e85acdc6c8ca936d38f43843403/positive/modules -a split_vc -P Z3,4.15.3 -t 30 -m 1000 -F coma /workspace/rust-crate-proofs/tools/creusot-toolpatch/static-atomic-gate-b/evidence/final-9b120a5fa27a20f0b78ea63db3d7ad46942d5e85acdc6c8ca936d38f43843403/positive/modules/store_one.coma
Warning, file "/workspace/proof-tools/creusot-data/share/why3find/packages/creusot/creusot/int.coma", line 166, characters 8-22: axiom extensionality does not contain any local abstract symbol (contains: int, (=), t, to_int)
Warning, file "/workspace/proof-tools/creusot-data/share/why3find/packages/creusot/creusot/int.coma", line 484, characters 8-22: axiom extensionality does not contain any local abstract symbol (contains: int, (=), t, to_int)
Warning, file "/workspace/proof-tools/creusot-data/share/why3find/packages/creusot/creusot/int.coma", line 802, characters 8-22: axiom extensionality does not contain any local abstract symbol (contains: int, (=), t, to_int)
Warning, file "/workspace/proof-tools/creusot-data/share/why3find/packages/creusot/creusot/int.coma", line 1120, characters 8-22: axiom extensionality does not contain any local abstract symbol (contains: int, (=), t, to_int)
Warning, file "/workspace/proof-tools/creusot-data/share/why3find/packages/creusot/creusot/int.coma", line 1438, characters 8-22: axiom extensionality does not contain any local abstract symbol (contains: int, (=), t, to_int)
File "/workspace/rust-crate-proofs/tools/creusot-toolpatch/static-atomic-gate-b/evidence/final-9b120a5fa27a20f0b78ea63db3d7ad46942d5e85acdc6c8ca936d38f43843403/positive/modules/store_one.coma", line 22, characters 58-97:
Sub-goal Static AtomicU8 store preserves CACHE of goal vc_store_one.
Prover result is: Valid (0.00s, 471 steps).

WHY3_EXIT_CODE	0
Proof resources: jobs=1, memory=1000 MiB per prover; shared lock held
Command: why3 -C /workspace/proof-tools/config/creusot/why3.conf prove -L /workspace/proof-tools/creusot-data/share/why3find/packages/creusot -L /workspace/rust-crate-proofs/tools/creusot-toolpatch/static-atomic-gate-b/evidence/final-9b120a5fa27a20f0b78ea63db3d7ad46942d5e85acdc6c8ca936d38f43843403/positive/modules -a split_vc -P Z3,4.15.3 -t 30 -m 1000 -F coma /workspace/rust-crate-proofs/tools/creusot-toolpatch/static-atomic-gate-b/evidence/final-9b120a5fa27a20f0b78ea63db3d7ad46942d5e85acdc6c8ca936d38f43843403/positive/modules/read_cache.coma
Warning, file "/workspace/proof-tools/creusot-data/share/why3find/packages/creusot/creusot/int.coma", line 166, characters 8-22: axiom extensionality does not contain any local abstract symbol (contains: int, (=), t, to_int)
Warning, file "/workspace/proof-tools/creusot-data/share/why3find/packages/creusot/creusot/int.coma", line 484, characters 8-22: axiom extensionality does not contain any local abstract symbol (contains: int, (=), t, to_int)
Warning, file "/workspace/proof-tools/creusot-data/share/why3find/packages/creusot/creusot/int.coma", line 802, characters 8-22: axiom extensionality does not contain any local abstract symbol (contains: int, (=), t, to_int)
Warning, file "/workspace/proof-tools/creusot-data/share/why3find/packages/creusot/creusot/int.coma", line 1120, characters 8-22: axiom extensionality does not contain any local abstract symbol (contains: int, (=), t, to_int)
Warning, file "/workspace/proof-tools/creusot-data/share/why3find/packages/creusot/creusot/int.coma", line 1438, characters 8-22: axiom extensionality does not contain any local abstract symbol (contains: int, (=), t, to_int)
File "/workspace/rust-crate-proofs/tools/creusot-toolpatch/static-atomic-gate-b/evidence/final-9b120a5fa27a20f0b78ea63db3d7ad46942d5e85acdc6c8ca936d38f43843403/positive/modules/read_cache.coma", line 30, characters 20-53:
Goal vc_read_cache.
Prover result is: Valid (0.01s, 6003 steps).

WHY3_EXIT_CODE	0
Proof resources: jobs=1, memory=1000 MiB per prover; shared lock held
Command: why3 -C /workspace/proof-tools/config/creusot/why3.conf prove -L /workspace/proof-tools/creusot-data/share/why3find/packages/creusot -L /workspace/rust-crate-proofs/tools/creusot-toolpatch/static-atomic-gate-b/evidence/final-9b120a5fa27a20f0b78ea63db3d7ad46942d5e85acdc6c8ca936d38f43843403/positive/modules -a split_vc -P Z3,4.15.3 -t 30 -m 1000 -F coma /workspace/rust-crate-proofs/tools/creusot-toolpatch/static-atomic-gate-b/evidence/final-9b120a5fa27a20f0b78ea63db3d7ad46942d5e85acdc6c8ca936d38f43843403/positive/modules/read_twice.coma
Warning, file "/workspace/proof-tools/creusot-data/share/why3find/packages/creusot/creusot/int.coma", line 166, characters 8-22: axiom extensionality does not contain any local abstract symbol (contains: int, (=), t, to_int)
Warning, file "/workspace/proof-tools/creusot-data/share/why3find/packages/creusot/creusot/int.coma", line 484, characters 8-22: axiom extensionality does not contain any local abstract symbol (contains: int, (=), t, to_int)
Warning, file "/workspace/proof-tools/creusot-data/share/why3find/packages/creusot/creusot/int.coma", line 802, characters 8-22: axiom extensionality does not contain any local abstract symbol (contains: int, (=), t, to_int)
Warning, file "/workspace/proof-tools/creusot-data/share/why3find/packages/creusot/creusot/int.coma", line 1120, characters 8-22: axiom extensionality does not contain any local abstract symbol (contains: int, (=), t, to_int)
Warning, file "/workspace/proof-tools/creusot-data/share/why3find/packages/creusot/creusot/int.coma", line 1438, characters 8-22: axiom extensionality does not contain any local abstract symbol (contains: int, (=), t, to_int)
WHY3_EXIT_CODE	0
