$ BYTES_TRANSLATE_ONLY=1 cargo creusot --only=coma -- --locked --no-default-features --features baseline
warning: unused variable: `vector`
  --> /workspace/bytes-proof-tools/bytes-proof-std/src/std/vec.rs:21:40
   |
21 | pub fn capacity_model<T, A: Allocator>(vector: Vec<T, A>) -> Int {
   |                                        ^^^^^^ help: if this is intentional, prefix it with an underscore: `_vector`
   |
   = note: `#[warn(unused_variables)]` (part of `#[warn(unused)]`) on by default

warning: unused variable: `vector`
  --> /workspace/bytes-proof-tools/bytes-proof-std/src/std/vec.rs:32:36
   |
32 | pub fn base_model<T, A: Allocator>(vector: Vec<T, A>) -> Int {
   |                                    ^^^^^^ help: if this is intentional, prefix it with an underscore: `_vector`

warning: `creusot-std` (lib) generated 2 warnings (run `cargo fix --lib -p creusot-std` to apply 2 suggestions)
    Checking bytes-vtable-leaf-probe v0.1.0 (/workspace/rust-crate-proofs/bytes/1.11.1/verification/probes/vtable-leaf-2026-10-08)
warning: unused import: `creusot_std::prelude::*`
  --> src/lib.rs:10:5
   |
10 | use creusot_std::prelude::*;
   |     ^^^^^^^^^^^^^^^^^^^^^^^
   |
   = note: `#[warn(unused_imports)]` (part of `#[warn(unused)]`) on by default

error: unsupported definition kind DefId(0:23 ~ bytes_vtable_leaf_probe[8ed9]::SHARED_VTABLE) Static { safety: Safe, mutability: Not, nested: false }
  --> src/lib.rs:55:1
   |
55 | static SHARED_VTABLE: Vtable = Vtable {
   | ^^^^^^^^^^^^^^^^^^^^^^^^^^^^

warning: `bytes-vtable-leaf-probe` (lib) generated 1 warning
error: could not compile `bytes-vtable-leaf-probe` (lib) due to 1 previous error; 1 warning emitted
Error: Compilation failed
exit status: 1
