Shared proof queue held; Why3 running_provers_max=1, memlimit=1000 MiB
{"counterexample": [],
 "prover-result":
  {"answer": "Valid",
   "ce-models": [],
   "status": "exited with status 0",
   "step": 720,
   "time": 0.003643},
 "term":
  {"explanations": ["utf8_byte ensures"],
   "goal_name": "vc_utf8_byte",
   "loc":
    {"end-char": 26,
     "end-line": 75,
     "file-name":
      "/workspace/httparse-tool-rebuild/string-model/creusot-libs/creusot-std/src/std/char.rs",
     "start-char": 10,
     "start-line": 75}}}
{"counterexample": [],
 "prover-result":
  {"answer": "Valid",
   "ce-models": [],
   "status": "exited with status 0",
   "step": 5581,
   "time": 0.003339},
 "term":
  {"explanations": [],
   "goal_name": "vc_utf8_byte",
   "loc":
    {"end-char": 22,
     "end-line": 34,
     "file-name":
      "/workspace/httparse-cloud-resume/httparse/1.10.1/verification/probes/utf8-general/evidence/stdlib-body-translation-20261005T162325Z-22970/utf8_byte.coma",
     "start-char": 6,
     "start-line": 34}}}
{"counterexample": [],
 "prover-result":
  {"answer": "Valid",
   "ce-models": [],
   "status": "exited with status 0",
   "step": 768,
   "time": 1e-06},
 "term":
  {"explanations": ["utf8_byte requires"],
   "goal_name": "vc_utf8_byte",
   "loc":
    {"end-char": 37,
     "end-line": 74,
     "file-name":
      "/workspace/httparse-tool-rebuild/string-model/creusot-libs/creusot-std/src/std/char.rs",
     "start-char": 11,
     "start-line": 74}}}
{"counterexample": [],
 "prover-result":
  {"answer": "Valid",
   "ce-models": [],
   "status": "exited with status 0",
   "step": 534,
   "time": 0.007178},
 "term":
  {"explanations": ["variant decreases"],
   "goal_name": "vc_utf8_byte",
   "loc":
    {"end-char": 103,
     "end-line": 36,
     "file-name":
      "/workspace/httparse-cloud-resume/httparse/1.10.1/verification/probes/utf8-general/evidence/stdlib-body-translation-20261005T162325Z-22970/utf8_byte.coma",
     "start-char": 38,
     "start-line": 36}}}
{"counterexample": [],
 "prover-result":
  {"answer": "Valid",
   "ce-models": [],
   "status": "exited with status 0",
   "step": 539,
   "time": 1e-06},
 "term":
  {"explanations": [],
   "goal_name": "vc_utf8_byte",
   "loc":
    {"end-char": 82,
     "end-line": 38,
     "file-name":
      "/workspace/httparse-cloud-resume/httparse/1.10.1/verification/probes/utf8-general/evidence/stdlib-body-translation-20261005T162325Z-22970/utf8_byte.coma",
     "start-char": 50,
     "start-line": 38}}}
{"counterexample": [],
 "prover-result":
  {"answer": "Valid",
   "ce-models": [],
   "status": "exited with status 0",
   "step": 5894,
   "time": 0.007503},
 "term":
  {"explanations": [],
   "goal_name": "vc_utf8_byte",
   "loc":
    {"end-char": 35,
     "end-line": 39,
     "file-name":
      "/workspace/httparse-cloud-resume/httparse/1.10.1/verification/probes/utf8-general/evidence/stdlib-body-translation-20261005T162325Z-22970/utf8_byte.coma",
     "start-char": 9,
     "start-line": 39}}}
{"counterexample": [],
 "prover-result":
  {"answer": "Valid",
   "ce-models": [],
   "status": "exited with status 0",
   "step": 6537,
   "time": 1e-06},
 "term":
  {"explanations": ["utf8_byte ensures"],
   "goal_name": "vc_utf8_byte",
   "loc":
    {"end-char": 26,
     "end-line": 75,
     "file-name":
      "/workspace/httparse-tool-rebuild/string-model/creusot-libs/creusot-std/src/std/char.rs",
     "start-char": 10,
     "start-line": 75}}}
{"counterexample": [],
 "prover-result":
  {"answer": "Valid",
   "ce-models": [],
   "status": "exited with status 0",
   "step": 1586,
   "time": 1e-06},
 "term":
  {"explanations": [],
   "goal_name": "vc_utf8_byte",
   "loc":
    {"end-char": 3,
     "end-line": 50,
     "file-name":
      "/workspace/httparse-cloud-resume/httparse/1.10.1/verification/probes/utf8-general/evidence/stdlib-body-translation-20261005T162325Z-22970/utf8_byte.coma",
     "start-char": 19,
     "start-line": 29}}}
