{
  "affected_file_sha256": {
    "Cargo.toml": "23cec6e377be09f0ebd9465aa352c8ba446f7f81b3b2a7555b9db69ed7811ffc",
    "src/lib.rs": "39c101b53df740b1cebdf611266d507561b8b1f78f87477c2f00bf0bb3d644b9",
    "src/std.rs": "55dc8948c558b5c36af3fb9d5b49663d477430662536a349268e92141112eb77",
    "src/std/boxed.rs": "4175712d7d1e8877d25e2acd989f6670beeec8762ab0644dd34f181641c6a567",
    "src/std/convert.rs": "9129154aff915b8f11a281c1b2c99327092a98c2c68f7f2e6c60e208271a1bca",
    "src/std/slice.rs": "7ad112d993edfbd61c5d773f9b22136a7ef31092f7ffa6cec14b496172f39e3c",
    "src/std/string.rs": "90d53d05ab8001a57267b4f7c96e4e88851d49cfd8a2e95270ac20263c94f153",
    "src/std/vec.rs": "54657d2a2392d9dafc3ac51abb8401daa69793e26c392d1ee10b5dbfe41f33b7"
  },
  "cargo_config": "/workspace/rust-crate-proofs/bytes/1.11.1/.cargo/config.toml",
  "config_status": "already-correct",
  "package_status": "already-prepared",
  "private_std": "/workspace/bytes-proof-tools/bytes-proof-std",
  "private_tree_sha256": "b6977d9c1a353919da1c56d189fa066c3099431e42781cb897349c665302d2c7",
  "status": "ready"
}
bytes proof: /workspace/rust-crate-proofs/bytes/1.11.1/verification/probes/storage-ops; one prover; 1024 MiB; native Ordering; sc-drf disabled
     Removed 61 files, 8.8MiB total
warning: unused variable: `vector`
  --> /workspace/bytes-proof-tools/bytes-proof-std/src/std/vec.rs:21:40
   |
21 | pub fn capacity_model<T, A: Allocator>(vector: Vec<T, A>) -> Int {
   |                                        ^^^^^^ help: if this is intentional, prefix it with an underscore: `_vector`
   |
   = note: `#[warn(unused_variables)]` (part of `#[warn(unused)]`) on by default

warning: unused variable: `vector`
  --> /workspace/bytes-proof-tools/bytes-proof-std/src/std/vec.rs:32:36
   |
32 | pub fn base_model<T, A: Allocator>(vector: Vec<T, A>) -> Int {
   |                                    ^^^^^^ help: if this is intentional, prefix it with an underscore: `_vector`

warning: `creusot-std` (lib) generated 2 warnings (run `cargo fix --lib -p creusot-std` to apply 2 suggestions)
    Checking bytes-storage-ops v0.1.0 (/workspace/rust-crate-proofs/bytes/1.11.1/verification/probes/storage-ops)
    Finished `dev` profile [unoptimized + debuginfo] target(s) in 0.19s
No dangling files found
Proved (5 files) ✔
