Warning, file "/workspace/scratch/httparse-derived-traits-nativeenv/creusot-data/share/why3find/packages/creusot/creusot/int.coma", line 166, characters 8-22: axiom extensionality does not contain any local abstract symbol (contains: int, (=), t, to_int)
Warning, file "/workspace/scratch/httparse-derived-traits-nativeenv/creusot-data/share/why3find/packages/creusot/creusot/int.coma", line 484, characters 8-22: axiom extensionality does not contain any local abstract symbol (contains: int, (=), t, to_int)
Warning, file "/workspace/scratch/httparse-derived-traits-nativeenv/creusot-data/share/why3find/packages/creusot/creusot/int.coma", line 802, characters 8-22: axiom extensionality does not contain any local abstract symbol (contains: int, (=), t, to_int)
Warning, file "/workspace/scratch/httparse-derived-traits-nativeenv/creusot-data/share/why3find/packages/creusot/creusot/int.coma", line 1120, characters 8-22: axiom extensionality does not contain any local abstract symbol (contains: int, (=), t, to_int)
Warning, file "/workspace/scratch/httparse-derived-traits-nativeenv/creusot-data/share/why3find/packages/creusot/creusot/int.coma", line 1438, characters 8-22: axiom extensionality does not contain any local abstract symbol (contains: int, (=), t, to_int)
Warning, file "/workspace/rust-crate-proofs/httparse/1.10.1/verification/probes/derived-traits-nativeenv/verif/httparse_derived_traits_harness_rlib/impl_Debug_for_Error/fmt.coma", line 88, characters 6-23: axiom to_utf8_char_spec does not contain any local abstract symbol (contains: int, (<=), t, t, seq, length, to_utf8_char)
{"counterexample": [],
 "prover-result":
  {"answer": "Valid",
   "ce-models": [],
   "status": "exited with status 0",
   "step": 3413,
   "time": 0.008294},
 "term":
  {"explanations": [],
   "goal_name": "vc_write_str",
   "loc":
    {"file-name":
      "/workspace/rust-crate-proofs/httparse/1.10.1/verification/probes/derived-traits-nativeenv/verif/httparse_derived_traits_harness_rlib/impl_Debug_for_Error/fmt.coma"}}}
{"counterexample": [],
 "prover-result":
  {"answer": "Valid",
   "ce-models": [],
   "status": "exited with status 0",
   "step": 83973,
   "time": 0.020041},
 "term":
  {"explanations": [],
   "goal_name": "vc_fmt_Error",
   "loc":
    {"file-name":
      "/workspace/rust-crate-proofs/httparse/1.10.1/verification/probes/derived-traits-nativeenv/verif/httparse_derived_traits_harness_rlib/impl_Debug_for_Error/fmt.coma"}}}
