Warning, file "/workspace/scratch/httparse-derived-traits-nativeenv/creusot-data/share/why3find/packages/creusot/creusot/int.coma", line 166, characters 8-22: axiom extensionality does not contain any local abstract symbol (contains: int, (=), t, to_int)
Warning, file "/workspace/scratch/httparse-derived-traits-nativeenv/creusot-data/share/why3find/packages/creusot/creusot/int.coma", line 484, characters 8-22: axiom extensionality does not contain any local abstract symbol (contains: int, (=), t, to_int)
Warning, file "/workspace/scratch/httparse-derived-traits-nativeenv/creusot-data/share/why3find/packages/creusot/creusot/int.coma", line 802, characters 8-22: axiom extensionality does not contain any local abstract symbol (contains: int, (=), t, to_int)
Warning, file "/workspace/scratch/httparse-derived-traits-nativeenv/creusot-data/share/why3find/packages/creusot/creusot/int.coma", line 1120, characters 8-22: axiom extensionality does not contain any local abstract symbol (contains: int, (=), t, to_int)
Warning, file "/workspace/scratch/httparse-derived-traits-nativeenv/creusot-data/share/why3find/packages/creusot/creusot/int.coma", line 1438, characters 8-22: axiom extensionality does not contain any local abstract symbol (contains: int, (=), t, to_int)
Warning, file "/workspace/rust-crate-proofs/httparse/1.10.1/verification/probes/derived-traits-nativeenv/verif/httparse_derived_traits_harness_rlib/impl_Debug_for_Error/fmt__refines.coma", line 48, characters 17-23: unused variable result
Warning, file "/workspace/rust-crate-proofs/httparse/1.10.1/verification/probes/derived-traits-nativeenv/verif/httparse_derived_traits_harness_rlib/impl_Debug_for_Error/fmt__refines.coma", line 46, characters 9-14: unused variable self_
{"counterexample": [],
 "prover-result":
  {"answer": "Valid",
   "ce-models": [],
   "status": "exited with status 0",
   "step": 70,
   "time": 0.00424},
 "term":
  {"explanations": [],
   "goal_name": "refines",
   "loc":
    {"end-char": 121,
     "end-line": 49,
     "file-name":
      "/workspace/rust-crate-proofs/httparse/1.10.1/verification/probes/derived-traits-nativeenv/verif/httparse_derived_traits_harness_rlib/impl_Debug_for_Error/fmt__refines.coma",
     "start-char": 2,
     "start-line": 46}}}
