Warning, file "/workspace/scratch/httparse-string-model/creusot-data/share/why3find/packages/creusot/creusot/int.coma", line 166, characters 8-22: axiom extensionality does not contain any local abstract symbol (contains: int, (=), t, to_int)
Warning, file "/workspace/scratch/httparse-string-model/creusot-data/share/why3find/packages/creusot/creusot/int.coma", line 484, characters 8-22: axiom extensionality does not contain any local abstract symbol (contains: int, (=), t, to_int)
Warning, file "/workspace/scratch/httparse-string-model/creusot-data/share/why3find/packages/creusot/creusot/int.coma", line 802, characters 8-22: axiom extensionality does not contain any local abstract symbol (contains: int, (=), t, to_int)
Warning, file "/workspace/scratch/httparse-string-model/creusot-data/share/why3find/packages/creusot/creusot/int.coma", line 1120, characters 8-22: axiom extensionality does not contain any local abstract symbol (contains: int, (=), t, to_int)
Warning, file "/workspace/scratch/httparse-string-model/creusot-data/share/why3find/packages/creusot/creusot/int.coma", line 1438, characters 8-22: axiom extensionality does not contain any local abstract symbol (contains: int, (=), t, to_int)
Warning, file "/workspace/rust-crate-proofs/httparse/1.10.1/verification/probes/version-harness/evidence/direct-why3-bytes-20261005T060100Z/context/string/verif/httparse_version_harness_rlib/iter/impl_AsRef_for_Bytes/as_ref.coma", line 116, characters 6-37: axiom slice_ptr_ext_ptr_slice_u8_spec does not contain any local abstract symbol (contains: (=), ptr, t, len_ptr_slice_u8, thin_ptr_slice_u8)
Warning, file "/workspace/rust-crate-proofs/httparse/1.10.1/verification/probes/version-harness/evidence/direct-why3-bytes-20261005T060100Z/context/string/verif/httparse_version_harness_rlib/iter/impl_AsRef_for_Bytes/as_ref.coma", line 124, characters 6-21: axiom size_of_u8_spec does not contain any local abstract symbol (contains: int, (<=), size_of_u8)
{"counterexample": [],
 "prover-result":
  {"answer": "Valid",
   "ce-models": [],
   "status": "exited with status 0",
   "step": 35398,
   "time": 0.01635},
 "term":
  {"explanations": ["slice_from_ptr_range requires"],
   "goal_name": "vc_as_ref_Bytes",
   "loc":
    {"end-char": 28,
     "end-line": 185,
     "file-name":
      "/workspace/rust-crate-proofs/httparse/1.10.1/verification/probes/version-harness/evidence/direct-why3-bytes-20261005T060100Z/context/string/verif/httparse_version_harness_rlib/iter/impl_AsRef_for_Bytes/as_ref.coma",
     "start-char": 55,
     "start-line": 171}}}
{"counterexample": [],
 "prover-result":
  {"answer": "Valid",
   "ce-models": [],
   "status": "exited with status 0",
   "step": 52789,
   "time": 0.007622},
 "term":
  {"explanations": ["as_ref ensures"],
   "goal_name": "vc_as_ref_Bytes",
   "loc":
    {"end-char": 75,
     "end-line": 383,
     "file-name":
      "/workspace/rust-crate-proofs/httparse/1.10.1/verification/probes/version-harness/src/../../../../src/iter.rs",
     "start-char": 14,
     "start-line": 383}}}
