Warning, file "/workspace/scratch/httparse-string-model/creusot-data/share/why3find/packages/creusot/creusot/int.coma", line 166, characters 8-22: axiom extensionality does not contain any local abstract symbol (contains: int, (=), t, to_int)
Warning, file "/workspace/scratch/httparse-string-model/creusot-data/share/why3find/packages/creusot/creusot/int.coma", line 484, characters 8-22: axiom extensionality does not contain any local abstract symbol (contains: int, (=), t, to_int)
Warning, file "/workspace/scratch/httparse-string-model/creusot-data/share/why3find/packages/creusot/creusot/int.coma", line 802, characters 8-22: axiom extensionality does not contain any local abstract symbol (contains: int, (=), t, to_int)
Warning, file "/workspace/scratch/httparse-string-model/creusot-data/share/why3find/packages/creusot/creusot/int.coma", line 1120, characters 8-22: axiom extensionality does not contain any local abstract symbol (contains: int, (=), t, to_int)
Warning, file "/workspace/scratch/httparse-string-model/creusot-data/share/why3find/packages/creusot/creusot/int.coma", line 1438, characters 8-22: axiom extensionality does not contain any local abstract symbol (contains: int, (=), t, to_int)
Warning, file "/workspace/rust-crate-proofs/httparse/1.10.1/verification/probes/version-harness/evidence/direct-why3-bytes-20261005T060100Z/context/string/verif/httparse_version_harness_rlib/iter/impl_Bytes/is_empty.coma", line 58, characters 6-21: axiom size_of_u8_spec does not contain any local abstract symbol (contains: int, (<=), size_of_u8)
Warning, file "/workspace/rust-crate-proofs/httparse/1.10.1/verification/probes/version-harness/evidence/direct-why3-bytes-20261005T060100Z/context/string/verif/httparse_version_harness_rlib/iter/impl_Bytes/is_empty.coma", line 115, characters 6-37: axiom slice_ptr_ext_ptr_slice_u8_spec does not contain any local abstract symbol (contains: (=), ptr, t, len_ptr_slice_u8, thin_ptr_slice_u8)
{"counterexample": [],
 "prover-result":
  {"answer": "Valid",
   "ce-models": [],
   "status": "exited with status 0",
   "step": 2920,
   "time": 0.004402},
 "term":
  {"explanations": ["len 'self' type invariant"],
   "goal_name": "vc_is_empty",
   "loc":
    {"end-char": 20,
     "end-line": 196,
     "file-name":
      "/workspace/rust-crate-proofs/httparse/1.10.1/verification/probes/version-harness/src/../../../../src/iter.rs",
     "start-char": 16,
     "start-line": 196}}}
{"counterexample": [],
 "prover-result":
  {"answer": "Valid",
   "ce-models": [],
   "status": "exited with status 0",
   "step": 35071,
   "time": 0.016649},
 "term":
  {"explanations": ["is_empty ensures"],
   "goal_name": "vc_is_empty",
   "loc":
    {"end-char": 51,
     "end-line": 201,
     "file-name":
      "/workspace/rust-crate-proofs/httparse/1.10.1/verification/probes/version-harness/src/../../../../src/iter.rs",
     "start-char": 14,
     "start-line": 201}}}
