Warning, file "/workspace/scratch/httparse-string-model/creusot-data/share/why3find/packages/creusot/creusot/int.coma", line 166, characters 8-22: axiom extensionality does not contain any local abstract symbol (contains: int, (=), t, to_int)
Warning, file "/workspace/scratch/httparse-string-model/creusot-data/share/why3find/packages/creusot/creusot/int.coma", line 484, characters 8-22: axiom extensionality does not contain any local abstract symbol (contains: int, (=), t, to_int)
Warning, file "/workspace/scratch/httparse-string-model/creusot-data/share/why3find/packages/creusot/creusot/int.coma", line 802, characters 8-22: axiom extensionality does not contain any local abstract symbol (contains: int, (=), t, to_int)
Warning, file "/workspace/scratch/httparse-string-model/creusot-data/share/why3find/packages/creusot/creusot/int.coma", line 1120, characters 8-22: axiom extensionality does not contain any local abstract symbol (contains: int, (=), t, to_int)
Warning, file "/workspace/scratch/httparse-string-model/creusot-data/share/why3find/packages/creusot/creusot/int.coma", line 1438, characters 8-22: axiom extensionality does not contain any local abstract symbol (contains: int, (=), t, to_int)
Warning, file "/workspace/rust-crate-proofs/httparse/1.10.1/verification/probes/version-harness/evidence/direct-why3-bytes-20261005T060100Z/context/string/verif/httparse_version_harness_rlib/iter/impl_Bytes/new.coma", line 183, characters 6-21: axiom size_of_u8_spec does not contain any local abstract symbol (contains: int, (<=), size_of_u8)
Warning, file "/workspace/rust-crate-proofs/httparse/1.10.1/verification/probes/version-harness/evidence/direct-why3-bytes-20261005T060100Z/context/string/verif/httparse_version_harness_rlib/iter/impl_Bytes/new.coma", line 198, characters 6-22: axiom align_of_u8_spec does not contain any local abstract symbol (contains: (=), t, sub, bw_and, align_of_u8)
Warning, file "/workspace/rust-crate-proofs/httparse/1.10.1/verification/probes/version-harness/evidence/direct-why3-bytes-20261005T060100Z/context/string/verif/httparse_version_harness_rlib/iter/impl_Bytes/new.coma", line 201, characters 6-24: axiom align_of_u8_spec'0 does not contain any local abstract symbol (contains: int, (=), mod, t, t'int, size_of_u8, align_of_u8)
Warning, file "/workspace/rust-crate-proofs/httparse/1.10.1/verification/probes/version-harness/evidence/direct-why3-bytes-20261005T060100Z/context/string/verif/httparse_version_harness_rlib/iter/impl_Bytes/new.coma", line 231, characters 6-37: axiom slice_ptr_ext_ptr_slice_u8_spec does not contain any local abstract symbol (contains: (=), t, ptr, len_ptr_slice_u8, thin_ptr_slice_u8)
{"counterexample": [],
 "prover-result":
  {"answer": "Valid",
   "ce-models": [],
   "status": "exited with status 0",
   "step": 4233,
   "time": 0.009194},
 "term":
  {"explanations": ["deref 'self' type invariant"],
   "goal_name": "vc_new",
   "loc":
    {"end-char": 18,
     "end-line": 75,
     "file-name":
      "/workspace/rust-crate-proofs/creusot-libs/creusot-std/src/ghost.rs",
     "start-char": 14,
     "start-line": 75}}}
{"counterexample": [],
 "prover-result":
  {"answer": "Valid",
   "ce-models": [],
   "status": "exited with status 0",
   "step": 4238,
   "time": 0.007246},
 "term":
  {"explanations": ["live 'self' type invariant"],
   "goal_name": "vc_new",
   "loc":
    {"end-char": 21,
     "end-line": 822,
     "file-name":
      "/workspace/rust-crate-proofs/creusot-libs/creusot-std/src/std/ptr.rs",
     "start-char": 17,
     "start-line": 822}}}
{"counterexample": [],
 "prover-result":
  {"answer": "Valid",
   "ce-models": [],
   "status": "exited with status 0",
   "step": 4281,
   "time": 1e-06},
 "term":
  {"explanations": ["new 'x' type invariant"],
   "goal_name": "vc_new",
   "loc":
    {"end-char": 16,
     "end-line": 157,
     "file-name":
      "/workspace/rust-crate-proofs/creusot-libs/creusot-std/src/ghost.rs",
     "start-char": 15,
     "start-line": 157}}}
{"counterexample": [],
 "prover-result":
  {"answer": "Valid",
   "ce-models": [],
   "status": "exited with status 0",
   "step": 57667,
   "time": 0.020099},
 "term":
  {"explanations": ["add_live_ptr_u8 requires"],
   "goal_name": "vc_new",
   "loc":
    {"end-char": 107,
     "end-line": 303,
     "file-name":
      "/workspace/rust-crate-proofs/httparse/1.10.1/verification/probes/version-harness/evidence/direct-why3-bytes-20261005T060100Z/context/string/verif/httparse_version_harness_rlib/iter/impl_Bytes/new.coma",
     "start-char": 50,
     "start-line": 302}}}
{"counterexample": [],
 "prover-result":
  {"answer": "Valid",
   "ce-models": [],
   "status": "exited with status 0",
   "step": 64626,
   "time": 0.023103},
 "term":
  {"explanations": ["new ensures"],
   "goal_name": "vc_new",
   "loc":
    {"end-char": 104,
     "end-line": 392,
     "file-name":
      "/workspace/rust-crate-proofs/httparse/1.10.1/verification/probes/version-harness/evidence/direct-why3-bytes-20261005T060100Z/context/string/verif/httparse_version_harness_rlib/iter/impl_Bytes/new.coma",
     "start-char": 37,
     "start-line": 389}}}
