Warning, file "/workspace/scratch/httparse-string-model/creusot-data/share/why3find/packages/creusot/creusot/int.coma", line 166, characters 8-22: axiom extensionality does not contain any local abstract symbol (contains: int, (=), t, to_int)
Warning, file "/workspace/scratch/httparse-string-model/creusot-data/share/why3find/packages/creusot/creusot/int.coma", line 484, characters 8-22: axiom extensionality does not contain any local abstract symbol (contains: int, (=), t, to_int)
Warning, file "/workspace/scratch/httparse-string-model/creusot-data/share/why3find/packages/creusot/creusot/int.coma", line 802, characters 8-22: axiom extensionality does not contain any local abstract symbol (contains: int, (=), t, to_int)
Warning, file "/workspace/scratch/httparse-string-model/creusot-data/share/why3find/packages/creusot/creusot/int.coma", line 1120, characters 8-22: axiom extensionality does not contain any local abstract symbol (contains: int, (=), t, to_int)
Warning, file "/workspace/scratch/httparse-string-model/creusot-data/share/why3find/packages/creusot/creusot/int.coma", line 1438, characters 8-22: axiom extensionality does not contain any local abstract symbol (contains: int, (=), t, to_int)
Warning, file "/workspace/rust-crate-proofs/httparse/1.10.1/verification/probes/version-harness/evidence/direct-why3-bytes-20261005T060100Z/context/string/verif/httparse_version_harness_rlib/iter/impl_Bytes/peek_ahead.coma", line 101, characters 6-21: axiom size_of_u8_spec does not contain any local abstract symbol (contains: int, (<=), size_of_u8)
Warning, file "/workspace/rust-crate-proofs/httparse/1.10.1/verification/probes/version-harness/evidence/direct-why3-bytes-20261005T060100Z/context/string/verif/httparse_version_harness_rlib/iter/impl_Bytes/peek_ahead.coma", line 158, characters 6-37: axiom slice_ptr_ext_ptr_slice_u8_spec does not contain any local abstract symbol (contains: (=), ptr, t, len_ptr_slice_u8, thin_ptr_slice_u8)
Warning, file "/workspace/rust-crate-proofs/httparse/1.10.1/verification/probes/version-harness/evidence/direct-why3-bytes-20261005T060100Z/context/string/verif/httparse_version_harness_rlib/iter/impl_Bytes/peek_ahead.coma", line 278, characters 6-22: axiom align_of_u8_spec does not contain any local abstract symbol (contains: (=), t, sub, bw_and, align_of_u8)
Warning, file "/workspace/rust-crate-proofs/httparse/1.10.1/verification/probes/version-harness/evidence/direct-why3-bytes-20261005T060100Z/context/string/verif/httparse_version_harness_rlib/iter/impl_Bytes/peek_ahead.coma", line 281, characters 6-24: axiom align_of_u8_spec'0 does not contain any local abstract symbol (contains: int, (=), mod, t, t'int, size_of_u8, align_of_u8)
{"counterexample": [],
 "prover-result":
  {"answer": "Valid",
   "ce-models": [],
   "status": "exited with status 0",
   "step": 4308,
   "time": 0.007508},
 "term":
  {"explanations": ["len 'self' type invariant"],
   "goal_name": "vc_peek_ahead",
   "loc":
    {"end-char": 20,
     "end-line": 196,
     "file-name":
      "/workspace/rust-crate-proofs/httparse/1.10.1/verification/probes/version-harness/src/../../../../src/iter.rs",
     "start-char": 16,
     "start-line": 196}}}
{"counterexample": [],
 "prover-result":
  {"answer": "Valid",
   "ce-models": [],
   "status": "exited with status 0",
   "step": 55561,
   "time": 0.012803},
 "term":
  {"explanations": [],
   "goal_name": "vc_peek_ahead",
   "loc":
    {"end-char": 36,
     "end-line": 438,
     "file-name":
      "/workspace/rust-crate-proofs/httparse/1.10.1/verification/probes/version-harness/evidence/direct-why3-bytes-20261005T060100Z/context/string/verif/httparse_version_harness_rlib/iter/impl_Bytes/peek_ahead.coma",
     "start-char": 21,
     "start-line": 438}}}
{"counterexample": [],
 "prover-result":
  {"answer": "Valid",
   "ce-models": [],
   "status": "exited with status 0",
   "step": 57140,
   "time": 0.018316},
 "term":
  {"explanations": ["deref 'self' type invariant"],
   "goal_name": "vc_peek_ahead",
   "loc":
    {"end-char": 18,
     "end-line": 75,
     "file-name":
      "/workspace/rust-crate-proofs/creusot-libs/creusot-std/src/ghost.rs",
     "start-char": 14,
     "start-line": 75}}}
{"counterexample": [],
 "prover-result":
  {"answer": "Valid",
   "ce-models": [],
   "status": "exited with status 0",
   "step": 4360,
   "time": 0.008303},
 "term":
  {"explanations": ["live 'self' type invariant"],
   "goal_name": "vc_peek_ahead",
   "loc":
    {"end-char": 21,
     "end-line": 822,
     "file-name":
      "/workspace/rust-crate-proofs/creusot-libs/creusot-std/src/std/ptr.rs",
     "start-char": 17,
     "start-line": 822}}}
{"counterexample": [],
 "prover-result":
  {"answer": "Valid",
   "ce-models": [],
   "status": "exited with status 0",
   "step": 4407,
   "time": 0.003743},
 "term":
  {"explanations": ["new 'x' type invariant"],
   "goal_name": "vc_peek_ahead",
   "loc":
    {"end-char": 16,
     "end-line": 157,
     "file-name":
      "/workspace/rust-crate-proofs/creusot-libs/creusot-std/src/ghost.rs",
     "start-char": 15,
     "start-line": 157}}}
{"counterexample": [],
 "prover-result":
  {"answer": "Valid",
   "ce-models": [],
   "status": "exited with status 0",
   "step": 61525,
   "time": 0.012057},
 "term":
  {"explanations": ["add_live_ptr_u8 requires"],
   "goal_name": "vc_peek_ahead",
   "loc":
    {"end-char": 107,
     "end-line": 340,
     "file-name":
      "/workspace/rust-crate-proofs/httparse/1.10.1/verification/probes/version-harness/evidence/direct-why3-bytes-20261005T060100Z/context/string/verif/httparse_version_harness_rlib/iter/impl_Bytes/peek_ahead.coma",
     "start-char": 50,
     "start-line": 339}}}
{"counterexample": [],
 "prover-result":
  {"answer": "Valid",
   "ce-models": [],
   "status": "exited with status 0",
   "step": 65175,
   "time": 0.021148},
 "term":
  {"explanations": ["peek_ahead ensures"],
   "goal_name": "vc_peek_ahead",
   "loc":
    {"end-char": 5,
     "end-line": 113,
     "file-name":
      "/workspace/rust-crate-proofs/httparse/1.10.1/verification/probes/version-harness/src/../../../../src/iter.rs",
     "start-char": 14,
     "start-line": 109}}}
{"counterexample": [],
 "prover-result":
  {"answer": "Valid",
   "ce-models": [],
   "status": "exited with status 0",
   "step": 75761,
   "time": 0.017422},
 "term":
  {"explanations": ["byte_permission requires"],
   "goal_name": "vc_peek_ahead",
   "loc":
    {"end-char": 29,
     "end-line": 407,
     "file-name":
      "/workspace/rust-crate-proofs/httparse/1.10.1/verification/probes/version-harness/evidence/direct-why3-bytes-20261005T060100Z/context/string/verif/httparse_version_harness_rlib/iter/impl_Bytes/peek_ahead.coma",
     "start-char": 50,
     "start-line": 404}}}
{"counterexample": [],
 "prover-result":
  {"answer": "Valid",
   "ce-models": [],
   "status": "exited with status 0",
   "step": 30824,
   "time": 0.015072},
 "term":
  {"explanations": ["as_ref_u8 requires"],
   "goal_name": "vc_peek_ahead",
   "loc":
    {"end-char": 77,
     "end-line": 418,
     "file-name":
      "/workspace/rust-crate-proofs/httparse/1.10.1/verification/probes/version-harness/evidence/direct-why3-bytes-20261005T060100Z/context/string/verif/httparse_version_harness_rlib/iter/impl_Bytes/peek_ahead.coma",
     "start-char": 44,
     "start-line": 417}}}
{"counterexample": [],
 "prover-result":
  {"answer": "Valid",
   "ce-models": [],
   "status": "exited with status 0",
   "step": 71471,
   "time": 0.019805},
 "term":
  {"explanations": ["peek_ahead ensures"],
   "goal_name": "vc_peek_ahead",
   "loc":
    {"end-char": 5,
     "end-line": 113,
     "file-name":
      "/workspace/rust-crate-proofs/httparse/1.10.1/verification/probes/version-harness/src/../../../../src/iter.rs",
     "start-char": 14,
     "start-line": 109}}}
