Warning, file "/workspace/scratch/httparse-string-model/creusot-data/share/why3find/packages/creusot/creusot/int.coma", line 166, characters 8-22: axiom extensionality does not contain any local abstract symbol (contains: int, (=), t, to_int)
Warning, file "/workspace/scratch/httparse-string-model/creusot-data/share/why3find/packages/creusot/creusot/int.coma", line 484, characters 8-22: axiom extensionality does not contain any local abstract symbol (contains: int, (=), t, to_int)
Warning, file "/workspace/scratch/httparse-string-model/creusot-data/share/why3find/packages/creusot/creusot/int.coma", line 802, characters 8-22: axiom extensionality does not contain any local abstract symbol (contains: int, (=), t, to_int)
Warning, file "/workspace/scratch/httparse-string-model/creusot-data/share/why3find/packages/creusot/creusot/int.coma", line 1120, characters 8-22: axiom extensionality does not contain any local abstract symbol (contains: int, (=), t, to_int)
Warning, file "/workspace/scratch/httparse-string-model/creusot-data/share/why3find/packages/creusot/creusot/int.coma", line 1438, characters 8-22: axiom extensionality does not contain any local abstract symbol (contains: int, (=), t, to_int)
Warning, file "/workspace/rust-crate-proofs/httparse/1.10.1/verification/probes/version-harness/evidence/direct-why3-bytes-20261005T060100Z/context/string/verif/httparse_version_harness_rlib/iter/impl_Bytes/peek_array8.coma", line 89, characters 6-21: axiom size_of_u8_spec does not contain any local abstract symbol (contains: int, (<=), size_of_u8)
Warning, file "/workspace/rust-crate-proofs/httparse/1.10.1/verification/probes/version-harness/evidence/direct-why3-bytes-20261005T060100Z/context/string/verif/httparse_version_harness_rlib/iter/impl_Bytes/peek_array8.coma", line 146, characters 6-37: axiom slice_ptr_ext_ptr_slice_u8_spec does not contain any local abstract symbol (contains: (=), ptr, t, len_ptr_slice_u8, thin_ptr_slice_u8)
Warning, file "/workspace/rust-crate-proofs/httparse/1.10.1/verification/probes/version-harness/evidence/direct-why3-bytes-20261005T060100Z/context/string/verif/httparse_version_harness_rlib/iter/impl_Bytes/peek_array8.coma", line 262, characters 17-19: unused variable f0
Warning, file "/workspace/rust-crate-proofs/httparse/1.10.1/verification/probes/version-harness/evidence/direct-why3-bytes-20261005T060100Z/context/string/verif/httparse_version_harness_rlib/iter/impl_Bytes/peek_array8.coma", line 325, characters 97-102: unused variable value
Warning, file "/workspace/rust-crate-proofs/httparse/1.10.1/verification/probes/version-harness/evidence/direct-why3-bytes-20261005T060100Z/context/string/verif/httparse_version_harness_rlib/iter/impl_Bytes/peek_array8.coma", line 325, characters 51-55: unused variable self
Warning, file "/workspace/rust-crate-proofs/httparse/1.10.1/verification/probes/version-harness/evidence/direct-why3-bytes-20261005T060100Z/context/string/verif/httparse_version_harness_rlib/iter/impl_Bytes/peek_array8.coma", line 360, characters 57-61: unused variable self
Warning, file "/workspace/rust-crate-proofs/httparse/1.10.1/verification/probes/version-harness/evidence/direct-why3-bytes-20261005T060100Z/context/string/verif/httparse_version_harness_rlib/iter/impl_Bytes/peek_array8.coma", line 374, characters 56-60: unused variable self
Warning, file "/workspace/rust-crate-proofs/httparse/1.10.1/verification/probes/version-harness/evidence/direct-why3-bytes-20261005T060100Z/context/string/verif/httparse_version_harness_rlib/iter/impl_Bytes/peek_array8.coma", line 374, characters 97-109: unused variable result_state
Warning, file "/workspace/rust-crate-proofs/httparse/1.10.1/verification/probes/version-harness/evidence/direct-why3-bytes-20261005T060100Z/context/string/verif/httparse_version_harness_rlib/iter/impl_Bytes/peek_array8.coma", line 386, characters 6-31: axiom fn_mut_once_try_from_spec does not contain any local abstract symbol (contains: tuple0, t, slice, t_Result_array_u8_8_TryFromSliceError, postcondition_once_try_from, resolve_try_from, postcondition_mut_try_from)
Warning, file "/workspace/rust-crate-proofs/httparse/1.10.1/verification/probes/version-harness/evidence/direct-why3-bytes-20261005T060100Z/context/string/verif/httparse_version_harness_rlib/iter/impl_Bytes/peek_array8.coma", line 390, characters 47-51: unused variable self
Warning, file "/workspace/rust-crate-proofs/httparse/1.10.1/verification/probes/version-harness/evidence/direct-why3-bytes-20261005T060100Z/context/string/verif/httparse_version_harness_rlib/iter/impl_Bytes/peek_array8.coma", line 390, characters 58-70: unused variable result_state
Warning, file "/workspace/rust-crate-proofs/httparse/1.10.1/verification/probes/version-harness/evidence/direct-why3-bytes-20261005T060100Z/context/string/verif/httparse_version_harness_rlib/iter/impl_Bytes/peek_array8.coma", line 396, characters 6-34: axiom hist_inv_trans_try_from_spec does not contain any local abstract symbol (contains: tuple0, hist_inv_try_from)
Warning, file "/workspace/rust-crate-proofs/httparse/1.10.1/verification/probes/version-harness/evidence/direct-why3-bytes-20261005T060100Z/context/string/verif/httparse_version_harness_rlib/iter/impl_Bytes/peek_array8.coma", line 401, characters 6-33: axiom hist_inv_refl_try_from_spec does not contain any local abstract symbol (contains: tuple0, hist_inv_try_from)
Warning, file "/workspace/rust-crate-proofs/httparse/1.10.1/verification/probes/version-harness/evidence/direct-why3-bytes-20261005T060100Z/context/string/verif/httparse_version_harness_rlib/iter/impl_Bytes/peek_array8.coma", line 405, characters 6-46: axiom postcondition_mut_hist_inv_try_from_spec does not contain any local abstract symbol (contains: tuple0, t, slice, t_Result_array_u8_8_TryFromSliceError, postcondition_mut_try_from, hist_inv_try_from)
Warning, file "/workspace/rust-crate-proofs/httparse/1.10.1/verification/probes/version-harness/evidence/direct-why3-bytes-20261005T060100Z/context/string/verif/httparse_version_harness_rlib/iter/impl_Bytes/peek_array8.coma", line 411, characters 6-31: axiom fn_hist_inv_try_from_spec does not contain any local abstract symbol (contains: (=), tuple0, hist_inv_try_from)
Warning, file "/workspace/rust-crate-proofs/httparse/1.10.1/verification/probes/version-harness/evidence/direct-why3-bytes-20261005T060100Z/context/string/verif/httparse_version_harness_rlib/iter/impl_Bytes/peek_array8.coma", line 414, characters 52-56: unused variable self
Warning, file "/workspace/rust-crate-proofs/httparse/1.10.1/verification/probes/version-harness/evidence/direct-why3-bytes-20261005T060100Z/context/string/verif/httparse_version_harness_rlib/iter/impl_Bytes/peek_array8.coma", line 426, characters 6-27: axiom fn_once_try_from_spec does not contain any local abstract symbol (contains: tuple0, t, slice, t_Result_array_u8_8_TryFromSliceError, postcondition_once_try_from, resolve_try_from, postcondition_try_from)
Warning, file "/workspace/rust-crate-proofs/httparse/1.10.1/verification/probes/version-harness/evidence/direct-why3-bytes-20261005T060100Z/context/string/verif/httparse_version_harness_rlib/iter/impl_Bytes/peek_array8.coma", line 432, characters 6-26: axiom fn_mut_try_from_spec does not contain any local abstract symbol (contains: (=), tuple0, t, slice, t_Result_array_u8_8_TryFromSliceError, postcondition_mut_try_from, postcondition_try_from)
{"counterexample": [],
 "prover-result":
  {"answer": "Valid",
   "ce-models": [],
   "status": "exited with status 0",
   "step": 3261,
   "time": 0.00822},
 "term":
  {"explanations": ["as_ref 'self' type invariant"],
   "goal_name": "vc_peek_array8",
   "loc":
    {"end-char": 19,
     "end-line": 384,
     "file-name":
      "/workspace/rust-crate-proofs/httparse/1.10.1/verification/probes/version-harness/src/../../../../src/iter.rs",
     "start-char": 15,
     "start-line": 384}}}
{"counterexample": [],
 "prover-result":
  {"answer": "Valid",
   "ce-models": [],
   "status": "exited with status 0",
   "step": 4453,
   "time": 0.007565},
 "term":
  {"explanations": ["try_into requires"],
   "goal_name": "vc_peek_array8",
   "loc":
    {"end-char": 68,
     "end-line": 33,
     "file-name":
      "/workspace/rust-crate-proofs/creusot-libs/creusot-std/src/std/convert.rs",
     "start-char": 19,
     "start-line": 33}}}
{"counterexample": [],
 "prover-result":
  {"answer": "Valid",
   "ce-models": [],
   "status": "exited with status 0",
   "step": 4562,
   "time": 0.012244},
 "term":
  {"explanations": ["ok 'self_' type invariant"],
   "goal_name": "vc_peek_array8",
   "loc":
    {"end-char": 18,
     "end-line": 30,
     "file-name":
      "/workspace/rust-crate-proofs/creusot-libs/creusot-std/src/std/result.rs",
     "start-char": 14,
     "start-line": 30}}}
{"counterexample": [],
 "prover-result":
  {"answer": "Valid",
   "ce-models": [],
   "status": "exited with status 0",
   "step": 76219,
   "time": 0.01967},
 "term":
  {"explanations": ["peek_array8 ensures"],
   "goal_name": "vc_peek_array8",
   "loc":
    {"end-char": 10,
     "end-line": 501,
     "file-name":
      "/workspace/rust-crate-proofs/httparse/1.10.1/verification/probes/version-harness/evidence/direct-why3-bytes-20261005T060100Z/context/string/verif/httparse_version_harness_rlib/iter/impl_Bytes/peek_array8.coma",
     "start-char": 45,
     "start-line": 495}}}
{"counterexample": [],
 "prover-result":
  {"answer": "Valid",
   "ce-models": [],
   "status": "exited with status 0",
   "step": 29887,
   "time": 0.008027},
 "term":
  {"explanations": ["elim Continue"],
   "goal_name": "vc_peek_array8",
   "loc":
    {"end-char": 9,
     "end-line": 318,
     "file-name":
      "/workspace/rust-crate-proofs/httparse/1.10.1/verification/probes/version-harness/evidence/direct-why3-bytes-20261005T060100Z/context/string/verif/httparse_version_harness_rlib/iter/impl_Bytes/peek_array8.coma",
     "start-char": 38,
     "start-line": 315}}}
{"counterexample": [],
 "prover-result":
  {"answer": "Valid",
   "ce-models": [],
   "status": "exited with status 0",
   "step": 59092,
   "time": 0.016135},
 "term":
  {"explanations": ["from_residual 'residual' type invariant"],
   "goal_name": "vc_peek_array8",
   "loc":
    {"end-char": 33,
     "end-line": 645,
     "file-name":
      "/workspace/rust-crate-proofs/creusot-libs/creusot-std/src/std/ops.rs",
     "start-char": 25,
     "start-line": 645}}}
{"counterexample": [],
 "prover-result":
  {"answer": "Valid",
   "ce-models": [],
   "status": "exited with status 0",
   "step": 63290,
   "time": 0.022488},
 "term":
  {"explanations": ["peek_array8 ensures"],
   "goal_name": "vc_peek_array8",
   "loc":
    {"end-char": 10,
     "end-line": 501,
     "file-name":
      "/workspace/rust-crate-proofs/httparse/1.10.1/verification/probes/version-harness/evidence/direct-why3-bytes-20261005T060100Z/context/string/verif/httparse_version_harness_rlib/iter/impl_Bytes/peek_array8.coma",
     "start-char": 45,
     "start-line": 495}}}
{"counterexample": [],
 "prover-result":
  {"answer": "Valid",
   "ce-models": [],
   "status": "exited with status 0",
   "step": 29887,
   "time": 0.014174},
 "term":
  {"explanations": ["elim Break"],
   "goal_name": "vc_peek_array8",
   "loc":
    {"end-char": 9,
     "end-line": 281,
     "file-name":
      "/workspace/rust-crate-proofs/httparse/1.10.1/verification/probes/version-harness/evidence/direct-why3-bytes-20261005T060100Z/context/string/verif/httparse_version_harness_rlib/iter/impl_Bytes/peek_array8.coma",
     "start-char": 35,
     "start-line": 278}}}
