Warning, file "/workspace/scratch/httparse-string-model/creusot-data/share/why3find/packages/creusot/creusot/int.coma", line 166, characters 8-22: axiom extensionality does not contain any local abstract symbol (contains: int, (=), t, to_int)
Warning, file "/workspace/scratch/httparse-string-model/creusot-data/share/why3find/packages/creusot/creusot/int.coma", line 484, characters 8-22: axiom extensionality does not contain any local abstract symbol (contains: int, (=), t, to_int)
Warning, file "/workspace/scratch/httparse-string-model/creusot-data/share/why3find/packages/creusot/creusot/int.coma", line 802, characters 8-22: axiom extensionality does not contain any local abstract symbol (contains: int, (=), t, to_int)
Warning, file "/workspace/scratch/httparse-string-model/creusot-data/share/why3find/packages/creusot/creusot/int.coma", line 1120, characters 8-22: axiom extensionality does not contain any local abstract symbol (contains: int, (=), t, to_int)
Warning, file "/workspace/scratch/httparse-string-model/creusot-data/share/why3find/packages/creusot/creusot/int.coma", line 1438, characters 8-22: axiom extensionality does not contain any local abstract symbol (contains: int, (=), t, to_int)
Warning, file "/workspace/rust-crate-proofs/httparse/1.10.1/verification/probes/version-harness/evidence/direct-why3-bytes-20261005T060100Z/context/string/verif/httparse_version_harness_rlib/iter/impl_Bytes/peek_n.coma", line 85, characters 6-21: axiom size_of_u8_spec does not contain any local abstract symbol (contains: int, (<=), size_of_u8)
Warning, file "/workspace/rust-crate-proofs/httparse/1.10.1/verification/probes/version-harness/evidence/direct-why3-bytes-20261005T060100Z/context/string/verif/httparse_version_harness_rlib/iter/impl_Bytes/peek_n.coma", line 142, characters 6-37: axiom slice_ptr_ext_ptr_slice_u8_spec does not contain any local abstract symbol (contains: (=), ptr, t, len_ptr_slice_u8, thin_ptr_slice_u8)
Warning, file "/workspace/rust-crate-proofs/httparse/1.10.1/verification/probes/version-harness/evidence/direct-why3-bytes-20261005T060100Z/context/string/verif/httparse_version_harness_rlib/iter/impl_Bytes/peek_n.coma", line 258, characters 17-19: unused variable f0
Warning, file "/workspace/rust-crate-proofs/httparse/1.10.1/verification/probes/version-harness/evidence/direct-why3-bytes-20261005T060100Z/context/string/verif/httparse_version_harness_rlib/iter/impl_Bytes/peek_n.coma", line 316, characters 99-104: unused variable value
Warning, file "/workspace/rust-crate-proofs/httparse/1.10.1/verification/probes/version-harness/evidence/direct-why3-bytes-20261005T060100Z/context/string/verif/httparse_version_harness_rlib/iter/impl_Bytes/peek_n.coma", line 333, characters 12-17: unused variable value
Warning, file "/workspace/rust-crate-proofs/httparse/1.10.1/verification/probes/version-harness/evidence/direct-why3-bytes-20261005T060100Z/context/string/verif/httparse_version_harness_rlib/iter/impl_Bytes/peek_n.coma", line 350, characters 12-17: unused variable value
Warning, file "/workspace/rust-crate-proofs/httparse/1.10.1/verification/probes/version-harness/evidence/direct-why3-bytes-20261005T060100Z/context/string/verif/httparse_version_harness_rlib/iter/impl_Bytes/peek_n.coma", line 358, characters 47-51: unused variable self
Warning, file "/workspace/rust-crate-proofs/httparse/1.10.1/verification/probes/version-harness/evidence/direct-why3-bytes-20261005T060100Z/context/string/verif/httparse_version_harness_rlib/iter/impl_Bytes/peek_n.coma", line 358, characters 58-70: unused variable result_state
Warning, file "/workspace/rust-crate-proofs/httparse/1.10.1/verification/probes/version-harness/evidence/direct-why3-bytes-20261005T060100Z/context/string/verif/httparse_version_harness_rlib/iter/impl_Bytes/peek_n.coma", line 364, characters 6-34: axiom hist_inv_trans_try_from_spec does not contain any local abstract symbol (contains: tuple0, hist_inv_try_from)
Warning, file "/workspace/rust-crate-proofs/httparse/1.10.1/verification/probes/version-harness/evidence/direct-why3-bytes-20261005T060100Z/context/string/verif/httparse_version_harness_rlib/iter/impl_Bytes/peek_n.coma", line 369, characters 6-33: axiom hist_inv_refl_try_from_spec does not contain any local abstract symbol (contains: tuple0, hist_inv_try_from)
Warning, file "/workspace/rust-crate-proofs/httparse/1.10.1/verification/probes/version-harness/evidence/direct-why3-bytes-20261005T060100Z/context/string/verif/httparse_version_harness_rlib/iter/impl_Bytes/peek_n.coma", line 379, characters 6-31: axiom fn_hist_inv_try_from_spec does not contain any local abstract symbol (contains: (=), tuple0, hist_inv_try_from)
Warning, file "/workspace/rust-crate-proofs/httparse/1.10.1/verification/probes/version-harness/evidence/direct-why3-bytes-20261005T060100Z/context/string/verif/httparse_version_harness_rlib/iter/impl_Bytes/peek_n.coma", line 386, characters 12-17: unused variable value
{"counterexample": [],
 "prover-result":
  {"answer": "Valid",
   "ce-models": [],
   "status": "exited with status 0",
   "step": 3189,
   "time": 0.003852},
 "term":
  {"explanations": ["as_ref 'self' type invariant"],
   "goal_name": "vc_peek_n_U",
   "loc":
    {"end-char": 19,
     "end-line": 384,
     "file-name":
      "/workspace/rust-crate-proofs/httparse/1.10.1/verification/probes/version-harness/src/../../../../src/iter.rs",
     "start-char": 15,
     "start-line": 384}}}
{"counterexample": [],
 "prover-result":
  {"answer": "Valid",
   "ce-models": [],
   "status": "exited with status 0",
   "step": 57313,
   "time": 0.018386},
 "term":
  {"explanations": ["try_into requires"],
   "goal_name": "vc_peek_n_U",
   "loc":
    {"end-char": 68,
     "end-line": 33,
     "file-name":
      "/workspace/rust-crate-proofs/creusot-libs/creusot-std/src/std/convert.rs",
     "start-char": 19,
     "start-line": 33}}}
{"counterexample": [],
 "prover-result":
  {"answer": "Valid",
   "ce-models": [],
   "status": "exited with status 0",
   "step": 4310,
   "time": 0.012923},
 "term":
  {"explanations": ["ok 'self_' type invariant"],
   "goal_name": "vc_peek_n_U",
   "loc":
    {"end-char": 18,
     "end-line": 30,
     "file-name":
      "/workspace/rust-crate-proofs/creusot-libs/creusot-std/src/std/result.rs",
     "start-char": 14,
     "start-line": 30}}}
{"counterexample": [],
 "prover-result":
  {"answer": "Valid",
   "ce-models": [],
   "status": "exited with status 0",
   "step": 65941,
   "time": 0.023423},
 "term":
  {"explanations": ["peek_n_U ensures"],
   "goal_name": "vc_peek_n_U",
   "loc":
    {"end-char": 10,
     "end-line": 464,
     "file-name":
      "/workspace/rust-crate-proofs/httparse/1.10.1/verification/probes/version-harness/evidence/direct-why3-bytes-20261005T060100Z/context/string/verif/httparse_version_harness_rlib/iter/impl_Bytes/peek_n.coma",
     "start-char": 42,
     "start-line": 460}}}
{"counterexample": [],
 "prover-result":
  {"answer": "Valid",
   "ce-models": [],
   "status": "exited with status 0",
   "step": 29213,
   "time": 0.010808},
 "term":
  {"explanations": ["elim Continue"],
   "goal_name": "vc_peek_n_U",
   "loc":
    {"end-char": 9,
     "end-line": 307,
     "file-name":
      "/workspace/rust-crate-proofs/httparse/1.10.1/verification/probes/version-harness/evidence/direct-why3-bytes-20261005T060100Z/context/string/verif/httparse_version_harness_rlib/iter/impl_Bytes/peek_n.coma",
     "start-char": 38,
     "start-line": 304}}}
{"counterexample": [],
 "prover-result":
  {"answer": "Valid",
   "ce-models": [],
   "status": "exited with status 0",
   "step": 57323,
   "time": 0.014924},
 "term":
  {"explanations": ["from_residual 'residual' type invariant"],
   "goal_name": "vc_peek_n_U",
   "loc":
    {"end-char": 33,
     "end-line": 645,
     "file-name":
      "/workspace/rust-crate-proofs/creusot-libs/creusot-std/src/std/ops.rs",
     "start-char": 25,
     "start-line": 645}}}
{"counterexample": [],
 "prover-result":
  {"answer": "Valid",
   "ce-models": [],
   "status": "exited with status 0",
   "step": 4304,
   "time": 0.007953},
 "term":
  {"explanations": ["peek_n_U ensures"],
   "goal_name": "vc_peek_n_U",
   "loc":
    {"end-char": 10,
     "end-line": 464,
     "file-name":
      "/workspace/rust-crate-proofs/httparse/1.10.1/verification/probes/version-harness/evidence/direct-why3-bytes-20261005T060100Z/context/string/verif/httparse_version_harness_rlib/iter/impl_Bytes/peek_n.coma",
     "start-char": 42,
     "start-line": 460}}}
{"counterexample": [],
 "prover-result":
  {"answer": "Valid",
   "ce-models": [],
   "status": "exited with status 0",
   "step": 29213,
   "time": 0.010977},
 "term":
  {"explanations": ["elim Break"],
   "goal_name": "vc_peek_n_U",
   "loc":
    {"end-char": 9,
     "end-line": 277,
     "file-name":
      "/workspace/rust-crate-proofs/httparse/1.10.1/verification/probes/version-harness/evidence/direct-why3-bytes-20261005T060100Z/context/string/verif/httparse_version_harness_rlib/iter/impl_Bytes/peek_n.coma",
     "start-char": 35,
     "start-line": 274}}}
