Warning, file "/workspace/scratch/httparse-string-model/creusot-data/share/why3find/packages/creusot/creusot/int.coma", line 166, characters 8-22: axiom extensionality does not contain any local abstract symbol (contains: int, (=), t, to_int)
Warning, file "/workspace/scratch/httparse-string-model/creusot-data/share/why3find/packages/creusot/creusot/int.coma", line 484, characters 8-22: axiom extensionality does not contain any local abstract symbol (contains: int, (=), t, to_int)
Warning, file "/workspace/scratch/httparse-string-model/creusot-data/share/why3find/packages/creusot/creusot/int.coma", line 802, characters 8-22: axiom extensionality does not contain any local abstract symbol (contains: int, (=), t, to_int)
Warning, file "/workspace/scratch/httparse-string-model/creusot-data/share/why3find/packages/creusot/creusot/int.coma", line 1120, characters 8-22: axiom extensionality does not contain any local abstract symbol (contains: int, (=), t, to_int)
Warning, file "/workspace/scratch/httparse-string-model/creusot-data/share/why3find/packages/creusot/creusot/int.coma", line 1438, characters 8-22: axiom extensionality does not contain any local abstract symbol (contains: int, (=), t, to_int)
Warning, file "/workspace/rust-crate-proofs/httparse/1.10.1/verification/probes/version-harness/evidence/direct-why3-bytes-20261005T060100Z/context/string/verif/httparse_version_harness_rlib/iter/impl_Bytes/set_cursor.coma", line 68, characters 6-21: axiom size_of_u8_spec does not contain any local abstract symbol (contains: int, (<=), size_of_u8)
Warning, file "/workspace/rust-crate-proofs/httparse/1.10.1/verification/probes/version-harness/evidence/direct-why3-bytes-20261005T060100Z/context/string/verif/httparse_version_harness_rlib/iter/impl_Bytes/set_cursor.coma", line 125, characters 6-37: axiom slice_ptr_ext_ptr_slice_u8_spec does not contain any local abstract symbol (contains: (=), ptr, t, len_ptr_slice_u8, thin_ptr_slice_u8)
{"counterexample": [],
 "prover-result":
  {"answer": "Valid",
   "ce-models": [],
   "status": "exited with status 0",
   "step": 40658,
   "time": 0.01285},
 "term":
  {"explanations": [],
   "goal_name": "vc_set_cursor",
   "loc":
    {"end-char": 17,
     "end-line": 226,
     "file-name":
      "/workspace/rust-crate-proofs/httparse/1.10.1/verification/probes/version-harness/evidence/direct-why3-bytes-20261005T060100Z/context/string/verif/httparse_version_harness_rlib/iter/impl_Bytes/set_cursor.coma",
     "start-char": 12,
     "start-line": 226}}}
{"counterexample": [],
 "prover-result":
  {"answer": "Valid",
   "ce-models": [],
   "status": "exited with status 0",
   "step": 4699,
   "time": 1e-06},
 "term":
  {"explanations": ["type invariant"],
   "goal_name": "vc_set_cursor",
   "loc":
    {"end-char": 71,
     "end-line": 224,
     "file-name":
      "/workspace/rust-crate-proofs/httparse/1.10.1/verification/probes/version-harness/evidence/direct-why3-bytes-20261005T060100Z/context/string/verif/httparse_version_harness_rlib/iter/impl_Bytes/set_cursor.coma",
     "start-char": 50,
     "start-line": 224}}}
{"counterexample": [],
 "prover-result":
  {"answer": "Valid",
   "ce-models": [],
   "status": "exited with status 0",
   "step": 45160,
   "time": 0.010759},
 "term":
  {"explanations": [],
   "goal_name": "vc_set_cursor",
   "loc":
    {"end-char": 17,
     "end-line": 236,
     "file-name":
      "/workspace/rust-crate-proofs/httparse/1.10.1/verification/probes/version-harness/evidence/direct-why3-bytes-20261005T060100Z/context/string/verif/httparse_version_harness_rlib/iter/impl_Bytes/set_cursor.coma",
     "start-char": 12,
     "start-line": 236}}}
{"counterexample": [],
 "prover-result":
  {"answer": "Valid",
   "ce-models": [],
   "status": "exited with status 0",
   "step": 4789,
   "time": 1e-06},
 "term":
  {"explanations": ["type invariant"],
   "goal_name": "vc_set_cursor",
   "loc":
    {"end-char": 71,
     "end-line": 234,
     "file-name":
      "/workspace/rust-crate-proofs/httparse/1.10.1/verification/probes/version-harness/evidence/direct-why3-bytes-20261005T060100Z/context/string/verif/httparse_version_harness_rlib/iter/impl_Bytes/set_cursor.coma",
     "start-char": 50,
     "start-line": 234}}}
{"counterexample": [],
 "prover-result":
  {"answer": "Valid",
   "ce-models": [],
   "status": "exited with status 0",
   "step": 48374,
   "time": 0.013682},
 "term":
  {"explanations": ["set_cursor ensures"],
   "goal_name": "vc_set_cursor",
   "loc":
    {"end-char": 36,
     "end-line": 315,
     "file-name":
      "/workspace/rust-crate-proofs/httparse/1.10.1/verification/probes/version-harness/src/../../../../src/iter.rs",
     "start-char": 14,
     "start-line": 312}}}
{"counterexample": [],
 "prover-result":
  {"answer": "Valid",
   "ce-models": [],
   "status": "exited with status 0",
   "step": 52834,
   "time": 0.013951},
 "term":
  {"explanations": ["type invariant"],
   "goal_name": "vc_set_cursor",
   "loc":
    {"end-char": 71,
     "end-line": 239,
     "file-name":
      "/workspace/rust-crate-proofs/httparse/1.10.1/verification/probes/version-harness/evidence/direct-why3-bytes-20261005T060100Z/context/string/verif/httparse_version_harness_rlib/iter/impl_Bytes/set_cursor.coma",
     "start-char": 50,
     "start-line": 239}}}
