Warning, file "/workspace/scratch/httparse-string-model/creusot-data/share/why3find/packages/creusot/creusot/int.coma", line 166, characters 8-22: axiom extensionality does not contain any local abstract symbol (contains: int, (=), t, to_int)
Warning, file "/workspace/scratch/httparse-string-model/creusot-data/share/why3find/packages/creusot/creusot/int.coma", line 484, characters 8-22: axiom extensionality does not contain any local abstract symbol (contains: int, (=), t, to_int)
Warning, file "/workspace/scratch/httparse-string-model/creusot-data/share/why3find/packages/creusot/creusot/int.coma", line 802, characters 8-22: axiom extensionality does not contain any local abstract symbol (contains: int, (=), t, to_int)
Warning, file "/workspace/scratch/httparse-string-model/creusot-data/share/why3find/packages/creusot/creusot/int.coma", line 1120, characters 8-22: axiom extensionality does not contain any local abstract symbol (contains: int, (=), t, to_int)
Warning, file "/workspace/scratch/httparse-string-model/creusot-data/share/why3find/packages/creusot/creusot/int.coma", line 1438, characters 8-22: axiom extensionality does not contain any local abstract symbol (contains: int, (=), t, to_int)
Warning, file "/workspace/rust-crate-proofs/httparse/1.10.1/verification/probes/version-harness/evidence/direct-why3-bytes-20261005T060100Z/context/string/verif/httparse_version_harness_rlib/iter/impl_Bytes/slice_skip.coma", line 110, characters 6-21: axiom size_of_u8_spec does not contain any local abstract symbol (contains: int, (<=), size_of_u8)
Warning, file "/workspace/rust-crate-proofs/httparse/1.10.1/verification/probes/version-harness/evidence/direct-why3-bytes-20261005T060100Z/context/string/verif/httparse_version_harness_rlib/iter/impl_Bytes/slice_skip.coma", line 167, characters 6-37: axiom slice_ptr_ext_ptr_slice_u8_spec does not contain any local abstract symbol (contains: (=), ptr, t, len_ptr_slice_u8, thin_ptr_slice_u8)
Warning, file "/workspace/rust-crate-proofs/httparse/1.10.1/verification/probes/version-harness/evidence/direct-why3-bytes-20261005T060100Z/context/string/verif/httparse_version_harness_rlib/iter/impl_Bytes/slice_skip.coma", line 282, characters 6-22: axiom align_of_u8_spec does not contain any local abstract symbol (contains: (=), t, sub, bw_and, align_of_u8)
Warning, file "/workspace/rust-crate-proofs/httparse/1.10.1/verification/probes/version-harness/evidence/direct-why3-bytes-20261005T060100Z/context/string/verif/httparse_version_harness_rlib/iter/impl_Bytes/slice_skip.coma", line 285, characters 6-24: axiom align_of_u8_spec'0 does not contain any local abstract symbol (contains: int, (=), mod, t, t'int, size_of_u8, align_of_u8)
{"counterexample": [],
 "prover-result":
  {"answer": "Valid",
   "ce-models": [],
   "status": "exited with status 0",
   "step": 64568,
   "time": 0.011761},
 "term":
  {"explanations": ["integer overflow"],
   "goal_name": "vc_slice_skip",
   "loc":
    {"end-char": 60,
     "end-line": 1022,
     "file-name":
      "/workspace/scratch/httparse-string-model/creusot-data/share/why3find/packages/creusot/creusot/int.coma",
     "start-char": 31,
     "start-line": 1022}}}
{"counterexample": [],
 "prover-result":
  {"answer": "Valid",
   "ce-models": [],
   "status": "exited with status 0",
   "step": 61838,
   "time": 0.015964},
 "term":
  {"explanations": [],
   "goal_name": "vc_slice_skip",
   "loc":
    {"end-char": 17,
     "end-line": 419,
     "file-name":
      "/workspace/rust-crate-proofs/httparse/1.10.1/verification/probes/version-harness/evidence/direct-why3-bytes-20261005T060100Z/context/string/verif/httparse_version_harness_rlib/iter/impl_Bytes/slice_skip.coma",
     "start-char": 12,
     "start-line": 419}}}
{"counterexample": [],
 "prover-result":
  {"answer": "Valid",
   "ce-models": [],
   "status": "exited with status 0",
   "step": 6576,
   "time": 0.007774},
 "term":
  {"explanations": ["type invariant"],
   "goal_name": "vc_slice_skip",
   "loc":
    {"end-char": 71,
     "end-line": 417,
     "file-name":
      "/workspace/rust-crate-proofs/httparse/1.10.1/verification/probes/version-harness/evidence/direct-why3-bytes-20261005T060100Z/context/string/verif/httparse_version_harness_rlib/iter/impl_Bytes/slice_skip.coma",
     "start-char": 50,
     "start-line": 417}}}
{"counterexample": [],
 "prover-result":
  {"answer": "Valid",
   "ce-models": [],
   "status": "exited with status 0",
   "step": 59266,
   "time": 0.01905},
 "term":
  {"explanations": ["integer overflow"],
   "goal_name": "vc_slice_skip",
   "loc":
    {"end-char": 59,
     "end-line": 1169,
     "file-name":
      "/workspace/scratch/httparse-string-model/creusot-data/share/why3find/packages/creusot/creusot/int.coma",
     "start-char": 48,
     "start-line": 1169}}}
{"counterexample": [],
 "prover-result":
  {"answer": "Valid",
   "ce-models": [],
   "status": "exited with status 0",
   "step": 61371,
   "time": 0.016971},
 "term":
  {"explanations": ["integer overflow"],
   "goal_name": "vc_slice_skip",
   "loc":
    {"end-char": 50,
     "end-line": 1172,
     "file-name":
      "/workspace/scratch/httparse-string-model/creusot-data/share/why3find/packages/creusot/creusot/int.coma",
     "start-char": 31,
     "start-line": 1172}}}
{"counterexample": [],
 "prover-result":
  {"answer": "Valid",
   "ce-models": [],
   "status": "exited with status 0",
   "step": 59831,
   "time": 0.011485},
 "term":
  {"explanations": ["deref 'self' type invariant"],
   "goal_name": "vc_slice_skip",
   "loc":
    {"end-char": 18,
     "end-line": 75,
     "file-name":
      "/workspace/rust-crate-proofs/creusot-libs/creusot-std/src/ghost.rs",
     "start-char": 14,
     "start-line": 75}}}
{"counterexample": [],
 "prover-result":
  {"answer": "Valid",
   "ce-models": [],
   "status": "exited with status 0",
   "step": 4548,
   "time": 0.007413},
 "term":
  {"explanations": ["live 'self' type invariant"],
   "goal_name": "vc_slice_skip",
   "loc":
    {"end-char": 21,
     "end-line": 822,
     "file-name":
      "/workspace/rust-crate-proofs/creusot-libs/creusot-std/src/std/ptr.rs",
     "start-char": 17,
     "start-line": 822}}}
{"counterexample": [],
 "prover-result":
  {"answer": "Valid",
   "ce-models": [],
   "status": "exited with status 0",
   "step": 4595,
   "time": 0.010131},
 "term":
  {"explanations": ["new 'x' type invariant"],
   "goal_name": "vc_slice_skip",
   "loc":
    {"end-char": 16,
     "end-line": 157,
     "file-name":
      "/workspace/rust-crate-proofs/creusot-libs/creusot-std/src/ghost.rs",
     "start-char": 15,
     "start-line": 157}}}
{"counterexample": [],
 "prover-result":
  {"answer": "Valid",
   "ce-models": [],
   "status": "exited with status 0",
   "step": 65875,
   "time": 0.018648},
 "term":
  {"explanations": ["offset_live_ptr_u8 requires"],
   "goal_name": "vc_slice_skip",
   "loc":
    {"end-char": 110,
     "end-line": 344,
     "file-name":
      "/workspace/rust-crate-proofs/httparse/1.10.1/verification/probes/version-harness/evidence/direct-why3-bytes-20261005T060100Z/context/string/verif/httparse_version_harness_rlib/iter/impl_Bytes/slice_skip.coma",
     "start-char": 53,
     "start-line": 343}}}
{"counterexample": [],
 "prover-result":
  {"answer": "Valid",
   "ce-models": [],
   "status": "exited with status 0",
   "step": 94500,
   "time": 0.017749},
 "term":
  {"explanations": ["slice_from_ptr_range requires"],
   "goal_name": "vc_slice_skip",
   "loc":
    {"end-char": 28,
     "end-line": 373,
     "file-name":
      "/workspace/rust-crate-proofs/httparse/1.10.1/verification/probes/version-harness/evidence/direct-why3-bytes-20261005T060100Z/context/string/verif/httparse_version_harness_rlib/iter/impl_Bytes/slice_skip.coma",
     "start-char": 55,
     "start-line": 359}}}
{"counterexample": [],
 "prover-result":
  {"answer": "Valid",
   "ce-models": [],
   "status": "exited with status 0",
   "step": 8176,
   "time": 0.009527},
 "term":
  {"explanations": ["commit 'self' type invariant"],
   "goal_name": "vc_slice_skip",
   "loc":
    {"end-char": 27,
     "end-line": 243,
     "file-name":
      "/workspace/rust-crate-proofs/httparse/1.10.1/verification/probes/version-harness/src/../../../../src/iter.rs",
     "start-char": 23,
     "start-line": 243}}}
{"counterexample": [],
 "prover-result":
  {"answer": "Valid",
   "ce-models": [],
   "status": "exited with status 0",
   "step": 100519,
   "time": 0.020365},
 "term":
  {"explanations": ["slice_skip ensures"],
   "goal_name": "vc_slice_skip",
   "loc":
    {"end-char": 46,
     "end-line": 461,
     "file-name":
      "/workspace/rust-crate-proofs/httparse/1.10.1/verification/probes/version-harness/evidence/direct-why3-bytes-20261005T060100Z/context/string/verif/httparse_version_harness_rlib/iter/impl_Bytes/slice_skip.coma",
     "start-char": 44,
     "start-line": 458}}}
{"counterexample": [],
 "prover-result":
  {"answer": "Valid",
   "ce-models": [],
   "status": "exited with status 0",
   "step": 8244,
   "time": 0.009758},
 "term":
  {"explanations": ["type invariant"],
   "goal_name": "vc_slice_skip",
   "loc":
    {"end-char": 72,
     "end-line": 437,
     "file-name":
      "/workspace/rust-crate-proofs/httparse/1.10.1/verification/probes/version-harness/evidence/direct-why3-bytes-20261005T060100Z/context/string/verif/httparse_version_harness_rlib/iter/impl_Bytes/slice_skip.coma",
     "start-char": 51,
     "start-line": 437}}}
{"counterexample": [],
 "prover-result":
  {"answer": "Valid",
   "ce-models": [],
   "status": "exited with status 0",
   "step": 5543,
   "time": 0.007685},
 "term":
  {"explanations": ["type invariant"],
   "goal_name": "vc_slice_skip",
   "loc":
    {"end-char": 64,
     "end-line": 435,
     "file-name":
      "/workspace/rust-crate-proofs/httparse/1.10.1/verification/probes/version-harness/evidence/direct-why3-bytes-20261005T060100Z/context/string/verif/httparse_version_harness_rlib/iter/impl_Bytes/slice_skip.coma",
     "start-char": 42,
     "start-line": 435}}}
