Warning, file "/workspace/scratch/httparse-string-model/creusot-data/share/why3find/packages/creusot/creusot/int.coma", line 166, characters 8-22: axiom extensionality does not contain any local abstract symbol (contains: int, (=), t, to_int)
Warning, file "/workspace/scratch/httparse-string-model/creusot-data/share/why3find/packages/creusot/creusot/int.coma", line 484, characters 8-22: axiom extensionality does not contain any local abstract symbol (contains: int, (=), t, to_int)
Warning, file "/workspace/scratch/httparse-string-model/creusot-data/share/why3find/packages/creusot/creusot/int.coma", line 802, characters 8-22: axiom extensionality does not contain any local abstract symbol (contains: int, (=), t, to_int)
Warning, file "/workspace/scratch/httparse-string-model/creusot-data/share/why3find/packages/creusot/creusot/int.coma", line 1120, characters 8-22: axiom extensionality does not contain any local abstract symbol (contains: int, (=), t, to_int)
Warning, file "/workspace/scratch/httparse-string-model/creusot-data/share/why3find/packages/creusot/creusot/int.coma", line 1438, characters 8-22: axiom extensionality does not contain any local abstract symbol (contains: int, (=), t, to_int)
Warning, file "/workspace/rust-crate-proofs/httparse/1.10.1/verification/probes/version-harness/evidence/direct-why3-bytes-20261005T060100Z/context/string/verif/httparse_version_harness_rlib/iter/impl_Iterator_for_Bytes/next__refines.coma", line 69, characters 6-21: axiom size_of_u8_spec does not contain any local abstract symbol (contains: int, (<=), size_of_u8)
Warning, file "/workspace/rust-crate-proofs/httparse/1.10.1/verification/probes/version-harness/evidence/direct-why3-bytes-20261005T060100Z/context/string/verif/httparse_version_harness_rlib/iter/impl_Iterator_for_Bytes/next__refines.coma", line 126, characters 6-37: axiom slice_ptr_ext_ptr_slice_u8_spec does not contain any local abstract symbol (contains: (=), ptr, t, len_ptr_slice_u8, thin_ptr_slice_u8)
Warning, file "/workspace/rust-crate-proofs/httparse/1.10.1/verification/probes/version-harness/evidence/direct-why3-bytes-20261005T060100Z/context/string/verif/httparse_version_harness_rlib/iter/impl_Iterator_for_Bytes/next__refines.coma", line 206, characters 158-159: unused variable a
Warning, file "/workspace/rust-crate-proofs/httparse/1.10.1/verification/probes/version-harness/evidence/direct-why3-bytes-20261005T060100Z/context/string/verif/httparse_version_harness_rlib/iter/impl_Iterator_for_Bytes/next__refines.coma", line 206, characters 171-173: unused variable ab
Warning, file "/workspace/rust-crate-proofs/httparse/1.10.1/verification/probes/version-harness/evidence/direct-why3-bytes-20261005T060100Z/context/string/verif/httparse_version_harness_rlib/iter/impl_Iterator_for_Bytes/next__refines.coma", line 206, characters 193-194: unused variable b
Warning, file "/workspace/rust-crate-proofs/httparse/1.10.1/verification/probes/version-harness/evidence/direct-why3-bytes-20261005T060100Z/context/string/verif/httparse_version_harness_rlib/iter/impl_Iterator_for_Bytes/next__refines.coma", line 206, characters 206-208: unused variable bc
Warning, file "/workspace/rust-crate-proofs/httparse/1.10.1/verification/probes/version-harness/evidence/direct-why3-bytes-20261005T060100Z/context/string/verif/httparse_version_harness_rlib/iter/impl_Iterator_for_Bytes/next__refines.coma", line 206, characters 228-229: unused variable c
Warning, file "/workspace/rust-crate-proofs/httparse/1.10.1/verification/probes/version-harness/evidence/direct-why3-bytes-20261005T060100Z/context/string/verif/httparse_version_harness_rlib/iter/impl_Iterator_for_Bytes/next__refines.coma", line 209, characters 6-31: axiom produces_trans_Bytes_spec does not contain any local abstract symbol (contains: t, seq, (++), t_Bytes, produces_Bytes)
Warning, file "/workspace/rust-crate-proofs/httparse/1.10.1/verification/probes/version-harness/evidence/direct-why3-bytes-20261005T060100Z/context/string/verif/httparse_version_harness_rlib/iter/impl_Iterator_for_Bytes/next__refines.coma", line 213, characters 157-161: unused variable self
Warning, file "/workspace/rust-crate-proofs/httparse/1.10.1/verification/probes/version-harness/evidence/direct-why3-bytes-20261005T060100Z/context/string/verif/httparse_version_harness_rlib/iter/impl_Iterator_for_Bytes/next__refines.coma", line 216, characters 6-30: axiom produces_refl_Bytes_spec does not contain any local abstract symbol (contains: t, seq, empty, t_Bytes, produces_Bytes)
{"counterexample": [],
 "prover-result":
  {"answer": "Valid",
   "ce-models": [],
   "status": "exited with status 0",
   "step": 6823,
   "time": 0.01489},
 "term":
  {"explanations": [],
   "goal_name": "refines",
   "loc":
    {"end-char": 21,
     "end-line": 476,
     "file-name":
      "/workspace/rust-crate-proofs/httparse/1.10.1/verification/probes/version-harness/src/../../../../src/iter.rs",
     "start-char": 17,
     "start-line": 476}}}
{"counterexample": [],
 "prover-result":
  {"answer": "Valid",
   "ce-models": [],
   "status": "exited with status 0",
   "step": 7649,
   "time": 0.0119},
 "term":
  {"explanations": [],
   "goal_name": "refines",
   "loc":
    {"end-char": 17,
     "end-line": 106,
     "file-name":
      "/workspace/rust-crate-proofs/creusot-libs/creusot-std/src/std/iter.rs",
     "start-char": 26,
     "start-line": 103}}}
{"counterexample": [],
 "prover-result":
  {"answer": "Valid",
   "ce-models": [],
   "status": "exited with status 0",
   "step": 16243,
   "time": 0.008825},
 "term":
  {"explanations": [],
   "goal_name": "refines",
   "loc":
    {"end-char": 17,
     "end-line": 106,
     "file-name":
      "/workspace/rust-crate-proofs/creusot-libs/creusot-std/src/std/iter.rs",
     "start-char": 26,
     "start-line": 103}}}
