   Compiling bytes-unsafe-affine-dispatch-diagnostic v0.1.0 (/workspace/rust-crate-proofs/bytes/1.11.1/verification/probes/unsafe-affine-dispatch-2026-10-08)
warning: unused import: `std::ops::FnExt`
 --> src/lib.rs:4:31
  |
4 | use creusot_std::{prelude::*, std::ops::FnExt};
  |                               ^^^^^^^^^^^^^^^
  |
  = note: `#[warn(unused_imports)]` (part of `#[warn(unused)]`) on by default

warning: unused variable: `spec`
  --> src/lib.rs:55:54
   |
55 | pub fn invoke<A, R>(native: unsafe fn(A) -> R, x: A, spec: Ghost<fn(A) -> R>) -> R {
   |                                                      ^^^^ help: if this is intentional, prefix it with an underscore: `_spec`
   |
   = note: `#[warn(unused_variables)]` (part of `#[warn(unused)]`) on by default

warning: feature `unboxed_closures` is declared but not used
 --> src/lib.rs:2:23
  |
2 | #![feature(fn_traits, unboxed_closures)]
  |                       ^^^^^^^^^^^^^^^^
  |
  = note: `#[warn(unused_features)]` (part of `#[warn(unused)]`) on by default

warning: feature `fn_traits` is declared but not used
 --> src/lib.rs:2:12
  |
2 | #![feature(fn_traits, unboxed_closures)]
  |            ^^^^^^^^^

warning: `bytes-unsafe-affine-dispatch-diagnostic` (lib) generated 4 warnings (run `cargo fix --lib -p bytes-unsafe-affine-dispatch-diagnostic` to apply 2 suggestions)
warning: `bytes-unsafe-affine-dispatch-diagnostic` (lib test) generated 4 warnings (4 duplicates)
    Finished `test` profile [unoptimized + debuginfo] target(s) in 0.16s
     Running unittests src/lib.rs (/workspace/bytes-proof-tools/targets/bytes/debug/deps/bytes_unsafe_affine_dispatch_diagnostic-0e5a9893881891ad)

running 1 test
test tests::native_pointer_and_ghost_forwarding ... FAILED

failures:

---- tests::native_pointer_and_ghost_forwarding stdout ----

thread 'tests::native_pointer_and_ghost_forwarding' (948228) panicked at /workspace/bytes-proof-tools/bytes-proof-std/src/ghost.rs:184:9:
explicit panic
note: run with `RUST_BACKTRACE=1` environment variable to display a backtrace


failures:
    tests::native_pointer_and_ghost_forwarding

test result: FAILED. 0 passed; 1 failed; 0 ignored; 0 measured; 0 filtered out; finished in 0.00s

error: test failed, to rerun pass `--lib`
