warning: unnecessary `unsafe` block
  --> src/lib.rs:68:5
   |
68 |     unsafe { core::intrinsics::discriminant_value(&SignedI8::Negative) }
   |     ^^^^^^ unnecessary `unsafe` block
   |
   = note: `#[warn(unused_unsafe)]` (part of `#[warn(unused)]`) on by default

warning: unnecessary `unsafe` block
  --> src/lib.rs:75:5
   |
75 |     unsafe { core::intrinsics::discriminant_value(&SignedI8::Negative) }
   |     ^^^^^^ unnecessary `unsafe` block

warning: unnecessary `unsafe` block
  --> src/lib.rs:81:5
   |
81 |     unsafe { core::intrinsics::discriminant_value(&SignedI16::Negative) }
   |     ^^^^^^ unnecessary `unsafe` block

warning: unnecessary `unsafe` block
  --> src/lib.rs:88:5
   |
88 |     unsafe { core::intrinsics::discriminant_value(&SignedI16::Negative) }
   |     ^^^^^^ unnecessary `unsafe` block

warning: `httparse-derived-traits-harness` (lib) generated 4 warnings
    Finished `dev` profile [unoptimized + debuginfo] target(s) in 0.10s
