{"counterexample": [],
 "prover-result":
  {"answer": "Valid",
   "ce-models": [],
   "status": "exited with status 0",
   "step": 28661,
   "time": 0.016329},
 "term":
  {"explanations": ["assertion"],
   "goal_name": "vc_utf8_u10ffff",
   "loc":
    {"end-char": 42,
     "end-line": 56,
     "file-name":
      "/workspace/rust-crate-proofs/httparse/1.10.1/verification/probes/utf8-lemmas/src/lib.rs",
     "start-char": 18,
     "start-line": 56}}}
{"counterexample": [],
 "prover-result":
  {"answer": "Valid",
   "ce-models": [],
   "status": "exited with status 0",
   "step": 33501,
   "time": 0.018439},
 "term":
  {"explanations": ["assertion"],
   "goal_name": "vc_utf8_u10ffff",
   "loc":
    {"end-char": 36,
     "end-line": 57,
     "file-name":
      "/workspace/rust-crate-proofs/httparse/1.10.1/verification/probes/utf8-lemmas/src/lib.rs",
     "start-char": 18,
     "start-line": 57}}}
{"counterexample": [],
 "prover-result":
  {"answer": "Valid",
   "ce-models": [],
   "status": "exited with status 0",
   "step": 91500,
   "time": 0.020755},
 "term":
  {"explanations": ["assertion"],
   "goal_name": "vc_utf8_u10ffff",
   "loc":
    {"end-char": 36,
     "end-line": 58,
     "file-name":
      "/workspace/rust-crate-proofs/httparse/1.10.1/verification/probes/utf8-lemmas/src/lib.rs",
     "start-char": 18,
     "start-line": 58}}}
{"counterexample": [],
 "prover-result":
  {"answer": "Valid",
   "ce-models": [],
   "status": "exited with status 0",
   "step": 309375,
   "time": 0.080951},
 "term":
  {"explanations": ["assertion"],
   "goal_name": "vc_utf8_u10ffff",
   "loc":
    {"end-char": 36,
     "end-line": 59,
     "file-name":
      "/workspace/rust-crate-proofs/httparse/1.10.1/verification/probes/utf8-lemmas/src/lib.rs",
     "start-char": 18,
     "start-line": 59}}}
{"counterexample": [],
 "prover-result":
  {"answer": "Valid",
   "ce-models": [],
   "status": "exited with status 0",
   "step": 92968,
   "time": 0.025968},
 "term":
  {"explanations": ["assertion"],
   "goal_name": "vc_utf8_u10ffff",
   "loc":
    {"end-char": 36,
     "end-line": 60,
     "file-name":
      "/workspace/rust-crate-proofs/httparse/1.10.1/verification/probes/utf8-lemmas/src/lib.rs",
     "start-char": 18,
     "start-line": 60}}}
{"counterexample": [],
 "prover-result":
  {"answer": "Valid",
   "ce-models": [],
   "status": "exited with status 0",
   "step": 89219,
   "time": 0.021632},
 "term":
  {"explanations": ["assertion"],
   "goal_name": "vc_utf8_u10ffff",
   "loc":
    {"end-char": 36,
     "end-line": 61,
     "file-name":
      "/workspace/rust-crate-proofs/httparse/1.10.1/verification/probes/utf8-lemmas/src/lib.rs",
     "start-char": 18,
     "start-line": 61}}}
{"counterexample": [],
 "prover-result":
  {"answer": "Valid",
   "ce-models": [],
   "status": "exited with status 0",
   "step": 92171,
   "time": 0.033844},
 "term":
  {"explanations": ["assertion"],
   "goal_name": "vc_utf8_u10ffff",
   "loc":
    {"end-char": 70,
     "end-line": 62,
     "file-name":
      "/workspace/rust-crate-proofs/httparse/1.10.1/verification/probes/utf8-lemmas/src/lib.rs",
     "start-char": 18,
     "start-line": 62}}}
{"counterexample": [],
 "prover-result":
  {"answer": "Valid",
   "ce-models": [],
   "status": "exited with status 0",
   "step": 81971,
   "time": 0.027203},
 "term":
  {"explanations": ["utf8_u10ffff ensures"],
   "goal_name": "vc_utf8_u10ffff",
   "loc":
    {"end-char": 71,
     "end-line": 53,
     "file-name":
      "/workspace/rust-crate-proofs/httparse/1.10.1/verification/probes/utf8-lemmas/src/lib.rs",
     "start-char": 10,
     "start-line": 53}}}
