bytes proof: /workspace/bytes-runtime-verification/bytes/1.11.1/verification/probes/retired-region-pool; one prover; 1024 MiB; native Ordering; sc-drf disabled
     Removed 7 files, 279.8KiB total
    Checking bytes-retired-region-pool v0.1.0 (/workspace/bytes-runtime-verification/bytes/1.11.1/verification/probes/retired-region-pool)
warning: methods `slots` and `join` are never used
   --> src/../../../../src/ownership_proof/owned_region.rs:149:19
    |
 95 | impl OwnedRegion {
    | ---------------- methods in this implementation
...
149 |     pub(crate) fn slots(self) -> FMap<Int, Excl<Option<u8>>> {
    |                   ^^^^^
...
243 |     pub(crate) fn join(self, other: Self) -> Self {
    |                   ^^^^
    |
    = note: `#[warn(dead_code)]` (part of `#[warn(unused)]`) on by default

warning: associated items `unbound`, `as_non_null`, and `advance_within` are never used
   --> src/../../../../src/ownership_proof/raw_vec.rs:181:19
    |
170 | impl BoundPtr {
    | ------------- associated items in this implementation
...
181 |     pub(crate) fn unbound(pointer: NonNull<u8>) -> Self {
    |                   ^^^^^^^
...
202 |     pub(crate) fn as_non_null(&self) -> NonNull<u8> {
    |                   ^^^^^^^^^^^
...
229 |     pub(crate) fn advance_within(&self, count: usize) -> Self {
    |                   ^^^^^^^^^^^^^^

warning: method `join` is never used
   --> src/../../../../src/ownership_proof/raw_vec.rs:463:19
    |
377 | impl PhysicalRegion {
    | ------------------- method in this implementation
...
463 |     pub(crate) fn join(self, other: Self) -> Self {
    |                   ^^^^

warning: function `slot_known` is never used
   --> src/../../../../src/ownership_proof/raw_vec.rs:899:15
    |
899 | pub(crate) fn slot_known(slot: Option<Option<u8>>) -> bool {
    |               ^^^^^^^^^^

warning: function `slot_known_equivalence` is never used
   --> src/../../../../src/ownership_proof/raw_vec.rs:905:15
    |
905 | pub(crate) fn slot_known_equivalence(slot: Option<Option<u8>>) {}
    |               ^^^^^^^^^^^^^^^^^^^^^^

warning: function `borrow_bound_mut` is never used
   --> src/../../../../src/ownership_proof/raw_vec.rs:942:22
    |
942 | pub(crate) unsafe fn borrow_bound_mut<'a>(
    |                      ^^^^^^^^^^^^^^^^

warning: function `pointer_addr_eq` is never used
  --> src/../../../../src/provenance_specs.rs:19:15
   |
19 | pub(crate) fn pointer_addr_eq<T>(left: *const T, right: *const T) -> bool {
   |               ^^^^^^^^^^^^^^^

warning: function `pointer_addr` is never used
  --> src/../../../../src/provenance_specs.rs:51:15
   |
51 | pub(crate) fn pointer_addr<T>(ptr: *const T) -> usize {
   |               ^^^^^^^^^^^^

warning: function `wrapping_offset` is never used
  --> src/../../../../src/provenance_specs.rs:75:15
   |
75 | pub(crate) fn wrapping_offset(ptr: *mut u8, offset: usize) -> *mut u8 {
   |               ^^^^^^^^^^^^^^^

warning: function `pointer_with_address` is never used
  --> src/../../../../src/provenance_specs.rs:86:15
   |
86 | pub(crate) fn pointer_with_address(ptr: *mut u8, new_addr: usize) -> *mut u8 {
   |               ^^^^^^^^^^^^^^^^^^^^

warning: function `metadata_pointer` is never used
  --> src/../../../../src/provenance_specs.rs:96:15
   |
96 | pub(crate) fn metadata_pointer(addr: usize) -> *mut u8 {
   |               ^^^^^^^^^^^^^^^^

warning: `bytes-retired-region-pool` (lib) generated 11 warnings
    Finished `dev` profile [unoptimized + debuginfo] target(s) in 0.88s
No dangling files found
Proved (32 files) ✔
