    Checking http-composition-proof v0.1.0 (/workspace/rust-crate-proofs/http/1.5.0/verification/composition)
error[E0599]: the method `deep_model` exists for struct `http::uri::InvalidUri`, but its trait bounds were not satisfied
   --> src/../../../src/error/core.rs:109:49
    |
109 |         ErrorModel::Uri(uri_error) => uri_error.deep_model() == 10,
    |                                                 ^^^^^^^^^^
    |
   ::: /workspace/rust-crate-proofs/http/1.5.0/verification/runtime-http/src/uri/mod.rs:122:1
    |
122 | pub struct InvalidUri(ErrorKind);
    | --------------------- doesn't satisfy `_: DeepModel`
    |
    = note: the following trait bounds were not satisfied:
            `http::uri::InvalidUri: creusot_std::model::DeepModel`
            which is required by `&http::uri::InvalidUri: creusot_std::model::DeepModel`
            `http::uri::InvalidUri: creusot_std::model::DeepModel`
            `http::uri::InvalidUri: creusot_std::model::DeepModel`
            which is required by `&mut http::uri::InvalidUri: creusot_std::model::DeepModel`

For more information about this error, try `rustc --explain E0599`.
error: could not compile `http-composition-proof` (lib) due to 1 previous error
