PASS: probe Bytes fields equal production layout
PASS: probe Vtable fields equal production layout
PASS: probe Shared fields equal production layout
PASS: native cfg table initializer equals production initializer
PASS: current production branch matches authorized helper substitutions
PASS: proof/native atomic bridges have only true/true and exact native constructors
PASS: production pointer_addr helper is included unchanged
PASS: production boxed_alignment helper is included unchanged
PASS: pinned why3find config matches its saved snapshot
PASS: canonical probe source snapshot matches current source
PASS: production bytes source snapshot matches current source
sha256 src/bytes.rs: 54568a31252a7cc4f1dcee26d2d34dc6e0af9c9d8bf09522b694c3bd6a2a04bc
sha256 src/provenance_specs.rs: 8383154b0d6438f7150ea381b3b1cdffa95f90a93f19860df3334be4d8f9a0b8
sha256 src/ownership_proof/boxed_alignment.rs: 3a7879fc80b9aaad8a72fc8ab8a1cda82038b14f76c0fac0d415d75d35e626f5
sha256 probe/src/lib.rs: ffe063b3a070b727fa1e688b84a10bc9ba7a0d739cab6260fcd422e2d942a8b8
sha256 production-shared-branch.rs: e52cf0ee728db86f0cbd1b9dc60a4287c51726a7c11f117d5e4a89fcdcd214ca
sha256 production-Shared.rs: 7f160f4a8cf5dafc224764e85d52ca917c36c2f2b1cd24000da3d47c2bb87aad
sha256 production-Vtable.rs: 49b60eb2f6fc9f546509a61d66eedb363e11022b1fc4f7ce246aafd5d9d6026d
sha256 production-SHARED_VTABLE.rs: 00d445b9a68c5214510c9d56feac9805083efba71c7ada8146e6d20463f2b664
exit status: 0
