Infrastructure-only attempt; this is not a solver result.

Command: verification/probes/string-model/verify.sh prove-negative
Sandbox mode: default workspace sandbox (not elevated)
Selected targets:
  verif/httparse_string_model_negative_harness_rlib/deliberately_false_string_claim.coma
  verif/httparse_string_model_negative_harness_rlib/deliberately_false_utf8_claim.coma
Environment preflight: isolated string-model config and prelude hashes matched
the report; run-proof confirmed running_provers_max=1 and memlimit=1000 MiB.

Observed output:
  Process Error (Connection error: client_connect: connection failed:
  Operation not permitted (connect,) (socket_name=/tmp/why3servera3602esock))
  Goal Coma.vc_deliberately_false_string_claim: ✘
  Library verif.httparse_string_model_negative_harness_rlib.deliberately_false_string_claim: ✘
  Process Error (File "utils/timer.ml", line 20, characters 2-8: Assertion failed)
  Goal Coma.vc_as_bytes: ✘
  Process Error (File "utils/timer.ml", line 20, characters 2-8: Assertion failed)
  Goal Coma.vc_deliberately_false_utf8_claim: ✘
  Library verif.httparse_string_model_negative_harness_rlib.deliberately_false_utf8_claim: ✘

The shared Why3 process did not complete these goals. The displayed ✘ labels
are recorded as unclassified infrastructure failures, not counterexamples.
The attempt was interrupted after the errors. Its prover-result JSONL is empty;
saved Why3 session XML files contain goal entries but no prover result. The
orphan why3find child was stopped before the elevated retry.
