bytes proof: /workspace/bytes-runtime-verification/bytes/1.11.1/verification/probes/public-bytesmut-constructors; one prover; 1024 MiB; native Ordering; sc-drf disabled
     Removed 98 files, 28.6MiB total
   Compiling bytes-public-bytesmut-constructors v0.1.0 (/workspace/bytes-runtime-verification/bytes/1.11.1/verification/probes/public-bytesmut-constructors)
warning: unused import: `creusot_std::prelude::*`
 --> src/lib.rs:6:5
  |
6 | use creusot_std::prelude::*;
  |     ^^^^^^^^^^^^^^^^^^^^^^^
  |
  = note: `#[warn(unused_imports)]` (part of `#[warn(unused)]`) on by default

warning: unused import: `owned_region`
  --> src/lib.rs:20:39
   |
20 |     pub(crate) use crate::{bound_ptr, owned_region, raw_vec, sequential_counter, shared_protocol};
   |                                       ^^^^^^^^^^^^

warning: unused import: `ManuallyDrop`
 --> /workspace/bytes-proof-tools/targets/bytes/debug/build/bytes-public-bytesmut-constructors-8d854e3e39987e34/out/actual_public_constructors.rs:3:23
  |
3 | use core::mem::{self, ManuallyDrop};
  |                       ^^^^^^^^^^^^

warning: unused import: `core::sync::atomic::AtomicUsize`
 --> /workspace/bytes-proof-tools/targets/bytes/debug/build/bytes-public-bytesmut-constructors-8d854e3e39987e34/out/actual_public_constructors.rs:5:5
  |
5 | use core::sync::atomic::AtomicUsize;
  |     ^^^^^^^^^^^^^^^^^^^^^^^^^^^^^^^

warning: unused import: `prelude`
  --> /workspace/bytes-proof-tools/targets/bytes/debug/build/bytes-public-bytesmut-constructors-8d854e3e39987e34/out/actual_public_constructors.rs:16:53
   |
16 |     use creusot_std::{ghost::perm::Perm, logic::Id, prelude::*};
   |                                                     ^^^^^^^

warning: unused variable: `base`
   --> src/../../../../src/ownership_proof/raw_vec.rs:839:25
    |
839 |     let RawAllocation { base, capacity, namespace: _, _not_objective: _ } = raw;
    |                         ^^^^ help: try ignoring the field: `base: _`
    |
    = note: `#[warn(unused_variables)]` (part of `#[warn(unused)]`) on by default

warning: unused variable: `capacity`
   --> src/../../../../src/ownership_proof/raw_vec.rs:839:31
    |
839 |     let RawAllocation { base, capacity, namespace: _, _not_objective: _ } = raw;
    |                               ^^^^^^^^ help: try ignoring the field: `capacity: _`

warning: unused variable: `base`
   --> src/../../../../src/ownership_proof/raw_vec.rs:875:9
    |
875 |     let base = bound.as_ptr();
    |         ^^^^ help: if this is intentional, prefix it with an underscore: `_base`

warning: function `detach_bound_vec` is never used
  --> src/../../../../src/ownership_proof/bound_ptr.rs:43:15
   |
43 | pub(crate) fn detach_bound_vec(
   |               ^^^^^^^^^^^^^^^^
   |
   = note: `#[warn(dead_code)]` (part of `#[warn(unused)]`) on by default

warning: type alias `KernelRA` is never used
  --> src/../../../../src/ownership_proof/owned_region.rs:20:17
   |
20 | pub(crate) type KernelRA = (Option<Excl<()>>, FMap<Int, Excl<Option<u8>>>);
   |                 ^^^^^^^^

warning: type alias `SlotMap` is never used
  --> src/../../../../src/ownership_proof/owned_region.rs:23:17
   |
23 | pub(crate) type SlotMap = FMap<Int, Excl<Option<u8>>>;
   |                 ^^^^^^^

warning: function `map_compose_eq` is never used
  --> src/../../../../src/ownership_proof/owned_region.rs:32:15
   |
32 | pub(crate) fn map_compose_eq(
   |               ^^^^^^^^^^^^^^

warning: function `map_op_get` is never used
  --> src/../../../../src/ownership_proof/owned_region.rs:47:15
   |
47 | pub(crate) fn map_op_get(
   |               ^^^^^^^^^^

warning: struct `OwnedRegion` is never constructed
  --> src/../../../../src/ownership_proof/owned_region.rs:66:19
   |
66 | pub(crate) struct OwnedRegion {
   |                   ^^^^^^^^^^^

warning: multiple associated items are never used
   --> src/../../../../src/ownership_proof/owned_region.rs:108:19
    |
 95 | impl OwnedRegion {
    | ---------------- associated items in this implementation
...
108 |     pub(crate) fn from_model_ledger(lo: Int, hi: Int, resource: Resource<KernelRA>) -> Self {
    |                   ^^^^^^^^^^^^^^^^^
...
125 |     pub(crate) fn into_parts(self) -> (Int, Int, Resource<KernelRA>) {
    |                   ^^^^^^^^^^
...
131 |     pub(crate) fn lo(self) -> Int {
    |                   ^^
...
137 |     pub(crate) fn hi(self) -> Int {
    |                   ^^
...
143 |     pub(crate) fn resource_id(self) -> Id {
    |                   ^^^^^^^^^^^
...
149 |     pub(crate) fn slots(self) -> FMap<Int, Excl<Option<u8>>> {
    |                   ^^^^^
...
156 |     pub(crate) fn slot(self, index: Int) -> Option<Option<u8>> {
    |                   ^^^^
...
167 |     fn restrict(
    |        ^^^^^^^^
...
192 |     pub(crate) fn split_at(self, at: Int) -> (Self, Self) {
    |                   ^^^^^^^^
...
243 |     pub(crate) fn join(self, other: Self) -> Self {
    |                   ^^^^

warning: struct `AllocationDesc` is never constructed
  --> src/../../../../src/ownership_proof/raw_vec.rs:34:8
   |
34 | struct AllocationDesc {
   |        ^^^^^^^^^^^^^^

warning: function `slots_from_vec` is never used
  --> src/../../../../src/ownership_proof/raw_vec.rs:50:4
   |
50 | fn slots_from_vec(contents: Seq<u8>, capacity: Int) -> SlotMap {
   |    ^^^^^^^^^^^^^^

warning: struct `RawAllocation` is never constructed
  --> src/../../../../src/ownership_proof/raw_vec.rs:70:19
   |
70 | pub(crate) struct RawAllocation {
   |                   ^^^^^^^^^^^^^

warning: methods `base_address`, `capacity`, and `namespace` are never used
   --> src/../../../../src/ownership_proof/raw_vec.rs:99:12
    |
 96 | impl RawAllocation {
    | ------------------ methods in this implementation
...
 99 |     pub fn base_address(self) -> Int {
    |            ^^^^^^^^^^^^
...
105 |     pub(crate) fn capacity(self) -> Int {
    |                   ^^^^^^^^
...
111 |     pub(crate) fn namespace(self) -> Id {
    |                   ^^^^^^^^^

warning: struct `BoundPtrBinding` is never constructed
   --> src/../../../../src/ownership_proof/raw_vec.rs:120:8
    |
120 | struct BoundPtrBinding {
    |        ^^^^^^^^^^^^^^^

warning: struct `BoundPtr` is never constructed
   --> src/../../../../src/ownership_proof/raw_vec.rs:132:19
    |
132 | pub(crate) struct BoundPtr {
    |                   ^^^^^^^^

warning: associated items `current_address`, `unbound`, `as_ptr`, `as_non_null`, `retreat_within`, and `advance_within` are never used
   --> src/../../../../src/ownership_proof/raw_vec.rs:179:12
    |
175 | impl BoundPtr {
    | ------------- associated items in this implementation
...
179 |     pub fn current_address(self) -> Int {
    |            ^^^^^^^^^^^^^^^
...
186 |     pub(crate) fn unbound(pointer: NonNull<u8>) -> Self {
    |                   ^^^^^^^
...
200 |     pub(crate) fn as_ptr(&self) -> *mut u8 {
    |                   ^^^^^^
...
207 |     pub(crate) fn as_non_null(&self) -> NonNull<u8> {
    |                   ^^^^^^^^^^^
...
219 |     pub(crate) fn retreat_within(&self, count: usize) -> Self {
    |                   ^^^^^^^^^^^^^^
...
265 |     pub(crate) fn advance_within(&self, count: usize) -> Self {
    |                   ^^^^^^^^^^^^^^

warning: method `into_bound_ptr_at_zero` is never used
   --> src/../../../../src/ownership_proof/raw_vec.rs:313:19
    |
302 | impl RawAllocation {
    | ------------------ method in this implementation
...
313 |     pub(crate) fn into_bound_ptr_at_zero(self) -> (BoundPtr, usize) {
    |                   ^^^^^^^^^^^^^^^^^^^^^^

warning: struct `Recovery` is never constructed
   --> src/../../../../src/ownership_proof/raw_vec.rs:341:19
    |
341 | pub(crate) struct Recovery {
    |                   ^^^^^^^^

warning: methods `namespace`, `capacity`, and `invariant` are never used
   --> src/../../../../src/ownership_proof/raw_vec.rs:361:19
    |
359 | impl Recovery {
    | ------------- methods in this implementation
360 |     #[logic(open)]
361 |     pub(crate) fn namespace(self) -> Id {
    |                   ^^^^^^^^^
...
366 |     pub(crate) fn capacity(self) -> Int {
    |                   ^^^^^^^^
...
371 |     pub(crate) fn invariant(self) -> bool {
    |                   ^^^^^^^^^

warning: struct `PhysicalRegion` is never constructed
   --> src/../../../../src/ownership_proof/raw_vec.rs:383:19
    |
383 | pub(crate) struct PhysicalRegion {
    |                   ^^^^^^^^^^^^^^

warning: multiple methods are never used
   --> src/../../../../src/ownership_proof/raw_vec.rs:415:19
    |
413 | impl PhysicalRegion {
    | ------------------- methods in this implementation
414 |     #[logic(open)]
415 |     pub(crate) fn lo(self) -> Int {
    |                   ^^
...
420 |     pub(crate) fn hi(self) -> Int {
    |                   ^^
...
425 |     pub(crate) fn namespace(self) -> Id {
    |                   ^^^^^^^^^
...
430 |     pub(crate) fn capacity(self) -> Int {
    |                   ^^^^^^^^
...
435 |     pub(crate) fn resource_id(self) -> Id {
    |                   ^^^^^^^^^^^
...
440 |     pub(crate) fn slot(self, index: Int) -> Option<Option<u8>> {
    |                   ^^^^
...
469 |     pub(crate) fn split_at(self, at: Int) -> (Self, Self) {
    |                   ^^^^^^^^
...
499 |     pub(crate) fn join(self, other: Self) -> Self {
    |                   ^^^^

warning: struct `PhysicalPool` is never constructed
   --> src/../../../../src/ownership_proof/raw_vec.rs:513:19
    |
513 | pub(crate) struct PhysicalPool {
    |                   ^^^^^^^^^^^^

warning: multiple associated items are never used
   --> src/../../../../src/ownership_proof/raw_vec.rs:546:19
    |
544 | impl PhysicalPool {
    | ----------------- associated items in this implementation
545 |     #[logic(open)]
546 |     pub(crate) fn capacity(self) -> Int {
    |                   ^^^^^^^^
...
551 |     pub(crate) fn namespace(self) -> Id {
    |                   ^^^^^^^^^
...
556 |     pub(crate) fn resource_id(self) -> Id {
    |                   ^^^^^^^^^^^
...
561 |     pub(crate) fn contains(self, index: Int) -> bool {
    |                   ^^^^^^^^
...
566 |     pub(crate) fn slot(self, index: Int) -> Option<Option<u8>> {
    |                   ^^^^
...
580 |     fn kernel_unit_is_empty() {
    |        ^^^^^^^^^^^^^^^^^^^^
...
606 |     pub(crate) fn empty_from(region: &PhysicalRegion) -> Self {
    |                   ^^^^^^^^^^
...
639 |     pub(crate) fn retire(self, region: PhysicalRegion) -> Self {
    |                   ^^^^^^
...
675 |     pub(crate) fn finish(self, lo: Int) -> PhysicalRegion {
    |                   ^^^^^^

warning: function `detach_vec` is never used
   --> src/../../../../src/ownership_proof/raw_vec.rs:716:15
    |
716 | pub(crate) fn detach_vec(
    |               ^^^^^^^^^^

warning: function `resume_vec` is never used
   --> src/../../../../src/ownership_proof/raw_vec.rs:799:22
    |
799 | pub(crate) unsafe fn resume_vec(
    |                      ^^^^^^^^^^

warning: function `deallocate_vec` is never used
   --> src/../../../../src/ownership_proof/raw_vec.rs:835:22
    |
835 | pub(crate) unsafe fn deallocate_vec(
    |                      ^^^^^^^^^^^^^^

warning: function `deallocate_bound_vec` is never used
   --> src/../../../../src/ownership_proof/raw_vec.rs:870:22
    |
870 | pub(crate) unsafe fn deallocate_bound_vec(
    |                      ^^^^^^^^^^^^^^^^^^^^

warning: function `borrow_mut` is never used
   --> src/../../../../src/ownership_proof/raw_vec.rs:919:22
    |
919 | pub(crate) unsafe fn borrow_mut<'a>(
    |                      ^^^^^^^^^^

warning: function `slot_known` is never used
   --> src/../../../../src/ownership_proof/raw_vec.rs:935:15
    |
935 | pub(crate) fn slot_known(slot: Option<Option<u8>>) -> bool {
    |               ^^^^^^^^^^

warning: function `slot_known_equivalence` is never used
   --> src/../../../../src/ownership_proof/raw_vec.rs:941:15
    |
941 | pub(crate) fn slot_known_equivalence(slot: Option<Option<u8>>) {}
    |               ^^^^^^^^^^^^^^^^^^^^^^

warning: function `borrow_bound_mut` is never used
   --> src/../../../../src/ownership_proof/raw_vec.rs:980:22
    |
980 | pub(crate) unsafe fn borrow_bound_mut<'a>(
    |                      ^^^^^^^^^^^^^^^^

warning: function `borrow_bound_uninit_mut` is never used
    --> src/../../../../src/ownership_proof/raw_vec.rs:1020:22
     |
1020 | pub(crate) unsafe fn borrow_bound_uninit_mut<'a>(
     |                      ^^^^^^^^^^^^^^^^^^^^^^^

warning: function `borrow_spare_preserving_prefix` is never used
    --> src/../../../../src/ownership_proof/raw_vec.rs:1058:22
     |
1058 | pub(crate) unsafe fn borrow_spare_preserving_prefix<'a>(
     |                      ^^^^^^^^^^^^^^^^^^^^^^^^^^^^^^

warning: function `borrow_bound` is never used
    --> src/../../../../src/ownership_proof/raw_vec.rs:1084:22
     |
1084 | pub(crate) unsafe fn borrow_bound<'a>(
     |                      ^^^^^^^^^^^^

warning: function `borrow_empty_bound` is never used
    --> src/../../../../src/ownership_proof/raw_vec.rs:1098:22
     |
1098 | pub(crate) unsafe fn borrow_empty_bound<'a>(bound: &'a BoundPtr) -> &'a [u8] {
     |                      ^^^^^^^^^^^^^^^^^^

warning: function `borrow_empty_bound_mut` is never used
    --> src/../../../../src/ownership_proof/raw_vec.rs:1107:22
     |
1107 | pub(crate) unsafe fn borrow_empty_bound_mut<'a>(bound: &'a BoundPtr) -> &'a mut [u8] {
     |                      ^^^^^^^^^^^^^^^^^^^^^^

warning: function `borrow_empty_bound_uninit_mut` is never used
    --> src/../../../../src/ownership_proof/raw_vec.rs:1115:22
     |
1115 | pub(crate) unsafe fn borrow_empty_bound_uninit_mut<'a>(
     |                      ^^^^^^^^^^^^^^^^^^^^^^^^^^^^^

warning: struct `SequentialCounter` is never constructed
  --> src/../../../../src/ownership_proof/sequential_counter.rs:20:19
   |
20 | pub(crate) struct SequentialCounter {
   |                   ^^^^^^^^^^^^^^^^^

warning: struct `CounterOwn` is never constructed
  --> src/../../../../src/ownership_proof/sequential_counter.rs:26:19
   |
26 | pub(crate) struct CounterOwn {
   |                   ^^^^^^^^^^

warning: associated items `new`, `fetch_add_relaxed`, `fetch_sub_release`, and `load_acquire` are never used
  --> src/../../../../src/ownership_proof/sequential_counter.rs:48:19
   |
43 | impl SequentialCounter {
   | ---------------------- associated items in this implementation
...
48 |     pub(crate) fn new(value: usize) -> (Self, Ghost<CounterOwn>) {
   |                   ^^^
...
66 |     pub(crate) fn fetch_add_relaxed(&self, amount: usize, own: Ghost<&mut CounterOwn>) -> usize {
   |                   ^^^^^^^^^^^^^^^^^
...
79 |     pub(crate) fn fetch_sub_release(&self, amount: usize, own: Ghost<&mut CounterOwn>) -> usize {
   |                   ^^^^^^^^^^^^^^^^^
...
89 |     pub(crate) fn load_acquire(&self, own: Ghost<&CounterOwn>) -> usize {
   |                   ^^^^^^^^^^^^

warning: type alias `RegistrationRA` is never used
 --> src/../../../../src/ownership_proof/shared_protocol.rs:9:6
  |
9 | type RegistrationRA = (Option<Excl<()>>, Option<Excl<()>>);
  |      ^^^^^^^^^^^^^^

warning: struct `Ticket` is never constructed
  --> src/../../../../src/ownership_proof/shared_protocol.rs:11:19
   |
11 | pub(crate) struct Ticket {
   |                   ^^^^^^

warning: struct `Status` is never constructed
  --> src/../../../../src/ownership_proof/shared_protocol.rs:17:19
   |
17 | pub(crate) struct Status {
   |                   ^^^^^^

warning: struct `State` is never constructed
  --> src/../../../../src/ownership_proof/shared_protocol.rs:26:19
   |
26 | pub(crate) struct State {
   |                   ^^^^^

warning: type alias `Coordinator` is never used
  --> src/../../../../src/ownership_proof/shared_protocol.rs:33:17
   |
33 | pub(crate) type Coordinator = NonAtomicInvariant<State>;
   |                 ^^^^^^^^^^^

warning: type alias `Packet` is never used
  --> src/../../../../src/ownership_proof/shared_protocol.rs:34:17
   |
34 | pub(crate) type Packet = (Ticket, PhysicalRegion);
   |                 ^^^^^^

warning: function `ticket_value` is never used
  --> src/../../../../src/ownership_proof/shared_protocol.rs:37:4
   |
37 | fn ticket_value(left: bool) -> RegistrationRA {
   |    ^^^^^^^^^^^^

warning: function `packet_matches` is never used
  --> src/../../../../src/ownership_proof/shared_protocol.rs:42:15
   |
42 | pub(crate) fn packet_matches(packet: Packet, allocation: Id, capacity: Int, split: Int, registration: Id, left: bool) -> bool {
   |               ^^^^^^^^^^^^^^

warning: function `initialize` is never used
   --> src/../../../../src/ownership_proof/shared_protocol.rs:103:15
    |
103 | pub(crate) fn initialize(capacity: usize, split: usize, caps: Ghost<(Recovery, PhysicalRegion)>) -> Ghost<(Coordinator, Packet, Pac...
    |               ^^^^^^^^^^

warning: function `retire` is never used
   --> src/../../../../src/ownership_proof/shared_protocol.rs:135:15
    |
135 | pub(crate) fn retire(coordinator: Ghost<&mut Coordinator>, packet: Ghost<Packet>, left: bool) {
    |               ^^^^^^

warning: function `finish` is never used
   --> src/../../../../src/ownership_proof/shared_protocol.rs:162:15
    |
162 | pub(crate) fn finish(coordinator: Ghost<Coordinator>) -> Ghost<(Recovery, PhysicalRegion)> {
    |               ^^^^^^

warning: function `borrow_packet_mut` is never used
   --> src/../../../../src/ownership_proof/shared_protocol.rs:200:22
    |
200 | pub(crate) unsafe fn borrow_packet_mut<'a>(
    |                      ^^^^^^^^^^^^^^^^^

warning: function `borrow_packet_uninit_mut` is never used
   --> src/../../../../src/ownership_proof/shared_protocol.rs:237:22
    |
237 | pub(crate) unsafe fn borrow_packet_uninit_mut<'a>(
    |                      ^^^^^^^^^^^^^^^^^^^^^^^^

warning: function `borrow_packet` is never used
   --> src/../../../../src/ownership_proof/shared_protocol.rs:264:22
    |
264 | pub(crate) unsafe fn borrow_packet<'a>(
    |                      ^^^^^^^^^^^^^

warning: constant `KIND_VEC` is never used
  --> src/../../../../src/capacity_ops.rs:25:18
   |
25 | pub(crate) const KIND_VEC: usize = 0b1;
   |                  ^^^^^^^^

warning: constant `VEC_POS_OFFSET` is never used
  --> src/../../../../src/capacity_ops.rs:28:18
   |
28 | pub(crate) const VEC_POS_OFFSET: usize = 5;
   |                  ^^^^^^^^^^^^^^

warning: constant `NOT_VEC_POS_MASK` is never used
  --> src/../../../../src/capacity_ops.rs:29:18
   |
29 | pub(crate) const NOT_VEC_POS_MASK: usize = 0b11111;
   |                  ^^^^^^^^^^^^^^^^

warning: constant `MAX_VEC_POS` is never used
  --> src/../../../../src/capacity_ops.rs:30:18
   |
30 | pub(crate) const MAX_VEC_POS: usize = usize::MAX >> VEC_POS_OFFSET;
   |                  ^^^^^^^^^^^

warning: function `pack_vec_metadata` is never used
   --> src/../../../../src/capacity_ops.rs:117:15
    |
117 | pub(crate) fn pack_vec_metadata(repr: usize) -> usize {
    |               ^^^^^^^^^^^^^^^^^

warning: function `original_capacity_repr_from_data` is never used
   --> src/../../../../src/capacity_ops.rs:125:15
    |
125 | pub(crate) fn original_capacity_repr_from_data(data: usize) -> usize {
    |               ^^^^^^^^^^^^^^^^^^^^^^^^^^^^^^^^

warning: function `vec_pos_from_data` is never used
   --> src/../../../../src/capacity_ops.rs:132:15
    |
132 | pub(crate) fn vec_pos_from_data(data: usize) -> usize {
    |               ^^^^^^^^^^^^^^^^^

warning: function `set_vec_pos_in_data` is never used
   --> src/../../../../src/capacity_ops.rs:143:15
    |
143 | pub(crate) fn set_vec_pos_in_data(data: usize, pos: usize) -> usize {
    |               ^^^^^^^^^^^^^^^^^^^

warning: function `pointer_addr_eq` is never used
  --> src/../../../../src/provenance_specs.rs:19:15
   |
19 | pub(crate) fn pointer_addr_eq<T>(left: *const T, right: *const T) -> bool {
   |               ^^^^^^^^^^^^^^^

warning: function `pointer_addr` is never used
  --> src/../../../../src/provenance_specs.rs:51:15
   |
51 | pub(crate) fn pointer_addr<T>(ptr: *const T) -> usize {
   |               ^^^^^^^^^^^^

warning: function `wrapping_offset` is never used
  --> src/../../../../src/provenance_specs.rs:75:15
   |
75 | pub(crate) fn wrapping_offset(ptr: *mut u8, offset: usize) -> *mut u8 {
   |               ^^^^^^^^^^^^^^^

warning: function `pointer_with_address` is never used
  --> src/../../../../src/provenance_specs.rs:86:15
   |
86 | pub(crate) fn pointer_with_address(ptr: *mut u8, new_addr: usize) -> *mut u8 {
   |               ^^^^^^^^^^^^^^^^^^^^

warning: function `metadata_pointer` is never used
  --> src/../../../../src/provenance_specs.rs:96:15
   |
96 | pub(crate) fn metadata_pointer(addr: usize) -> *mut u8 {
   |               ^^^^^^^^^^^^^^^^

warning: function `release_unique_storage` is never used
   --> /workspace/bytes-proof-tools/targets/bytes/debug/build/bytes-public-bytesmut-constructors-8d854e3e39987e34/out/actual_public_constructors.rs:293:11
    |
293 | unsafe fn release_unique_storage(
    |           ^^^^^^^^^^^^^^^^^^^^^^

warning: struct `BytesMut` is never constructed
   --> /workspace/bytes-proof-tools/targets/bytes/debug/build/bytes-public-bytesmut-constructors-8d854e3e39987e34/out/actual_public_constructors.rs:309:12
    |
309 | pub struct BytesMut {
    |            ^^^^^^^^

warning: struct `Shared` is never constructed
   --> /workspace/bytes-proof-tools/targets/bytes/debug/build/bytes-public-bytesmut-constructors-8d854e3e39987e34/out/actual_public_constructors.rs:332:8
    |
332 | struct Shared {
    |        ^^^^^^

warning: struct `SharedBuffer` is never constructed
   --> /workspace/bytes-proof-tools/targets/bytes/debug/build/bytes-public-bytesmut-constructors-8d854e3e39987e34/out/actual_public_constructors.rs:341:8
    |
341 | struct SharedBuffer {
    |        ^^^^^^^^^^^^

warning: constant `KIND_VEC` is never used
   --> /workspace/bytes-proof-tools/targets/bytes/debug/build/bytes-public-bytesmut-constructors-8d854e3e39987e34/out/actual_public_constructors.rs:349:7
    |
349 | const KIND_VEC: usize = 0b1;
    |       ^^^^^^^^

warning: constant `KIND_MASK` is never used
   --> /workspace/bytes-proof-tools/targets/bytes/debug/build/bytes-public-bytesmut-constructors-8d854e3e39987e34/out/actual_public_constructors.rs:351:7
    |
351 | const KIND_MASK: usize = 0b1;
    |       ^^^^^^^^^

warning: function `vptr` is never used
   --> /workspace/bytes-proof-tools/targets/bytes/debug/build/bytes-public-bytesmut-constructors-8d854e3e39987e34/out/actual_public_constructors.rs:368:4
    |
368 | fn vptr(ptr: *mut u8) -> crate::ownership_proof::raw_vec::BoundPtr {
    |    ^^^^

warning: function `invalid_ptr` is never used
   --> /workspace/bytes-proof-tools/targets/bytes/debug/build/bytes-public-bytesmut-constructors-8d854e3e39987e34/out/actual_public_constructors.rs:379:4
    |
379 | fn invalid_ptr<T>(addr: usize) -> *mut T {
    |    ^^^^^^^^^^^

warning: associated items `from_vec`, `proof_unique_at_zero_owned`, `proof_unique_at_zero_valid`, `proof_unique_slot`, `proof_release_unique_at_zero`, and `zeroed` are never used
   --> /workspace/bytes-proof-tools/targets/bytes/debug/build/bytes-public-bytesmut-constructors-8d854e3e39987e34/out/actual_public_constructors.rs:402:19
    |
387 | impl BytesMut {
    | ------------- associated items in this implementation
...
402 |     pub(crate) fn from_vec(vec: Vec<u8>) -> BytesMut {
    |                   ^^^^^^^^
...
433 |     pub(crate) fn proof_unique_at_zero_owned(self) -> bool {
    |                   ^^^^^^^^^^^^^^^^^^^^^^^^^^
...
458 |     pub(crate) fn proof_unique_at_zero_valid(self) -> bool {
    |                   ^^^^^^^^^^^^^^^^^^^^^^^^^^
...
468 |     pub(crate) fn proof_unique_slot(self, index: Int) -> Option<Option<u8>> {
    |                   ^^^^^^^^^^^^^^^^^
...
484 |     pub(crate) fn proof_release_unique_at_zero(mut self) {
    |                   ^^^^^^^^^^^^^^^^^^^^^^^^^^^^
...
526 |     pub fn zeroed(len: usize) -> BytesMut {
    |            ^^^^^^

warning: function `zeroed_then_release` is never used
 --> src/actual_public_constructors.rs:5:15
  |
5 | pub(crate) fn zeroed_then_release(len: usize) -> usize {
  |               ^^^^^^^^^^^^^^^^^^^

warning: function `from_slice_then_release` is never used
  --> src/actual_public_constructors.rs:14:15
   |
14 | pub(crate) fn from_slice_then_release(src: &[u8]) -> usize {
   |               ^^^^^^^^^^^^^^^^^^^^^^^

warning: function `generic_from_slice` is never used
  --> src/actual_public_constructors.rs:22:15
   |
22 | pub(crate) fn generic_from_slice<'a, T: From<&'a [u8]>>(src: &'a [u8]) -> T {
   |               ^^^^^^^^^^^^^^^^^^

warning: struct `ControlPtr` is never constructed
  --> /workspace/bytes-proof-tools/targets/bytes/debug/build/bytes-public-bytesmut-constructors-8d854e3e39987e34/out/actual_public_constructors.rs:20:23
   |
20 |     pub(crate) struct ControlPtr {
   |                       ^^^^^^^^^^

warning: struct `ControlContext` is never constructed
  --> /workspace/bytes-proof-tools/targets/bytes/debug/build/bytes-public-bytesmut-constructors-8d854e3e39987e34/out/actual_public_constructors.rs:24:23
   |
24 |     pub(crate) struct ControlContext {
   |                       ^^^^^^^^^^^^^^

warning: methods `valid` and `active` are never used
  --> /workspace/bytes-proof-tools/targets/bytes/debug/build/bytes-public-bytesmut-constructors-8d854e3e39987e34/out/actual_public_constructors.rs:32:23
   |
30 |     impl ControlContext {
   |     ------------------- methods in this implementation
31 |         #[logic(open(super), prophetic)]
32 |         pub(super) fn valid(self, control: ControlPtr) -> bool {
   |                       ^^^^^
...
50 |         pub(super) fn active(self) -> bool { pearlite! { self.registry != None } }
   |                       ^^^^^^

warning: struct `PendingControl` is never constructed
  --> /workspace/bytes-proof-tools/targets/bytes/debug/build/bytes-public-bytesmut-constructors-8d854e3e39987e34/out/actual_public_constructors.rs:55:23
   |
55 |     pub(super) struct PendingControl {
   |                       ^^^^^^^^^^^^^^

warning: method `valid` is never used
  --> /workspace/bytes-proof-tools/targets/bytes/debug/build/bytes-public-bytesmut-constructors-8d854e3e39987e34/out/actual_public_constructors.rs:62:23
   |
60 |     impl PendingControl {
   |     ------------------- method in this implementation
61 |         #[logic(open(super), prophetic)]
62 |         pub(super) fn valid(self, pointer: *mut Shared, base: BoundPtr, capacity: usize) -> bool {
   |                       ^^^^^

warning: struct `HandleRegistration` is never constructed
  --> /workspace/bytes-proof-tools/targets/bytes/debug/build/bytes-public-bytesmut-constructors-8d854e3e39987e34/out/actual_public_constructors.rs:77:23
   |
77 |     pub(super) struct HandleRegistration {
   |                       ^^^^^^^^^^^^^^^^^^

warning: methods `view_lo`, `view_hi`, `valid`, `same_registration`, and `matches` are never used
   --> /workspace/bytes-proof-tools/targets/bytes/debug/build/bytes-public-bytesmut-constructors-8d854e3e39987e34/out/actual_public_constructors.rs:85:23
    |
 83 |     impl HandleRegistration {
    |     ----------------------- methods in this implementation
 84 |         #[logic(open(super))]
 85 |         pub(super) fn view_lo(self) -> Int {
    |                       ^^^^^^^
...
 89 |         pub(super) fn view_hi(self) -> Int {
    |                       ^^^^^^^
...
 94 |         pub(super) fn valid(self) -> bool {
    |                       ^^^^^
...
 99 |         pub(super) fn same_registration(self, other: Self) -> bool {
    |                       ^^^^^^^^^^^^^^^^^
...
109 |         pub(super) fn matches(self, context: ControlContext) -> bool {
    |                       ^^^^^^^

warning: function `activate` is never used
   --> /workspace/bytes-proof-tools/targets/bytes/debug/build/bytes-public-bytesmut-constructors-8d854e3e39987e34/out/actual_public_constructors.rs:140:19
    |
140 |     pub(super) fn activate(pointer: *mut Shared, base: BoundPtr, capacity: usize, split: usize,
    |                   ^^^^^^^^

warning: function `new` is never used
   --> /workspace/bytes-proof-tools/targets/bytes/debug/build/bytes-public-bytesmut-constructors-8d854e3e39987e34/out/actual_public_constructors.rs:169:8
    |
169 |     fn new(input: Vec<u8>, split: usize) -> (ControlPtr, Ghost<ControlContext>, Ghost<Packet>, Ghost<Packet>) {
    |        ^^^

warning: function `release` is never used
   --> /workspace/bytes-proof-tools/targets/bytes/debug/build/bytes-public-bytesmut-constructors-8d854e3e39987e34/out/actual_public_constructors.rs:206:19
    |
206 |     pub(super) fn release(control: ControlPtr, mut context: Ghost<&mut ControlContext>, packet: Ghost<Packet>, left: bool) -> bool {
    |                   ^^^^^^^

warning: function `release_left_then_right` is never used
   --> /workspace/bytes-proof-tools/targets/bytes/debug/build/bytes-public-bytesmut-constructors-8d854e3e39987e34/out/actual_public_constructors.rs:250:19
    |
250 |     pub(crate) fn release_left_then_right(input: Vec<u8>, split: usize) {
    |                   ^^^^^^^^^^^^^^^^^^^^^^^

warning: function `release_right_then_left` is never used
   --> /workspace/bytes-proof-tools/targets/bytes/debug/build/bytes-public-bytesmut-constructors-8d854e3e39987e34/out/actual_public_constructors.rs:259:19
    |
259 |     pub(crate) fn release_right_then_left(input: Vec<u8>, split: usize) {
    |                   ^^^^^^^^^^^^^^^^^^^^^^^

warning: `bytes-public-bytesmut-constructors` (lib) generated 97 warnings (run `cargo fix --lib -p bytes-public-bytesmut-constructors` to apply 7 suggestions)
    Finished `dev` profile [unoptimized + debuginfo] target(s) in 2.25s
No dangling files found
Proved (62 files) ✔
