http proof resources: jobs=1, memory=1024 MiB per prover; shared lock held
warning: calling external function `try_append` with no contract will yield an impossible precondition
    --> src/../../../src/request.rs:1431:13
     |
1431 |             head.headers.try_append(name, value)?;
     |             ^^^^^^^^^^^^^^^^^^^^^^^^^^^^^^^^^^^^ function called here
     |
     = note: `#[warn(creusot::contractless_external_function)]` on by default

warning: calling external function `insert` with no contract will yield an impossible precondition
    --> src/../../../src/request.rs:1513:13
     |
1513 |             head.extensions.insert(extension);
     |             ^^^^^^^^^^^^^^^^^^^^^^^^^^^^^^^^^ function called here

warning: calling external function `try_append` with no contract will yield an impossible precondition
   --> src/../../../src/response.rs:878:13
    |
878 |             head.headers.try_append(name, value)?;
    |             ^^^^^^^^^^^^^^^^^^^^^^^^^^^^^^^^^^^^ function called here

warning: calling external function `insert` with no contract will yield an impossible precondition
   --> src/../../../src/response.rs:962:13
    |
962 |             head.extensions.insert(extension);
    |             ^^^^^^^^^^^^^^^^^^^^^^^^^^^^^^^^^ function called here

warning: `http-composition-proof` (lib) generated 4 warnings
    Finished `dev` profile [unoptimized + debuginfo] target(s) in 0.06s
Warning: found dangling files and directories:
  verif/http_composition_proof_rlib/status
  verif/http_composition_proof_rlib/version
  verif/http_composition_proof_rlib/request/impl_Debug_for_Builder
  verif/http_composition_proof_rlib/uri
  verif/http_composition_proof_rlib/response/impl_Debug_for_Builder
Run 'cargo creusot clean' to remove them
Library verif.http_composition_proof_rlib.request.impl_Debug_for_Parts.fmt: ✔ (4)
Library verif.http_composition_proof_rlib.request.impl_Request_T.map: ✔ (2)
Library verif.http_composition_proof_rlib.response.impl_Clone_for_Parts.clone: ✔ (5)
Library verif.http_composition_proof_rlib.request.impl_Clone_for_Request_T.clone: ✔ (3)
Library verif.http_composition_proof_rlib.request.impl_Clone_for_Request_T.clone__refines: ✔ (1)
Library verif.http_composition_proof_rlib.response.impl_Clone_for_Response_T.clone: ✔ (3)
Library verif.http_composition_proof_rlib.response.impl_Clone_for_Response_T.clone__refines: ✔ (1)
Library verif.http_composition_proof_rlib.request.impl_Debug_for_Request_T.fmt: ✔ (9)
Library verif.http_composition_proof_rlib.request.impl_Builder.version: ✔ (6)
Library verif.http_composition_proof_rlib.request.impl_Builder.version_ref: ✔ (5)
Library verif.http_composition_proof_rlib.request.impl_Clone_for_Parts.clone: ✔ (6)
Library verif.http_composition_proof_rlib.request.impl_Clone_for_Parts.clone__refines: ✔ (1)
Library verif.http_composition_proof_rlib.request.impl_Request_T.method_mut: ✔ (1)
Library verif.http_composition_proof_rlib.request.impl_Request_T.from_parts: ✔ (1)
Library verif.http_composition_proof_rlib.request.impl_Request_T.uri_mut: ✔ (1)
Library verif.http_composition_proof_rlib.request.impl_Request_T.into_parts: ✔ (1)
Library verif.http_composition_proof_rlib.request.impl_Request_T.version_mut: ✔ (1)
Library verif.http_composition_proof_rlib.request.impl_Request_T.extensions_mut: ✔ (1)
Library verif.http_composition_proof_rlib.request.impl_Request_T.version: ✔ (1)
Library verif.http_composition_proof_rlib.request.impl_Request_T.extensions: ✔ (1)
Library verif.http_composition_proof_rlib.request.impl_Request_T.body: ✔ (1)
Library verif.http_composition_proof_rlib.request.impl_Request_T.uri: ✔ (1)
Library verif.http_composition_proof_rlib.request.impl_Request_T.into_body: ✔ (1)
Library verif.http_composition_proof_rlib.request.impl_Request_T.body_mut: ✔ (1)
Library verif.http_composition_proof_rlib.request.impl_Request_T.headers: ✔ (1)
Library verif.http_composition_proof_rlib.request.impl_Request_T.method: ✔ (1)
Library verif.http_composition_proof_rlib.request.impl_Request_T.headers_mut: ✔ (1)
Library verif.http_composition_proof_rlib.response.impl_Debug_for_Parts.fmt: ✔ (4)
Library verif.http_composition_proof_rlib.response.impl_Builder.version: ✔ (6)
Library verif.http_composition_proof_rlib.response.impl_Clone_for_Parts.clone__refines: ✔ (1)
Library verif.http_composition_proof_rlib.response.impl_Response_T.from_parts: ✔ (1)
Library verif.http_composition_proof_rlib.response.impl_Response_T.into_parts: ✔ (1)
Library verif.http_composition_proof_rlib.response.impl_Response_T.version_mut: ✔ (1)
Library verif.http_composition_proof_rlib.response.impl_Response_T.extensions_mut: ✔ (1)
Library verif.http_composition_proof_rlib.response.impl_Response_T.version: ✔ (1)
Library verif.http_composition_proof_rlib.response.impl_Response_T.status: ✔ (1)
Library verif.http_composition_proof_rlib.response.impl_Response_T.status_mut: ✔ (1)
Library verif.http_composition_proof_rlib.response.impl_Response_T.extensions: ✔ (1)
Library verif.http_composition_proof_rlib.response.impl_Response_T.body: ✔ (1)
Library verif.http_composition_proof_rlib.response.impl_Response_T.into_body: ✔ (1)
Library verif.http_composition_proof_rlib.response.impl_Response_T.body_mut: ✔ (1)
Library verif.http_composition_proof_rlib.response.impl_Response_T.map: ✔ (2)
Library verif.http_composition_proof_rlib.response.impl_Response_T.headers: ✔ (1)
Library verif.http_composition_proof_rlib.response.impl_Response_T.headers_mut: ✔ (1)
Library verif.http_composition_proof_rlib.response.impl_Debug_for_Response_T.fmt: ✔ (8)
Library verif.http_composition_proof_rlib.request.impl_Debug_for_Parts.fmt__refines: ✔ (3)
Library verif.http_composition_proof_rlib.request.impl_Debug_for_Request_T.fmt__refines: ✔ (3)
Library verif.http_composition_proof_rlib.response.impl_Debug_for_Parts.fmt__refines: ✔ (3)
Library verif.http_composition_proof_rlib.response.impl_Debug_for_Response_T.fmt__refines: ✔ (3)
