../../../../creusot-libs/creusot-std/Cargo.toml: OK
../../../../creusot-libs/creusot-std/src/cell.rs: OK
../../../../creusot-libs/creusot-std/src/cell/permcell.rs: OK
../../../../creusot-libs/creusot-std/src/cell/predcell.rs: OK
../../../../creusot-libs/creusot-std/src/ghost.rs: OK
../../../../creusot-libs/creusot-std/src/ghost/fn_ghost.rs: OK
../../../../creusot-libs/creusot-std/src/ghost/invariant.rs: OK
../../../../creusot-libs/creusot-std/src/ghost/perm.rs: OK
../../../../creusot-libs/creusot-std/src/ghost/resource.rs: OK
../../../../creusot-libs/creusot-std/src/ghost/resource/auth.rs: OK
../../../../creusot-libs/creusot-std/src/invariant.rs: OK
../../../../creusot-libs/creusot-std/src/lib.rs: OK
../../../../creusot-libs/creusot-std/src/logic.rs: OK
../../../../creusot-libs/creusot-std/src/logic/fmap.rs: OK
../../../../creusot-libs/creusot-std/src/logic/fset.rs: OK
../../../../creusot-libs/creusot-std/src/logic/id.rs: OK
../../../../creusot-libs/creusot-std/src/logic/int.rs: OK
../../../../creusot-libs/creusot-std/src/logic/mapping.rs: OK
../../../../creusot-libs/creusot-std/src/logic/ops.rs: OK
../../../../creusot-libs/creusot-std/src/logic/ops/arithmetic.rs: OK
../../../../creusot-libs/creusot-std/src/logic/ord.rs: OK
../../../../creusot-libs/creusot-std/src/logic/ra.rs: OK
../../../../creusot-libs/creusot-std/src/logic/ra/agree.rs: OK
../../../../creusot-libs/creusot-std/src/logic/ra/auth.rs: OK
../../../../creusot-libs/creusot-std/src/logic/ra/excl.rs: OK
../../../../creusot-libs/creusot-std/src/logic/ra/fmap.rs: OK
../../../../creusot-libs/creusot-std/src/logic/ra/int.rs: OK
../../../../creusot-libs/creusot-std/src/logic/ra/nat.rs: OK
../../../../creusot-libs/creusot-std/src/logic/ra/option.rs: OK
../../../../creusot-libs/creusot-std/src/logic/ra/positive.rs: OK
../../../../creusot-libs/creusot-std/src/logic/ra/positive_real.rs: OK
../../../../creusot-libs/creusot-std/src/logic/ra/prod.rs: OK
../../../../creusot-libs/creusot-std/src/logic/ra/sum.rs: OK
../../../../creusot-libs/creusot-std/src/logic/ra/update.rs: OK
../../../../creusot-libs/creusot-std/src/logic/ra/view.rs: OK
../../../../creusot-libs/creusot-std/src/logic/real.rs: OK
../../../../creusot-libs/creusot-std/src/logic/seq.rs: OK
../../../../creusot-libs/creusot-std/src/logic/set.rs: OK
../../../../creusot-libs/creusot-std/src/logic/well_founded.rs: OK
../../../../creusot-libs/creusot-std/src/model.rs: OK
../../../../creusot-libs/creusot-std/src/peano.rs: OK
../../../../creusot-libs/creusot-std/src/resolve.rs: OK
../../../../creusot-libs/creusot-std/src/snapshot.rs: OK
../../../../creusot-libs/creusot-std/src/std.rs: OK
../../../../creusot-libs/creusot-std/src/std/array.rs: OK
../../../../creusot-libs/creusot-std/src/std/borrow.rs: OK
../../../../creusot-libs/creusot-std/src/std/boxed.rs: OK
../../../../creusot-libs/creusot-std/src/std/bytes.rs: OK
../../../../creusot-libs/creusot-std/src/std/cell.rs: OK
../../../../creusot-libs/creusot-std/src/std/char.rs: OK
../../../../creusot-libs/creusot-std/src/std/chunks_exact_ext.rs: OK
../../../../creusot-libs/creusot-std/src/std/clone.rs: OK
../../../../creusot-libs/creusot-std/src/std/cmp.rs: OK
../../../../creusot-libs/creusot-std/src/std/collections/hash_map.rs: OK
../../../../creusot-libs/creusot-std/src/std/collections/hash_set.rs: OK
../../../../creusot-libs/creusot-std/src/std/convert.rs: OK
../../../../creusot-libs/creusot-std/src/std/cow.rs: OK
../../../../creusot-libs/creusot-std/src/std/default.rs: OK
../../../../creusot-libs/creusot-std/src/std/deque.rs: OK
../../../../creusot-libs/creusot-std/src/std/fmt.rs: OK
../../../../creusot-libs/creusot-std/src/std/hash.rs: OK
../../../../creusot-libs/creusot-std/src/std/hash_word.rs: OK
../../../../creusot-libs/creusot-std/src/std/hint.rs: OK
../../../../creusot-libs/creusot-std/src/std/intrinsics.rs: OK
../../../../creusot-libs/creusot-std/src/std/io.rs: OK
../../../../creusot-libs/creusot-std/src/std/iter.rs: OK
../../../../creusot-libs/creusot-std/src/std/iter/cloned.rs: OK
../../../../creusot-libs/creusot-std/src/std/iter/copied.rs: OK
../../../../creusot-libs/creusot-std/src/std/iter/empty.rs: OK
../../../../creusot-libs/creusot-std/src/std/iter/enumerate.rs: OK
../../../../creusot-libs/creusot-std/src/std/iter/filter.rs: OK
../../../../creusot-libs/creusot-std/src/std/iter/filter_map.rs: OK
../../../../creusot-libs/creusot-std/src/std/iter/fuse.rs: OK
../../../../creusot-libs/creusot-std/src/std/iter/map.rs: OK
../../../../creusot-libs/creusot-std/src/std/iter/map_inv.rs: OK
../../../../creusot-libs/creusot-std/src/std/iter/once.rs: OK
../../../../creusot-libs/creusot-std/src/std/iter/range.rs: OK
../../../../creusot-libs/creusot-std/src/std/iter/repeat.rs: OK
../../../../creusot-libs/creusot-std/src/std/iter/rev.rs: OK
../../../../creusot-libs/creusot-std/src/std/iter/skip.rs: OK
../../../../creusot-libs/creusot-std/src/std/iter/take.rs: OK
../../../../creusot-libs/creusot-std/src/std/iter/zip.rs: OK
../../../../creusot-libs/creusot-std/src/std/mem.rs: OK
../../../../creusot-libs/creusot-std/src/std/num.rs: OK
../../../../creusot-libs/creusot-std/src/std/ops.rs: OK
../../../../creusot-libs/creusot-std/src/std/option.rs: OK
../../../../creusot-libs/creusot-std/src/std/panicking.rs: OK
../../../../creusot-libs/creusot-std/src/std/partial_eq.rs: OK
../../../../creusot-libs/creusot-std/src/std/partial_ord.rs: OK
../../../../creusot-libs/creusot-std/src/std/ptr.rs: OK
../../../../creusot-libs/creusot-std/src/std/range.rs: OK
../../../../creusot-libs/creusot-std/src/std/rc.rs: OK
../../../../creusot-libs/creusot-std/src/std/result.rs: OK
../../../../creusot-libs/creusot-std/src/std/seq_ord.rs: OK
../../../../creusot-libs/creusot-std/src/std/seq_ord_impl.rs: OK
../../../../creusot-libs/creusot-std/src/std/slice.rs: OK
../../../../creusot-libs/creusot-std/src/std/str_index.rs: OK
../../../../creusot-libs/creusot-std/src/std/string.rs: OK
../../../../creusot-libs/creusot-std/src/std/sync.rs: OK
../../../../creusot-libs/creusot-std/src/std/sync/atomic.rs: OK
../../../../creusot-libs/creusot-std/src/std/sync/atomic_sc.rs: OK
../../../../creusot-libs/creusot-std/src/std/sync/committer.rs: OK
../../../../creusot-libs/creusot-std/src/std/sync/fence.rs: OK
../../../../creusot-libs/creusot-std/src/std/sync/view.rs: OK
../../../../creusot-libs/creusot-std/src/std/thread.rs: OK
../../../../creusot-libs/creusot-std/src/std/time.rs: OK
../../../../creusot-libs/creusot-std/src/std/tuples.rs: OK
../../../../creusot-libs/creusot-std/src/std/unsafe_collection.rs: OK
../../../../creusot-libs/creusot-std/src/std/vec.rs: OK
../../../../creusot-libs/creusot-std/src/stubs.rs: OK
../../Cargo.lock: OK
../../Cargo.toml: OK
../../src/ascii.rs: OK
../../src/byte_str.rs: OK
../../src/bytes_model.rs: OK
../../src/convert.rs: OK
../../src/error.rs: OK
../../src/error/core.rs: OK
../../src/extensions.rs: OK
../../src/extensions/id_hasher.rs: OK
../../src/header/map.rs: OK
../../src/header/map_capacity.rs: OK
../../src/header/map_index.rs: OK
../../src/header/mod.rs: OK
../../src/header/name.rs: OK
../../src/header/value.rs: OK
../../src/header/value_validation.rs: OK
../../src/lib.rs: OK
../../src/method.rs: OK
../../src/request.rs: OK
../../src/response.rs: OK
../../src/status.rs: OK
../../src/uri/VERIFICATION.md: OK
../../src/uri/authority.rs: OK
../../src/uri/authority_chars.rs: OK
../../src/uri/builder.rs: OK
../../src/uri/error.rs: OK
../../src/uri/limits.rs: OK
../../src/uri/mod.rs: OK
../../src/uri/path.rs: OK
../../src/uri/path_class.rs: OK
../../src/uri/path_scan.rs: OK
../../src/uri/path_static_domain.rs: OK
../../src/uri/port.rs: OK
../../src/uri/scheme.rs: OK
../../src/uri/scheme/fixed.rs: OK
../../src/uri/scheme/protocol.rs: OK
../../src/uri/scheme/types.rs: OK
../../src/uri/tests.rs: OK
../../src/version.rs: OK
../runtime-http/Cargo.toml: OK
../runtime-http/src/byte_str.rs: OK
../runtime-http/src/convert.rs: OK
../runtime-http/src/error.rs: OK
../runtime-http/src/extensions.rs: OK
../runtime-http/src/header/map.rs: OK
../runtime-http/src/header/mod.rs: OK
../runtime-http/src/header/name.rs: OK
../runtime-http/src/header/value.rs: OK
../runtime-http/src/lib.rs: OK
../runtime-http/src/method.rs: OK
../runtime-http/src/request.rs: OK
../runtime-http/src/response.rs: OK
../runtime-http/src/status.rs: OK
../runtime-http/src/uri/authority.rs: OK
../runtime-http/src/uri/builder.rs: OK
../runtime-http/src/uri/mod.rs: OK
../runtime-http/src/uri/path.rs: OK
../runtime-http/src/uri/port.rs: OK
../runtime-http/src/uri/scheme.rs: OK
../runtime-http/src/uri/tests.rs: OK
../runtime-http/src/version.rs: OK
Cargo.lock: OK
Cargo.toml: OK
src/lib.rs: OK
