Shared proof queue held; Why3 running_provers_max=1, memlimit=1000 MiB
{"counterexample": [],
 "prover-result":
  {"answer": "Valid",
   "ce-models": [],
   "status": "exited with status 0",
   "step": 8697,
   "time": 0.004207},
 "term":
  {"explanations": ["map_method_outcome ensures"],
   "goal_name": "vc_map_method_outcome",
   "loc":
    {"end-char": 1,
     "end-line": 16,
     "file-name":
      "/workspace/httparse-cloud-resume/httparse/1.10.1/verification/probes/method-utf8/src/lib.rs",
     "start-char": 10,
     "start-line": 13}}}
{"counterexample": [],
 "prover-result":
  {"answer": "Valid",
   "ce-models": [],
   "status": "exited with status 0",
   "step": 87478,
   "time": 0.021274},
 "term":
  {"explanations": ["map_method_outcome ensures"],
   "goal_name": "vc_map_method_outcome",
   "loc":
    {"end-char": 1,
     "end-line": 16,
     "file-name":
      "/workspace/httparse-cloud-resume/httparse/1.10.1/verification/probes/method-utf8/src/lib.rs",
     "start-char": 10,
     "start-line": 13}}}
{"counterexample": [],
 "prover-result":
  {"answer": "Valid",
   "ce-models": [],
   "status": "exited with status 0",
   "step": 20382,
   "time": 0.00748},
 "term":
  {"explanations": ["elim Some"],
   "goal_name": "vc_map_method_outcome",
   "loc":
    {"end-char": 9,
     "end-line": 85,
     "file-name":
      "/workspace/httparse-tool-rebuild/string-model/method-utf8-harness/verif/httparse_method_utf8_harness_rlib/map_method_outcome.coma",
     "start-char": 34,
     "start-line": 82}}}
