bytes proof: /workspace/bytes-runtime-verification/bytes/1.11.1/verification/probes/address-comparison; one prover; 1024 MiB; native Ordering; sc-drf disabled
     Removed 7 files, 18.3KiB total
    Checking bytes-address-comparison v0.1.0 (/workspace/bytes-runtime-verification/bytes/1.11.1/verification/probes/address-comparison)
warning: function `pointer_addr` is never used
  --> src/../../../../src/provenance_specs.rs:51:15
   |
51 | pub(crate) fn pointer_addr<T>(ptr: *const T) -> usize {
   |               ^^^^^^^^^^^^
   |
   = note: `#[warn(dead_code)]` (part of `#[warn(unused)]`) on by default

warning: function `wrapping_offset` is never used
  --> src/../../../../src/provenance_specs.rs:75:15
   |
75 | pub(crate) fn wrapping_offset(ptr: *mut u8, offset: usize) -> *mut u8 {
   |               ^^^^^^^^^^^^^^^

warning: function `pointer_with_address` is never used
  --> src/../../../../src/provenance_specs.rs:86:15
   |
86 | pub(crate) fn pointer_with_address(ptr: *mut u8, new_addr: usize) -> *mut u8 {
   |               ^^^^^^^^^^^^^^^^^^^^

warning: function `metadata_pointer` is never used
  --> src/../../../../src/provenance_specs.rs:96:15
   |
96 | pub(crate) fn metadata_pointer(addr: usize) -> *mut u8 {
   |               ^^^^^^^^^^^^^^^^

warning: `bytes-address-comparison` (lib) generated 4 warnings
    Finished `dev` profile [unoptimized + debuginfo] target(s) in 0.12s
No dangling files found
Goal Coma.vc_rejected_pointer_identity: ✘
Error: 1 unproved file
Error: 'why3find prove' failed
