    Checking bytes v1.11.1 (/tmp/bytes-buf-trait-bytesmut-isolation)
warning: unused import: `string::String`
 --> src/bytes_mut.rs:9:5
  |
9 |     string::String,
  |     ^^^^^^^^^^^^^^
  |
  = note: `#[warn(unused_imports)]` (part of `#[warn(unused)]`) on by default

warning: unused import: `AtomicUsize`
  --> src/bytes_mut.rs:18:44
   |
18 | use crate::loom::sync::atomic::{AtomicPtr, AtomicUsize, Ordering};
   |                                            ^^^^^^^^^^^

error[E0277]: the trait bound `bytes::Bytes: buf::buf_impl::Buf` is not satisfied
   --> src/bytes.rs:837:21
    |
837 |     type IntoIter = IntoIter<Bytes>;
    |                     ^^^^^^^^^^^^^^^ unsatisfied trait bound
    |
help: the trait `buf::buf_impl::Buf` is not implemented for `bytes::Bytes`
   --> src/bytes.rs:103:1
    |
103 | pub struct Bytes {
    | ^^^^^^^^^^^^^^^^
    = help: the following other types implement trait `buf::buf_impl::Buf`:
              &[u8]
              &mut T
              buf::chain::Chain<T, U>
              buf::take::Take<T>
              bytes_mut::BytesMut
              std::boxed::Box<T>
              std::collections::VecDeque<u8>
note: required for `buf::iter::IntoIter<bytes::Bytes>` to implement `core::iter::Iterator`
   --> src/buf/iter.rs:107:14
    |
107 | impl<T: Buf> Iterator for IntoIter<T> {
    |         ---  ^^^^^^^^     ^^^^^^^^^^^
    |         |
    |         unsatisfied trait bound introduced here
note: required by a bound in `core::iter::IntoIterator::IntoIter`
   --> /workspace/proof-tools/rustup/toolchains/nightly-2026-06-22-x86_64-unknown-linux-gnu/lib/rustlib/src/rust/library/core/src/iter/traits/collect.rs:291:29
    |
291 |     type IntoIter: Iterator<Item = Self::Item>;
    |                             ^^^^^^^^^^^^^^^^^ required by this bound in `IntoIterator::IntoIter`

For more information about this error, try `rustc --explain E0277`.
warning: `bytes` (lib) generated 2 warnings
error: could not compile `bytes` (lib) due to 1 previous error; 2 warnings emitted
Error: Compilation failed
