   Compiling proc-macro2 v1.0.107
   Compiling libc v0.2.190
   Compiling quote v1.0.47
   Compiling unicode-ident v1.0.26
   Compiling getrandom v0.4.3
   Compiling cfg-if v1.0.5
   Compiling syn v2.0.119
   Compiling uuid v1.27.0
   Compiling pearlite-syn v0.13.0
   Compiling creusot-std-proc v0.13.0
    Checking creusot-std v0.13.0
    Checking bytes v1.11.1 (/tmp/bytes-buf-trait-integration-scratch)
warning: unused import: `string::String`
 --> src/bytes_mut.rs:9:5
  |
9 |     string::String,
  |     ^^^^^^^^^^^^^^
  |
  = note: `#[warn(unused_imports)]` (part of `#[warn(unused)]`) on by default

warning: unused import: `AtomicUsize`
  --> src/bytes_mut.rs:18:44
   |
18 | use crate::loom::sync::atomic::{AtomicPtr, AtomicUsize, Ordering};
   |                                            ^^^^^^^^^^^

error[E0046]: not all trait items implemented, missing: `unread_model`
    --> src/buf/buf_impl.rs:2913:1
     |
 127 |     fn unread_model(&self) -> Seq<u8>;
     |     ---------------------------------- `unread_model` from trait
...
2913 | impl<T: Buf + ?Sized> Buf for &mut T {
     | ^^^^^^^^^^^^^^^^^^^^^^^^^^^^^^^^^^^^ missing `unread_model` in implementation

error[E0046]: not all trait items implemented, missing: `unread_model`
    --> src/buf/buf_impl.rs:2917:1
     |
 127 |     fn unread_model(&self) -> Seq<u8>;
     |     ---------------------------------- `unread_model` from trait
...
2917 | impl<T: Buf + ?Sized> Buf for Box<T> {
     | ^^^^^^^^^^^^^^^^^^^^^^^^^^^^^^^^^^^^ missing `unread_model` in implementation

error[E0046]: not all trait items implemented, missing: `unread_model`
    --> src/buf/buf_impl.rs:3277:1
     |
 127 |     fn unread_model(&self) -> Seq<u8>;
     |     ---------------------------------- `unread_model` from trait
...
3277 | impl<T: AsRef<[u8]>> Buf for std::io::Cursor<T> {
     | ^^^^^^^^^^^^^^^^^^^^^^^^^^^^^^^^^^^^^^^^^^^^^^^ missing `unread_model` in implementation

error[E0046]: not all trait items implemented, missing: `unread_model`
   --> src/buf/chain.rs:139:1
    |
139 | / impl<T, U> Buf for Chain<T, U>
140 | | where
141 | |     T: Buf,
142 | |     U: Buf,
    | |___________^ missing `unread_model` in implementation
    |
   ::: src/buf/buf_impl.rs:127:5
    |
127 |       fn unread_model(&self) -> Seq<u8>;
    |       ---------------------------------- `unread_model` from trait

error[E0046]: not all trait items implemented, missing: `unread_model`
   --> src/buf/take.rs:142:1
    |
142 | impl<T: Buf> Buf for Take<T> {
    | ^^^^^^^^^^^^^^^^^^^^^^^^^^^^ missing `unread_model` in implementation
    |
   ::: src/buf/buf_impl.rs:127:5
    |
127 |     fn unread_model(&self) -> Seq<u8>;
    |     ---------------------------------- `unread_model` from trait

error[E0046]: not all trait items implemented, missing: `unread_model`
   --> src/buf/vec_deque.rs:7:1
    |
  7 | impl Buf for VecDeque<u8> {
    | ^^^^^^^^^^^^^^^^^^^^^^^^^ missing `unread_model` in implementation
    |
   ::: src/buf/buf_impl.rs:127:5
    |
127 |     fn unread_model(&self) -> Seq<u8>;
    |     ---------------------------------- `unread_model` from trait

error[E0046]: not all trait items implemented, missing: `unread_model`
   --> src/bytes.rs:767:1
    |
767 | impl Buf for Bytes {
    | ^^^^^^^^^^^^^^^^^^ missing `unread_model` in implementation
    |
   ::: src/buf/buf_impl.rs:127:5
    |
127 |     fn unread_model(&self) -> Seq<u8>;
    |     ---------------------------------- `unread_model` from trait

error[E0046]: not all trait items implemented, missing: `unread_model`
    --> src/bytes_mut.rs:3538:1
     |
3538 | impl Buf for BytesMut {
     | ^^^^^^^^^^^^^^^^^^^^^ missing `unread_model` in implementation
     |
    ::: src/buf/buf_impl.rs:127:5
     |
 127 |     fn unread_model(&self) -> Seq<u8>;
     |     ---------------------------------- `unread_model` from trait

For more information about this error, try `rustc --explain E0046`.
warning: `bytes` (lib) generated 2 warnings
error: could not compile `bytes` (lib) due to 8 previous errors; 2 warnings emitted
Error: Compilation failed
