    Checking bytes v1.11.1 (/tmp/bytes-buf-trait-integration-scratch)
warning: unused import: `string::String`
 --> src/bytes_mut.rs:9:5
  |
9 |     string::String,
  |     ^^^^^^^^^^^^^^
  |
  = note: `#[warn(unused_imports)]` (part of `#[warn(unused)]`) on by default

warning: unused import: `AtomicUsize`
  --> src/bytes_mut.rs:18:44
   |
18 | use crate::loom::sync::atomic::{AtomicPtr, AtomicUsize, Ordering};
   |                                            ^^^^^^^^^^^

error[E0046]: not all trait items implemented, missing: `unread_model`
    --> src/buf/buf_impl.rs:3285:1
     |
 127 |     fn unread_model(&self) -> Seq<u8>;
     |     ---------------------------------- `unread_model` from trait
...
3285 | impl<T: AsRef<[u8]>> Buf for std::io::Cursor<T> {
     | ^^^^^^^^^^^^^^^^^^^^^^^^^^^^^^^^^^^^^^^^^^^^^^^ missing `unread_model` in implementation

error[E0046]: not all trait items implemented, missing: `unread_model`
   --> src/bytes.rs:767:1
    |
767 | impl Buf for Bytes {
    | ^^^^^^^^^^^^^^^^^^ missing `unread_model` in implementation
    |
   ::: src/buf/buf_impl.rs:127:5
    |
127 |     fn unread_model(&self) -> Seq<u8>;
    |     ---------------------------------- `unread_model` from trait

error[E0046]: not all trait items implemented, missing: `unread_model`
    --> src/bytes_mut.rs:3538:1
     |
3538 | impl Buf for BytesMut {
     | ^^^^^^^^^^^^^^^^^^^^^ missing `unread_model` in implementation
     |
    ::: src/buf/buf_impl.rs:127:5
     |
 127 |     fn unread_model(&self) -> Seq<u8>;
     |     ---------------------------------- `unread_model` from trait

For more information about this error, try `rustc --explain E0046`.
warning: `bytes` (lib) generated 2 warnings
error: could not compile `bytes` (lib) due to 3 previous errors; 2 warnings emitted
Error: Compilation failed
