   Compiling autocfg v1.5.1
   Compiling proc-macro2 v1.0.107
   Compiling libc v0.2.190
   Compiling quote v1.0.47
   Compiling unicode-ident v1.0.26
   Compiling getrandom v0.4.3
   Compiling num-traits v0.2.19
   Compiling cfg-if v1.0.5
   Compiling syn v2.0.119
    Checking num-integer v0.1.47
   Compiling uuid v1.27.0
    Checking num-bigint v0.4.8
    Checking num-rational v0.4.2
   Compiling pearlite-syn v0.11.0-dev (/workspace/httparse-tool-rebuild/string-model/creusot-libs/pearlite-syn)
   Compiling creusot-std-proc v0.11.0-dev (/workspace/httparse-tool-rebuild/string-model/creusot-libs/creusot-std-proc)
    Checking creusot-std v0.11.0-dev (/workspace/httparse-tool-rebuild/string-model/creusot-libs/creusot-std)
    Checking creusot-constant-index-gate-fixture v0.1.0 (/workspace/httparse-tool-rebuild/string-model/constant-index-gate-20261005T165716Z-35926)
error: internal compiler error: Unsupported literal
 --> /workspace/httparse-cloud-resume/tools/creusot-toolpatch/constant-index-gate/fixture/src/lib.rs:7:36
  |
7 | #[ensures(result == (bytes@[0]@ == b'G'@ && bytes@[1]@ == b'E'@ && bytes@[2]@ == b'T'@ && bytes@[3]@ == b' '@))]
  |                                    ^^^^^


thread 'rustc' (36268) panicked at creusot/src/translation/pearlite/from_thir.rs:329:41:
Box<dyn Any>
note: run with `RUST_BACKTRACE=1` environment variable to display a backtrace

note: using internal features is not supported and expected to cause internal compiler errors when used incorrectly

note: please attach the file at `/workspace/httparse-tool-rebuild/string-model/constant-index-gate-20261005T165716Z-35926/rustc-ice-2026-10-05T16_57_42-36267.txt` to your bug report

note: rustc 1.95.0-nightly (6a979b3e3 2026-02-26) running on x86_64-unknown-linux-gnu

note: compiler flags: --crate-type lib -C embed-bitcode=no -C debuginfo=2

note: some of the compiler flags provided by cargo are hidden

query stack during panic:
end of query stack
error: could not compile `creusot-constant-index-gate-fixture` (lib)

Caused by:
  process didn't exit successfully: `/workspace/httparse-tool-rebuild/constant-index-gate/20261005T164215Z-30559/target/debug/creusot-rustc --crate-name creusot_constant_index_gate_fixture --edition=2021 /workspace/httparse-cloud-resume/tools/creusot-toolpatch/constant-index-gate/fixture/src/lib.rs --error-format=json --json=diagnostic-rendered-ansi,artifacts,future-incompat --crate-type lib --emit=dep-info,metadata -C embed-bitcode=no -C debuginfo=2 --warn=unexpected_cfgs --check-cfg 'cfg(creusot)' --check-cfg 'cfg(docsrs,test)' --check-cfg 'cfg(feature, values())' -C metadata=4ba7aaf27adf7d66 -C extra-filename=-63f563211af5a66d --out-dir /workspace/httparse-tool-rebuild/string-model/targets/constant-index-gate-20261005T165716Z-35926/debug/deps -L dependency=/workspace/httparse-tool-rebuild/string-model/targets/constant-index-gate-20261005T165716Z-35926/debug/deps --extern creusot_std=/workspace/httparse-tool-rebuild/string-model/targets/constant-index-gate-20261005T165716Z-35926/debug/deps/libcreusot_std-0bfd22635c43165b.rmeta` (exit status: 101)
