{"counterexample": [],
 "prover-result":
  {"answer": "Valid",
   "ce-models": [],
   "status": "exited with status 0",
   "step": 28661,
   "time": 0.011416},
 "term":
  {"explanations": ["assertion"],
   "goal_name": "vc_utf8_u_e000",
   "loc":
    {"end-char": 38,
     "end-line": 44,
     "file-name":
      "/workspace/rust-crate-proofs/httparse/1.10.1/verification/probes/utf8-lemmas/src/lib.rs",
     "start-char": 18,
     "start-line": 44}}}
{"counterexample": [],
 "prover-result":
  {"answer": "Valid",
   "ce-models": [],
   "status": "exited with status 0",
   "step": 36394,
   "time": 0.020328},
 "term":
  {"explanations": ["assertion"],
   "goal_name": "vc_utf8_u_e000",
   "loc":
    {"end-char": 36,
     "end-line": 45,
     "file-name":
      "/workspace/rust-crate-proofs/httparse/1.10.1/verification/probes/utf8-lemmas/src/lib.rs",
     "start-char": 18,
     "start-line": 45}}}
{"counterexample": [],
 "prover-result":
  {"answer": "Valid",
   "ce-models": [],
   "status": "exited with status 0",
   "step": 81258,
   "time": 0.024449},
 "term":
  {"explanations": ["assertion"],
   "goal_name": "vc_utf8_u_e000",
   "loc":
    {"end-char": 36,
     "end-line": 46,
     "file-name":
      "/workspace/rust-crate-proofs/httparse/1.10.1/verification/probes/utf8-lemmas/src/lib.rs",
     "start-char": 18,
     "start-line": 46}}}
{"counterexample": [],
 "prover-result":
  {"answer": "Valid",
   "ce-models": [],
   "status": "exited with status 0",
   "step": 101114,
   "time": 0.031626},
 "term":
  {"explanations": ["assertion"],
   "goal_name": "vc_utf8_u_e000",
   "loc":
    {"end-char": 36,
     "end-line": 47,
     "file-name":
      "/workspace/rust-crate-proofs/httparse/1.10.1/verification/probes/utf8-lemmas/src/lib.rs",
     "start-char": 18,
     "start-line": 47}}}
{"counterexample": [],
 "prover-result":
  {"answer": "Valid",
   "ce-models": [],
   "status": "exited with status 0",
   "step": 83458,
   "time": 0.0203},
 "term":
  {"explanations": ["assertion"],
   "goal_name": "vc_utf8_u_e000",
   "loc":
    {"end-char": 36,
     "end-line": 48,
     "file-name":
      "/workspace/rust-crate-proofs/httparse/1.10.1/verification/probes/utf8-lemmas/src/lib.rs",
     "start-char": 18,
     "start-line": 48}}}
{"counterexample": [],
 "prover-result":
  {"answer": "Valid",
   "ce-models": [],
   "status": "exited with status 0",
   "step": 98444,
   "time": 0.026585},
 "term":
  {"explanations": ["assertion"],
   "goal_name": "vc_utf8_u_e000",
   "loc":
    {"end-char": 62,
     "end-line": 49,
     "file-name":
      "/workspace/rust-crate-proofs/httparse/1.10.1/verification/probes/utf8-lemmas/src/lib.rs",
     "start-char": 18,
     "start-line": 49}}}
{"counterexample": [],
 "prover-result":
  {"answer": "Valid",
   "ce-models": [],
   "status": "exited with status 0",
   "step": 77120,
   "time": 0.023885},
 "term":
  {"explanations": ["utf8_u_e000 ensures"],
   "goal_name": "vc_utf8_u_e000",
   "loc":
    {"end-char": 61,
     "end-line": 41,
     "file-name":
      "/workspace/rust-crate-proofs/httparse/1.10.1/verification/probes/utf8-lemmas/src/lib.rs",
     "start-char": 10,
     "start-line": 41}}}
