   Compiling bytes-slice-buf-overrides v0.1.0 (/workspace/bytes-runtime-verification/bytes/1.11.1/verification/probes/slice-buf-overrides)
warning: function `copy_to_slice` is never used
  --> src/../../../../src/slice_ops.rs:27:15
   |
27 | pub(crate) fn copy_to_slice(input: &mut &[u8], dst: &mut [u8]) {
   |               ^^^^^^^^^^^^^
   |
   = note: `#[warn(dead_code)]` (part of `#[warn(unused)]`) on by default

warning: function `encode_be_u16` is never used
  --> src/../../../../src/byte_codec_ops.rs:21:15
   |
21 | pub(crate) fn encode_be_u16(value: u16) -> [u8; 2] {
   |               ^^^^^^^^^^^^^

warning: function `encode_be_u32` is never used
  --> src/../../../../src/byte_codec_ops.rs:41:15
   |
41 | pub(crate) fn encode_be_u32(value: u32) -> [u8; 4] {
   |               ^^^^^^^^^^^^^

warning: function `encode_be_u64` is never used
  --> src/../../../../src/byte_codec_wide_ops.rs:36:15
   |
36 | pub(crate) fn encode_be_u64(value: u64) -> [u8; 8] {
   |               ^^^^^^^^^^^^^

warning: function `encode_le_u64` is never used
  --> src/../../../../src/byte_codec_wide_ops.rs:75:15
   |
75 | pub(crate) fn encode_le_u64(value: u64) -> [u8; 8] {
   |               ^^^^^^^^^^^^^

warning: function `encode_be_u128` is never used
   --> src/../../../../src/byte_codec_wide_ops.rs:130:15
    |
130 | pub(crate) fn encode_be_u128(value: u128) -> [u8; 16] {
    |               ^^^^^^^^^^^^^^

warning: function `encode_le_u128` is never used
   --> src/../../../../src/byte_codec_wide_ops.rs:193:15
    |
193 | pub(crate) fn encode_le_u128(value: u128) -> [u8; 16] {
    |               ^^^^^^^^^^^^^^

warning: function `encode_le_u16` is never used
  --> src/../../../../src/endian_ops.rs:50:15
   |
50 | pub(crate) fn encode_le_u16(value: u16) -> [u8; 2] {
   |               ^^^^^^^^^^^^^

warning: function `encode_le_u32` is never used
  --> src/../../../../src/endian_ops.rs:61:15
   |
61 | pub(crate) fn encode_le_u32(value: u32) -> [u8; 4] {
   |               ^^^^^^^^^^^^^

warning: `bytes-slice-buf-overrides` (lib) generated 9 warnings
warning: `bytes-slice-buf-overrides` (lib test) generated 9 warnings (9 duplicates)
    Finished `test` profile [unoptimized + debuginfo] target(s) in 0.68s
     Running unittests src/lib.rs (/workspace/bytes-proof-tools/targets/bytes/debug/deps/bytes_slice_buf_overrides-485cc15e147630e8)

running 0 tests

test result: ok. 0 passed; 0 failed; 0 ignored; 0 measured; 0 filtered out; finished in 0.00s

     Running tests/native.rs (/workspace/bytes-proof-tools/targets/bytes/debug/deps/native-7d21db36af8b03ba)

running 2 tests
test checked_slice_overrides_preserve_short_input_and_error_metadata ... ok
test fixed_width_overrides_cover_unsigned_signed_and_both_endians ... ok

test result: ok. 2 passed; 0 failed; 0 ignored; 0 measured; 0 filtered out; finished in 0.00s
