Warning, file "/workspace/httparse-tool-rebuild/string-model/creusot-data/share/why3find/packages/creusot/creusot/int.coma", line 166, characters 8-22: axiom extensionality does not contain any local abstract symbol (contains: int, (=), t, to_int)
Warning, file "/workspace/httparse-tool-rebuild/string-model/creusot-data/share/why3find/packages/creusot/creusot/int.coma", line 484, characters 8-22: axiom extensionality does not contain any local abstract symbol (contains: int, (=), t, to_int)
Warning, file "/workspace/httparse-tool-rebuild/string-model/creusot-data/share/why3find/packages/creusot/creusot/int.coma", line 802, characters 8-22: axiom extensionality does not contain any local abstract symbol (contains: int, (=), t, to_int)
Warning, file "/workspace/httparse-tool-rebuild/string-model/creusot-data/share/why3find/packages/creusot/creusot/int.coma", line 1120, characters 8-22: axiom extensionality does not contain any local abstract symbol (contains: int, (=), t, to_int)
Warning, file "/workspace/httparse-tool-rebuild/string-model/creusot-data/share/why3find/packages/creusot/creusot/int.coma", line 1438, characters 8-22: axiom extensionality does not contain any local abstract symbol (contains: int, (=), t, to_int)
{"counterexample": [],
 "prover-result":
  {"answer": "Valid",
   "ce-models": [],
   "status": "exited with status 0",
   "step": 15564,
   "time": 0.004181},
 "term":
  {"explanations": [],
   "goal_name": "vc_get_pattern",
   "loc":
    {"end-char": 41,
     "end-line": 101,
     "file-name":
      "/workspace/httparse-tool-rebuild/string-model/creusot-data/share/why3find/packages/creusot/creusot/slice.coma",
     "start-char": 6,
     "start-line": 101}}}
{"counterexample": [],
 "prover-result":
  {"answer": "Valid",
   "ce-models": [],
   "status": "exited with status 0",
   "step": 17641,
   "time": 0.008551},
 "term":
  {"explanations": [],
   "goal_name": "vc_get_pattern",
   "loc":
    {"end-char": 41,
     "end-line": 101,
     "file-name":
      "/workspace/httparse-tool-rebuild/string-model/creusot-data/share/why3find/packages/creusot/creusot/slice.coma",
     "start-char": 6,
     "start-line": 101}}}
{"counterexample": [],
 "prover-result":
  {"answer": "Valid",
   "ce-models": [],
   "status": "exited with status 0",
   "step": 18003,
   "time": 0.012248},
 "term":
  {"explanations": [],
   "goal_name": "vc_get_pattern",
   "loc":
    {"end-char": 41,
     "end-line": 101,
     "file-name":
      "/workspace/httparse-tool-rebuild/string-model/creusot-data/share/why3find/packages/creusot/creusot/slice.coma",
     "start-char": 6,
     "start-line": 101}}}
{"counterexample": [],
 "prover-result":
  {"answer": "Valid",
   "ce-models": [],
   "status": "exited with status 0",
   "step": 18365,
   "time": 1e-06},
 "term":
  {"explanations": [],
   "goal_name": "vc_get_pattern",
   "loc":
    {"end-char": 41,
     "end-line": 101,
     "file-name":
      "/workspace/httparse-tool-rebuild/string-model/creusot-data/share/why3find/packages/creusot/creusot/slice.coma",
     "start-char": 6,
     "start-line": 101}}}
{"counterexample": [],
 "prover-result":
  {"answer": "Valid",
   "ce-models": [],
   "status": "exited with status 0",
   "step": 9402,
   "time": 1e-06},
 "term":
  {"explanations": ["get_pattern ensures"],
   "goal_name": "vc_get_pattern",
   "loc":
    {"end-char": 98,
     "end-line": 7,
     "file-name":
      "/workspace/httparse-cloud-resume/tools/creusot-toolpatch/constant-index-gate/fixture/src/lib.rs",
     "start-char": 10,
     "start-line": 7}}}
{"counterexample": [],
 "prover-result":
  {"answer": "Valid",
   "ce-models": [],
   "status": "exited with status 0",
   "step": 19116,
   "time": 0.011999},
 "term":
  {"explanations": ["get_pattern ensures"],
   "goal_name": "vc_get_pattern",
   "loc":
    {"end-char": 98,
     "end-line": 7,
     "file-name":
      "/workspace/httparse-cloud-resume/tools/creusot-toolpatch/constant-index-gate/fixture/src/lib.rs",
     "start-char": 10,
     "start-line": 7}}}
{"counterexample": [],
 "prover-result":
  {"answer": "Valid",
   "ce-models": [],
   "status": "exited with status 0",
   "step": 18917,
   "time": 0.008408},
 "term":
  {"explanations": ["get_pattern ensures"],
   "goal_name": "vc_get_pattern",
   "loc":
    {"end-char": 98,
     "end-line": 7,
     "file-name":
      "/workspace/httparse-cloud-resume/tools/creusot-toolpatch/constant-index-gate/fixture/src/lib.rs",
     "start-char": 10,
     "start-line": 7}}}
{"counterexample": [],
 "prover-result":
  {"answer": "Valid",
   "ce-models": [],
   "status": "exited with status 0",
   "step": 18718,
   "time": 0.003995},
 "term":
  {"explanations": ["get_pattern ensures"],
   "goal_name": "vc_get_pattern",
   "loc":
    {"end-char": 98,
     "end-line": 7,
     "file-name":
      "/workspace/httparse-cloud-resume/tools/creusot-toolpatch/constant-index-gate/fixture/src/lib.rs",
     "start-char": 10,
     "start-line": 7}}}
{"counterexample": [],
 "prover-result":
  {"answer": "Valid",
   "ce-models": [],
   "status": "exited with status 0",
   "step": 16869,
   "time": 0.007966},
 "term":
  {"explanations": ["get_pattern ensures"],
   "goal_name": "vc_get_pattern",
   "loc":
    {"end-char": 98,
     "end-line": 7,
     "file-name":
      "/workspace/httparse-cloud-resume/tools/creusot-toolpatch/constant-index-gate/fixture/src/lib.rs",
     "start-char": 10,
     "start-line": 7}}}
