Warning, file "/workspace/httparse-tool-rebuild/string-model/creusot-data/share/why3find/packages/creusot/creusot/int.coma", line 166, characters 8-22: axiom extensionality does not contain any local abstract symbol (contains: int, (=), t, to_int)
Warning, file "/workspace/httparse-tool-rebuild/string-model/creusot-data/share/why3find/packages/creusot/creusot/int.coma", line 484, characters 8-22: axiom extensionality does not contain any local abstract symbol (contains: int, (=), t, to_int)
Warning, file "/workspace/httparse-tool-rebuild/string-model/creusot-data/share/why3find/packages/creusot/creusot/int.coma", line 802, characters 8-22: axiom extensionality does not contain any local abstract symbol (contains: int, (=), t, to_int)
Warning, file "/workspace/httparse-tool-rebuild/string-model/creusot-data/share/why3find/packages/creusot/creusot/int.coma", line 1120, characters 8-22: axiom extensionality does not contain any local abstract symbol (contains: int, (=), t, to_int)
Warning, file "/workspace/httparse-tool-rebuild/string-model/creusot-data/share/why3find/packages/creusot/creusot/int.coma", line 1438, characters 8-22: axiom extensionality does not contain any local abstract symbol (contains: int, (=), t, to_int)
{"counterexample": [],
 "prover-result":
  {"answer": "Valid",
   "ce-models": [],
   "status": "exited with status 0",
   "step": 15564,
   "time": 0.010495},
 "term":
  {"explanations": [],
   "goal_name": "vc_reject_false_contract",
   "loc":
    {"end-char": 41,
     "end-line": 101,
     "file-name":
      "/workspace/httparse-tool-rebuild/string-model/creusot-data/share/why3find/packages/creusot/creusot/slice.coma",
     "start-char": 6,
     "start-line": 101}}}
{"counterexample": [],
 "prover-result":
  {"answer": "Valid",
   "ce-models": [],
   "status": "exited with status 0",
   "step": 17641,
   "time": 0.004029},
 "term":
  {"explanations": [],
   "goal_name": "vc_reject_false_contract",
   "loc":
    {"end-char": 41,
     "end-line": 101,
     "file-name":
      "/workspace/httparse-tool-rebuild/string-model/creusot-data/share/why3find/packages/creusot/creusot/slice.coma",
     "start-char": 6,
     "start-line": 101}}}
{"counterexample": [],
 "prover-result":
  {"answer": "Valid",
   "ce-models": [],
   "status": "exited with status 0",
   "step": 18003,
   "time": 0.0082},
 "term":
  {"explanations": [],
   "goal_name": "vc_reject_false_contract",
   "loc":
    {"end-char": 41,
     "end-line": 101,
     "file-name":
      "/workspace/httparse-tool-rebuild/string-model/creusot-data/share/why3find/packages/creusot/creusot/slice.coma",
     "start-char": 6,
     "start-line": 101}}}
{"counterexample": [],
 "prover-result":
  {"answer": "Valid",
   "ce-models": [],
   "status": "exited with status 0",
   "step": 18365,
   "time": 0.012626},
 "term":
  {"explanations": [],
   "goal_name": "vc_reject_false_contract",
   "loc":
    {"end-char": 41,
     "end-line": 101,
     "file-name":
      "/workspace/httparse-tool-rebuild/string-model/creusot-data/share/why3find/packages/creusot/creusot/slice.coma",
     "start-char": 6,
     "start-line": 101}}}
{"counterexample": [],
 "prover-result":
  {"answer": "Timeout",
   "ce-models": [],
   "status": "exited with status 0",
   "step": 759220119,
   "time": 30},
 "term":
  {"explanations": ["reject_false_contract ensures"],
   "goal_name": "vc_reject_false_contract",
   "loc":
    {"end-char": 25,
     "end-line": 13,
     "file-name":
      "/workspace/httparse-cloud-resume/tools/creusot-toolpatch/constant-index-gate/fixture/src/lib.rs",
     "start-char": 10,
     "start-line": 13}}}
