   Compiling bytes-public-bytesmut-constructors v0.1.0 (/workspace/bytes-runtime-verification/bytes/1.11.1/verification/probes/public-bytesmut-constructors)
warning: unused import: `creusot_std::prelude::*`
 --> src/lib.rs:6:5
  |
6 | use creusot_std::prelude::*;
  |     ^^^^^^^^^^^^^^^^^^^^^^^
  |
  = note: `#[warn(unused_imports)]` (part of `#[warn(unused)]`) on by default

warning: unused import: `RA`
  --> src/../../../../src/ownership_proof/owned_region.rs:11:33
   |
11 |     logic::{FMap, Id, Int, ra::{RA, excl::Excl}},
   |                                 ^^

warning: unused imports: `FMap`, `RA`, `UnitRA`, and `excl::Excl`
  --> src/../../../../src/ownership_proof/raw_vec.rs:21:13
   |
21 |     logic::{FMap, Id, Int, ra::{RA, UnitRA, excl::Excl}},
   |             ^^^^                ^^  ^^^^^^  ^^^^^^^^^^

warning: unused import: `owned_region`
  --> src/lib.rs:20:39
   |
20 |     pub(crate) use crate::{bound_ptr, owned_region, raw_vec, sequential_counter, shared_protocol};
   |                                       ^^^^^^^^^^^^

warning: unused import: `ManuallyDrop`
 --> /workspace/bytes-proof-tools/targets/bytes/debug/build/bytes-public-bytesmut-constructors-9beacd4d2e274bf9/out/actual_public_constructors.rs:3:23
  |
3 | use core::mem::{self, ManuallyDrop};
  |                       ^^^^^^^^^^^^

warning: unused import: `core::sync::atomic::AtomicUsize`
 --> /workspace/bytes-proof-tools/targets/bytes/debug/build/bytes-public-bytesmut-constructors-9beacd4d2e274bf9/out/actual_public_constructors.rs:5:5
  |
5 | use core::sync::atomic::AtomicUsize;
  |     ^^^^^^^^^^^^^^^^^^^^^^^^^^^^^^^

warning: unused import: `prelude::*`
  --> /workspace/bytes-proof-tools/targets/bytes/debug/build/bytes-public-bytesmut-constructors-9beacd4d2e274bf9/out/actual_public_constructors.rs:16:53
   |
16 |     use creusot_std::{ghost::perm::Perm, logic::Id, prelude::*};
   |                                                     ^^^^^^^^^^

warning: unused variable: `left`
  --> src/../../../../src/ownership_proof/owned_region.rs:33:5
   |
33 |     left: Snapshot<SlotMap>,
   |     ^^^^ help: if this is intentional, prefix it with an underscore: `_left`
   |
   = note: `#[warn(unused_variables)]` (part of `#[warn(unused)]`) on by default

warning: unused variable: `right`
  --> src/../../../../src/ownership_proof/owned_region.rs:34:5
   |
34 |     right: Snapshot<SlotMap>,
   |     ^^^^^ help: if this is intentional, prefix it with an underscore: `_right`

warning: unused variable: `whole`
  --> src/../../../../src/ownership_proof/owned_region.rs:35:5
   |
35 |     whole: Snapshot<SlotMap>,
   |     ^^^^^ help: if this is intentional, prefix it with an underscore: `_whole`

warning: unused variable: `merged`
  --> src/../../../../src/ownership_proof/owned_region.rs:38:9
   |
38 |     let merged: Snapshot<SlotMap> = snapshot! { (*left).total_op(*right) };
   |         ^^^^^^ help: if this is intentional, prefix it with an underscore: `_merged`

warning: unused variable: `left`
  --> src/../../../../src/ownership_proof/owned_region.rs:48:5
   |
48 |     left: Snapshot<SlotMap>,
   |     ^^^^ help: if this is intentional, prefix it with an underscore: `_left`

warning: unused variable: `right`
  --> src/../../../../src/ownership_proof/owned_region.rs:49:5
   |
49 |     right: Snapshot<SlotMap>,
   |     ^^^^^ help: if this is intentional, prefix it with an underscore: `_right`

warning: unused variable: `whole`
  --> src/../../../../src/ownership_proof/owned_region.rs:50:5
   |
50 |     whole: Snapshot<SlotMap>,
   |     ^^^^^ help: if this is intentional, prefix it with an underscore: `_whole`

warning: unused variable: `merged`
  --> src/../../../../src/ownership_proof/owned_region.rs:52:9
   |
52 |     let merged: Snapshot<SlotMap> = snapshot! { (*left).total_op(*right) };
   |         ^^^^^^ help: if this is intentional, prefix it with an underscore: `_merged`

warning: unused variable: `unit`
   --> src/../../../../src/ownership_proof/raw_vec.rs:577:13
    |
577 |         let unit: Snapshot<KernelRA> = snapshot!(KernelRA::unit());
    |             ^^^^ help: if this is intentional, prefix it with an underscore: `_unit`

warning: unused variable: `empty_value`
   --> src/../../../../src/ownership_proof/raw_vec.rs:580:13
    |
580 |         let empty_value: Snapshot<KernelRA> = snapshot!((None, FMap::empty()));
    |             ^^^^^^^^^^^ help: if this is intentional, prefix it with an underscore: `_empty_value`

warning: unused variable: `input_model`
   --> src/../../../../src/ownership_proof/raw_vec.rs:715:9
    |
715 |     let input_model = snapshot!(input@);
    |         ^^^^^^^^^^^ help: if this is intentional, prefix it with an underscore: `_input_model`

warning: unused variable: `slot`
   --> src/../../../../src/ownership_proof/raw_vec.rs:937:38
    |
937 | pub(crate) fn slot_known_equivalence(slot: Option<Option<u8>>) {}
    |                                      ^^^^ help: if this is intentional, prefix it with an underscore: `_slot`

warning: unused variable: `own`
  --> src/../../../../src/ownership_proof/sequential_counter.rs:89:39
   |
89 |     pub(crate) fn load_acquire(&self, own: Ghost<&CounterOwn>) -> usize {
   |                                       ^^^ help: if this is intentional, prefix it with an underscore: `_own`

warning: variable does not need to be mutable
   --> src/../../../../src/ownership_proof/shared_protocol.rs:203:5
    |
203 |     mut packet: Ghost<&'a mut Packet>,
    |     ----^^^^^^
    |     |
    |     help: remove this `mut`
    |
    = note: `#[warn(unused_mut)]` (part of `#[warn(unused)]`) on by default

warning: variable does not need to be mutable
   --> src/../../../../src/ownership_proof/shared_protocol.rs:241:5
    |
241 |     mut packet: Ghost<&'a mut Packet>,
    |     ----^^^^^^
    |     |
    |     help: remove this `mut`

warning: unused variable: `base`
   --> /workspace/bytes-proof-tools/targets/bytes/debug/build/bytes-public-bytesmut-constructors-9beacd4d2e274bf9/out/actual_public_constructors.rs:140:50
    |
140 |     pub(super) fn activate(pointer: *mut Shared, base: BoundPtr, capacity: usize, split: usize,
    |                                                  ^^^^ help: if this is intentional, prefix it with an underscore: `_base`

warning: function `map_op_get` is never used
  --> src/../../../../src/ownership_proof/owned_region.rs:47:15
   |
47 | pub(crate) fn map_op_get(
   |               ^^^^^^^^^^
   |
   = note: `#[warn(dead_code)]` (part of `#[warn(unused)]`) on by default

warning: fields `lo`, `hi`, and `resource` are never read
  --> src/../../../../src/ownership_proof/owned_region.rs:67:5
   |
66 | pub(crate) struct OwnedRegion {
   |                   ----------- fields in this struct
67 |     lo: Int,
   |     ^^
68 |     hi: Int,
   |     ^^
69 |     resource: Resource<KernelRA>,
   |     ^^^^^^^^

warning: methods `into_parts`, `split_at`, and `join` are never used
   --> src/../../../../src/ownership_proof/owned_region.rs:125:19
    |
 95 | impl OwnedRegion {
    | ---------------- methods in this implementation
...
125 |     pub(crate) fn into_parts(self) -> (Int, Int, Resource<KernelRA>) {
    |                   ^^^^^^^^^^
...
192 |     pub(crate) fn split_at(self, at: Int) -> (Self, Self) {
    |                   ^^^^^^^^
...
243 |     pub(crate) fn join(self, other: Self) -> Self {
    |                   ^^^^

warning: fields `capacity` and `namespace` are never read
  --> src/../../../../src/ownership_proof/raw_vec.rs:31:5
   |
30 | struct AllocationDesc {
   |        -------------- fields in this struct
31 |     capacity: Int,
   |     ^^^^^^^^
32 |     namespace: Id,
   |     ^^^^^^^^^
   |
   = note: `AllocationDesc` has a derived impl for the trait `Clone`, but this is intentionally ignored during dead code analysis

warning: associated items `unbound`, `as_non_null`, `retreat_within`, and `advance_within` are never used
   --> src/../../../../src/ownership_proof/raw_vec.rs:182:19
    |
171 | impl BoundPtr {
    | ------------- associated items in this implementation
...
182 |     pub(crate) fn unbound(pointer: NonNull<u8>) -> Self {
    |                   ^^^^^^^
...
203 |     pub(crate) fn as_non_null(&self) -> NonNull<u8> {
    |                   ^^^^^^^^^^^
...
215 |     pub(crate) fn retreat_within(&self, count: usize) -> Self {
    |                   ^^^^^^^^^^^^^^
...
261 |     pub(crate) fn advance_within(&self, count: usize) -> Self {
    |                   ^^^^^^^^^^^^^^

warning: fields `resource` and `descriptor` are never read
   --> src/../../../../src/ownership_proof/raw_vec.rs:338:5
    |
337 | pub(crate) struct Recovery {
    |                   -------- fields in this struct
338 |     resource: Resource<KernelRA>,
    |     ^^^^^^^^
339 |     descriptor: AllocationDesc,
    |     ^^^^^^^^^^

warning: fields `ledger` and `descriptor` are never read
   --> src/../../../../src/ownership_proof/raw_vec.rs:380:5
    |
379 | pub(crate) struct PhysicalRegion {
    |                   -------------- fields in this struct
380 |     ledger: OwnedRegion,
    |     ^^^^^^
381 |     descriptor: AllocationDesc,
    |     ^^^^^^^^^^

warning: methods `split_at` and `join` are never used
   --> src/../../../../src/ownership_proof/raw_vec.rs:465:19
    |
409 | impl PhysicalRegion {
    | ------------------- methods in this implementation
...
465 |     pub(crate) fn split_at(self, at: Int) -> (Self, Self) {
    |                   ^^^^^^^^
...
495 |     pub(crate) fn join(self, other: Self) -> Self {
    |                   ^^^^

warning: fields `descriptor` and `resource` are never read
   --> src/../../../../src/ownership_proof/raw_vec.rs:510:5
    |
509 | pub(crate) struct PhysicalPool {
    |                   ------------ fields in this struct
510 |     descriptor: AllocationDesc,
    |     ^^^^^^^^^^
511 |     resource: Resource<KernelRA>,
    |     ^^^^^^^^

warning: associated items `kernel_unit_is_empty`, `empty_from`, `retire`, and `finish` are never used
   --> src/../../../../src/ownership_proof/raw_vec.rs:576:8
    |
540 | impl PhysicalPool {
    | ----------------- associated items in this implementation
...
576 |     fn kernel_unit_is_empty() {
    |        ^^^^^^^^^^^^^^^^^^^^
...
602 |     pub(crate) fn empty_from(region: &PhysicalRegion) -> Self {
    |                   ^^^^^^^^^^
...
635 |     pub(crate) fn retire(self, region: PhysicalRegion) -> Self {
    |                   ^^^^^^
...
671 |     pub(crate) fn finish(self, lo: Int) -> PhysicalRegion {
    |                   ^^^^^^

warning: function `resume_vec` is never used
   --> src/../../../../src/ownership_proof/raw_vec.rs:795:22
    |
795 | pub(crate) unsafe fn resume_vec(
    |                      ^^^^^^^^^^

warning: function `deallocate_vec` is never used
   --> src/../../../../src/ownership_proof/raw_vec.rs:831:22
    |
831 | pub(crate) unsafe fn deallocate_vec(
    |                      ^^^^^^^^^^^^^^

warning: function `deallocate_bound_vec` is never used
   --> src/../../../../src/ownership_proof/raw_vec.rs:866:22
    |
866 | pub(crate) unsafe fn deallocate_bound_vec(
    |                      ^^^^^^^^^^^^^^^^^^^^

warning: function `borrow_mut` is never used
   --> src/../../../../src/ownership_proof/raw_vec.rs:915:22
    |
915 | pub(crate) unsafe fn borrow_mut<'a>(
    |                      ^^^^^^^^^^

warning: function `slot_known_equivalence` is never used
   --> src/../../../../src/ownership_proof/raw_vec.rs:937:15
    |
937 | pub(crate) fn slot_known_equivalence(slot: Option<Option<u8>>) {}
    |               ^^^^^^^^^^^^^^^^^^^^^^

warning: function `borrow_bound_mut` is never used
   --> src/../../../../src/ownership_proof/raw_vec.rs:976:22
    |
976 | pub(crate) unsafe fn borrow_bound_mut<'a>(
    |                      ^^^^^^^^^^^^^^^^

warning: function `borrow_bound_uninit_mut` is never used
    --> src/../../../../src/ownership_proof/raw_vec.rs:1016:22
     |
1016 | pub(crate) unsafe fn borrow_bound_uninit_mut<'a>(
     |                      ^^^^^^^^^^^^^^^^^^^^^^^

warning: function `borrow_spare_preserving_prefix` is never used
    --> src/../../../../src/ownership_proof/raw_vec.rs:1054:22
     |
1054 | pub(crate) unsafe fn borrow_spare_preserving_prefix<'a>(
     |                      ^^^^^^^^^^^^^^^^^^^^^^^^^^^^^^

warning: function `borrow_bound` is never used
    --> src/../../../../src/ownership_proof/raw_vec.rs:1080:22
     |
1080 | pub(crate) unsafe fn borrow_bound<'a>(
     |                      ^^^^^^^^^^^^

warning: function `borrow_empty_bound` is never used
    --> src/../../../../src/ownership_proof/raw_vec.rs:1094:22
     |
1094 | pub(crate) unsafe fn borrow_empty_bound<'a>(bound: &'a BoundPtr) -> &'a [u8] {
     |                      ^^^^^^^^^^^^^^^^^^

warning: function `borrow_empty_bound_mut` is never used
    --> src/../../../../src/ownership_proof/raw_vec.rs:1103:22
     |
1103 | pub(crate) unsafe fn borrow_empty_bound_mut<'a>(bound: &'a BoundPtr) -> &'a mut [u8] {
     |                      ^^^^^^^^^^^^^^^^^^^^^^

warning: function `borrow_empty_bound_uninit_mut` is never used
    --> src/../../../../src/ownership_proof/raw_vec.rs:1111:22
     |
1111 | pub(crate) unsafe fn borrow_empty_bound_uninit_mut<'a>(
     |                      ^^^^^^^^^^^^^^^^^^^^^^^^^^^^^

warning: field `resource` is never read
  --> src/../../../../src/ownership_proof/sequential_counter.rs:27:5
   |
26 | pub(crate) struct CounterOwn {
   |                   ---------- field in this struct
27 |     resource: Resource<Excl<usize>>,
   |     ^^^^^^^^

warning: associated items `new`, `fetch_add_relaxed`, `fetch_sub_release`, and `load_acquire` are never used
  --> src/../../../../src/ownership_proof/sequential_counter.rs:48:19
   |
43 | impl SequentialCounter {
   | ---------------------- associated items in this implementation
...
48 |     pub(crate) fn new(value: usize) -> (Self, Ghost<CounterOwn>) {
   |                   ^^^
...
66 |     pub(crate) fn fetch_add_relaxed(&self, amount: usize, own: Ghost<&mut CounterOwn>) -> usize {
   |                   ^^^^^^^^^^^^^^^^^
...
79 |     pub(crate) fn fetch_sub_release(&self, amount: usize, own: Ghost<&mut CounterOwn>) -> usize {
   |                   ^^^^^^^^^^^^^^^^^
...
89 |     pub(crate) fn load_acquire(&self, own: Ghost<&CounterOwn>) -> usize {
   |                   ^^^^^^^^^^^^

warning: field `resource` is never read
  --> src/../../../../src/ownership_proof/shared_protocol.rs:12:5
   |
11 | pub(crate) struct Ticket {
   |                   ------ field in this struct
12 |     resource: Resource<RegistrationRA>,
   |     ^^^^^^^^

warning: fields `capacity`, `allocation`, `split`, `registration`, `left_pending`, and `right_pending` are never read
  --> src/../../../../src/ownership_proof/shared_protocol.rs:18:16
   |
17 | pub(crate) struct Status {
   |                   ------ fields in this struct
18 |     pub(crate) capacity: Int,
   |                ^^^^^^^^
19 |     pub(crate) allocation: Id,
   |                ^^^^^^^^^^
20 |     pub(crate) split: Int,
   |                ^^^^^
21 |     pub(crate) registration: Id,
   |                ^^^^^^^^^^^^
22 |     pub(crate) left_pending: bool,
   |                ^^^^^^^^^^^^
23 |     pub(crate) right_pending: bool,
   |                ^^^^^^^^^^^^^
   |
   = note: `Status` has a derived impl for the trait `Clone`, but this is intentionally ignored during dead code analysis

warning: fields `status`, `recovery`, `pool`, and `returned` are never read
  --> src/../../../../src/ownership_proof/shared_protocol.rs:27:5
   |
26 | pub(crate) struct State {
   |                   ----- fields in this struct
27 |     status: Status,
   |     ^^^^^^
28 |     recovery: Option<Recovery>,
   |     ^^^^^^^^
29 |     pool: Option<PhysicalPool>,
   |     ^^^^
30 |     returned: Option<Resource<RegistrationRA>>,
   |     ^^^^^^^^

warning: function `initialize` is never used
   --> src/../../../../src/ownership_proof/shared_protocol.rs:103:15
    |
103 | pub(crate) fn initialize(capacity: usize, split: usize, caps: Ghost<(Recovery, PhysicalRegion)>) -> Ghost<(Coordinator, Packet, Pac...
    |               ^^^^^^^^^^

warning: function `retire` is never used
   --> src/../../../../src/ownership_proof/shared_protocol.rs:135:15
    |
135 | pub(crate) fn retire(coordinator: Ghost<&mut Coordinator>, packet: Ghost<Packet>, left: bool) {
    |               ^^^^^^

warning: function `finish` is never used
   --> src/../../../../src/ownership_proof/shared_protocol.rs:162:15
    |
162 | pub(crate) fn finish(coordinator: Ghost<Coordinator>) -> Ghost<(Recovery, PhysicalRegion)> {
    |               ^^^^^^

warning: function `borrow_packet_mut` is never used
   --> src/../../../../src/ownership_proof/shared_protocol.rs:200:22
    |
200 | pub(crate) unsafe fn borrow_packet_mut<'a>(
    |                      ^^^^^^^^^^^^^^^^^

warning: function `borrow_packet_uninit_mut` is never used
   --> src/../../../../src/ownership_proof/shared_protocol.rs:237:22
    |
237 | pub(crate) unsafe fn borrow_packet_uninit_mut<'a>(
    |                      ^^^^^^^^^^^^^^^^^^^^^^^^

warning: function `borrow_packet` is never used
   --> src/../../../../src/ownership_proof/shared_protocol.rs:264:22
    |
264 | pub(crate) unsafe fn borrow_packet<'a>(
    |                      ^^^^^^^^^^^^^

warning: constant `VEC_POS_OFFSET` is never used
  --> src/../../../../src/capacity_ops.rs:28:18
   |
28 | pub(crate) const VEC_POS_OFFSET: usize = 5;
   |                  ^^^^^^^^^^^^^^

warning: constant `NOT_VEC_POS_MASK` is never used
  --> src/../../../../src/capacity_ops.rs:29:18
   |
29 | pub(crate) const NOT_VEC_POS_MASK: usize = 0b11111;
   |                  ^^^^^^^^^^^^^^^^

warning: constant `MAX_VEC_POS` is never used
  --> src/../../../../src/capacity_ops.rs:30:18
   |
30 | pub(crate) const MAX_VEC_POS: usize = usize::MAX >> VEC_POS_OFFSET;
   |                  ^^^^^^^^^^^

warning: function `original_capacity_repr_from_data` is never used
   --> src/../../../../src/capacity_ops.rs:125:15
    |
125 | pub(crate) fn original_capacity_repr_from_data(data: usize) -> usize {
    |               ^^^^^^^^^^^^^^^^^^^^^^^^^^^^^^^^

warning: function `vec_pos_from_data` is never used
   --> src/../../../../src/capacity_ops.rs:132:15
    |
132 | pub(crate) fn vec_pos_from_data(data: usize) -> usize {
    |               ^^^^^^^^^^^^^^^^^

warning: function `set_vec_pos_in_data` is never used
   --> src/../../../../src/capacity_ops.rs:143:15
    |
143 | pub(crate) fn set_vec_pos_in_data(data: usize, pos: usize) -> usize {
    |               ^^^^^^^^^^^^^^^^^^^

warning: function `pointer_addr_eq` is never used
  --> src/../../../../src/provenance_specs.rs:19:15
   |
19 | pub(crate) fn pointer_addr_eq<T>(left: *const T, right: *const T) -> bool {
   |               ^^^^^^^^^^^^^^^

warning: function `wrapping_offset` is never used
  --> src/../../../../src/provenance_specs.rs:75:15
   |
75 | pub(crate) fn wrapping_offset(ptr: *mut u8, offset: usize) -> *mut u8 {
   |               ^^^^^^^^^^^^^^^

warning: function `pointer_with_address` is never used
  --> src/../../../../src/provenance_specs.rs:86:15
   |
86 | pub(crate) fn pointer_with_address(ptr: *mut u8, new_addr: usize) -> *mut u8 {
   |               ^^^^^^^^^^^^^^^^^^^^

warning: fields `data`, `unique_at_zero`, `pending_control`, `shared_registration`, and `shared_context` are never read
   --> /workspace/bytes-proof-tools/targets/bytes/debug/build/bytes-public-bytesmut-constructors-9beacd4d2e274bf9/out/actual_public_constructors.rs:289:5
    |
282 | pub struct BytesMut {
    |            -------- fields in this struct
...
289 |     data: *mut Shared,
    |     ^^^^
...
293 |     unique_at_zero: Ghost<Option<(
    |     ^^^^^^^^^^^^^^
...
298 |     pending_control: Ghost<Option<sequential_shared_control::PendingControl>>,
    |     ^^^^^^^^^^^^^^^
299 |     #[cfg(any(creusot, bytes_proof_probe))]
300 |     shared_registration: Ghost<Option<sequential_shared_control::HandleRegistration>>,
    |     ^^^^^^^^^^^^^^^^^^^
301 |     #[cfg(any(creusot, bytes_proof_probe))]
302 |     shared_context: Ghost<Option<sequential_shared_control::ControlContext>>,
    |     ^^^^^^^^^^^^^^

warning: fields `buffer`, `original_capacity_repr`, and `ref_count` are never read
   --> /workspace/bytes-proof-tools/targets/bytes/debug/build/bytes-public-bytesmut-constructors-9beacd4d2e274bf9/out/actual_public_constructors.rs:306:5
    |
305 | struct Shared {
    |        ------ fields in this struct
306 |     buffer: SharedBuffer,
    |     ^^^^^^
307 |     original_capacity_repr: usize,
    |     ^^^^^^^^^^^^^^^^^^^^^^
...
311 |     ref_count: crate::ownership_proof::sequential_counter::SequentialCounter,
    |     ^^^^^^^^^

warning: fields `base` and `capacity` are never read
   --> /workspace/bytes-proof-tools/targets/bytes/debug/build/bytes-public-bytesmut-constructors-9beacd4d2e274bf9/out/actual_public_constructors.rs:318:5
    |
314 | struct SharedBuffer {
    |        ------------ fields in this struct
...
318 |     base: crate::ownership_proof::raw_vec::BoundPtr,
    |     ^^^^
319 |     capacity: usize,
    |     ^^^^^^^^

warning: constant `KIND_VEC` is never used
   --> /workspace/bytes-proof-tools/targets/bytes/debug/build/bytes-public-bytesmut-constructors-9beacd4d2e274bf9/out/actual_public_constructors.rs:322:7
    |
322 | const KIND_VEC: usize = 0b1;
    |       ^^^^^^^^

warning: constant `KIND_MASK` is never used
   --> /workspace/bytes-proof-tools/targets/bytes/debug/build/bytes-public-bytesmut-constructors-9beacd4d2e274bf9/out/actual_public_constructors.rs:324:7
    |
324 | const KIND_MASK: usize = 0b1;
    |       ^^^^^^^^^

warning: function `vptr` is never used
   --> /workspace/bytes-proof-tools/targets/bytes/debug/build/bytes-public-bytesmut-constructors-9beacd4d2e274bf9/out/actual_public_constructors.rs:328:4
    |
328 | fn vptr(ptr: *mut u8) -> NonNull<u8> {
    |    ^^^^

warning: method `proof_release_unique_at_zero` is never used
   --> /workspace/bytes-proof-tools/targets/bytes/debug/build/bytes-public-bytesmut-constructors-9beacd4d2e274bf9/out/actual_public_constructors.rs:457:19
    |
360 | impl BytesMut {
    | ------------- method in this implementation
...
457 |     pub(crate) fn proof_release_unique_at_zero(mut self) {
    |                   ^^^^^^^^^^^^^^^^^^^^^^^^^^^^

warning: fields `pointer` and `identity` are never read
  --> /workspace/bytes-proof-tools/targets/bytes/debug/build/bytes-public-bytesmut-constructors-9beacd4d2e274bf9/out/actual_public_constructors.rs:21:20
   |
20 |     pub(crate) struct ControlPtr {
   |                       ---------- fields in this struct
21 |         pub(super) pointer: *mut Shared,
   |                    ^^^^^^^
22 |         pub(super) identity: Ghost<Id>,
   |                    ^^^^^^^^
   |
   = note: `ControlPtr` has a derived impl for the trait `Clone`, but this is intentionally ignored during dead code analysis

warning: fields `registry`, `counter`, `owner`, and `status` are never read
  --> /workspace/bytes-proof-tools/targets/bytes/debug/build/bytes-public-bytesmut-constructors-9beacd4d2e274bf9/out/actual_public_constructors.rs:25:20
   |
24 |     pub(crate) struct ControlContext {
   |                       -------------- fields in this struct
25 |         pub(super) registry: Option<Coordinator>,
   |                    ^^^^^^^^
26 |         pub(super) counter: Option<CounterOwn>,
   |                    ^^^^^^^
27 |         pub(super) owner: Option<Box<Perm<*const Shared>>>,
   |                    ^^^^^
28 |         pub(super) status: Snapshot<Status>,
   |                    ^^^^^^

warning: fields `counter`, `owner`, and `caps` are never read
  --> /workspace/bytes-proof-tools/targets/bytes/debug/build/bytes-public-bytesmut-constructors-9beacd4d2e274bf9/out/actual_public_constructors.rs:56:20
   |
55 |     pub(super) struct PendingControl {
   |                       -------------- fields in this struct
56 |         pub(super) counter: CounterOwn,
   |                    ^^^^^^^
57 |         pub(super) owner: Box<Perm<*const Shared>>,
   |                    ^^^^^
58 |         pub(super) caps: (raw_vec::Recovery, raw_vec::PhysicalRegion),
   |                    ^^^^

warning: fields `control`, `status`, `packet`, and `left` are never read
  --> /workspace/bytes-proof-tools/targets/bytes/debug/build/bytes-public-bytesmut-constructors-9beacd4d2e274bf9/out/actual_public_constructors.rs:78:20
   |
77 |     pub(super) struct HandleRegistration {
   |                       ------------------ fields in this struct
78 |         pub(super) control: ControlPtr,
   |                    ^^^^^^^
79 |         pub(super) status: Snapshot<Status>,
   |                    ^^^^^^
80 |         pub(super) packet: Packet,
   |                    ^^^^^^
81 |         pub(super) left: bool,
   |                    ^^^^

warning: function `activate` is never used
   --> /workspace/bytes-proof-tools/targets/bytes/debug/build/bytes-public-bytesmut-constructors-9beacd4d2e274bf9/out/actual_public_constructors.rs:140:19
    |
140 |     pub(super) fn activate(pointer: *mut Shared, base: BoundPtr, capacity: usize, split: usize,
    |                   ^^^^^^^^

warning: function `new` is never used
   --> /workspace/bytes-proof-tools/targets/bytes/debug/build/bytes-public-bytesmut-constructors-9beacd4d2e274bf9/out/actual_public_constructors.rs:169:8
    |
169 |     fn new(input: Vec<u8>, split: usize) -> (ControlPtr, Ghost<ControlContext>, Ghost<Packet>, Ghost<Packet>) {
    |        ^^^

warning: function `release` is never used
   --> /workspace/bytes-proof-tools/targets/bytes/debug/build/bytes-public-bytesmut-constructors-9beacd4d2e274bf9/out/actual_public_constructors.rs:206:19
    |
206 |     pub(super) fn release(control: ControlPtr, mut context: Ghost<&mut ControlContext>, packet: Ghost<Packet>, left: bool) -> bool {
    |                   ^^^^^^^

warning: function `release_left_then_right` is never used
   --> /workspace/bytes-proof-tools/targets/bytes/debug/build/bytes-public-bytesmut-constructors-9beacd4d2e274bf9/out/actual_public_constructors.rs:250:19
    |
250 |     pub(crate) fn release_left_then_right(input: Vec<u8>, split: usize) {
    |                   ^^^^^^^^^^^^^^^^^^^^^^^

warning: function `release_right_then_left` is never used
   --> /workspace/bytes-proof-tools/targets/bytes/debug/build/bytes-public-bytesmut-constructors-9beacd4d2e274bf9/out/actual_public_constructors.rs:259:19
    |
259 |     pub(crate) fn release_right_then_left(input: Vec<u8>, split: usize) {
    |                   ^^^^^^^^^^^^^^^^^^^^^^^

warning: `bytes-public-bytesmut-constructors` (lib test) generated 81 warnings (run `cargo fix --lib -p bytes-public-bytesmut-constructors --tests` to apply 23 suggestions)
    Finished `test` profile [unoptimized + debuginfo] target(s) in 0.90s
     Running unittests src/lib.rs (/workspace/bytes-proof-tools/targets/bytes/debug/deps/bytes_public_bytesmut_constructors-ce5b6ec46c942292)

running 3 tests
test actual_public_constructors::native_tests::zeroed_preserves_length_and_initializes_every_byte ... ok
test actual_public_constructors::native_tests::from_slice_copies_empty_and_arbitrary_bytes ... ok
test actual_public_constructors::native_tests::from_slice_owns_an_independent_copy ... ok

test result: ok. 3 passed; 0 failed; 0 ignored; 0 measured; 0 filtered out; finished in 0.00s

