   Compiling proc-macro2 v1.0.107
   Compiling autocfg v1.5.1
   Compiling libc v0.2.190
   Compiling unicode-ident v1.0.26
   Compiling quote v1.0.47
   Compiling getrandom v0.4.3
   Compiling num-traits v0.2.19
   Compiling cfg-if v1.0.5
    Checking bytes v1.11.1
    Checking itoa v1.0.18
    Checking num-integer v0.1.47
    Checking http v1.5.0 (/workspace/rust-crate-proofs/http/1.5.0/verification/runtime-http)
   Compiling syn v2.0.119
    Checking num-bigint v0.4.8
   Compiling uuid v1.27.0
    Checking num-rational v0.4.2
   Compiling pearlite-syn v0.11.0-dev (/workspace/rust-crate-proofs/creusot-libs/pearlite-syn)
   Compiling creusot-std-proc v0.11.0-dev (/workspace/rust-crate-proofs/creusot-libs/creusot-std-proc)
    Checking creusot-std v0.11.0-dev (/workspace/rust-crate-proofs/creusot-libs/creusot-std)
    Checking http-uri-proof v0.1.0 (/workspace/rust-crate-proofs/http/1.5.0/verification/uri)
error: cannot find macro `proof_assert` in this scope
    --> src/../../../src/uri/mod.rs:1607:13
     |
1607 |             proof_assert! { left_path@.eq_model(right_path.deep_model()) };
     |             ^^^^^^^^^^^^
     |
help: consider importing this macro
     |
  25 + use creusot_std::prelude::proof_assert;
     |

error: cannot find macro `proof_assert` in this scope
    --> src/../../../src/uri/mod.rs:1608:13
     |
1608 |             proof_assert! {
     |             ^^^^^^^^^^^^
     |
help: consider importing this macro
     |
  25 + use creusot_std::prelude::proof_assert;
     |

error: cannot find macro `proof_assert` in this scope
    --> src/../../../src/uri/mod.rs:1615:13
     |
1615 |             proof_assert! { left_path@ == right_path@ };
     |             ^^^^^^^^^^^^
     |
help: consider importing this macro
     |
  25 + use creusot_std::prelude::proof_assert;
     |

error: cannot find macro `proof_assert` in this scope
    --> src/../../../src/uri/mod.rs:1629:21
     |
1629 |                     proof_assert! { left_bytes@.eq_model(right_bytes.deep_model()) };
     |                     ^^^^^^^^^^^^
     |
help: consider importing this macro
     |
  25 + use creusot_std::prelude::proof_assert;
     |

error: cannot find macro `proof_assert` in this scope
    --> src/../../../src/uri/mod.rs:1630:21
     |
1630 |                     proof_assert! {
     |                     ^^^^^^^^^^^^
     |
help: consider importing this macro
     |
  25 + use creusot_std::prelude::proof_assert;
     |

error: cannot find macro `proof_assert` in this scope
    --> src/../../../src/uri/mod.rs:1637:21
     |
1637 |                     proof_assert! { left_bytes@ == right_bytes@ };
     |                     ^^^^^^^^^^^^
     |
help: consider importing this macro
     |
  25 + use creusot_std::prelude::proof_assert;
     |

error: could not compile `http-uri-proof` (lib) due to 6 previous errors
