bytes proof: /workspace/bytes-runtime-verification/bytes/1.11.1/verification/probes/sequential-bytesmut-split; one prover; 1024 MiB; native Ordering; sc-drf disabled
     Removed 22 files, 9.4MiB total
   Compiling bytes-sequential-bytesmut-split v0.1.0 (/workspace/bytes-runtime-verification/bytes/1.11.1/verification/probes/sequential-bytesmut-split)
warning: unused import: `owned_region`
  --> src/lib.rs:23:28
   |
23 |     pub(crate) use crate::{owned_region, raw_vec, sequential_counter, shared_protocol, bound_ptr, boxed_alignment};
   |                            ^^^^^^^^^^^^
   |
   = note: `#[warn(unused_imports)]` (part of `#[warn(unused)]`) on by default

warning: unused import: `ManuallyDrop`
 --> /workspace/bytes-proof-tools/targets/bytes/debug/build/bytes-sequential-bytesmut-split-c419b696106273d9/out/actual_split.rs:3:23
  |
3 | use core::mem::{self, ManuallyDrop, MaybeUninit};
  |                       ^^^^^^^^^^^^

warning: unused import: `self`
 --> /workspace/bytes-proof-tools/targets/bytes/debug/build/bytes-sequential-bytesmut-split-c419b696106273d9/out/actual_split.rs:4:17
  |
4 | use core::ptr::{self,NonNull};
  |                 ^^^^

warning: unused imports: `AtomicUsize` and `Ordering`
 --> /workspace/bytes-proof-tools/targets/bytes/debug/build/bytes-sequential-bytesmut-split-c419b696106273d9/out/actual_split.rs:6:26
  |
6 | use core::sync::atomic::{AtomicUsize,Ordering};
  |                          ^^^^^^^^^^^ ^^^^^^^^

warning: unreachable expression
   --> /workspace/bytes-proof-tools/targets/bytes/debug/build/bytes-sequential-bytesmut-split-c419b696106273d9/out/actual_split.rs:756:13
    |
752 |             panic!("ARC clone is outside the first sequential split gate");
    |             -------------------------------------------------------------- any code following this expression is unreachable
...
756 |             { self.pending_descriptor_copy() }
    |             ^^^^^^^^^^^^^^^^^^^^^^^^^^^^^^^^^^ unreachable expression
    |
    = note: `#[warn(unreachable_code)]` (part of `#[warn(unused)]`) on by default

warning: unused import: `prelude`
  --> /workspace/bytes-proof-tools/targets/bytes/debug/build/bytes-sequential-bytesmut-split-c419b696106273d9/out/actual_split.rs:64:53
   |
64 |     use creusot_std::{ghost::perm::Perm, logic::Id, prelude::*};
   |                                                     ^^^^^^^

warning: unused variable: `off`
   --> /workspace/bytes-proof-tools/targets/bytes/debug/build/bytes-sequential-bytesmut-split-c419b696106273d9/out/actual_split.rs:686:13
    |
686 |         let off = crate::capacity_ops::vec_pos_from_data(
    |             ^^^ help: if this is intentional, prefix it with an underscore: `_off`
    |
    = note: `#[warn(unused_variables)]` (part of `#[warn(unused)]`) on by default

error[E0505]: cannot move out of `left` because it is borrowed
    --> /workspace/bytes-proof-tools/targets/bytes/debug/build/bytes-sequential-bytesmut-split-c419b696106273d9/out/actual_split.rs:1278:17
     |
1275 |         let left = right.split_to(1);
     |             ---- binding `left` declared here
1276 |         let read = left.as_slice();
     |                    ---- borrow of `left` occurs here
1277 |         let mut context = right.proof_take_coordinator();
1278 |         let _ = left.proof_release(context.borrow_mut(), true);
     |                 ^^^^ move out of `left` occurs here
1279 |         // This runtime use makes the shared borrow live across owner retirement.
1280 |         assert!(read.len() == 1);
     |                 ---- borrow later used here
     |
note: if `actual::BytesMut` implemented `Clone`, you could clone the value
    --> /workspace/bytes-proof-tools/targets/bytes/debug/build/bytes-sequential-bytesmut-split-c419b696106273d9/out/actual_split.rs:9:1
     |
   9 | pub struct BytesMut {
     | ^^^^^^^^^^^^^^^^^^^ consider implementing `Clone` for this type
...
1276 |         let read = left.as_slice();
     |                    ---- you could clone this value

For more information about this error, try `rustc --explain E0505`.
warning: `bytes-sequential-bytesmut-split` (lib) generated 7 warnings
error: could not compile `bytes-sequential-bytesmut-split` (lib) due to 1 previous error; 7 warnings emitted
Error: Compilation failed
