   Compiling bytes-shared-quota-free-registration v0.1.0 (/workspace/rust-crate-proofs/bytes/1.11.1/verification/probes/shared-quota-free-registration-2026-10-08)
warning: unused imports: `FMap`, `HasTimestamp`, `RA`, `Real`, and `excl::Excl`
  --> src/lib.rs:12:9
   |
12 |         FMap, Id, Int,
   |         ^^^^
13 |         ra::{excl::Excl, RA},
   |              ^^^^^^^^^^  ^^
14 |         real::{PositiveReal, Real},
   |                              ^^^^
...
20 |         view::{HasTimestamp, ReleaseSyncView, SyncView},
   |                ^^^^^^^^^^^^
   |
   = note: `#[warn(unused_imports)]` (part of `#[warn(unused)]`) on by default

warning: unused imports: `HasTimestamp` and `logic::FMap`
 --> src/../../trusted-atomic-event-2026-10-08/src/event.rs:4:5
  |
4 |     logic::FMap, std::sync::{atomic::{AtomicUsize as ModelAtomic, ordering::Relaxed},
  |     ^^^^^^^^^^^
5 |         committer::Committer, view::{HasTimestamp,SyncView}}};
  |                                      ^^^^^^^^^^^^

warning: unused imports: `RA`, `Real`, `UnitRA`, `auth::CancelLocalUpdateUnit`, and `update::LocalUpdate`
 --> src/../../shared-physical-lifecycle-2026-10-08/src/fraction_map.rs:8:45
  |
8 |     logic::{FMap, Int, real::{PositiveReal, Real},
  |                                             ^^^^
9 |         ra::{RA, UnitRA, auth::CancelLocalUpdateUnit, excl::Excl, update::LocalUpdate}},
  |              ^^  ^^^^^^  ^^^^^^^^^^^^^^^^^^^^^^^^^^^              ^^^^^^^^^^^^^^^^^^^

warning: unused import: `self as fm`
  --> src/lib.rs:30:35
   |
30 | use fraction_map::{LiveFractions, self as fm};
   |                                   ^^^^^^^^^^

warning: `bytes-shared-quota-free-registration` (lib test) generated 4 warnings (run `cargo fix --lib -p bytes-shared-quota-free-registration --tests` to apply 4 suggestions)
    Finished `test` profile [unoptimized + debuginfo] target(s) in 0.18s
     Running unittests src/lib.rs (/workspace/bytes-proof-tools/targets/bytes/debug/deps/bytes_shared_quota_free_registration-27d5aa3e97298cea)

running 1 test
test tests::two_sequential_registrations_keep_same_source_live ... ok

test result: ok. 1 passed; 0 failed; 0 ignored; 0 measured; 0 filtered out; finished in 0.00s

