$ /workspace/bytes-runtime-verification/bytes/1.11.1/scripts/verify-bytes.sh raw-vec-negative --no-default-features --features wrong_half_region
bytes proof: /workspace/bytes-runtime-verification/bytes/1.11.1/verification/probes/raw-vec-negative; one prover; 1024 MiB; native Ordering; sc-drf disabled
     Removed 2 files, 8.3KiB total
    Checking bytes-raw-vec-negative v0.1.0 (/workspace/bytes-runtime-verification/bytes/1.11.1/verification/probes/raw-vec-negative)
warning: unused imports: `borrow_mut` and `deallocate_vec`
  --> src/lib.rs:15:46
   |
15 |     PhysicalRegion, RawAllocation, Recovery, borrow_mut, deallocate_vec, resume_vec,
   |                                              ^^^^^^^^^^  ^^^^^^^^^^^^^^
   |
   = note: `#[warn(unused_imports)]` (part of `#[warn(unused)]`) on by default

warning: function `wrong_half_region_recovery` is never used
  --> src/lib.rs:35:22
   |
35 | pub(crate) unsafe fn wrong_half_region_recovery(
   |                      ^^^^^^^^^^^^^^^^^^^^^^^^^^
   |
   = note: `#[warn(dead_code)]` (part of `#[warn(unused)]`) on by default

warning: type alias `KernelRA` is never used
  --> src/../../../../src/ownership_proof/owned_region.rs:20:17
   |
20 | pub(crate) type KernelRA = (Option<Excl<()>>, FMap<Int, Excl<Option<u8>>>);
   |                 ^^^^^^^^

warning: type alias `SlotMap` is never used
  --> src/../../../../src/ownership_proof/owned_region.rs:23:17
   |
23 | pub(crate) type SlotMap = FMap<Int, Excl<Option<u8>>>;
   |                 ^^^^^^^

warning: function `map_compose_eq` is never used
  --> src/../../../../src/ownership_proof/owned_region.rs:32:15
   |
32 | pub(crate) fn map_compose_eq(
   |               ^^^^^^^^^^^^^^

warning: struct `OwnedRegion` is never constructed
  --> src/../../../../src/ownership_proof/owned_region.rs:47:19
   |
47 | pub(crate) struct OwnedRegion {
   |                   ^^^^^^^^^^^

warning: multiple associated items are never used
   --> src/../../../../src/ownership_proof/owned_region.rs:89:19
    |
 76 | impl OwnedRegion {
    | ---------------- associated items in this implementation
...
 89 |     pub(crate) fn from_model_ledger(lo: Int, hi: Int, resource: Resource<KernelRA>) -> Self {
    |                   ^^^^^^^^^^^^^^^^^
...
 95 |     pub(crate) fn lo(self) -> Int {
    |                   ^^
...
101 |     pub(crate) fn hi(self) -> Int {
    |                   ^^
...
107 |     pub(crate) fn resource_id(self) -> Id {
    |                   ^^^^^^^^^^^
...
113 |     pub(crate) fn slots(self) -> FMap<Int, Excl<Option<u8>>> {
    |                   ^^^^^
...
120 |     pub(crate) fn slot(self, index: Int) -> Option<Option<u8>> {
    |                   ^^^^
...
131 |     fn restrict(
    |        ^^^^^^^^
...
156 |     pub(crate) fn split_at(self, at: Int) -> (Self, Self) {
    |                   ^^^^^^^^
...
207 |     pub(crate) fn join(self, other: Self) -> Self {
    |                   ^^^^

warning: struct `AllocationDesc` is never constructed
  --> src/../../../../src/ownership_proof/raw_vec.rs:30:8
   |
30 | struct AllocationDesc {
   |        ^^^^^^^^^^^^^^

warning: function `slots_from_vec` is never used
  --> src/../../../../src/ownership_proof/raw_vec.rs:46:4
   |
46 | fn slots_from_vec(contents: Seq<u8>, capacity: Int) -> SlotMap {
   |    ^^^^^^^^^^^^^^

warning: struct `RawAllocation` is never constructed
  --> src/../../../../src/ownership_proof/raw_vec.rs:66:19
   |
66 | pub(crate) struct RawAllocation {
   |                   ^^^^^^^^^^^^^

warning: methods `capacity` and `namespace` are never used
  --> src/../../../../src/ownership_proof/raw_vec.rs:92:19
   |
89 | impl RawAllocation {
   | ------------------ methods in this implementation
...
92 |     pub(crate) fn capacity(self) -> Int {
   |                   ^^^^^^^^
...
98 |     pub(crate) fn namespace(self) -> Id {
   |                   ^^^^^^^^^

warning: struct `BoundPtrBinding` is never constructed
   --> src/../../../../src/ownership_proof/raw_vec.rs:107:8
    |
107 | struct BoundPtrBinding {
    |        ^^^^^^^^^^^^^^^

warning: struct `BoundPtr` is never constructed
   --> src/../../../../src/ownership_proof/raw_vec.rs:119:19
    |
119 | pub(crate) struct BoundPtr {
    |                   ^^^^^^^^

warning: associated items `unbound`, `as_ptr`, and `as_non_null` are never used
   --> src/../../../../src/ownership_proof/raw_vec.rs:163:19
    |
160 | impl BoundPtr {
    | ------------- associated items in this implementation
...
163 |     pub(crate) fn unbound(pointer: NonNull<u8>) -> Self {
    |                   ^^^^^^^
...
177 |     pub(crate) fn as_ptr(&self) -> *mut u8 {
    |                   ^^^^^^
...
184 |     pub(crate) fn as_non_null(&self) -> NonNull<u8> {
    |                   ^^^^^^^^^^^

warning: method `into_bound_ptr_at_zero` is never used
   --> src/../../../../src/ownership_proof/raw_vec.rs:210:19
    |
199 | impl RawAllocation {
    | ------------------ method in this implementation
...
210 |     pub(crate) fn into_bound_ptr_at_zero(self) -> (BoundPtr, usize) {
    |                   ^^^^^^^^^^^^^^^^^^^^^^

warning: struct `Recovery` is never constructed
   --> src/../../../../src/ownership_proof/raw_vec.rs:242:19
    |
242 | pub(crate) struct Recovery {
    |                   ^^^^^^^^

warning: methods `namespace`, `capacity`, and `invariant` are never used
   --> src/../../../../src/ownership_proof/raw_vec.rs:262:19
    |
260 | impl Recovery {
    | ------------- methods in this implementation
261 |     #[logic(open)]
262 |     pub(crate) fn namespace(self) -> Id {
    |                   ^^^^^^^^^
...
267 |     pub(crate) fn capacity(self) -> Int {
    |                   ^^^^^^^^
...
272 |     pub(crate) fn invariant(self) -> bool {
    |                   ^^^^^^^^^

warning: struct `PhysicalRegion` is never constructed
   --> src/../../../../src/ownership_proof/raw_vec.rs:284:19
    |
284 | pub(crate) struct PhysicalRegion {
    |                   ^^^^^^^^^^^^^^

warning: multiple methods are never used
   --> src/../../../../src/ownership_proof/raw_vec.rs:316:19
    |
314 | impl PhysicalRegion {
    | ------------------- methods in this implementation
315 |     #[logic(open)]
316 |     pub(crate) fn lo(self) -> Int {
    |                   ^^
...
321 |     pub(crate) fn hi(self) -> Int {
    |                   ^^
...
326 |     pub(crate) fn namespace(self) -> Id {
    |                   ^^^^^^^^^
...
331 |     pub(crate) fn capacity(self) -> Int {
    |                   ^^^^^^^^
...
336 |     pub(crate) fn resource_id(self) -> Id {
    |                   ^^^^^^^^^^^
...
341 |     pub(crate) fn slot(self, index: Int) -> Option<Option<u8>> {
    |                   ^^^^
...
370 |     pub(crate) fn split_at(self, at: Int) -> (Self, Self) {
    |                   ^^^^^^^^
...
400 |     pub(crate) fn join(self, other: Self) -> Self {
    |                   ^^^^

warning: function `detach_vec` is never used
   --> src/../../../../src/ownership_proof/raw_vec.rs:435:15
    |
435 | pub(crate) fn detach_vec(
    |               ^^^^^^^^^^

warning: function `resume_vec` is never used
   --> src/../../../../src/ownership_proof/raw_vec.rs:515:22
    |
515 | pub(crate) unsafe fn resume_vec(
    |                      ^^^^^^^^^^

warning: function `deallocate_vec` is never used
   --> src/../../../../src/ownership_proof/raw_vec.rs:551:22
    |
551 | pub(crate) unsafe fn deallocate_vec(
    |                      ^^^^^^^^^^^^^^

warning: function `deallocate_bound_vec` is never used
   --> src/../../../../src/ownership_proof/raw_vec.rs:586:22
    |
586 | pub(crate) unsafe fn deallocate_bound_vec(
    |                      ^^^^^^^^^^^^^^^^^^^^

warning: function `borrow_mut` is never used
   --> src/../../../../src/ownership_proof/raw_vec.rs:635:22
    |
635 | pub(crate) unsafe fn borrow_mut<'a>(
    |                      ^^^^^^^^^^

error: Cannot make `"raw_vec::BoundPtr::pointer"` transparent in `"<raw_vec::BoundPtr as creusot_std::invariant::Invariant>::invariant"` as it would call a less-visible item.
   --> src/../../../../src/ownership_proof/raw_vec.rs:149:13
    |
149 |             self.pointer.invariant() &&
    |             ^^^^^^^^^^^^

warning: `bytes-raw-vec-negative` (lib) generated 24 warnings
error: could not compile `bytes-raw-vec-negative` (lib) due to 1 previous error; 24 warnings emitted
Error: Compilation failed

exit status: 1
