Atomic event: one prover; 1024 MiB; native weak orderings; sc-drf disabled
{"feature": "", "active_sha256": "5a3e53a071d9a499533688b94ac8782bce5a3a9d80de2f4c155ddf07ee50c395", "extension_sha256": "f0ce64c5c13673dabe7efc219e12693f35103dbe5824d37fa697ffa25aac1d40", "native_mir_ready": true}
     Removed 17 files, 8.6MiB total
   Compiling bytes-original-promotable-suffix-promotion v0.1.0 (/workspace/bytes-work/bytes/1.11.1/verification/probes/original-promotable-suffix-promotion-2026-10-09)
warning: unused variable: `vector`
  --> /workspace/bytes-proof-tools/bytes-proof-std/src/std/vec.rs:21:40
   |
21 | pub fn capacity_model<T, A: Allocator>(vector: Vec<T, A>) -> Int {
   |                                        ^^^^^^ help: if this is intentional, prefix it with an underscore: `_vector`
   |
   = note: `#[warn(unused_variables)]` (part of `#[warn(unused)]`) on by default

warning: unused variable: `vector`
  --> /workspace/bytes-proof-tools/bytes-proof-std/src/std/vec.rs:32:36
   |
32 | pub fn base_model<T, A: Allocator>(vector: Vec<T, A>) -> Int {
   |                                    ^^^^^^ help: if this is intentional, prefix it with an underscore: `_vector`

warning: unused variable: `vector`
  --> /workspace/bytes-proof-tools/bytes-proof-std/src/std/vec.rs:42:39
   |
42 | pub fn pointer_model<T, A: Allocator>(vector: Vec<T, A>) -> *mut T {
   |                                       ^^^^^^ help: if this is intentional, prefix it with an underscore: `_vector`

warning: `creusot-std` (lib) generated 3 warnings (run `cargo fix --lib -p creusot-std` to apply 3 suggestions)
warning: unused import: `Real`
 --> src/lib.rs:5:49
  |
5 |     logic::{FMap, Id, Int, real::{PositiveReal, Real}, ra::{RA, excl::Excl}},
  |                                                 ^^^^
  |
  = note: `#[warn(unused_imports)]` (part of `#[warn(unused)]`) on by default

warning: unused imports: `Layout` and `dealloc`
 --> src/public_shared.rs:2:21
  |
2 | use alloc::{alloc::{dealloc,Layout},boxed::Box,vec::Vec};
  |                     ^^^^^^^ ^^^^^^

warning: unused import: `event::ScopedProtocol`
  --> src/public_shared.rs:11:13
   |
11 | use crate::{event::ScopedProtocol,free_effect};
   |             ^^^^^^^^^^^^^^^^^^^^^

warning: unused imports: `Layout` and `dealloc`
 --> src/../generated/active.rs:3:21
  |
3 | use alloc::{alloc::{dealloc,Layout},boxed::Box,vec::Vec};
  |                     ^^^^^^^ ^^^^^^

warning: unused import: `event::ScopedProtocol`
  --> src/../generated/active.rs:13:13
   |
13 | use crate::{event::ScopedProtocol,free_effect,owned_pointer,promotion_tags as tag_specs};
   |             ^^^^^^^^^^^^^^^^^^^^^

warning: unused import: `invariant::Protocol`
  --> src/field_event.rs:13:28
   |
13 |     ghost::{FnGhost, Perm, invariant::Protocol, lifetime_logic::{FullBorrow, LifetimeToken}},
   |                            ^^^^^^^^^^^^^^^^^^^

warning: unused import: `ghost::invariant::Protocol`
  --> src/public_shared.rs:12:19
   |
12 | use creusot_std::{ghost::invariant::Protocol, logic::{FMap,ra::excl::Excl}};
   |                   ^^^^^^^^^^^^^^^^^^^^^^^^^^

error: called non-ghost function `raw_vec::BoundPtr::as_ptr` in ghost context
    --> src/../generated/active.rs:2276:45
     |
2276 |             let _base=scope.descriptor.base.as_ptr();
     |                                             ^^^^^^

error: called non-ghost function `raw_vec::BoundPtr::as_ptr` in ghost context
    --> src/../generated/active.rs:2465:34
     |
2465 |         let base=descriptor.base.as_ptr();
     |                                  ^^^^^^

error: called non-ghost function `raw_vec::BoundPtr::as_ptr` in ghost context
    --> src/../generated/active.rs:2535:34
     |
2535 |         let base=descriptor.base.as_ptr();
     |                                  ^^^^^^

warning: `result` used as a parameter name. It is confusing because it is also the default name of the function's result
   --> src/../generated/active.rs:424:51
    |
424 | fn clone_result(d:RootDescriptor,s:PromotionScope,result:Bytes)->bool {
    |                                                   ^^^^^^
    |
    = note: `#[warn(creusot::result_param)]` on by default

warning: `result` used as a parameter name. It is confusing because it is also the default name of the function's result
   --> src/../generated/active.rs:823:62
    |
823 | fn reclone_result(before:PromotionScope,after:PromotionScope,result:Bytes)->bool {
    |                                                              ^^^^^^

warning: `result` used as a parameter name. It is confusing because it is also the default name of the function's result
    --> src/../generated/active.rs:2316:78
     |
2316 | fn suffix_clone_result(d:RootDescriptor,view:raw_vec::BoundPtr,s:SuffixScope,result:Bytes)->bool {
     |                                                                              ^^^^^^

warning: `bytes-original-promotable-suffix-promotion` (lib) generated 10 warnings
error: could not compile `bytes-original-promotable-suffix-promotion` (lib) due to 3 previous errors; 10 warnings emitted
Error: Compilation failed
