Proof resources: jobs=1, memory=1024 MiB per prover; shared lock held
    Checking itoa-proof v1.0.18 (/workspace/rust-crate-proofs/itoa/1.0.18)
warning: unused macro definition: `signed_write_offset`
   --> src/runtime.rs:160:14
    |
160 | macro_rules! signed_write_offset {
    |              ^^^^^^^^^^^^^^^^^^^
    |
    = note: `#[warn(unused_macros)]` (part of `#[warn(unused)]`) on by default

warning: unused macro definition: `integer_size_write`
   --> src/runtime.rs:262:14
    |
262 | macro_rules! integer_size_write {
    |              ^^^^^^^^^^^^^^^^^^

warning: unused import: `proof_assert`
 --> src/math.rs:1:35
  |
1 | use creusot_std::prelude::{logic, proof_assert, requires, ensures, Int};
  |                                   ^^^^^^^^^^^^
  |
  = note: `#[warn(unused_imports)]` (part of `#[warn(unused)]`) on by default

warning: unused import: `creusot_std::prelude::View`
 --> src/signed_primitive_models.rs:2:5
  |
2 | use creusot_std::prelude::View;
  |     ^^^^^^^^^^^^^^^^^^^^^^^^^^

warning: function `magic_quotient` is never used
 --> src/divmod100.rs:9:4
  |
9 | fn magic_quotient(n: Int) {
  |    ^^^^^^^^^^^^^^
  |
  = note: `#[warn(dead_code)]` (part of `#[warn(unused)]`) on by default

warning: function `divmod100` is never used
  --> src/divmod100.rs:32:15
   |
32 | pub(crate) fn divmod100(value: u32) -> (u32, u32) {
   |               ^^^^^^^^^

warning: struct `DecimalPairs` is never constructed
 --> src/decimal_pairs.rs:5:19
  |
5 | pub(crate) struct DecimalPairs(pub(crate) [u8; 200]);
  |                   ^^^^^^^^^^^^

warning: constant `DECIMAL_PAIRS` is never used
  --> src/decimal_pairs.rs:61:18
   |
61 | pub(crate) const DECIMAL_PAIRS: DecimalPairs = decimal_pairs_scalar!();
   |                  ^^^^^^^^^^^^^

warning: function `decimal_pair_correct` is never used
  --> src/decimal_pairs.rs:71:15
   |
71 | pub(crate) fn decimal_pair_correct(n: u32) -> (u8, u8) {
   |               ^^^^^^^^^^^^^^^^^^^^

warning: constant `D` is never used
  --> src/runtime.rs:46:7
   |
46 | const D: u128 = 1_0000_0000_0000_0000;
   |       ^

warning: constant `M_HIGH` is never used
  --> src/runtime.rs:47:7
   |
47 | const M_HIGH: u128 = 76624777043294442917917351357515459181;
   |       ^^^^^^

warning: constant `SH_POST` is never used
  --> src/runtime.rs:48:7
   |
48 | const SH_POST: u8 = 51;
   |       ^^^^^^^

warning: function `shift_by_51` is never used
  --> src/runtime.rs:55:4
   |
55 | fn shift_by_51(n: u128) -> u128 {
   |    ^^^^^^^^^^^

warning: function `magic_quotient` is never used
  --> src/runtime.rs:63:4
   |
63 | fn magic_quotient(n: u128) -> u128 {
   |    ^^^^^^^^^^^^^^

warning: struct `Buffer` is never constructed
  --> src/runtime.rs:95:12
   |
95 | pub struct Buffer {
   |            ^^^^^^

warning: associated function `new` is never used
   --> src/runtime.rs:121:12
    |
116 | impl Buffer {
    | ----------- associated function in this implementation
...
121 |     pub fn new() -> Buffer {
    |            ^^^

warning: trait `Integer` is never used
   --> src/runtime.rs:143:11
    |
143 | pub trait Integer: private::Sealed {
    |           ^^^^^^^

warning: function `cast_usize_to_u64` is never used
   --> src/runtime.rs:281:4
    |
281 | fn cast_usize_to_u64(value: usize) -> u64 {
    |    ^^^^^^^^^^^^^^^^^

warning: function `cast_isize_to_i64` is never used
   --> src/runtime.rs:290:4
    |
290 | fn cast_isize_to_i64(value: isize) -> i64 {
    |    ^^^^^^^^^^^^^^^^^

warning: function `fmt_usize_via_u64` is never used
   --> src/runtime.rs:303:4
    |
303 | fn fmt_usize_via_u64(
    |    ^^^^^^^^^^^^^^^^^

warning: function `fmt_isize_via_i64` is never used
   --> src/runtime.rs:322:4
    |
322 | fn fmt_isize_via_i64(
    |    ^^^^^^^^^^^^^^^^^

warning: function `write_decimal_digit` is never used
   --> src/runtime.rs:379:4
    |
379 | fn write_decimal_digit(buf: &mut [MaybeUninit<u8>], index: usize, digit: u8) {
    |    ^^^^^^^^^^^^^^^^^^^

warning: function `write_decimal_pair` is never used
   --> src/runtime.rs:407:4
    |
407 | fn write_decimal_pair(buf: &mut [MaybeUninit<u8>], index: usize, pair: u32) {
    |    ^^^^^^^^^^^^^^^^^^

warning: function `write_decimal_quad` is never used
   --> src/runtime.rs:485:4
    |
485 | fn write_decimal_quad(buf: &mut [MaybeUninit<u8>], index: usize, pair1: u32, pair2: u32) {
    |    ^^^^^^^^^^^^^^^^^^

warning: trait `Unsigned` is never used
   --> src/runtime.rs:567:7
    |
567 | trait Unsigned: Integer {
    |       ^^^^^^^^

warning: function `check_u16_fmt_call_site` is never used
   --> src/runtime.rs:887:4
    |
887 | fn check_u16_fmt_call_site(n: u16) {
    |    ^^^^^^^^^^^^^^^^^^^^^^^

warning: function `div_rem_1e16` is never used
    --> src/runtime.rs:1334:4
     |
1334 | fn div_rem_1e16(n: u128) -> (u128, u64) {
     |    ^^^^^^^^^^^^

warning: function `write_u128_suffix_i128` is never used
    --> src/runtime.rs:1391:4
     |
1391 | fn write_u128_suffix_i128(value: u128, buf: &mut [MaybeUninit<u8>; 40]) -> usize {
     |    ^^^^^^^^^^^^^^^^^^^^^^

warning: function `write_u8_suffix_i8` is never used
    --> src/runtime.rs:1510:4
     |
1510 | fn write_u8_suffix_i8(value: u8, buf: &mut [MaybeUninit<u8>; 4]) -> usize {
     |    ^^^^^^^^^^^^^^^^^^

warning: function `signed_write_i8` is never used
    --> src/runtime.rs:1620:4
     |
1620 | fn signed_write_i8(value: i8, buf: &mut [MaybeUninit<u8>; 4]) -> usize {
     |    ^^^^^^^^^^^^^^^

warning: function `check_signed_i8_write` is never used
    --> src/runtime.rs:1638:4
     |
1638 | fn check_signed_i8_write(value: i8) {
     |    ^^^^^^^^^^^^^^^^^^^^^

warning: function `write_u16_suffix_i16` is never used
    --> src/runtime.rs:1824:33
     |
1824 |     i16, u16, signed_write_i16, write_u16_suffix_i16, check_signed_i16_write,
     |                                 ^^^^^^^^^^^^^^^^^^^^
     |
     = note: this warning originates in the macro `impl_small_signed_formatter` (in Nightly builds, run with -Z macro-backtrace for more info)

warning: function `signed_write_i16` is never used
    --> src/runtime.rs:1824:15
     |
1824 |     i16, u16, signed_write_i16, write_u16_suffix_i16, check_signed_i16_write,
     |               ^^^^^^^^^^^^^^^^
     |
     = note: this warning originates in the macro `impl_small_signed_formatter` (in Nightly builds, run with -Z macro-backtrace for more info)

warning: function `check_signed_i16_write` is never used
    --> src/runtime.rs:1824:55
     |
1824 |     i16, u16, signed_write_i16, write_u16_suffix_i16, check_signed_i16_write,
     |                                                       ^^^^^^^^^^^^^^^^^^^^^^
     |
     = note: this warning originates in the macro `impl_small_signed_formatter` (in Nightly builds, run with -Z macro-backtrace for more info)

warning: function `write_u32_suffix_i32` is never used
    --> src/runtime.rs:1829:33
     |
1829 |     i32, u32, signed_write_i32, write_u32_suffix_i32, check_signed_i32_write,
     |                                 ^^^^^^^^^^^^^^^^^^^^
     |
     = note: this warning originates in the macro `impl_small_signed_formatter` (in Nightly builds, run with -Z macro-backtrace for more info)

warning: function `signed_write_i32` is never used
    --> src/runtime.rs:1829:15
     |
1829 |     i32, u32, signed_write_i32, write_u32_suffix_i32, check_signed_i32_write,
     |               ^^^^^^^^^^^^^^^^
     |
     = note: this warning originates in the macro `impl_small_signed_formatter` (in Nightly builds, run with -Z macro-backtrace for more info)

warning: function `check_signed_i32_write` is never used
    --> src/runtime.rs:1829:55
     |
1829 |     i32, u32, signed_write_i32, write_u32_suffix_i32, check_signed_i32_write,
     |                                                       ^^^^^^^^^^^^^^^^^^^^^^
     |
     = note: this warning originates in the macro `impl_small_signed_formatter` (in Nightly builds, run with -Z macro-backtrace for more info)

warning: function `write_u64_suffix_i64` is never used
    --> src/runtime.rs:1834:33
     |
1834 |     i64, u64, signed_write_i64, write_u64_suffix_i64, check_signed_i64_write,
     |                                 ^^^^^^^^^^^^^^^^^^^^
     |
     = note: this warning originates in the macro `impl_small_signed_formatter` (in Nightly builds, run with -Z macro-backtrace for more info)

warning: function `signed_write_i64` is never used
    --> src/runtime.rs:1834:15
     |
1834 |     i64, u64, signed_write_i64, write_u64_suffix_i64, check_signed_i64_write,
     |               ^^^^^^^^^^^^^^^^
     |
     = note: this warning originates in the macro `impl_small_signed_formatter` (in Nightly builds, run with -Z macro-backtrace for more info)

warning: function `check_signed_i64_write` is never used
    --> src/runtime.rs:1834:55
     |
1834 |     i64, u64, signed_write_i64, write_u64_suffix_i64, check_signed_i64_write,
     |                                                       ^^^^^^^^^^^^^^^^^^^^^^
     |
     = note: this warning originates in the macro `impl_small_signed_formatter` (in Nightly builds, run with -Z macro-backtrace for more info)

warning: function `signed_write_i128` is never used
    --> src/runtime.rs:1849:4
     |
1849 | fn signed_write_i128(value: i128, buf: &mut [MaybeUninit<u8>; 40]) -> usize {
     |    ^^^^^^^^^^^^^^^^^

warning: function `i128_min_formatted_output_witness` is never used
    --> src/runtime.rs:1863:4
     |
1863 | fn i128_min_formatted_output_witness() -> [MaybeUninit<u8>; 40] {
     |    ^^^^^^^^^^^^^^^^^^^^^^^^^^^^^^^^^

warning: function `power_two_sum` is never used
  --> src/u128_ext.rs:12:15
   |
12 | pub(super) fn power_two_sum(a: Int, b: Int) {}
   |               ^^^^^^^^^^^^^

warning: function `limb_base_square` is never used
  --> src/u128_ext.rs:17:4
   |
17 | fn limb_base_square() {
   |    ^^^^^^^^^^^^^^^^

warning: function `euclidean_u128_half_bound` is never used
  --> src/u128_ext.rs:26:4
   |
26 | fn euclidean_u128_half_bound(n: Int) {
   |    ^^^^^^^^^^^^^^^^^^^^^^^^^

warning: function `exact_floor_from_split` is never used
  --> src/u128_ext.rs:45:15
   |
45 | pub(super) fn exact_floor_from_split(n: Int, q: Int, r: Int, d: Int) -> Int {
   |               ^^^^^^^^^^^^^^^^^^^^^^

warning: function `split_u128_at_64` is never used
  --> src/u128_ext.rs:59:4
   |
59 | fn split_u128_at_64(n: Int, hi: Int, lo: Int) -> Int {
   |    ^^^^^^^^^^^^^^^^

warning: function `mulhi_limb_reconstruction` is never used
  --> src/u128_ext.rs:76:4
   |
76 | fn mulhi_limb_reconstruction(
   |    ^^^^^^^^^^^^^^^^^^^^^^^^^

warning: function `u128_halves` is never used
   --> src/u128_ext.rs:112:15
    |
112 | pub(crate) fn u128_halves(n: u128) -> (u64, u64) {
    |               ^^^^^^^^^^^

warning: function `cross_product_plus_carry` is never used
   --> src/u128_ext.rs:121:4
    |
121 | fn cross_product_plus_carry(x_lo: u64, y_hi: u64, carry: u128) -> u128 {
    |    ^^^^^^^^^^^^^^^^^^^^^^^^

warning: function `final_accumulation` is never used
   --> src/u128_ext.rs:154:4
    |
154 | fn final_accumulation(x_hi: u64, y_hi: u64, high1: u64, high2: u64) -> u128 {
    |    ^^^^^^^^^^^^^^^^^^

warning: function `limb_product_fits` is never used
   --> src/u128_ext.rs:181:4
    |
181 | fn limb_product_fits(a: Int, b: Int) {
    |    ^^^^^^^^^^^^^^^^^

warning: function `limb_at_most_max` is never used
   --> src/u128_ext.rs:197:4
    |
197 | fn limb_at_most_max(x: Int) {
    |    ^^^^^^^^^^^^^^^^

warning: function `quotient_half_fits` is never used
   --> src/u128_ext.rs:207:4
    |
207 | fn quotient_half_fits(n: Int) {
    |    ^^^^^^^^^^^^^^^^^^

warning: function `cross_product_plus_carry_fits` is never used
   --> src/u128_ext.rs:227:4
    |
227 | fn cross_product_plus_carry_fits(x_lo: Int, y_lo: Int, y_hi: Int) {
    |    ^^^^^^^^^^^^^^^^^^^^^^^^^^^^^

warning: function `limb_product_plus_limb_fits` is never used
   --> src/u128_ext.rs:249:4
    |
249 | fn limb_product_plus_limb_fits(a: Int, b: Int, c: Int) {
    |    ^^^^^^^^^^^^^^^^^^^^^^^^^^^

warning: function `limb_product_plus_two_limbs_fits` is never used
   --> src/u128_ext.rs:267:4
    |
267 | fn limb_product_plus_two_limbs_fits(a: Int, b: Int, c: Int, d: Int) {
    |    ^^^^^^^^^^^^^^^^^^^^^^^^^^^^^^^^

warning: function `mulhi_product_congruence` is never used
   --> src/u128_ext.rs:281:4
    |
281 | fn mulhi_product_congruence(x: Int, y: Int, a: Int, b: Int) -> Int {
    |    ^^^^^^^^^^^^^^^^^^^^^^^^

warning: function `mulhi_product_expansion` is never used
   --> src/u128_ext.rs:293:4
    |
293 | fn mulhi_product_expansion(x_hi: Int, x_lo: Int, y_hi: Int, y_lo: Int) -> Int {
    |    ^^^^^^^^^^^^^^^^^^^^^^^

warning: function `mulhi_core` is never used
   --> src/u128_ext.rs:309:4
    |
309 | fn mulhi_core(x: u128, y: u128) -> u128 {
    |    ^^^^^^^^^^

warning: function `mulhi` is never used
   --> src/u128_ext.rs:542:15
    |
542 | pub(crate) fn mulhi(x: u128, y: u128) -> u128 {
    |               ^^^^^

warning: function `shift_by_64_actual` is never used
   --> src/u128_ext.rs:550:15
    |
550 | pub(crate) fn shift_by_64_actual(n: u128) -> u128 {
    |               ^^^^^^^^^^^^^^^^^^

warning: function `positive_multiplication_monotone` is never used
   --> src/u128_ext.rs:558:4
    |
558 | fn positive_multiplication_monotone(x: Int, y: Int, z: Int) {
    |    ^^^^^^^^^^^^^^^^^^^^^^^^^^^^^^^^

warning: function `quotient_equal_from_remainders` is never used
   --> src/u128_ext.rs:570:4
    |
570 | fn quotient_equal_from_remainders(n: Int, d: Int, q: Int, r: Int, qe: Int, re: Int) {
    |    ^^^^^^^^^^^^^^^^^^^^^^^^^^^^^^

warning: function `computer_division_euclidean_compat` is never used
   --> src/u128_ext.rs:595:4
    |
595 | fn computer_division_euclidean_compat(n: Int, d: Int) {
    |    ^^^^^^^^^^^^^^^^^^^^^^^^^^^^^^^^^^

warning: function `computer_division_matches_shift64` is never used
   --> src/u128_ext.rs:617:15
    |
617 | pub(super) fn computer_division_matches_shift64(n: Int) -> bool {
    |               ^^^^^^^^^^^^^^^^^^^^^^^^^^^^^^^^^

warning: function `computer_division_matches_shift51` is never used
   --> src/u128_ext.rs:629:15
    |
629 | pub(super) fn computer_division_matches_shift51(n: Int) -> bool {
    |               ^^^^^^^^^^^^^^^^^^^^^^^^^^^^^^^^^

warning: trait `Sealed` is never used
   --> src/runtime.rs:152:15
    |
152 |     pub trait Sealed: Copy {
    |               ^^^^^^

warning: function `write_decimal_quad` is never used
   --> src/enc_16lsd.rs:451:4
    |
451 | fn write_decimal_quad<const OFFSET: usize>(
    |    ^^^^^^^^^^^^^^^^^^

warning: function `enc_16lsd` is never used
   --> src/enc_16lsd.rs:537:15
    |
537 | pub(crate) fn enc_16lsd<const OFFSET: usize>(buf: &mut [MaybeUninit<u8>], n: u64) {
    |               ^^^^^^^^^

warning: function `power_of_ten_unfold_local` is never used
  --> src/enc_16lsd.rs:26:4
   |
26 | fn power_of_ten_unfold_local(exponent: Int) {}
   |    ^^^^^^^^^^^^^^^^^^^^^^^^^

warning: function `power_of_ten_split_4` is never used
  --> src/enc_16lsd.rs:31:4
   |
31 | fn power_of_ten_split_4(width: Int) {
   |    ^^^^^^^^^^^^^^^^^^^^

warning: function `power_of_ten_4` is never used
  --> src/enc_16lsd.rs:40:4
   |
40 | fn power_of_ten_4() {
   |    ^^^^^^^^^^^^^^

warning: function `power_of_ten_16` is never used
  --> src/enc_16lsd.rs:51:4
   |
51 | fn power_of_ten_16() {
   |    ^^^^^^^^^^^^^^^

warning: function `remainder_10_000_nonnegative` is never used
  --> src/enc_16lsd.rs:63:4
   |
63 | fn remainder_10_000_nonnegative(n: Int) {}
   |    ^^^^^^^^^^^^^^^^^^^^^^^^^^^^

warning: function `fixed_width_decimal_values_unfold_local` is never used
  --> src/enc_16lsd.rs:74:4
   |
74 | fn fixed_width_decimal_values_unfold_local(n: Int, width: Int) {}
   |    ^^^^^^^^^^^^^^^^^^^^^^^^^^^^^^^^^^^^^^^

warning: function `decimal_values_unfold_local` is never used
  --> src/enc_16lsd.rs:83:4
   |
83 | fn decimal_values_unfold_local(n: Int) {}
   |    ^^^^^^^^^^^^^^^^^^^^^^^^^^^

warning: function `decimal_values_one_digit_local` is never used
  --> src/enc_16lsd.rs:88:4
   |
88 | fn decimal_values_one_digit_local(n: Int) {
   |    ^^^^^^^^^^^^^^^^^^^^^^^^^^^^^^

warning: function `fixed_width_decimal_values_expand_4` is never used
  --> src/enc_16lsd.rs:99:4
   |
99 | fn fixed_width_decimal_values_expand_4(n: Int) {
   |    ^^^^^^^^^^^^^^^^^^^^^^^^^^^^^^^^^^^

warning: function `concat_singleton_local` is never used
   --> src/enc_16lsd.rs:120:4
    |
120 | fn concat_singleton_local(a: Seq<Int>, x: Int) {}
    |    ^^^^^^^^^^^^^^^^^^^^^^

warning: function `concat_push_back_local` is never used
   --> src/enc_16lsd.rs:124:4
    |
124 | fn concat_push_back_local(a: Seq<Int>, b: Seq<Int>, x: Int) {}
    |    ^^^^^^^^^^^^^^^^^^^^^^

warning: function `fixed_width_decimal_values_runtime_quad_digits` is never used
   --> src/enc_16lsd.rs:141:15
    |
141 | pub(crate) fn fixed_width_decimal_values_runtime_quad_digits(
    |               ^^^^^^^^^^^^^^^^^^^^^^^^^^^^^^^^^^^^^^^^^^^^^^

warning: function `fixed_width_decimal_values_split_4` is never used
   --> src/enc_16lsd.rs:199:4
    |
199 | fn fixed_width_decimal_values_split_4(n: Int, width: Int) {
    |    ^^^^^^^^^^^^^^^^^^^^^^^^^^^^^^^^^^

warning: function `fixed_width_decimal_values_split_16` is never used
   --> src/enc_16lsd.rs:294:4
    |
294 | fn fixed_width_decimal_values_split_16(n: Int) {
    |    ^^^^^^^^^^^^^^^^^^^^^^^^^^^^^^^^^^^

warning: function `fixed_width_decimal_values_len_4_local` is never used
   --> src/enc_16lsd.rs:309:4
    |
309 | fn fixed_width_decimal_values_len_4_local(n: Int) {
    |    ^^^^^^^^^^^^^^^^^^^^^^^^^^^^^^^^^^^^^^

warning: function `concat_four_get_second` is never used
   --> src/enc_16lsd.rs:337:4
    |
337 | fn concat_four_get_second(a: Seq<Int>, b: Seq<Int>, c: Seq<Int>, d: Seq<Int>) {
    |    ^^^^^^^^^^^^^^^^^^^^^^

warning: function `concat_four_get_third` is never used
   --> src/enc_16lsd.rs:354:4
    |
354 | fn concat_four_get_third(a: Seq<Int>, b: Seq<Int>, c: Seq<Int>, d: Seq<Int>) {
    |    ^^^^^^^^^^^^^^^^^^^^^

warning: function `fixed_width_decimal_values_chunk_16` is never used
   --> src/enc_16lsd.rs:383:15
    |
383 | pub(crate) fn fixed_width_decimal_values_chunk_16(n: Int, quad_index: Int) {
    |               ^^^^^^^^^^^^^^^^^^^^^^^^^^^^^^^^^^^

warning: function `power_two_sum` is never used
 --> src/math.rs:6:4
  |
6 | fn power_two_sum(a: Int, b: Int) {}
  |    ^^^^^^^^^^^^^

warning: function `pow2_179_decomposition` is never used
  --> src/math.rs:10:4
   |
10 | fn pow2_179_decomposition() {
   |    ^^^^^^^^^^^^^^^^^^^^^^

warning: function `pow2_128_decomposition` is never used
  --> src/math.rs:18:4
   |
18 | fn pow2_128_decomposition() {
   |    ^^^^^^^^^^^^^^^^^^^^^^

warning: function `magic_multiplier_identity` is never used
  --> src/math.rs:28:4
   |
28 | fn magic_multiplier_identity() {
   |    ^^^^^^^^^^^^^^^^^^^^^^^^^

warning: function `magic_division_floor` is never used
  --> src/math.rs:44:4
   |
44 | fn magic_division_floor(n: Int) {
   |    ^^^^^^^^^^^^^^^^^^^^

warning: function `exact_floor_from_split` is never used
  --> src/math.rs:77:15
   |
77 | pub(crate) fn exact_floor_from_split(n: Int, q: Int, r: Int, d: Int) {
   |               ^^^^^^^^^^^^^^^^^^^^^^

warning: function `euclidean_div_mod` is never used
  --> src/math.rs:87:15
   |
87 | pub(crate) fn euclidean_div_mod(n: Int, d: Int) {
   |               ^^^^^^^^^^^^^^^^^

warning: function `nested_floor` is never used
  --> src/math.rs:97:4
   |
97 | fn nested_floor(n: Int, p: Int, s: Int) {
   |    ^^^^^^^^^^^^

warning: function `magic_shift_floor` is never used
   --> src/math.rs:120:15
    |
120 | pub(crate) fn magic_shift_floor(n: Int, high: Int, q: Int) -> Int {
    |               ^^^^^^^^^^^^^^^^^

warning: function `logical_slot_bytes` is never used
  --> src/verification.rs:30:8
   |
30 | pub fn logical_slot_bytes(slots: Seq<MaybeUninit<u8>>) -> Seq<Int> {
   |        ^^^^^^^^^^^^^^^^^^

warning: function `logical_slot_states` is never used
  --> src/verification.rs:47:15
   |
47 | pub(crate) fn logical_slot_states(slots: Seq<MaybeUninit<u8>>) -> Seq<Int> {
   |               ^^^^^^^^^^^^^^^^^^^

warning: function `logical_slot_bytes_equal_states_initialized` is never used
  --> src/verification.rs:62:15
   |
62 | pub(crate) fn logical_slot_bytes_equal_states_initialized(
   |               ^^^^^^^^^^^^^^^^^^^^^^^^^^^^^^^^^^^^^^^^^^^

warning: function `logical_slot_states_subsequence` is never used
  --> src/verification.rs:75:15
   |
75 | pub(crate) fn logical_slot_states_subsequence(
   |               ^^^^^^^^^^^^^^^^^^^^^^^^^^^^^^^

warning: function `range_from_prefix_raw_frame` is never used
   --> src/verification.rs:100:15
    |
100 | pub(crate) fn range_from_prefix_raw_frame(
    |               ^^^^^^^^^^^^^^^^^^^^^^^^^^^

warning: function `initialized_slot_suffix_non_sentinel` is never used
   --> src/verification.rs:123:15
    |
123 | pub(crate) fn initialized_slot_suffix_non_sentinel(
    |               ^^^^^^^^^^^^^^^^^^^^^^^^^^^^^^^^^^^^

warning: function `logical_slot_states_suffix_initialized` is never used
   --> src/verification.rs:137:15
    |
137 | pub(crate) fn logical_slot_states_suffix_initialized(
    |               ^^^^^^^^^^^^^^^^^^^^^^^^^^^^^^^^^^^^^^

warning: function `range_from_initialized_suffix_projection` is never used
   --> src/verification.rs:154:15
    |
154 | pub(crate) fn range_from_initialized_suffix_projection(
    |               ^^^^^^^^^^^^^^^^^^^^^^^^^^^^^^^^^^^^^^^^

warning: function `logical_slot_bytes_subsequence` is never used
   --> src/verification.rs:178:8
    |
178 | pub fn logical_slot_bytes_subsequence(
    |        ^^^^^^^^^^^^^^^^^^^^^^^^^^^^^^

warning: function `logical_slot_bytes_initialized_range` is never used
   --> src/verification.rs:201:15
    |
201 | pub(crate) fn logical_slot_bytes_initialized_range(
    |               ^^^^^^^^^^^^^^^^^^^^^^^^^^^^^^^^^^^^

warning: function `logical_slot_bytes_split` is never used
   --> src/verification.rs:220:8
    |
220 | pub fn logical_slot_bytes_split(
    |        ^^^^^^^^^^^^^^^^^^^^^^^^

warning: function `sequence_subsequence_split` is never used
   --> src/verification.rs:237:8
    |
237 | pub fn sequence_subsequence_split(
    |        ^^^^^^^^^^^^^^^^^^^^^^^^^^

warning: function `concat_two_get_digits` is never used
   --> src/verification.rs:263:8
    |
263 | pub fn concat_two_get_digits(a: Seq<Int>, b: Seq<Int>) {
    |        ^^^^^^^^^^^^^^^^^^^^^

warning: function `masked_decimal_digit` is never used
   --> src/verification.rs:283:15
    |
283 | pub(crate) fn masked_decimal_digit(d: u8) -> u8 {
    |               ^^^^^^^^^^^^^^^^^^^^

warning: function `i64_signed_decimal_capacity` is never used
   --> src/verification.rs:389:15
    |
389 | pub(crate) fn i64_signed_decimal_capacity(n: Int) {
    |               ^^^^^^^^^^^^^^^^^^^^^^^^^^^

warning: function `decimal_values_ascii` is never used
   --> src/verification.rs:563:15
    |
563 | pub(crate) fn decimal_values_ascii(n: Int) {
    |               ^^^^^^^^^^^^^^^^^^^^

warning: function `signed_decimal_values_ascii` is never used
   --> src/verification.rs:592:15
    |
592 | pub(crate) fn signed_decimal_values_ascii(n: Int) {
    |               ^^^^^^^^^^^^^^^^^^^^^^^^^^^

warning: function `integer_decimal_values_ascii` is never used
   --> src/verification.rs:615:15
    |
615 | pub(crate) fn integer_decimal_values_ascii<I: Integer>(value: I) {
    |               ^^^^^^^^^^^^^^^^^^^^^^^^^^^^

warning: function `decimal_values_len_u8` is never used
   --> src/verification.rs:672:28
    |
672 | unsigned_decimal_capacity!(decimal_values_len_u8, u8, 3; 3, 2, 1, 0);
    |                            ^^^^^^^^^^^^^^^^^^^^^
    |
    = note: this warning originates in the macro `unsigned_decimal_capacity` (in Nightly builds, run with -Z macro-backtrace for more info)

warning: function `decimal_values_len_u16` is never used
   --> src/verification.rs:673:28
    |
673 | unsigned_decimal_capacity!(decimal_values_len_u16, u16, 5; 5, 4, 3, 2, 1, 0);
    |                            ^^^^^^^^^^^^^^^^^^^^^^
    |
    = note: this warning originates in the macro `unsigned_decimal_capacity` (in Nightly builds, run with -Z macro-backtrace for more info)

warning: function `decimal_values_len_u32` is never used
   --> src/verification.rs:674:28
    |
674 | unsigned_decimal_capacity!(decimal_values_len_u32, u32, 10; 10, 9, 8, 7, 6, 5, 4, 3, 2, 1, 0);
    |                            ^^^^^^^^^^^^^^^^^^^^^^
    |
    = note: this warning originates in the macro `unsigned_decimal_capacity` (in Nightly builds, run with -Z macro-backtrace for more info)

warning: function `decimal_values_len_u64` is never used
   --> src/verification.rs:675:28
    |
675 | unsigned_decimal_capacity!(decimal_values_len_u64, u64, 20;
    |                            ^^^^^^^^^^^^^^^^^^^^^^
    |
    = note: this warning originates in the macro `unsigned_decimal_capacity` (in Nightly builds, run with -Z macro-backtrace for more info)

warning: function `decimal_values_len_u128` is never used
   --> src/verification.rs:682:15
    |
682 | pub(crate) fn decimal_values_len_u128(n: u128) {
    |               ^^^^^^^^^^^^^^^^^^^^^^^

warning: function `fixed_width_decimal_values` is never used
   --> src/verification.rs:938:8
    |
938 | pub fn fixed_width_decimal_values(n: Int, width: Int) -> Seq<Int> {
    |        ^^^^^^^^^^^^^^^^^^^^^^^^^^

warning: function `fixed_width_decimal_values_unfold` is never used
   --> src/verification.rs:954:4
    |
954 | fn fixed_width_decimal_values_unfold(n: Int, width: Int) {}
    |    ^^^^^^^^^^^^^^^^^^^^^^^^^^^^^^^^^

warning: function `decimal_values_one_digit_len` is never used
   --> src/verification.rs:959:4
    |
959 | fn decimal_values_one_digit_len(n: Int) {
    |    ^^^^^^^^^^^^^^^^^^^^^^^^^^^^

warning: function `decimal_values_len_at_least_one` is never used
   --> src/verification.rs:967:15
    |
967 | pub(crate) fn decimal_values_len_at_least_one(n: Int) {
    |               ^^^^^^^^^^^^^^^^^^^^^^^^^^^^^^^

warning: function `decimal_values_len_ge_2` is never used
   --> src/verification.rs:980:15
    |
980 | pub(crate) fn decimal_values_len_ge_2(n: Int) {
    |               ^^^^^^^^^^^^^^^^^^^^^^^

warning: function `decimal_seq_snoc_singleton` is never used
   --> src/verification.rs:989:4
    |
989 | fn decimal_seq_snoc_singleton(s: Seq<Int>, value: Int) {}
    |    ^^^^^^^^^^^^^^^^^^^^^^^^^^

warning: function `decimal_seq_concat_snoc` is never used
   --> src/verification.rs:993:4
    |
993 | fn decimal_seq_concat_snoc(s: Seq<Int>, t: Seq<Int>, value: Int) {}
    |    ^^^^^^^^^^^^^^^^^^^^^^^

warning: function `decimal_seq_concat_assoc` is never used
   --> src/verification.rs:997:15
    |
997 | pub(crate) fn decimal_seq_concat_assoc(s: Seq<Int>, t: Seq<Int>, u: Seq<Int>) {}
    |               ^^^^^^^^^^^^^^^^^^^^^^^^

warning: function `decimal_values_len_ge_4` is never used
    --> src/verification.rs:1003:15
     |
1003 | pub(crate) fn decimal_values_len_ge_4(n: Int) {
     |               ^^^^^^^^^^^^^^^^^^^^^^^

warning: function `fixed_width_decimal_values_len` is never used
    --> src/verification.rs:1022:15
     |
1022 | pub(crate) fn fixed_width_decimal_values_len(n: Int, width: Int) {
     |               ^^^^^^^^^^^^^^^^^^^^^^^^^^^^^^

warning: function `fixed_width_decimal_values_pair` is never used
    --> src/verification.rs:1046:15
     |
1046 | pub(crate) fn fixed_width_decimal_values_pair(pair: Int) {
     |               ^^^^^^^^^^^^^^^^^^^^^^^^^^^^^^^

warning: function `fixed_width_decimal_values_2_is_decimal` is never used
    --> src/verification.rs:1062:15
     |
1062 | pub(crate) fn fixed_width_decimal_values_2_is_decimal(n: Int) {
     |               ^^^^^^^^^^^^^^^^^^^^^^^^^^^^^^^^^^^^^^^

warning: function `decimal_values_compose_1x2` is never used
    --> src/verification.rs:1077:15
     |
1077 | pub(crate) fn decimal_values_compose_1x2(n: Int) {
     |               ^^^^^^^^^^^^^^^^^^^^^^^^^^

warning: function `decimal_quad_split_digits` is never used
    --> src/verification.rs:1102:15
     |
1102 | pub(crate) fn decimal_quad_split_digits(quad: Int) {
     |               ^^^^^^^^^^^^^^^^^^^^^^^^^

warning: function `fixed_width_decimal_values_compose_2x2` is never used
    --> src/verification.rs:1119:15
     |
1119 | pub(crate) fn fixed_width_decimal_values_compose_2x2(quad: Int) {
     |               ^^^^^^^^^^^^^^^^^^^^^^^^^^^^^^^^^^^^^^

warning: function `decimal_values_split_4` is never used
    --> src/verification.rs:1156:15
     |
1156 | pub(crate) fn decimal_values_split_4(n: Int) {
     |               ^^^^^^^^^^^^^^^^^^^^^^

warning: function `power_of_ten_positive` is never used
    --> src/verification.rs:1221:15
     |
1221 | pub(crate) fn power_of_ten_positive(exponent: Int) {
     |               ^^^^^^^^^^^^^^^^^^^^^

warning: function `power_of_ten_add` is never used
    --> src/verification.rs:1240:15
     |
1240 | pub(crate) fn power_of_ten_add(a: Int, b: Int) {
     |               ^^^^^^^^^^^^^^^^

warning: function `euclidean_mul_add` is never used
    --> src/verification.rs:1268:15
     |
1268 | pub(crate) fn euclidean_mul_add(high: Int, base: Int, rem: Int) {
     |               ^^^^^^^^^^^^^^^^^

warning: function `decimal_division_split_10` is never used
    --> src/verification.rs:1282:15
     |
1282 | pub(crate) fn decimal_division_split_10(
     |               ^^^^^^^^^^^^^^^^^^^^^^^^^

warning: function `fixed_width_decimal_values_split_width` is never used
    --> src/verification.rs:1311:15
     |
1311 | pub(crate) fn fixed_width_decimal_values_split_width(
     |               ^^^^^^^^^^^^^^^^^^^^^^^^^^^^^^^^^^^^^^

warning: function `decimal_values_split_width` is never used
    --> src/verification.rs:1387:15
     |
1387 | pub(crate) fn decimal_values_split_width(n: Int, width: Int) {
     |               ^^^^^^^^^^^^^^^^^^^^^^^^^^

warning: function `power_of_ten_16` is never used
    --> src/verification.rs:1459:15
     |
1459 | pub(crate) fn power_of_ten_16() {
     |               ^^^^^^^^^^^^^^^

warning: function `decimal_values_split_16` is never used
    --> src/verification.rs:1492:15
     |
1492 | pub(crate) fn decimal_values_split_16(n: Int) {
     |               ^^^^^^^^^^^^^^^^^^^^^^^

warning: function `fixed_width_decimal_values_split_16x16` is never used
    --> src/verification.rs:1507:15
     |
1507 | pub(crate) fn fixed_width_decimal_values_split_16x16(n: Int) {
     |               ^^^^^^^^^^^^^^^^^^^^^^^^^^^^^^^^^^^^^^

warning: function `decimal_values_compose_16` is never used
    --> src/verification.rs:1522:15
     |
1522 | pub(crate) fn decimal_values_compose_16(high: Int, low: Int) {
     |               ^^^^^^^^^^^^^^^^^^^^^^^^^

warning: function `decimal_values_compose_16x2` is never used
    --> src/verification.rs:1543:15
     |
1543 | pub(crate) fn decimal_values_compose_16x2(top: Int, middle: Int, low: Int) {
     |               ^^^^^^^^^^^^^^^^^^^^^^^^^^^

warning: function `decimal_values_len_ge_39` is never used
    --> src/verification.rs:1559:15
     |
1559 | pub(crate) fn decimal_values_len_ge_39(n: Int) {
     |               ^^^^^^^^^^^^^^^^^^^^^^^^

warning: function `decimal_values_len_ge_7` is never used
    --> src/verification.rs:1606:15
     |
1606 | pub(crate) fn decimal_values_len_ge_7(n: Int) {
     |               ^^^^^^^^^^^^^^^^^^^^^^^

warning: function `i128_min_magnitude_model` is never used
    --> src/verification.rs:1616:15
     |
1616 | pub(crate) fn i128_min_magnitude_model() -> Int {
     |               ^^^^^^^^^^^^^^^^^^^^^^^^

warning: function `i128_min_unsigned_magnitude` is never used
    --> src/verification.rs:1621:15
     |
1621 | pub(crate) fn i128_min_unsigned_magnitude() -> u128 {
     |               ^^^^^^^^^^^^^^^^^^^^^^^^^^^

warning: function `i128_min_unsigned_decimal_len` is never used
    --> src/verification.rs:1631:15
     |
1631 | pub(crate) fn i128_min_unsigned_decimal_len() -> u128 {
     |               ^^^^^^^^^^^^^^^^^^^^^^^^^^^^^

warning: function `i128_min_signed_decimal_model` is never used
    --> src/verification.rs:1691:15
     |
1691 | pub(crate) fn i128_min_signed_decimal_model() {
     |               ^^^^^^^^^^^^^^^^^^^^^^^^^^^^^

warning: `itoa-proof` (lib) generated 153 warnings (run `cargo fix --lib -p itoa-proof` to apply 2 suggestions)
    Finished `dev` profile [unoptimized + debuginfo] target(s) in 6.00s
Warning: found dangling files and directories:
  verif/itoa_rlib/runtime/u128_ext/shift_by_i32_euclid
  verif/itoa_rlib/runtime/u128_ext/mulhi_product_right_decomposition/why3session.xml
  verif/itoa_rlib/runtime/u128_ext/mulhi_product_right_decomposition/proof.json
  verif/itoa_rlib/runtime/u128_ext/high_half_cast_view
  verif/itoa_rlib/runtime/u128_ext/shift_by_u128_euclid
  verif/itoa_rlib/runtime/u128_ext/high_half_cast_bitwise
  verif/itoa_rlib/runtime/u128_ext/shift_by_u128
  verif/itoa_rlib/runtime/u128_ext/shift_by
  verif/itoa_rlib/runtime/u128_ext/high_half_as_u64
  verif/itoa_rlib/runtime/u128_ext/mulhi_limb_identity/why3session.xml
  verif/itoa_rlib/runtime/u128_ext/mulhi_limb_identity/proof.json
  verif/itoa_rlib/runtime/impl_Buffer/new/impl_Drop_for_NoPanic
Run 'cargo creusot clean' to remove them
Goal Coma.vc_mulhi_core: ✘ (67/68)
  vc_mulhi_core [assertion]
Theory verif.itoa_rlib.runtime.u128_ext.mulhi_core.Coma: ✘ (72/73)
Error: 1 unproved file
Error: 'why3find prove' failed
