bytes proof: /workspace/bytes-runtime-verification/bytes/1.11.1/verification/probes/ownership-frontier; one prover; 1024 MiB; native Ordering; sc-drf disabled
     Removed 7 files, 25.5KiB total
    Checking bytes-ownership-frontier v0.1.0 (/workspace/bytes-runtime-verification/bytes/1.11.1/verification/probes/ownership-frontier)
warning: unused import: `ghost::perm::Perm`
 --> src/lib.rs:5:19
  |
5 | use creusot_std::{ghost::perm::Perm, prelude::*};
  |                   ^^^^^^^^^^^^^^^^^
  |
  = note: `#[warn(unused_imports)]` (part of `#[warn(unused)]`) on by default

warning: calling external function `sub` with no contract will yield an impossible precondition
  --> src/lib.rs:66:15
   |
66 |     let ptr = ptr.sub(off);
   |               ^^^^^^^^^^^^ function called here
   |
   = note: `#[warn(creusot::contractless_external_function)]` on by default

warning: calling external function `from_raw_parts` with no contract will yield an impossible precondition
  --> src/lib.rs:70:5
   |
70 |     Vec::from_raw_parts(ptr, len, cap)
   |     ^^^^^^^^^^^^^^^^^^^^^^^^^^^^^^^^^^ function called here

warning: `bytes-ownership-frontier` (lib) generated 3 warnings (run `cargo fix --lib -p bytes-ownership-frontier` to apply 1 suggestion)
    Finished `dev` profile [unoptimized + debuginfo] target(s) in 0.16s
Warning: found dangling files and directories:
  verif/bytes_ownership_frontier_rlib/from_vec_raw_prefix
Run 'cargo creusot clean' to remove them
Goal Coma.vc_rebuild_vec: ✘
Error: 1 unproved file
Error: 'why3find prove' failed
