bytes proof: /workspace/bytes-runtime-verification/bytes/1.11.1/verification/probes/ownership-frontier; one prover; 1024 MiB; native Ordering; sc-drf disabled
     Removed 7 files, 25.5KiB total
    Checking bytes-ownership-frontier v0.1.0 (/workspace/bytes-runtime-verification/bytes/1.11.1/verification/probes/ownership-frontier)
warning: unused import: `ghost::perm::Perm`
 --> src/lib.rs:5:19
  |
5 | use creusot_std::{ghost::perm::Perm, prelude::*};
  |                   ^^^^^^^^^^^^^^^^^
  |
  = note: `#[warn(unused_imports)]` (part of `#[warn(unused)]`) on by default

warning: calling external function `new` with no contract will yield an impossible precondition
  --> src/lib.rs:51:19
   |
51 |     let mut vec = core::mem::ManuallyDrop::new(vec);
   |                   ^^^^^^^^^^^^^^^^^^^^^^^^^^^^^^^^^ function called here
   |
   = note: `#[warn(creusot::contractless_external_function)]` on by default

warning: calling external function `as_mut_ptr` with no contract will yield an impossible precondition
  --> src/lib.rs:52:15
   |
52 |     let ptr = vec.as_mut_ptr();
   |               ^^^^^^^^^^^^^^^^ function called here

warning: `bytes-ownership-frontier` (lib) generated 3 warnings (run `cargo fix --lib -p bytes-ownership-frontier` to apply 1 suggestion)
    Finished `dev` profile [unoptimized + debuginfo] target(s) in 0.16s
No dangling files found
Goal Coma.vc_from_vec_raw_prefix: ✘
Error: 1 unproved file
Error: 'why3find prove' failed
