    Checking http-header-map-api-proof v0.1.0 (/workspace/rust-crate-proofs/http/1.5.0/verification/header-map-api)
warning: unused import: `std::collections::HashMap`
 --> src/../../../src/header/map.rs:5:5
  |
5 | use std::collections::HashMap;
  |     ^^^^^^^^^^^^^^^^^^^^^^^^^
  |
  = note: `#[warn(unused_imports)]` (part of `#[warn(unused)]`) on by default

warning: unused import: `std::convert::TryFrom`
 --> src/../../../src/header/map.rs:7:5
  |
7 | use std::convert::TryFrom;
  |     ^^^^^^^^^^^^^^^^^^^^^

warning: unused import: `std::iter::FromIterator`
  --> src/../../../src/header/map.rs:10:5
   |
10 | use std::iter::FromIterator;
   |     ^^^^^^^^^^^^^^^^^^^^^^^

warning: unused import: `std::iter::FusedIterator`
  --> src/../../../src/header/map.rs:11:5
   |
11 | use std::iter::FusedIterator;
   |     ^^^^^^^^^^^^^^^^^^^^^^^^

warning: unused imports: `ops` and `ptr`
  --> src/../../../src/header/map.rs:13:21
   |
13 | use std::{fmt, mem, ops, ptr, vec};
   |                     ^^^  ^^^

warning: unused import: `PtrAddExt`
  --> src/../../../src/header/map.rs:16:29
   |
16 | use creusot_std::std::ptr::{PtrAddExt, PtrLive};
   |                             ^^^^^^^^^

warning: unused import: `crate::Error`
  --> src/../../../src/header/map.rs:29:5
   |
29 | use crate::Error;
   |     ^^^^^^^^^^^^

warning: unused macro definition: `insert_phase_one`
   --> src/../../../src/header/map.rs:871:14
    |
871 | macro_rules! insert_phase_one {
    |              ^^^^^^^^^^^^^^^^
    |
    = note: `#[warn(unused_macros)]` (part of `#[warn(unused)]`) on by default

warning: unused imports: `HdrName` and `HeaderName`
    --> src/../../../src/header/map.rs:4753:24
     |
4753 |     use super::{Entry, HdrName, HeaderMap, HeaderName, MaxSizeReached};
     |                        ^^^^^^^             ^^^^^^^^^^

warning: unused import: `Entry`
    --> src/../../../src/header/map.rs:4856:17
     |
4856 |     use super::{Entry, HdrName, HeaderMap, HeaderName, InvalidHeaderName, MaxSizeReached};
     |                 ^^^^^

warning: calling external function `new` with no contract will yield an impossible precondition
    --> src/../../../src/header/map.rs:4641:29
     |
4641 |         *self = Danger::Red(RandomState::new());
     |                             ^^^^^^^^^^^^^^^^^^ function called here
     |
     = note: `#[warn(creusot::contractless_external_function)]` on by default

warning: calling external function `build_hasher` with no contract will yield an impossible precondition
    --> src/../../../src/header/map.rs:4705:25
     |
4705 |             let mut h = hasher.build_hasher();
     |                         ^^^^^^^^^^^^^^^^^^^^^ function called here

warning: calling external function `finish` with no contract will yield an impossible precondition
    --> src/../../../src/header/map.rs:4707:13
     |
4707 |             h.finish()
     |             ^^^^^^^^^^ function called here

warning: `http-header-map-api-proof` (lib) generated 13 warnings (run `cargo fix --lib -p http-header-map-api-proof` to apply 9 suggestions)
    Finished `dev` profile [unoptimized + debuginfo] target(s) in 3.86s
