== clean --force ==
http proof resources: jobs=1, memory=1024 MiB per prover; shared lock held
No dangling files found
CLEAN_EXIT=0
== all-features prove ==
http proof resources: jobs=1, memory=1024 MiB per prover; shared lock held
warning: unnecessary parentheses around function argument
   --> /workspace/rust-crate-proofs/itoa/1.0.18/src/ascii.rs:190:17
    |
190 |                 (if i == 0 {
    |                 ^
...
194 |                 }));
    |                  ^
    |
    = note: `#[warn(unused_parens)]` (part of `#[warn(unused)]`) on by default
help: remove these parentheses
    |
190 ~                 if i == 0 {
191 |                     joined[i] == first
192 |                 } else {
193 |                     joined[i] == tail[i - 1]
194 ~                 } );
    |

warning: unnecessary parentheses around function argument
   --> /workspace/rust-crate-proofs/itoa/1.0.18/src/ascii.rs:197:17
    |
197 |                 (if i == 0 {
    |                 ^
...
201 |                 }));
    |                  ^
    |
help: remove these parentheses
    |
197 ~                 if i == 0 {
198 |                     bytes[i] == first
199 |                 } else {
200 |                     tail[i - 1] == bytes[i]
201 ~                 } );
    |

warning: unused import: `proof_assert`
 --> /workspace/rust-crate-proofs/itoa/1.0.18/src/math.rs:1:35
  |
1 | use creusot_std::prelude::{logic, proof_assert, requires, ensures, Int};
  |                                   ^^^^^^^^^^^^
  |
  = note: `#[warn(unused_imports)]` (part of `#[warn(unused)]`) on by default

warning: unused import: `creusot_std::prelude::View`
 --> /workspace/rust-crate-proofs/itoa/1.0.18/src/signed_primitive_models.rs:2:5
  |
2 | use creusot_std::prelude::View;
  |     ^^^^^^^^^^^^^^^^^^^^^^^^^^

warning: function `check_u16_fmt_call_site` is never used
   --> /workspace/rust-crate-proofs/itoa/1.0.18/src/runtime.rs:978:4
    |
978 | fn check_u16_fmt_call_site(n: u16) {
    |    ^^^^^^^^^^^^^^^^^^^^^^^
    |
    = note: `#[warn(dead_code)]` (part of `#[warn(unused)]`) on by default

warning: function `check_signed_i8_write` is never used
    --> /workspace/rust-crate-proofs/itoa/1.0.18/src/runtime.rs:1729:4
     |
1729 | fn check_signed_i8_write(value: i8) {
     |    ^^^^^^^^^^^^^^^^^^^^^

warning: function `check_signed_i16_write` is never used
    --> /workspace/rust-crate-proofs/itoa/1.0.18/src/runtime.rs:1915:55
     |
1915 |     i16, u16, signed_write_i16, write_u16_suffix_i16, check_signed_i16_write,
     |                                                       ^^^^^^^^^^^^^^^^^^^^^^
     |
     = note: this warning originates in the macro `impl_small_signed_formatter` (in Nightly builds, run with -Z macro-backtrace for more info)

warning: function `check_signed_i32_write` is never used
    --> /workspace/rust-crate-proofs/itoa/1.0.18/src/runtime.rs:1920:55
     |
1920 |     i32, u32, signed_write_i32, write_u32_suffix_i32, check_signed_i32_write,
     |                                                       ^^^^^^^^^^^^^^^^^^^^^^
     |
     = note: this warning originates in the macro `impl_small_signed_formatter` (in Nightly builds, run with -Z macro-backtrace for more info)

warning: function `check_signed_i64_write` is never used
    --> /workspace/rust-crate-proofs/itoa/1.0.18/src/runtime.rs:1925:55
     |
1925 |     i64, u64, signed_write_i64, write_u64_suffix_i64, check_signed_i64_write,
     |                                                       ^^^^^^^^^^^^^^^^^^^^^^
     |
     = note: this warning originates in the macro `impl_small_signed_formatter` (in Nightly builds, run with -Z macro-backtrace for more info)

warning: function `i128_min_formatted_output_witness` is never used
    --> /workspace/rust-crate-proofs/itoa/1.0.18/src/runtime.rs:1954:4
     |
1954 | fn i128_min_formatted_output_witness() -> [MaybeUninit<u8>; 40] {
     |    ^^^^^^^^^^^^^^^^^^^^^^^^^^^^^^^^^

warning: function `mulhi_limb_reconstruction` is never used
  --> /workspace/rust-crate-proofs/itoa/1.0.18/src/u128_ext.rs:76:4
   |
76 | fn mulhi_limb_reconstruction(
   |    ^^^^^^^^^^^^^^^^^^^^^^^^^

warning: function `limb_at_most_max` is never used
   --> /workspace/rust-crate-proofs/itoa/1.0.18/src/u128_ext.rs:197:4
    |
197 | fn limb_at_most_max(x: Int) {
    |    ^^^^^^^^^^^^^^^^

warning: function `quotient_half_fits` is never used
   --> /workspace/rust-crate-proofs/itoa/1.0.18/src/u128_ext.rs:207:4
    |
207 | fn quotient_half_fits(n: Int) {
    |    ^^^^^^^^^^^^^^^^^^

warning: function `cross_product_plus_carry_fits` is never used
   --> /workspace/rust-crate-proofs/itoa/1.0.18/src/u128_ext.rs:227:4
    |
227 | fn cross_product_plus_carry_fits(x_lo: Int, y_lo: Int, y_hi: Int) {
    |    ^^^^^^^^^^^^^^^^^^^^^^^^^^^^^

warning: function `mulhi_product_congruence` is never used
   --> /workspace/rust-crate-proofs/itoa/1.0.18/src/u128_ext.rs:285:4
    |
285 | fn mulhi_product_congruence(x: Int, y: Int, a: Int, b: Int) -> Int {
    |    ^^^^^^^^^^^^^^^^^^^^^^^^

warning: function `computer_division_matches_shift51` is never used
   --> /workspace/rust-crate-proofs/itoa/1.0.18/src/u128_ext.rs:662:15
    |
662 | pub(super) fn computer_division_matches_shift51(n: Int) -> bool {
    |               ^^^^^^^^^^^^^^^^^^^^^^^^^^^^^^^^^

warning: function `write_model` is never used
   --> /workspace/rust-crate-proofs/itoa/1.0.18/src/verification.rs:424:8
    |
424 | pub fn write_model(values: Seq<Int>, n: Int, end: Int) -> Seq<Int> {
    |        ^^^^^^^^^^^

warning: function `write_model_unfold` is never used
   --> /workspace/rust-crate-proofs/itoa/1.0.18/src/verification.rs:441:4
    |
441 | fn write_model_unfold(values: Seq<Int>, n: Int, end: Int) {}
    |    ^^^^^^^^^^^^^^^^^^

warning: function `write_model_preserves_len` is never used
   --> /workspace/rust-crate-proofs/itoa/1.0.18/src/verification.rs:449:4
    |
449 | fn write_model_preserves_len(values: Seq<Int>, n: Int, end: Int) {
    |    ^^^^^^^^^^^^^^^^^^^^^^^^^

warning: function `write_model_is_decimal` is never used
   --> /workspace/rust-crate-proofs/itoa/1.0.18/src/verification.rs:465:4
    |
465 | fn write_model_is_decimal(values: Seq<Int>, n: Int, end: Int) {
    |    ^^^^^^^^^^^^^^^^^^^^^^

warning: struct `Buffer` is never constructed
   --> /workspace/rust-crate-proofs/itoa/1.0.18/src/verification.rs:770:12
    |
770 | pub struct Buffer {
    |            ^^^^^^

warning: associated items `new` and `format` are never used
   --> /workspace/rust-crate-proofs/itoa/1.0.18/src/verification.rs:775:12
    |
774 | impl Buffer {
    | ----------- associated items in this implementation
775 |     pub fn new() -> Buffer {
    |            ^^^
...
781 |     pub fn format<I: Integer>(&mut self, i: I) -> &str {
    |            ^^^^^^

warning: function `write_byte` is never used
   --> /workspace/rust-crate-proofs/itoa/1.0.18/src/verification.rs:864:4
    |
864 | fn write_byte(buf: &mut [u8], index: usize, byte: u8) {
    |    ^^^^^^^^^^

warning: function `write_unsigned` is never used
   --> /workspace/rust-crate-proofs/itoa/1.0.18/src/verification.rs:883:4
    |
883 | fn write_unsigned(n: u128, buf: &mut [u8], end: usize) -> usize {
    |    ^^^^^^^^^^^^^^

warning: function `decimal_slice_to_str` is never used
   --> /workspace/rust-crate-proofs/itoa/1.0.18/src/verification.rs:939:11
    |
939 | unsafe fn decimal_slice_to_str(buf: &[u8], start: usize) -> &str {
    |           ^^^^^^^^^^^^^^^^^^^^

warning: function `fixed_width_decimal_values_split_width` is never used
    --> /workspace/rust-crate-proofs/itoa/1.0.18/src/verification.rs:1328:15
     |
1328 | pub(crate) fn fixed_width_decimal_values_split_width(
     |               ^^^^^^^^^^^^^^^^^^^^^^^^^^^^^^^^^^^^^^

warning: function `fixed_width_decimal_values_split_16x16` is never used
    --> /workspace/rust-crate-proofs/itoa/1.0.18/src/verification.rs:1524:15
     |
1524 | pub(crate) fn fixed_width_decimal_values_split_16x16(n: Int) {
     |               ^^^^^^^^^^^^^^^^^^^^^^^^^^^^^^^^^^^^^^

warning: function `decimal_values_len_ge_39` is never used
    --> /workspace/rust-crate-proofs/itoa/1.0.18/src/verification.rs:1576:15
     |
1576 | pub(crate) fn decimal_values_len_ge_39(n: Int) {
     |               ^^^^^^^^^^^^^^^^^^^^^^^^

warning: function `decimal_values_len_ge_7` is never used
    --> /workspace/rust-crate-proofs/itoa/1.0.18/src/verification.rs:1623:15
     |
1623 | pub(crate) fn decimal_values_len_ge_7(n: Int) {
     |               ^^^^^^^^^^^^^^^^^^^^^^^

warning: function `i128_min_magnitude_model` is never used
    --> /workspace/rust-crate-proofs/itoa/1.0.18/src/verification.rs:1633:15
     |
1633 | pub(crate) fn i128_min_magnitude_model() -> Int {
     |               ^^^^^^^^^^^^^^^^^^^^^^^^

warning: function `i128_min_unsigned_magnitude` is never used
    --> /workspace/rust-crate-proofs/itoa/1.0.18/src/verification.rs:1638:15
     |
1638 | pub(crate) fn i128_min_unsigned_magnitude() -> u128 {
     |               ^^^^^^^^^^^^^^^^^^^^^^^^^^^

warning: function `i128_min_unsigned_decimal_len` is never used
    --> /workspace/rust-crate-proofs/itoa/1.0.18/src/verification.rs:1648:15
     |
1648 | pub(crate) fn i128_min_unsigned_decimal_len() -> u128 {
     |               ^^^^^^^^^^^^^^^^^^^^^^^^^^^^^

warning: function `i128_min_signed_decimal_model` is never used
    --> /workspace/rust-crate-proofs/itoa/1.0.18/src/verification.rs:1708:15
     |
1708 | pub(crate) fn i128_min_signed_decimal_model() {
     |               ^^^^^^^^^^^^^^^^^^^^^^^^^^^^^

warning: `itoa-proof` (lib) generated 33 warnings (run `cargo fix --lib -p itoa-proof` to apply 4 suggestions)
    Checking http v1.5.0 (/workspace/rust-crate-proofs/http/1.5.0)
error[E0425]: cannot find type `ErrorModelRef` in the crate root
   --> src/request.rs:246:73
    |
246 | pub fn request_builder_error<'a>(builder: &'a Builder) -> Option<crate::ErrorModelRef<'a>> {
    |                                                                         ^^^^^^^^^^^^^ not found in the crate root
    |
note: enum `crate::error::core::ErrorModelRef` exists but is inaccessible
   --> src/error/core.rs:55:1
    |
 55 | pub enum ErrorModelRef<'a> {
    | ^^^^^^^^^^^^^^^^^^^^^^^^^^ not accessible

error[E0425]: cannot find function `error_model_ref` in the crate root
   --> src/request.rs:249:35
    |
249 |         Err(error) => Some(crate::error_model_ref(error)),
    |                                   ^^^^^^^^^^^^^^^ not found in the crate root
    |
note: function `crate::error::core::error_model_ref` exists but is inaccessible
   --> src/error/core.rs:87:1
    |
 87 | pub fn error_model_ref<'a>(error: &'a Error) -> ErrorModelRef<'a> {
    | ^^^^^^^^^^^^^^^^^^^^^^^^^^^^^^^^^^^^^^^^^^^^^^^^^^^^^^^^^^^^^^^^^ not accessible

error[E0425]: cannot find type `ErrorModelRef` in the crate root
   --> src/request.rs:447:86
    |
447 | pub fn request_result_error<'a, T>(outcome: &'a Result<Request<T>>) -> Option<crate::ErrorModelRef<'a>> {
    |                                                                                      ^^^^^^^^^^^^^ not found in the crate root
    |
note: enum `crate::error::core::ErrorModelRef` exists but is inaccessible
   --> src/error/core.rs:55:1
    |
 55 | pub enum ErrorModelRef<'a> {
    | ^^^^^^^^^^^^^^^^^^^^^^^^^^ not accessible

error[E0425]: cannot find function `error_model_ref` in the crate root
   --> src/request.rs:450:35
    |
450 |         Err(error) => Some(crate::error_model_ref(error)),
    |                                   ^^^^^^^^^^^^^^^ not found in the crate root
    |
note: function `crate::error::core::error_model_ref` exists but is inaccessible
   --> src/error/core.rs:87:1
    |
 87 | pub fn error_model_ref<'a>(error: &'a Error) -> ErrorModelRef<'a> {
    | ^^^^^^^^^^^^^^^^^^^^^^^^^^^^^^^^^^^^^^^^^^^^^^^^^^^^^^^^^^^^^^^^^ not accessible

error[E0425]: cannot find type `ErrorModelRef` in the crate root
   --> src/response.rs:260:74
    |
260 | pub fn response_builder_error<'a>(builder: &'a Builder) -> Option<crate::ErrorModelRef<'a>> {
    |                                                                          ^^^^^^^^^^^^^ not found in the crate root
    |
note: enum `crate::error::core::ErrorModelRef` exists but is inaccessible
   --> src/error/core.rs:55:1
    |
 55 | pub enum ErrorModelRef<'a> {
    | ^^^^^^^^^^^^^^^^^^^^^^^^^^ not accessible

error[E0425]: cannot find function `error_model_ref` in the crate root
   --> src/response.rs:263:35
    |
263 |         Err(error) => Some(crate::error_model_ref(error)),
    |                                   ^^^^^^^^^^^^^^^ not found in the crate root
    |
note: function `crate::error::core::error_model_ref` exists but is inaccessible
   --> src/error/core.rs:87:1
    |
 87 | pub fn error_model_ref<'a>(error: &'a Error) -> ErrorModelRef<'a> {
    | ^^^^^^^^^^^^^^^^^^^^^^^^^^^^^^^^^^^^^^^^^^^^^^^^^^^^^^^^^^^^^^^^^ not accessible

error[E0425]: cannot find type `ErrorModelRef` in the crate root
   --> src/response.rs:353:88
    |
353 | pub fn response_result_error<'a, T>(outcome: &'a Result<Response<T>>) -> Option<crate::ErrorModelRef<'a>> {
    |                                                                                        ^^^^^^^^^^^^^ not found in the crate root
    |
note: enum `crate::error::core::ErrorModelRef` exists but is inaccessible
   --> src/error/core.rs:55:1
    |
 55 | pub enum ErrorModelRef<'a> {
    | ^^^^^^^^^^^^^^^^^^^^^^^^^^ not accessible

error[E0425]: cannot find function `error_model_ref` in the crate root
   --> src/response.rs:356:35
    |
356 |         Err(error) => Some(crate::error_model_ref(error)),
    |                                   ^^^^^^^^^^^^^^^ not found in the crate root
    |
note: function `crate::error::core::error_model_ref` exists but is inaccessible
   --> src/error/core.rs:87:1
    |
 87 | pub fn error_model_ref<'a>(error: &'a Error) -> ErrorModelRef<'a> {
    | ^^^^^^^^^^^^^^^^^^^^^^^^^^^^^^^^^^^^^^^^^^^^^^^^^^^^^^^^^^^^^^^^^ not accessible

error: unnecessary parentheses around block return value
   --> src/request.rs:277:96
    |
277 |           exists<method_result: std::result::Result<Method, <Method as TryInto<Method>>::Error>> (
    |  ________________________________________________________________________________________________^
278 | |             <Method as TryInto<Method>>::try_into.postcondition((*method,), method_result)
    | |____________^
...
304 |                   }
    |  __________________^
305 | |         )
    | |_________^
    |
note: the lint level is defined here
   --> src/lib.rs:156:9
    |
156 | #![deny(warnings, missing_docs, missing_debug_implementations)]
    |         ^^^^^^^^
    = note: `#[deny(unused_parens)]` implied by `#[deny(warnings)]`
help: remove these parentheses
    |
277 ~         exists<method_result: std::result::Result<Method, <Method as TryInto<Method>>::Error>> <Method as TryInto<Method>>::try_into.postcondition((*method,), method_result)
278 |                 && match method_result {
...
302 |                         && request_builder_extensions(builder) == None,
303 ~                 }
    |

error: unnecessary parentheses around block return value
   --> src/request.rs:281:101
    |
281 |                           && exists<uri_result: std::result::Result<Uri, <T as TryInto<Uri>>::Error>> (
    |  _____________________________________________________________________________________________________^
282 | |                             <T as TryInto<Uri>>::try_into.postcondition((*uri,), uri_result)
    | |____________________________^
...
295 |                                   }
    |  __________________________________^
296 | |                         ),
    | |_________________________^
    |
help: remove these parentheses
    |
281 ~                         && exists<uri_result: std::result::Result<Uri, <T as TryInto<Uri>>::Error>> <T as TryInto<Uri>>::try_into.postcondition((*uri,), uri_result)
282 |                                 && match uri_result {
...
293 |                                         && request_builder_extensions(builder) == None,
294 ~                                 },
    |

error: unnecessary parentheses around block return value
   --> src/request.rs:325:39
    |
325 |           exists<source_method: Method> (
    |  _______________________________________^
326 | |             source_method.invariant()
    | |____________^
...
359 |                   )
    |  __________________^
360 | |         )
    | |_________^
    |
help: remove these parentheses
    |
325 ~         exists<source_method: Method> source_method.invariant()
326 |                 && source_method.deep_model() == method_text
...
357 |                         }
358 ~                 )
    |

error: unnecessary parentheses around block return value
   --> src/request.rs:328:107
    |
328 |                   && exists<method_result: std::result::Result<Method, <Method as TryInto<Method>>::Error>> (
    |  ___________________________________________________________________________________________________________^
329 | |                     <Method as TryInto<Method>>::try_into.postcondition((source_method,), method_result)
    | |____________________^
...
358 |                           }
    |  __________________________^
359 | |                 )
    | |_________________^
    |
help: remove these parentheses
    |
328 ~                 && exists<method_result: std::result::Result<Method, <Method as TryInto<Method>>::Error>> <Method as TryInto<Method>>::try_into.postcondition((source_method,), method_result)
329 |                         && match method_result {
...
356 |                                 && request_builder_extensions(builder) == None,
357 ~                         }
    |

error: unnecessary parentheses around block return value
   --> src/request.rs:332:109
    |
332 |   ...                   && exists<uri_result: std::result::Result<Uri, <T as TryInto<Uri>>::Error>> (
    |  ___________________________________________________________________________________________________^
333 | | ...                       <T as TryInto<Uri>>::try_into.postcondition((*uri,), uri_result)
    | |__________________________^
...
349 |   ...                           }
    |  ________________________________^
350 | | ...                   ),
    | |_______________________^
    |
help: remove these parentheses
    |
332 ~                                 && exists<uri_result: std::result::Result<Uri, <T as TryInto<Uri>>::Error>> <T as TryInto<Uri>>::try_into.postcondition((*uri,), uri_result)
333 |                                         && match uri_result {
...
347 |                                                 && request_builder_extensions(builder) == None,
348 ~                                         },
    |

error: unnecessary parentheses around block return value
   --> src/request.rs:498:62
    |
498 |               && forall<uri_error: <T as TryInto<Uri>>::Error> (
    |  ______________________________________________________________^
499 | |                 <T as TryInto<Uri>>::try_into.postcondition((uri,), Err(uri_error))
    | |________________^
500 |                       ==> <<T as TryInto<Uri>>::Error as Into<crate::Error>>::into.precondition((uri_error,))
    |  ____________________________________________________________________________________________________________^
501 | |             )
    | |_____________^
    |
help: remove these parentheses
    |
498 ~             && forall<uri_error: <T as TryInto<Uri>>::Error> <T as TryInto<Uri>>::try_into.postcondition((uri,), Err(uri_error))
499 ~                     ==> <<T as TryInto<Uri>>::Error as Into<crate::Error>>::into.precondition((uri_error,))
    |

error: unnecessary parentheses around block return value
   --> src/request.rs:532:62
    |
532 |               && forall<uri_error: <T as TryInto<Uri>>::Error> (
    |  ______________________________________________________________^
533 | |                 <T as TryInto<Uri>>::try_into.postcondition((uri,), Err(uri_error))
    | |________________^
534 |                       ==> <<T as TryInto<Uri>>::Error as Into<crate::Error>>::into.precondition((uri_error,))
    |  ____________________________________________________________________________________________________________^
535 | |             )
    | |_____________^
    |
help: remove these parentheses
    |
532 ~             && forall<uri_error: <T as TryInto<Uri>>::Error> <T as TryInto<Uri>>::try_into.postcondition((uri,), Err(uri_error))
533 ~                     ==> <<T as TryInto<Uri>>::Error as Into<crate::Error>>::into.precondition((uri_error,))
    |

error: unnecessary parentheses around block return value
   --> src/request.rs:566:62
    |
566 |               && forall<uri_error: <T as TryInto<Uri>>::Error> (
    |  ______________________________________________________________^
567 | |                 <T as TryInto<Uri>>::try_into.postcondition((uri,), Err(uri_error))
    | |________________^
568 |                       ==> <<T as TryInto<Uri>>::Error as Into<crate::Error>>::into.precondition((uri_error,))
    |  ____________________________________________________________________________________________________________^
569 | |             )
    | |_____________^
    |
help: remove these parentheses
    |
566 ~             && forall<uri_error: <T as TryInto<Uri>>::Error> <T as TryInto<Uri>>::try_into.postcondition((uri,), Err(uri_error))
567 ~                     ==> <<T as TryInto<Uri>>::Error as Into<crate::Error>>::into.precondition((uri_error,))
    |

error: unnecessary parentheses around block return value
   --> src/request.rs:600:62
    |
600 |               && forall<uri_error: <T as TryInto<Uri>>::Error> (
    |  ______________________________________________________________^
601 | |                 <T as TryInto<Uri>>::try_into.postcondition((uri,), Err(uri_error))
    | |________________^
602 |                       ==> <<T as TryInto<Uri>>::Error as Into<crate::Error>>::into.precondition((uri_error,))
    |  ____________________________________________________________________________________________________________^
603 | |             )
    | |_____________^
    |
help: remove these parentheses
    |
600 ~             && forall<uri_error: <T as TryInto<Uri>>::Error> <T as TryInto<Uri>>::try_into.postcondition((uri,), Err(uri_error))
601 ~                     ==> <<T as TryInto<Uri>>::Error as Into<crate::Error>>::into.precondition((uri_error,))
    |

error: unnecessary parentheses around block return value
   --> src/request.rs:635:62
    |
635 |               && forall<uri_error: <T as TryInto<Uri>>::Error> (
    |  ______________________________________________________________^
636 | |                 <T as TryInto<Uri>>::try_into.postcondition((uri,), Err(uri_error))
    | |________________^
637 |                       ==> <<T as TryInto<Uri>>::Error as Into<crate::Error>>::into.precondition((uri_error,))
    |  ____________________________________________________________________________________________________________^
638 | |             )
    | |_____________^
    |
help: remove these parentheses
    |
635 ~             && forall<uri_error: <T as TryInto<Uri>>::Error> <T as TryInto<Uri>>::try_into.postcondition((uri,), Err(uri_error))
636 ~                     ==> <<T as TryInto<Uri>>::Error as Into<crate::Error>>::into.precondition((uri_error,))
    |

error: unnecessary parentheses around block return value
   --> src/request.rs:669:62
    |
669 |               && forall<uri_error: <T as TryInto<Uri>>::Error> (
    |  ______________________________________________________________^
670 | |                 <T as TryInto<Uri>>::try_into.postcondition((uri,), Err(uri_error))
    | |________________^
671 |                       ==> <<T as TryInto<Uri>>::Error as Into<crate::Error>>::into.precondition((uri_error,))
    |  ____________________________________________________________________________________________________________^
672 | |             )
    | |_____________^
    |
help: remove these parentheses
    |
669 ~             && forall<uri_error: <T as TryInto<Uri>>::Error> <T as TryInto<Uri>>::try_into.postcondition((uri,), Err(uri_error))
670 ~                     ==> <<T as TryInto<Uri>>::Error as Into<crate::Error>>::into.precondition((uri_error,))
    |

error: unnecessary parentheses around block return value
   --> src/request.rs:703:62
    |
703 |               && forall<uri_error: <T as TryInto<Uri>>::Error> (
    |  ______________________________________________________________^
704 | |                 <T as TryInto<Uri>>::try_into.postcondition((uri,), Err(uri_error))
    | |________________^
705 |                       ==> <<T as TryInto<Uri>>::Error as Into<crate::Error>>::into.precondition((uri_error,))
    |  ____________________________________________________________________________________________________________^
706 | |             )
    | |_____________^
    |
help: remove these parentheses
    |
703 ~             && forall<uri_error: <T as TryInto<Uri>>::Error> <T as TryInto<Uri>>::try_into.postcondition((uri,), Err(uri_error))
704 ~                     ==> <<T as TryInto<Uri>>::Error as Into<crate::Error>>::into.precondition((uri_error,))
    |

error: unnecessary parentheses around block return value
   --> src/request.rs:737:62
    |
737 |               && forall<uri_error: <T as TryInto<Uri>>::Error> (
    |  ______________________________________________________________^
738 | |                 <T as TryInto<Uri>>::try_into.postcondition((uri,), Err(uri_error))
    | |________________^
739 |                       ==> <<T as TryInto<Uri>>::Error as Into<crate::Error>>::into.precondition((uri_error,))
    |  ____________________________________________________________________________________________________________^
740 | |             )
    | |_____________^
    |
help: remove these parentheses
    |
737 ~             && forall<uri_error: <T as TryInto<Uri>>::Error> <T as TryInto<Uri>>::try_into.postcondition((uri,), Err(uri_error))
738 ~                     ==> <<T as TryInto<Uri>>::Error as Into<crate::Error>>::into.precondition((uri_error,))
    |

error: unnecessary parentheses around block return value
   --> src/request.rs:771:62
    |
771 |               && forall<uri_error: <T as TryInto<Uri>>::Error> (
    |  ______________________________________________________________^
772 | |                 <T as TryInto<Uri>>::try_into.postcondition((uri,), Err(uri_error))
    | |________________^
773 |                       ==> <<T as TryInto<Uri>>::Error as Into<crate::Error>>::into.precondition((uri_error,))
    |  ____________________________________________________________________________________________________________^
774 | |             )
    | |_____________^
    |
help: remove these parentheses
    |
771 ~             && forall<uri_error: <T as TryInto<Uri>>::Error> <T as TryInto<Uri>>::try_into.postcondition((uri,), Err(uri_error))
772 ~                     ==> <<T as TryInto<Uri>>::Error as Into<crate::Error>>::into.precondition((uri_error,))
    |

error: unnecessary parentheses around block return value
    --> src/request.rs:1215:147
     |
1215 |       #[cfg_attr(creusot, ensures(request_builder_is_valid(&self) ==> exists<converted: std::result::Result<Method, <T as TryInto<Method>>::Error>> (
     |  ___________________________________________________________________________________________________________________________________________________^
1216 | |         <T as TryInto<Method>>::try_into.postcondition((method,), converted)
     | |________^
...
1232 |           }
     |  __________^
1233 | |     )))]
     | |_____^
     |
help: remove these parentheses
     |
1215 ~     #[cfg_attr(creusot, ensures(request_builder_is_valid(&self) ==> exists<converted: std::result::Result<Method, <T as TryInto<Method>>::Error>> <T as TryInto<Method>>::try_into.postcondition((method,), converted)
1216 |         && match converted {
 ...
1230 |                 && request_builder_extensions(&result) == None,
1231 ~         }))]
     |

error: unnecessary parentheses around block return value
    --> src/request.rs:1290:141
     |
1290 |       #[cfg_attr(creusot, ensures(request_builder_is_valid(&self) ==> exists<converted: std::result::Result<Uri, <T as TryInto<Uri>>::Error>> (
     |  _____________________________________________________________________________________________________________________________________________^
1291 | |         <T as TryInto<Uri>>::try_into.postcondition((uri,), converted)
     | |________^
...
1307 |           }
     |  __________^
1308 | |     )))]
     | |_____^
     |
help: remove these parentheses
     |
1290 ~     #[cfg_attr(creusot, ensures(request_builder_is_valid(&self) ==> exists<converted: std::result::Result<Uri, <T as TryInto<Uri>>::Error>> <T as TryInto<Uri>>::try_into.postcondition((uri,), converted)
1291 |         && match converted {
 ...
1305 |                 && request_builder_extensions(&result) == None,
1306 ~         }))]
     |

error: unnecessary parentheses around block return value
   --> src/response.rs:766:156
    |
766 |       #[cfg_attr(creusot, ensures(response_builder_is_valid(&self) ==> exists<converted: std::result::Result<StatusCode, <T as TryInto<StatusCode>>::Error>> (
    |  ____________________________________________________________________________________________________________________________________________________________^
767 | |         <T as TryInto<StatusCode>>::try_into.postcondition((status,), converted)
    | |________^
...
781 |           }
    |  __________^
782 | |     )))]
    | |_____^
    |
help: remove these parentheses
    |
766 ~     #[cfg_attr(creusot, ensures(response_builder_is_valid(&self) ==> exists<converted: std::result::Result<StatusCode, <T as TryInto<StatusCode>>::Error>> <T as TryInto<StatusCode>>::try_into.postcondition((status,), converted)
767 |         && match converted {
...
779 |                 && response_builder_extensions(&result) == None,
780 ~         }))]
    |

error: unused import: `pearlite`
 --> src/uri/path_class.rs:3:28
  |
3 | use creusot_std::prelude::{pearlite, Int};
  |                            ^^^^^^^^
  |
  = note: `#[deny(unused_imports)]` implied by `#[deny(warnings)]`

error: unused import: `pearlite`
 --> src/uri/path_static_domain.rs:4:35
  |
4 | use creusot_std::prelude::{logic, pearlite, Int, Seq};
  |                                   ^^^^^^^^

For more information about this error, try `rustc --explain E0425`.
error: could not compile `http` (lib) due to 27 previous errors
ALL_FEATURES_PROVE_EXIT=101
