Warning, file "/workspace/scratch/httparse-string-model/creusot-data/share/why3find/packages/creusot/creusot/int.coma", line 166, characters 8-22: axiom extensionality does not contain any local abstract symbol (contains: int, (=), t, to_int)
Warning, file "/workspace/scratch/httparse-string-model/creusot-data/share/why3find/packages/creusot/creusot/int.coma", line 484, characters 8-22: axiom extensionality does not contain any local abstract symbol (contains: int, (=), t, to_int)
Warning, file "/workspace/scratch/httparse-string-model/creusot-data/share/why3find/packages/creusot/creusot/int.coma", line 802, characters 8-22: axiom extensionality does not contain any local abstract symbol (contains: int, (=), t, to_int)
Warning, file "/workspace/scratch/httparse-string-model/creusot-data/share/why3find/packages/creusot/creusot/int.coma", line 1120, characters 8-22: axiom extensionality does not contain any local abstract symbol (contains: int, (=), t, to_int)
Warning, file "/workspace/scratch/httparse-string-model/creusot-data/share/why3find/packages/creusot/creusot/int.coma", line 1438, characters 8-22: axiom extensionality does not contain any local abstract symbol (contains: int, (=), t, to_int)
Warning, file "/workspace/rust-crate-proofs/httparse/1.10.1/verification/probes/newline-harness/evidence/direct-why3-selected-20261005T064400Z/context/string/verif/httparse_newline_string_harness_rlib/iter/impl_Bytes/byte_permission.coma", line 81, characters 6-21: axiom size_of_u8_spec does not contain any local abstract symbol (contains: int, (<=), size_of_u8)
Warning, file "/workspace/rust-crate-proofs/httparse/1.10.1/verification/probes/newline-harness/evidence/direct-why3-selected-20261005T064400Z/context/string/verif/httparse_newline_string_harness_rlib/iter/impl_Bytes/byte_permission.coma", line 243, characters 6-37: axiom slice_ptr_ext_ptr_slice_u8_spec does not contain any local abstract symbol (contains: (=), ptr, t, len_ptr_slice_u8, thin_ptr_slice_u8)
{"counterexample": [],
 "prover-result":
  {"answer": "Valid",
   "ce-models": [],
   "status": "exited with status 0",
   "step": 34977,
   "time": 0.032504},
 "term":
  {"explanations": ["deref 'self' type invariant"],
   "goal_name": "vc_byte_permission",
   "loc":
    {"end-char": 18,
     "end-line": 75,
     "file-name":
      "/workspace/scratch/httparse-string-model/creusot-libs/creusot-std/src/ghost.rs",
     "start-char": 14,
     "start-line": 75}}}
{"counterexample": [],
 "prover-result":
  {"answer": "Valid",
   "ce-models": [],
   "status": "exited with status 0",
   "step": 37182,
   "time": 0.014458},
 "term":
  {"explanations": ["index_u8 requires"],
   "goal_name": "vc_byte_permission",
   "loc":
    {"end-char": 88,
     "end-line": 249,
     "file-name":
      "/workspace/rust-crate-proofs/httparse/1.10.1/verification/probes/newline-harness/evidence/direct-why3-selected-20261005T064400Z/context/string/verif/httparse_newline_string_harness_rlib/iter/impl_Bytes/byte_permission.coma",
     "start-char": 43,
     "start-line": 248}}}
{"counterexample": [],
 "prover-result":
  {"answer": "Valid",
   "ce-models": [],
   "status": "exited with status 0",
   "step": 3188,
   "time": 0.004619},
 "term":
  {"explanations": ["new 'x' type invariant"],
   "goal_name": "vc_byte_permission",
   "loc":
    {"end-char": 16,
     "end-line": 157,
     "file-name":
      "/workspace/scratch/httparse-string-model/creusot-libs/creusot-std/src/ghost.rs",
     "start-char": 15,
     "start-line": 157}}}
{"counterexample": [],
 "prover-result":
  {"answer": "Valid",
   "ce-models": [],
   "status": "exited with status 0",
   "step": 37715,
   "time": 0.013316},
 "term":
  {"explanations": ["byte_permission ensures"],
   "goal_name": "vc_byte_permission",
   "loc":
    {"end-char": 77,
     "end-line": 354,
     "file-name":
      "/workspace/rust-crate-proofs/httparse/1.10.1/verification/probes/newline-harness/evidence/direct-why3-selected-20261005T064400Z/context/string/verif/httparse_newline_string_harness_rlib/iter/impl_Bytes/byte_permission.coma",
     "start-char": 49,
     "start-line": 351}}}
