Warning, file "/workspace/scratch/httparse-string-model/creusot-data/share/why3find/packages/creusot/creusot/int.coma", line 166, characters 8-22: axiom extensionality does not contain any local abstract symbol (contains: int, (=), t, to_int)
Warning, file "/workspace/scratch/httparse-string-model/creusot-data/share/why3find/packages/creusot/creusot/int.coma", line 484, characters 8-22: axiom extensionality does not contain any local abstract symbol (contains: int, (=), t, to_int)
Warning, file "/workspace/scratch/httparse-string-model/creusot-data/share/why3find/packages/creusot/creusot/int.coma", line 802, characters 8-22: axiom extensionality does not contain any local abstract symbol (contains: int, (=), t, to_int)
Warning, file "/workspace/scratch/httparse-string-model/creusot-data/share/why3find/packages/creusot/creusot/int.coma", line 1120, characters 8-22: axiom extensionality does not contain any local abstract symbol (contains: int, (=), t, to_int)
Warning, file "/workspace/scratch/httparse-string-model/creusot-data/share/why3find/packages/creusot/creusot/int.coma", line 1438, characters 8-22: axiom extensionality does not contain any local abstract symbol (contains: int, (=), t, to_int)
{"counterexample": [],
 "prover-result":
  {"answer": "Valid",
   "ce-models": [],
   "status": "exited with status 0",
   "step": 17561,
   "time": 0.012364},
 "term":
  {"explanations": ["assertion"],
   "goal_name": "vc_bytes_subsequence_head",
   "loc":
    {"end-char": 72,
     "end-line": 16,
     "file-name":
      "/workspace/rust-crate-proofs/httparse/1.10.1/verification/probes/newline-harness/string/../src/../../../../src/iter.rs",
     "start-char": 18,
     "start-line": 16}}}
{"counterexample": [],
 "prover-result":
  {"answer": "Valid",
   "ce-models": [],
   "status": "exited with status 0",
   "step": 21056,
   "time": 0.007492},
 "term":
  {"explanations": ["assertion"],
   "goal_name": "vc_bytes_subsequence_head",
   "loc":
    {"end-char": 58,
     "end-line": 17,
     "file-name":
      "/workspace/rust-crate-proofs/httparse/1.10.1/verification/probes/newline-harness/string/../src/../../../../src/iter.rs",
     "start-char": 18,
     "start-line": 17}}}
{"counterexample": [],
 "prover-result":
  {"answer": "Valid",
   "ce-models": [],
   "status": "exited with status 0",
   "step": 21494,
   "time": 0.016833},
 "term":
  {"explanations": ["assertion"],
   "goal_name": "vc_bytes_subsequence_head",
   "loc":
    {"end-char": 80,
     "end-line": 18,
     "file-name":
      "/workspace/rust-crate-proofs/httparse/1.10.1/verification/probes/newline-harness/string/../src/../../../../src/iter.rs",
     "start-char": 18,
     "start-line": 18}}}
{"counterexample": [],
 "prover-result":
  {"answer": "Valid",
   "ce-models": [],
   "status": "exited with status 0",
   "step": 51879,
   "time": 0.019206},
 "term":
  {"explanations": ["assertion"],
   "goal_name": "vc_bytes_subsequence_head",
   "loc":
    {"end-char": 75,
     "end-line": 20,
     "file-name":
      "/workspace/rust-crate-proofs/httparse/1.10.1/verification/probes/newline-harness/string/../src/../../../../src/iter.rs",
     "start-char": 18,
     "start-line": 19}}}
{"counterexample": [],
 "prover-result":
  {"answer": "Valid",
   "ce-models": [],
   "status": "exited with status 0",
   "step": 28358,
   "time": 0.00883},
 "term":
  {"explanations": ["assertion"],
   "goal_name": "vc_bytes_subsequence_head",
   "loc":
    {"end-char": 69,
     "end-line": 21,
     "file-name":
      "/workspace/rust-crate-proofs/httparse/1.10.1/verification/probes/newline-harness/string/../src/../../../../src/iter.rs",
     "start-char": 18,
     "start-line": 21}}}
{"counterexample": [],
 "prover-result":
  {"answer": "Valid",
   "ce-models": [],
   "status": "exited with status 0",
   "step": 28604,
   "time": 0.015033},
 "term":
  {"explanations": ["assertion"],
   "goal_name": "vc_bytes_subsequence_head",
   "loc":
    {"end-char": 72,
     "end-line": 23,
     "file-name":
      "/workspace/rust-crate-proofs/httparse/1.10.1/verification/probes/newline-harness/string/../src/../../../../src/iter.rs",
     "start-char": 18,
     "start-line": 22}}}
{"counterexample": [],
 "prover-result":
  {"answer": "Valid",
   "ce-models": [],
   "status": "exited with status 0",
   "step": 29309,
   "time": 0.011938},
 "term":
  {"explanations": ["assertion"],
   "goal_name": "vc_bytes_subsequence_head",
   "loc":
    {"end-char": 57,
     "end-line": 26,
     "file-name":
      "/workspace/rust-crate-proofs/httparse/1.10.1/verification/probes/newline-harness/string/../src/../../../../src/iter.rs",
     "start-char": 18,
     "start-line": 24}}}
{"counterexample": [],
 "prover-result":
  {"answer": "Valid",
   "ce-models": [],
   "status": "exited with status 0",
   "step": 30103,
   "time": 0.007542},
 "term":
  {"explanations": ["assertion"],
   "goal_name": "vc_bytes_subsequence_head",
   "loc":
    {"end-char": 63,
     "end-line": 30,
     "file-name":
      "/workspace/rust-crate-proofs/httparse/1.10.1/verification/probes/newline-harness/string/../src/../../../../src/iter.rs",
     "start-char": 18,
     "start-line": 27}}}
{"counterexample": [],
 "prover-result":
  {"answer": "Valid",
   "ce-models": [],
   "status": "exited with status 0",
   "step": 58073,
   "time": 0.025145},
 "term":
  {"explanations": ["assertion"],
   "goal_name": "vc_bytes_subsequence_head",
   "loc":
    {"end-char": 82,
     "end-line": 32,
     "file-name":
      "/workspace/rust-crate-proofs/httparse/1.10.1/verification/probes/newline-harness/string/../src/../../../../src/iter.rs",
     "start-char": 18,
     "start-line": 31}}}
{"counterexample": [],
 "prover-result":
  {"answer": "Valid",
   "ce-models": [],
   "status": "exited with status 0",
   "step": 2887,
   "time": 0.01857},
 "term":
  {"explanations": ["bytes_subsequence_head ensures"],
   "goal_name": "vc_bytes_subsequence_head",
   "loc":
    {"end-char": 80,
     "end-line": 10,
     "file-name":
      "/workspace/rust-crate-proofs/httparse/1.10.1/verification/probes/newline-harness/string/../src/../../../../src/iter.rs",
     "start-char": 10,
     "start-line": 9}}}
