Warning, file "/workspace/scratch/httparse-string-model/creusot-data/share/why3find/packages/creusot/creusot/int.coma", line 166, characters 8-22: axiom extensionality does not contain any local abstract symbol (contains: int, (=), t, to_int)
Warning, file "/workspace/scratch/httparse-string-model/creusot-data/share/why3find/packages/creusot/creusot/int.coma", line 484, characters 8-22: axiom extensionality does not contain any local abstract symbol (contains: int, (=), t, to_int)
Warning, file "/workspace/scratch/httparse-string-model/creusot-data/share/why3find/packages/creusot/creusot/int.coma", line 802, characters 8-22: axiom extensionality does not contain any local abstract symbol (contains: int, (=), t, to_int)
Warning, file "/workspace/scratch/httparse-string-model/creusot-data/share/why3find/packages/creusot/creusot/int.coma", line 1120, characters 8-22: axiom extensionality does not contain any local abstract symbol (contains: int, (=), t, to_int)
Warning, file "/workspace/scratch/httparse-string-model/creusot-data/share/why3find/packages/creusot/creusot/int.coma", line 1438, characters 8-22: axiom extensionality does not contain any local abstract symbol (contains: int, (=), t, to_int)
Warning, file "/workspace/rust-crate-proofs/httparse/1.10.1/verification/probes/newline-harness/evidence/direct-why3-selected-20261005T064400Z/context/string/verif/httparse_newline_string_harness_rlib/iter/slice_from_ptr_range.coma", line 103, characters 6-37: axiom slice_ptr_ext_ptr_slice_u8_spec does not contain any local abstract symbol (contains: (=), ptr, t, thin_ptr_slice_u8, len_ptr_slice_u8)
Warning, file "/workspace/rust-crate-proofs/httparse/1.10.1/verification/probes/newline-harness/evidence/direct-why3-selected-20261005T064400Z/context/string/verif/httparse_newline_string_harness_rlib/iter/slice_from_ptr_range.coma", line 120, characters 6-21: axiom size_of_u8_spec does not contain any local abstract symbol (contains: int, (<=), size_of_u8)
{"counterexample": [],
 "prover-result":
  {"answer": "Valid",
   "ce-models": [],
   "status": "exited with status 0",
   "step": 34757,
   "time": 0.007996},
 "term":
  {"explanations": [],
   "goal_name": "vc_slice_from_ptr_range",
   "loc":
    {"end-char": 38,
     "end-line": 329,
     "file-name":
      "/workspace/rust-crate-proofs/httparse/1.10.1/verification/probes/newline-harness/evidence/direct-why3-selected-20261005T064400Z/context/string/verif/httparse_newline_string_harness_rlib/iter/slice_from_ptr_range.coma",
     "start-char": 21,
     "start-line": 329}}}
{"counterexample": [],
 "prover-result":
  {"answer": "Valid",
   "ce-models": [],
   "status": "exited with status 0",
   "step": 34187,
   "time": 0.01152},
 "term":
  {"explanations": ["integer overflow"],
   "goal_name": "vc_slice_from_ptr_range",
   "loc":
    {"end-char": 60,
     "end-line": 1022,
     "file-name":
      "/workspace/scratch/httparse-string-model/creusot-data/share/why3find/packages/creusot/creusot/int.coma",
     "start-char": 31,
     "start-line": 1022}}}
{"counterexample": [],
 "prover-result":
  {"answer": "Valid",
   "ce-models": [],
   "status": "exited with status 0",
   "step": 2824,
   "time": 0.010691},
 "term":
  {"explanations": ["deref 'self' type invariant"],
   "goal_name": "vc_slice_from_ptr_range",
   "loc":
    {"end-char": 18,
     "end-line": 75,
     "file-name":
      "/workspace/scratch/httparse-string-model/creusot-libs/creusot-std/src/ghost.rs",
     "start-char": 14,
     "start-line": 75}}}
{"counterexample": [],
 "prover-result":
  {"answer": "Valid",
   "ce-models": [],
   "status": "exited with status 0",
   "step": 33839,
   "time": 0.017358},
 "term":
  {"explanations": ["split_at_u8 requires"],
   "goal_name": "vc_slice_from_ptr_range",
   "loc":
    {"end-char": 92,
     "end-line": 262,
     "file-name":
      "/workspace/rust-crate-proofs/httparse/1.10.1/verification/probes/newline-harness/evidence/direct-why3-selected-20261005T064400Z/context/string/verif/httparse_newline_string_harness_rlib/iter/slice_from_ptr_range.coma",
     "start-char": 46,
     "start-line": 261}}}
{"counterexample": [],
 "prover-result":
  {"answer": "Valid",
   "ce-models": [],
   "status": "exited with status 0",
   "step": 48804,
   "time": 0.011481},
 "term":
  {"explanations": ["split_at_u8 requires"],
   "goal_name": "vc_slice_from_ptr_range",
   "loc":
    {"end-char": 92,
     "end-line": 262,
     "file-name":
      "/workspace/rust-crate-proofs/httparse/1.10.1/verification/probes/newline-harness/evidence/direct-why3-selected-20261005T064400Z/context/string/verif/httparse_newline_string_harness_rlib/iter/slice_from_ptr_range.coma",
     "start-char": 46,
     "start-line": 261}}}
{"counterexample": [],
 "prover-result":
  {"answer": "Valid",
   "ce-models": [],
   "status": "exited with status 0",
   "step": 3961,
   "time": 0.007447},
 "term":
  {"explanations": ["new 'x' type invariant"],
   "goal_name": "vc_slice_from_ptr_range",
   "loc":
    {"end-char": 16,
     "end-line": 157,
     "file-name":
      "/workspace/scratch/httparse-string-model/creusot-libs/creusot-std/src/ghost.rs",
     "start-char": 15,
     "start-line": 157}}}
{"counterexample": [],
 "prover-result":
  {"answer": "Valid",
   "ce-models": [],
   "status": "exited with status 0",
   "step": 62351,
   "time": 0.017465},
 "term":
  {"explanations": ["as_ref_slice_u8 requires"],
   "goal_name": "vc_slice_from_ptr_range",
   "loc":
    {"end-char": 84,
     "end-line": 289,
     "file-name":
      "/workspace/rust-crate-proofs/httparse/1.10.1/verification/probes/newline-harness/evidence/direct-why3-selected-20261005T064400Z/context/string/verif/httparse_newline_string_harness_rlib/iter/slice_from_ptr_range.coma",
     "start-char": 50,
     "start-line": 288}}}
{"counterexample": [],
 "prover-result":
  {"answer": "Valid",
   "ce-models": [],
   "status": "exited with status 0",
   "step": 66781,
   "time": 0.019885},
 "term":
  {"explanations": ["slice_from_ptr_range ensures"],
   "goal_name": "vc_slice_from_ptr_range",
   "loc":
    {"end-char": 88,
     "end-line": 403,
     "file-name":
      "/workspace/rust-crate-proofs/httparse/1.10.1/verification/probes/newline-harness/string/../src/../../../../src/iter.rs",
     "start-char": 10,
     "start-line": 403}}}
