Warning, file "/workspace/scratch/httparse-string-model/creusot-data/share/why3find/packages/creusot/creusot/int.coma", line 166, characters 8-22: axiom extensionality does not contain any local abstract symbol (contains: int, (=), t, to_int)
Warning, file "/workspace/scratch/httparse-string-model/creusot-data/share/why3find/packages/creusot/creusot/int.coma", line 484, characters 8-22: axiom extensionality does not contain any local abstract symbol (contains: int, (=), t, to_int)
Warning, file "/workspace/scratch/httparse-string-model/creusot-data/share/why3find/packages/creusot/creusot/int.coma", line 802, characters 8-22: axiom extensionality does not contain any local abstract symbol (contains: int, (=), t, to_int)
Warning, file "/workspace/scratch/httparse-string-model/creusot-data/share/why3find/packages/creusot/creusot/int.coma", line 1120, characters 8-22: axiom extensionality does not contain any local abstract symbol (contains: int, (=), t, to_int)
Warning, file "/workspace/scratch/httparse-string-model/creusot-data/share/why3find/packages/creusot/creusot/int.coma", line 1438, characters 8-22: axiom extensionality does not contain any local abstract symbol (contains: int, (=), t, to_int)
Warning, file "/workspace/rust-crate-proofs/httparse/1.10.1/verification/probes/newline-harness/evidence/direct-why3-selected-20261005T064400Z/context/string/verif/httparse_newline_string_harness_rlib/iter/impl_Bytes/slice.coma", line 123, characters 6-37: axiom slice_ptr_ext_ptr_slice_u8_spec does not contain any local abstract symbol (contains: (=), ptr, t, len_ptr_slice_u8, thin_ptr_slice_u8)
Warning, file "/workspace/rust-crate-proofs/httparse/1.10.1/verification/probes/newline-harness/evidence/direct-why3-selected-20261005T064400Z/context/string/verif/httparse_newline_string_harness_rlib/iter/impl_Bytes/slice.coma", line 131, characters 6-21: axiom size_of_u8_spec does not contain any local abstract symbol (contains: int, (<=), size_of_u8)
{"counterexample": [],
 "prover-result":
  {"answer": "Valid",
   "ce-models": [],
   "status": "exited with status 0",
   "step": 39262,
   "time": 0.016421},
 "term":
  {"explanations": ["slice_from_ptr_range requires"],
   "goal_name": "vc_slice",
   "loc":
    {"end-char": 28,
     "end-line": 192,
     "file-name":
      "/workspace/rust-crate-proofs/httparse/1.10.1/verification/probes/newline-harness/evidence/direct-why3-selected-20261005T064400Z/context/string/verif/httparse_newline_string_harness_rlib/iter/impl_Bytes/slice.coma",
     "start-char": 55,
     "start-line": 178}}}
{"counterexample": [],
 "prover-result":
  {"answer": "Valid",
   "ce-models": [],
   "status": "exited with status 0",
   "step": 5967,
   "time": 0.007474},
 "term":
  {"explanations": ["commit 'self' type invariant"],
   "goal_name": "vc_slice",
   "loc":
    {"end-char": 27,
     "end-line": 243,
     "file-name":
      "/workspace/rust-crate-proofs/httparse/1.10.1/verification/probes/newline-harness/string/../src/../../../../src/iter.rs",
     "start-char": 23,
     "start-line": 243}}}
{"counterexample": [],
 "prover-result":
  {"answer": "Valid",
   "ce-models": [],
   "status": "exited with status 0",
   "step": 61570,
   "time": 0.018836},
 "term":
  {"explanations": ["slice ensures"],
   "goal_name": "vc_slice",
   "loc":
    {"end-char": 46,
     "end-line": 282,
     "file-name":
      "/workspace/rust-crate-proofs/httparse/1.10.1/verification/probes/newline-harness/evidence/direct-why3-selected-20261005T064400Z/context/string/verif/httparse_newline_string_harness_rlib/iter/impl_Bytes/slice.coma",
     "start-char": 39,
     "start-line": 279}}}
{"counterexample": [],
 "prover-result":
  {"answer": "Valid",
   "ce-models": [],
   "status": "exited with status 0",
   "step": 6041,
   "time": 0.007359},
 "term":
  {"explanations": ["type invariant"],
   "goal_name": "vc_slice",
   "loc":
    {"end-char": 71,
     "end-line": 269,
     "file-name":
      "/workspace/rust-crate-proofs/httparse/1.10.1/verification/probes/newline-harness/evidence/direct-why3-selected-20261005T064400Z/context/string/verif/httparse_newline_string_harness_rlib/iter/impl_Bytes/slice.coma",
     "start-char": 50,
     "start-line": 269}}}
{"counterexample": [],
 "prover-result":
  {"answer": "Valid",
   "ce-models": [],
   "status": "exited with status 0",
   "step": 4048,
   "time": 0.003674},
 "term":
  {"explanations": ["type invariant"],
   "goal_name": "vc_slice",
   "loc":
    {"end-char": 64,
     "end-line": 267,
     "file-name":
      "/workspace/rust-crate-proofs/httparse/1.10.1/verification/probes/newline-harness/evidence/direct-why3-selected-20261005T064400Z/context/string/verif/httparse_newline_string_harness_rlib/iter/impl_Bytes/slice.coma",
     "start-char": 42,
     "start-line": 267}}}
