Shared proof queue held; Why3 running_provers_max=1, memlimit=1000 MiB
target[1]=verif/httparse_spaces_string_harness_rlib/iter/impl_Bytes/byte_permission.coma
Direct command: /workspace/proof-tools/creusot-data/bin/why3 prove --json -C /workspace/rust-crate-proofs/httparse/1.10.1/verification/probes/spaces-harness/evidence/direct-why3-20261005T052959319229043Z/why3-effective.conf -L /workspace/scratch/httparse-string-model/creusot-data/share/why3find/packages/creusot -L /workspace/rust-crate-proofs/httparse/1.10.1/verification/probes/spaces-harness/string/verif -F coma -a split_vc -P Z3,4.15.3 -t 30 -m 1000 /workspace/rust-crate-proofs/httparse/1.10.1/verification/probes/spaces-harness/string/verif/httparse_spaces_string_harness_rlib/iter/impl_Bytes/byte_permission.coma
verif/httparse_spaces_string_harness_rlib/iter/impl_Bytes/byte_permission.coma	vc_byte_permission	Valid	time=0.009724	steps=34977
verif/httparse_spaces_string_harness_rlib/iter/impl_Bytes/byte_permission.coma	vc_byte_permission	Valid	time=0.012181	steps=37182
verif/httparse_spaces_string_harness_rlib/iter/impl_Bytes/byte_permission.coma	vc_byte_permission	Valid	time=0.004968	steps=3188
verif/httparse_spaces_string_harness_rlib/iter/impl_Bytes/byte_permission.coma	vc_byte_permission	Valid	time=0.012913	steps=37715
target[2]=verif/httparse_spaces_string_harness_rlib/iter/impl_Bytes/peek.coma
Direct command: /workspace/proof-tools/creusot-data/bin/why3 prove --json -C /workspace/rust-crate-proofs/httparse/1.10.1/verification/probes/spaces-harness/evidence/direct-why3-20261005T052959319229043Z/why3-effective.conf -L /workspace/scratch/httparse-string-model/creusot-data/share/why3find/packages/creusot -L /workspace/rust-crate-proofs/httparse/1.10.1/verification/probes/spaces-harness/string/verif -F coma -a split_vc -P Z3,4.15.3 -t 30 -m 1000 /workspace/rust-crate-proofs/httparse/1.10.1/verification/probes/spaces-harness/string/verif/httparse_spaces_string_harness_rlib/iter/impl_Bytes/peek.coma
verif/httparse_spaces_string_harness_rlib/iter/impl_Bytes/peek.coma	vc_peek	Valid	time=0.013392	steps=36645
verif/httparse_spaces_string_harness_rlib/iter/impl_Bytes/peek.coma	vc_peek	Valid	time=0.017716	steps=41171
verif/httparse_spaces_string_harness_rlib/iter/impl_Bytes/peek.coma	vc_peek	Valid	time=0.004158	steps=14846
verif/httparse_spaces_string_harness_rlib/iter/impl_Bytes/peek.coma	vc_peek	Valid	time=0.008256	steps=36247
target[3]=verif/httparse_spaces_string_harness_rlib/iter/impl_Bytes/advance.coma
Direct command: /workspace/proof-tools/creusot-data/bin/why3 prove --json -C /workspace/rust-crate-proofs/httparse/1.10.1/verification/probes/spaces-harness/evidence/direct-why3-20261005T052959319229043Z/why3-effective.conf -L /workspace/scratch/httparse-string-model/creusot-data/share/why3find/packages/creusot -L /workspace/rust-crate-proofs/httparse/1.10.1/verification/probes/spaces-harness/string/verif -F coma -a split_vc -P Z3,4.15.3 -t 30 -m 1000 /workspace/rust-crate-proofs/httparse/1.10.1/verification/probes/spaces-harness/string/verif/httparse_spaces_string_harness_rlib/iter/impl_Bytes/advance.coma
verif/httparse_spaces_string_harness_rlib/iter/impl_Bytes/advance.coma	vc_advance	Valid	time=0.02226	steps=58375
verif/httparse_spaces_string_harness_rlib/iter/impl_Bytes/advance.coma	vc_advance	Valid	time=0.008219	steps=4425
verif/httparse_spaces_string_harness_rlib/iter/impl_Bytes/advance.coma	vc_advance	Valid	time=0.00462	steps=4472
verif/httparse_spaces_string_harness_rlib/iter/impl_Bytes/advance.coma	vc_advance	Valid	time=0.026064	steps=63925
verif/httparse_spaces_string_harness_rlib/iter/impl_Bytes/advance.coma	vc_advance	Valid	time=0.014027	steps=70284
verif/httparse_spaces_string_harness_rlib/iter/impl_Bytes/advance.coma	vc_advance	Valid	time=0.023595	steps=69343
verif/httparse_spaces_string_harness_rlib/iter/impl_Bytes/advance.coma	vc_advance	Valid	time=0.017688	steps=73846
target[4]=verif/httparse_spaces_string_harness_rlib/iter/impl_Bytes/bump.coma
Direct command: /workspace/proof-tools/creusot-data/bin/why3 prove --json -C /workspace/rust-crate-proofs/httparse/1.10.1/verification/probes/spaces-harness/evidence/direct-why3-20261005T052959319229043Z/why3-effective.conf -L /workspace/scratch/httparse-string-model/creusot-data/share/why3find/packages/creusot -L /workspace/rust-crate-proofs/httparse/1.10.1/verification/probes/spaces-harness/string/verif -F coma -a split_vc -P Z3,4.15.3 -t 30 -m 1000 /workspace/rust-crate-proofs/httparse/1.10.1/verification/probes/spaces-harness/string/verif/httparse_spaces_string_harness_rlib/iter/impl_Bytes/bump.coma
verif/httparse_spaces_string_harness_rlib/iter/impl_Bytes/bump.coma	vc_bump	Valid	time=0.022318	steps=39710
verif/httparse_spaces_string_harness_rlib/iter/impl_Bytes/bump.coma	vc_bump	Valid	time=0.01691	steps=44498
verif/httparse_spaces_string_harness_rlib/iter/impl_Bytes/bump.coma	vc_bump	Valid	time=0.004564	steps=4719
verif/httparse_spaces_string_harness_rlib/iter/impl_Bytes/bump.coma	vc_bump	Valid	time=1e-06	steps=3123
target[5]=verif/httparse_spaces_string_harness_rlib/iter/impl_Bytes/commit.coma
Direct command: /workspace/proof-tools/creusot-data/bin/why3 prove --json -C /workspace/rust-crate-proofs/httparse/1.10.1/verification/probes/spaces-harness/evidence/direct-why3-20261005T052959319229043Z/why3-effective.conf -L /workspace/scratch/httparse-string-model/creusot-data/share/why3find/packages/creusot -L /workspace/rust-crate-proofs/httparse/1.10.1/verification/probes/spaces-harness/string/verif -F coma -a split_vc -P Z3,4.15.3 -t 30 -m 1000 /workspace/rust-crate-proofs/httparse/1.10.1/verification/probes/spaces-harness/string/verif/httparse_spaces_string_harness_rlib/iter/impl_Bytes/commit.coma
verif/httparse_spaces_string_harness_rlib/iter/impl_Bytes/commit.coma	vc_commit	Valid	time=0.024067	steps=36252
verif/httparse_spaces_string_harness_rlib/iter/impl_Bytes/commit.coma	vc_commit	Valid	time=0.011767	steps=37793
target[6]=verif/httparse_spaces_string_harness_rlib/iter/slice_from_ptr_range.coma
Direct command: /workspace/proof-tools/creusot-data/bin/why3 prove --json -C /workspace/rust-crate-proofs/httparse/1.10.1/verification/probes/spaces-harness/evidence/direct-why3-20261005T052959319229043Z/why3-effective.conf -L /workspace/scratch/httparse-string-model/creusot-data/share/why3find/packages/creusot -L /workspace/rust-crate-proofs/httparse/1.10.1/verification/probes/spaces-harness/string/verif -F coma -a split_vc -P Z3,4.15.3 -t 30 -m 1000 /workspace/rust-crate-proofs/httparse/1.10.1/verification/probes/spaces-harness/string/verif/httparse_spaces_string_harness_rlib/iter/slice_from_ptr_range.coma
verif/httparse_spaces_string_harness_rlib/iter/slice_from_ptr_range.coma	vc_slice_from_ptr_range	Valid	time=0.011628	steps=34757
verif/httparse_spaces_string_harness_rlib/iter/slice_from_ptr_range.coma	vc_slice_from_ptr_range	Valid	time=0.008027	steps=34187
verif/httparse_spaces_string_harness_rlib/iter/slice_from_ptr_range.coma	vc_slice_from_ptr_range	Valid	time=1e-06	steps=2824
verif/httparse_spaces_string_harness_rlib/iter/slice_from_ptr_range.coma	vc_slice_from_ptr_range	Valid	time=0.011999	steps=33839
verif/httparse_spaces_string_harness_rlib/iter/slice_from_ptr_range.coma	vc_slice_from_ptr_range	Valid	time=0.014832	steps=48804
verif/httparse_spaces_string_harness_rlib/iter/slice_from_ptr_range.coma	vc_slice_from_ptr_range	Valid	time=1e-06	steps=3961
verif/httparse_spaces_string_harness_rlib/iter/slice_from_ptr_range.coma	vc_slice_from_ptr_range	Valid	time=0.008736	steps=62351
verif/httparse_spaces_string_harness_rlib/iter/slice_from_ptr_range.coma	vc_slice_from_ptr_range	Valid	time=0.015254	steps=66781
target[7]=verif/httparse_spaces_string_harness_rlib/iter/impl_Bytes/slice.coma
Direct command: /workspace/proof-tools/creusot-data/bin/why3 prove --json -C /workspace/rust-crate-proofs/httparse/1.10.1/verification/probes/spaces-harness/evidence/direct-why3-20261005T052959319229043Z/why3-effective.conf -L /workspace/scratch/httparse-string-model/creusot-data/share/why3find/packages/creusot -L /workspace/rust-crate-proofs/httparse/1.10.1/verification/probes/spaces-harness/string/verif -F coma -a split_vc -P Z3,4.15.3 -t 30 -m 1000 /workspace/rust-crate-proofs/httparse/1.10.1/verification/probes/spaces-harness/string/verif/httparse_spaces_string_harness_rlib/iter/impl_Bytes/slice.coma
verif/httparse_spaces_string_harness_rlib/iter/impl_Bytes/slice.coma	vc_slice	Valid	time=0.003689	steps=39262
verif/httparse_spaces_string_harness_rlib/iter/impl_Bytes/slice.coma	vc_slice	Valid	time=0.00478	steps=5967
verif/httparse_spaces_string_harness_rlib/iter/impl_Bytes/slice.coma	vc_slice	Valid	time=0.015062	steps=61570
verif/httparse_spaces_string_harness_rlib/iter/impl_Bytes/slice.coma	vc_slice	Valid	time=0.007811	steps=6041
verif/httparse_spaces_string_harness_rlib/iter/impl_Bytes/slice.coma	vc_slice	Valid	time=0.003778	steps=4048
target[8]=verif/httparse_spaces_string_harness_rlib/verification_spaces/space_prefix_end.coma
Direct command: /workspace/proof-tools/creusot-data/bin/why3 prove --json -C /workspace/rust-crate-proofs/httparse/1.10.1/verification/probes/spaces-harness/evidence/direct-why3-20261005T052959319229043Z/why3-effective.conf -L /workspace/scratch/httparse-string-model/creusot-data/share/why3find/packages/creusot -L /workspace/rust-crate-proofs/httparse/1.10.1/verification/probes/spaces-harness/string/verif -F coma -a split_vc -P Z3,4.15.3 -t 30 -m 1000 /workspace/rust-crate-proofs/httparse/1.10.1/verification/probes/spaces-harness/string/verif/httparse_spaces_string_harness_rlib/verification_spaces/space_prefix_end.coma
verif/httparse_spaces_string_harness_rlib/verification_spaces/space_prefix_end.coma	vc_space_prefix_end	Valid	time=0.003646	steps=2221
verif/httparse_spaces_string_harness_rlib/verification_spaces/space_prefix_end.coma	vc_space_prefix_end	Valid	time=1e-06	steps=1124
verif/httparse_spaces_string_harness_rlib/verification_spaces/space_prefix_end.coma	vc_space_prefix_end	Valid	time=0.004706	steps=7886
verif/httparse_spaces_string_harness_rlib/verification_spaces/space_prefix_end.coma	vc_space_prefix_end	Valid	time=0.009246	steps=3417
verif/httparse_spaces_string_harness_rlib/verification_spaces/space_prefix_end.coma	vc_space_prefix_end	Valid	time=0.003718	steps=9798
target[9]=verif/httparse_spaces_string_harness_rlib/verification_spaces/skip_spaces_model.coma
Direct command: /workspace/proof-tools/creusot-data/bin/why3 prove --json -C /workspace/rust-crate-proofs/httparse/1.10.1/verification/probes/spaces-harness/evidence/direct-why3-20261005T052959319229043Z/why3-effective.conf -L /workspace/scratch/httparse-string-model/creusot-data/share/why3find/packages/creusot -L /workspace/rust-crate-proofs/httparse/1.10.1/verification/probes/spaces-harness/string/verif -F coma -a split_vc -P Z3,4.15.3 -t 30 -m 1000 /workspace/rust-crate-proofs/httparse/1.10.1/verification/probes/spaces-harness/string/verif/httparse_spaces_string_harness_rlib/verification_spaces/skip_spaces_model.coma
verif/httparse_spaces_string_harness_rlib/verification_spaces/skip_spaces_model.coma	vc_skip_spaces_model	Valid	time=0.007308	steps=12015
verif/httparse_spaces_string_harness_rlib/verification_spaces/skip_spaces_model.coma	vc_skip_spaces_model	Valid	time=0.007003	steps=1077
verif/httparse_spaces_string_harness_rlib/verification_spaces/skip_spaces_model.coma	vc_skip_spaces_model	Valid	time=0.00942	steps=12402
target[10]=verif/httparse_spaces_string_harness_rlib/verification_spaces/space_prefix_at_cursor.coma
Direct command: /workspace/proof-tools/creusot-data/bin/why3 prove --json -C /workspace/rust-crate-proofs/httparse/1.10.1/verification/probes/spaces-harness/evidence/direct-why3-20261005T052959319229043Z/why3-effective.conf -L /workspace/scratch/httparse-string-model/creusot-data/share/why3find/packages/creusot -L /workspace/rust-crate-proofs/httparse/1.10.1/verification/probes/spaces-harness/string/verif -F coma -a split_vc -P Z3,4.15.3 -t 30 -m 1000 /workspace/rust-crate-proofs/httparse/1.10.1/verification/probes/spaces-harness/string/verif/httparse_spaces_string_harness_rlib/verification_spaces/space_prefix_at_cursor.coma
verif/httparse_spaces_string_harness_rlib/verification_spaces/space_prefix_at_cursor.coma	vc_space_prefix_at_cursor	Valid	time=0.012549	steps=14552
target[11]=verif/httparse_spaces_string_harness_rlib/skip_spaces.coma
Direct command: /workspace/proof-tools/creusot-data/bin/why3 prove --json -C /workspace/rust-crate-proofs/httparse/1.10.1/verification/probes/spaces-harness/evidence/direct-why3-20261005T052959319229043Z/why3-effective.conf -L /workspace/scratch/httparse-string-model/creusot-data/share/why3find/packages/creusot -L /workspace/rust-crate-proofs/httparse/1.10.1/verification/probes/spaces-harness/string/verif -F coma -a split_vc -P Z3,4.15.3 -t 30 -m 1000 /workspace/rust-crate-proofs/httparse/1.10.1/verification/probes/spaces-harness/string/verif/httparse_spaces_string_harness_rlib/skip_spaces.coma
verif/httparse_spaces_string_harness_rlib/skip_spaces.coma	vc_skip_spaces	Valid	time=0.011059	steps=3001
verif/httparse_spaces_string_harness_rlib/skip_spaces.coma	vc_skip_spaces	Valid	time=0.003817	steps=2056
verif/httparse_spaces_string_harness_rlib/skip_spaces.coma	vc_skip_spaces	Valid	time=1e-06	steps=2065
verif/httparse_spaces_string_harness_rlib/skip_spaces.coma	vc_skip_spaces	Valid	time=0.010895	steps=2100
verif/httparse_spaces_string_harness_rlib/skip_spaces.coma	vc_skip_spaces	Valid	time=0.010054	steps=24079
verif/httparse_spaces_string_harness_rlib/skip_spaces.coma	vc_skip_spaces	Valid	time=0.012339	steps=26875
verif/httparse_spaces_string_harness_rlib/skip_spaces.coma	vc_skip_spaces	Valid	time=0.008169	steps=2287
verif/httparse_spaces_string_harness_rlib/skip_spaces.coma	vc_skip_spaces	Valid	time=0.003995	steps=8965
verif/httparse_spaces_string_harness_rlib/skip_spaces.coma	vc_skip_spaces	Valid	time=0.031138	steps=34843
verif/httparse_spaces_string_harness_rlib/skip_spaces.coma	vc_skip_spaces	Valid	time=1e-06	steps=3776
verif/httparse_spaces_string_harness_rlib/skip_spaces.coma	vc_skip_spaces	Valid	time=0.009763	steps=2493
verif/httparse_spaces_string_harness_rlib/skip_spaces.coma	vc_skip_spaces	Valid	time=0.02081	steps=36427
verif/httparse_spaces_string_harness_rlib/skip_spaces.coma	vc_skip_spaces	Valid	time=0.011828	steps=39861
verif/httparse_spaces_string_harness_rlib/skip_spaces.coma	vc_skip_spaces	Valid	time=0.012634	steps=20006
verif/httparse_spaces_string_harness_rlib/skip_spaces.coma	vc_skip_spaces	Valid	time=0.003964	steps=20066
verif/httparse_spaces_string_harness_rlib/skip_spaces.coma	vc_skip_spaces	Valid	time=0.011046	steps=35275
verif/httparse_spaces_string_harness_rlib/skip_spaces.coma	vc_skip_spaces	Valid	time=0.011888	steps=37694
verif/httparse_spaces_string_harness_rlib/skip_spaces.coma	vc_skip_spaces	Valid	time=0.015271	steps=36366
verif/httparse_spaces_string_harness_rlib/skip_spaces.coma	vc_skip_spaces	Valid	time=0.008275	steps=2367
verif/httparse_spaces_string_harness_rlib/skip_spaces.coma	vc_skip_spaces	Valid	time=0.004178	steps=7802
verif/httparse_spaces_string_harness_rlib/skip_spaces.coma	vc_skip_spaces	Valid	time=0.008971	steps=34852
verif/httparse_spaces_string_harness_rlib/skip_spaces.coma	vc_skip_spaces	Valid	time=1e-06	steps=3593
verif/httparse_spaces_string_harness_rlib/skip_spaces.coma	vc_skip_spaces	Valid	time=0.015221	steps=3755
verif/httparse_spaces_string_harness_rlib/skip_spaces.coma	vc_skip_spaces	Valid	time=0.010469	steps=58825
verif/httparse_spaces_string_harness_rlib/skip_spaces.coma	vc_skip_spaces	Valid	time=0.00385	steps=5326
verif/httparse_spaces_string_harness_rlib/skip_spaces.coma	vc_skip_spaces	Valid	time=1e-06	steps=2448
