Warning, file "/workspace/proof-tools/creusot-data/share/why3find/packages/creusot/creusot/int.coma", line 166, characters 8-22: axiom extensionality does not contain any local abstract symbol (contains: int, (=), t, to_int)
Warning, file "/workspace/proof-tools/creusot-data/share/why3find/packages/creusot/creusot/int.coma", line 484, characters 8-22: axiom extensionality does not contain any local abstract symbol (contains: int, (=), t, to_int)
Warning, file "/workspace/proof-tools/creusot-data/share/why3find/packages/creusot/creusot/int.coma", line 802, characters 8-22: axiom extensionality does not contain any local abstract symbol (contains: int, (=), t, to_int)
Warning, file "/workspace/proof-tools/creusot-data/share/why3find/packages/creusot/creusot/int.coma", line 1120, characters 8-22: axiom extensionality does not contain any local abstract symbol (contains: int, (=), t, to_int)
Warning, file "/workspace/proof-tools/creusot-data/share/why3find/packages/creusot/creusot/int.coma", line 1438, characters 8-22: axiom extensionality does not contain any local abstract symbol (contains: int, (=), t, to_int)
Warning, file "/workspace/rust-crate-proofs/http/1.5.0/verification/method/evidence/current-source-reconciliation-20261005/independent-astra-nested/method-eq/input.coma", line 263, characters 145-150: unused variable data1
Warning, file "/workspace/rust-crate-proofs/http/1.5.0/verification/method/evidence/current-source-reconciliation-20261005/independent-astra-nested/method-eq/input.coma", line 263, characters 170-174: unused variable len1
Warning, file "/workspace/rust-crate-proofs/http/1.5.0/verification/method/evidence/current-source-reconciliation-20261005/independent-astra-nested/method-eq/input.coma", line 263, characters 182-187: unused variable data2
Warning, file "/workspace/rust-crate-proofs/http/1.5.0/verification/method/evidence/current-source-reconciliation-20261005/independent-astra-nested/method-eq/input.coma", line 263, characters 207-211: unused variable len2
Warning, file "/workspace/rust-crate-proofs/http/1.5.0/verification/method/evidence/current-source-reconciliation-20261005/independent-astra-nested/method-eq/input.coma", line 266, characters 6-41: axiom equal_canonical_inline_storage_spec does not contain any local abstract symbol (contains: int, (=), (<), (<=), seq, length, get, ([..]), t, t, t'int, const_MAX)
Warning, file "/workspace/rust-crate-proofs/http/1.5.0/verification/method/evidence/current-source-reconciliation-20261005/independent-astra-nested/method-eq/input.coma", line 280, characters 35-40: unused variable data1
Warning, file "/workspace/rust-crate-proofs/http/1.5.0/verification/method/evidence/current-source-reconciliation-20261005/independent-astra-nested/method-eq/input.coma", line 280, characters 70-75: unused variable data2
Warning, file "/workspace/rust-crate-proofs/http/1.5.0/verification/method/evidence/current-source-reconciliation-20261005/independent-astra-nested/method-eq/input.coma", line 281, characters 137-141: unused variable data
Warning, file "/workspace/rust-crate-proofs/http/1.5.0/verification/method/evidence/current-source-reconciliation-20261005/independent-astra-nested/method-eq/input.coma", line 281, characters 142-145: unused variable len
Warning, file "/workspace/rust-crate-proofs/http/1.5.0/verification/method/evidence/current-source-reconciliation-20261005/independent-astra-nested/method-eq/input.coma", line 282, characters 32-36: unused variable data
Warning, file "/workspace/rust-crate-proofs/http/1.5.0/verification/method/evidence/current-source-reconciliation-20261005/independent-astra-nested/method-eq/input.coma", line 282, characters 37-40: unused variable len
Warning, file "/workspace/rust-crate-proofs/http/1.5.0/verification/method/evidence/current-source-reconciliation-20261005/independent-astra-nested/method-eq/input.coma", line 283, characters 140-144: unused variable data
Warning, file "/workspace/rust-crate-proofs/http/1.5.0/verification/method/evidence/current-source-reconciliation-20261005/independent-astra-nested/method-eq/input.coma", line 284, characters 35-39: unused variable data
Warning, file "/workspace/rust-crate-proofs/http/1.5.0/verification/method/evidence/current-source-reconciliation-20261005/independent-astra-nested/method-eq/input.coma", line 285, characters 112-121: unused variable allocated
Warning, file "/workspace/rust-crate-proofs/http/1.5.0/verification/method/evidence/current-source-reconciliation-20261005/independent-astra-nested/method-eq/input.coma", line 285, characters 148-152: unused variable data
Warning, file "/workspace/rust-crate-proofs/http/1.5.0/verification/method/evidence/current-source-reconciliation-20261005/independent-astra-nested/method-eq/input.coma", line 285, characters 153-156: unused variable len
Warning, file "/workspace/rust-crate-proofs/http/1.5.0/verification/method/evidence/current-source-reconciliation-20261005/independent-astra-nested/method-eq/input.coma", line 288, characters 6-45: axiom canonical_method_text_is_injective_spec does not contain any local abstract symbol (contains: (=), seq, t, t_MethodModel, method_model_text, method_model_is_canonical)
