bytes proof: /workspace/bytes-runtime-verification/bytes/1.11.1/verification/probes/coordinator-carrier-split; one prover; 1024 MiB; native Ordering; sc-drf disabled
     Removed 22 files, 9.9MiB total
   Compiling bytes-coordinator-carrier-split v0.1.0 (/workspace/bytes-runtime-verification/bytes/1.11.1/verification/probes/coordinator-carrier-split)
warning: unnecessary parentheses around match arm expression
   --> src/../../../../src/ownership_proof/scalable_tickets.rs:381:27
    |
381 |             Some(pool) => (forall<id: Int> match (*state.status.pending).get(id) {
    |                           ^
...
385 |             }),
    |              ^
    |
    = note: `#[warn(unused_parens)]` (part of `#[warn(unused)]`) on by default
help: remove these parentheses
    |
381 ~             Some(pool) => forall<id: Int> match (*state.status.pending).get(id) {
382 |                 None => true,
383 |                 Some((lo, hi)) =>
384 |                     (forall<index: Int> lo <= index && index < hi ==> !pool.contains(index)),
385 ~             },
    |

warning: unnecessary parentheses around match arm expression
   --> src/../../../../src/ownership_proof/scalable_tickets.rs:384:21
    |
384 |                     (forall<index: Int> lo <= index && index < hi ==> !pool.contains(index)),
    |                     ^                                                                      ^
    |
help: remove these parentheses
    |
384 -                     (forall<index: Int> lo <= index && index < hi ==> !pool.contains(index)),
384 +                     forall<index: Int> lo <= index && index < hi ==> !pool.contains(index),
    |

warning: unnecessary parentheses around block return value
   --> src/../../../../src/ownership_proof/scalable_tickets.rs:395:9
    |
395 |         (forall<left: Int, right: Int> match
    |         ^
...
400 |         })
    |          ^
    |
help: remove these parentheses
    |
395 ~         forall<left: Int, right: Int> match
396 |             ((*state.status.pending).get(left), (*state.status.pending).get(right)) {
...
399 |             _ => true,
400 ~         }
    |

warning: unnecessary parentheses around match arm expression
   --> src/../../../../src/ownership_proof/scalable_tickets.rs:409:27
    |
409 |             Some(pool) => (forall<index: Int> pool.contains(index) == (
    |                           ^
...
412 |             )),
    |              ^
    |
help: remove these parentheses
    |
409 ~             Some(pool) => forall<index: Int> pool.contains(index) == (
410 |                 0 <= index && index < state.status.capacity &&
411 |                 pending_outside(*state.status.pending, index)
412 ~             ),
    |

warning: unused import: `owned_region`
  --> src/lib.rs:25:28
   |
25 |     pub(crate) use crate::{owned_region, raw_vec, sequential_counter, scalable_tickets, bound_ptr, boxed_alignment};
   |                            ^^^^^^^^^^^^
   |
   = note: `#[warn(unused_imports)]` (part of `#[warn(unused)]`) on by default

warning: unused import: `ManuallyDrop`
 --> /workspace/bytes-proof-tools/targets/bytes/debug/build/bytes-coordinator-carrier-split-6d6f78ce74c2e19c/out/actual_carrier.rs:2:22
  |
2 | use core::mem::{self,ManuallyDrop,MaybeUninit};
  |                      ^^^^^^^^^^^^

warning: unused import: `self`
 --> /workspace/bytes-proof-tools/targets/bytes/debug/build/bytes-coordinator-carrier-split-6d6f78ce74c2e19c/out/actual_carrier.rs:3:17
  |
3 | use core::ptr::{self,NonNull};
  |                 ^^^^

warning: unused imports: `AtomicUsize` and `Ordering`
 --> /workspace/bytes-proof-tools/targets/bytes/debug/build/bytes-coordinator-carrier-split-6d6f78ce74c2e19c/out/actual_carrier.rs:5:26
  |
5 | use core::sync::atomic::{AtomicUsize,Ordering};
  |                          ^^^^^^^^^^^ ^^^^^^^^

warning: unnecessary parentheses around method argument
   --> /workspace/bytes-proof-tools/targets/bytes/debug/build/bytes-coordinator-carrier-split-6d6f78ce74c2e19c/out/actual_carrier.rs:532:92
    |
532 |     #[cfg_attr(all(creusot, bytes_proof_repeated_split), ensures(result.proof_carrier_pair((^self))))]
    |                                                                                            ^     ^
    |
help: remove these parentheses
    |
532 -     #[cfg_attr(all(creusot, bytes_proof_repeated_split), ensures(result.proof_carrier_pair((^self))))]
532 +     #[cfg_attr(all(creusot, bytes_proof_repeated_split), ensures(result.proof_carrier_pair(^self )))]
    |

warning: unnecessary parentheses around method argument
    --> /workspace/bytes-proof-tools/targets/bytes/debug/build/bytes-coordinator-carrier-split-6d6f78ce74c2e19c/out/actual_carrier.rs:1006:59
     |
1006 |     #[cfg_attr(creusot, ensures(result.proof_carrier_pair((^self))))]
     |                                                           ^     ^
     |
help: remove these parentheses
     |
1006 -     #[cfg_attr(creusot, ensures(result.proof_carrier_pair((^self))))]
1006 +     #[cfg_attr(creusot, ensures(result.proof_carrier_pair(^self )))]
     |

warning: unused import: `prelude`
 --> /workspace/bytes-runtime-verification/bytes/1.11.1/src/ownership_proof/carrier_protocol.rs:5:49
  |
5 | use creusot_std::{ghost::perm::Perm, logic::Id, prelude::*};
  |                                                 ^^^^^^^

warning: variable does not need to be mutable
   --> /workspace/bytes-proof-tools/targets/bytes/debug/build/bytes-coordinator-carrier-split-6d6f78ce74c2e19c/out/actual_carrier.rs:558:17
    |
558 |             let mut other = self.shallow_clone();
    |                 ----^^^^^
    |                 |
    |                 help: remove this `mut`
    |
    = note: `#[warn(unused_mut)]` (part of `#[warn(unused)]`) on by default

warning: variable does not need to be mutable
   --> /workspace/bytes-proof-tools/targets/bytes/debug/build/bytes-coordinator-carrier-split-6d6f78ce74c2e19c/out/actual_carrier.rs:620:17
    |
620 |             let mut other = self.shallow_clone();
    |                 ----^^^^^
    |                 |
    |                 help: remove this `mut`

warning: unused variable: `off`
   --> /workspace/bytes-proof-tools/targets/bytes/debug/build/bytes-coordinator-carrier-split-6d6f78ce74c2e19c/out/actual_carrier.rs:715:13
    |
715 |         let off = crate::capacity_ops::vec_pos_from_data(
    |             ^^^ help: if this is intentional, prefix it with an underscore: `_off`
    |
    = note: `#[warn(unused_variables)]` (part of `#[warn(unused)]`) on by default

warning: function `pointer_addr_eq` is never used
  --> src/../../../../src/provenance_specs.rs:19:15
   |
19 | pub(crate) fn pointer_addr_eq<T>(left: *const T, right: *const T) -> bool {
   |               ^^^^^^^^^^^^^^^
   |
   = note: `#[warn(dead_code)]` (part of `#[warn(unused)]`) on by default

warning: function `pointer_with_address` is never used
  --> src/../../../../src/provenance_specs.rs:86:15
   |
86 | pub(crate) fn pointer_with_address(ptr: *mut u8, new_addr: usize) -> *mut u8 {
   |               ^^^^^^^^^^^^^^^^^^^^

warning: methods `slots` and `join` are never used
   --> src/../../../../src/ownership_proof/owned_region.rs:149:19
    |
 95 | impl OwnedRegion {
    | ---------------- methods in this implementation
...
149 |     pub(crate) fn slots(self) -> FMap<Int, Excl<Option<u8>>> {
    |                   ^^^^^
...
243 |     pub(crate) fn join(self, other: Self) -> Self {
    |                   ^^^^

warning: methods `as_non_null` and `retreat_within` are never used
   --> src/../../../../src/ownership_proof/raw_vec.rs:203:19
    |
171 | impl BoundPtr {
    | ------------- methods in this implementation
...
203 |     pub(crate) fn as_non_null(&self) -> NonNull<u8> {
    |                   ^^^^^^^^^^^
...
215 |     pub(crate) fn retreat_within(&self, count: usize) -> Self {
    |                   ^^^^^^^^^^^^^^

warning: method `join` is never used
   --> src/../../../../src/ownership_proof/raw_vec.rs:495:19
    |
409 | impl PhysicalRegion {
    | ------------------- method in this implementation
...
495 |     pub(crate) fn join(self, other: Self) -> Self {
    |                   ^^^^

warning: function `resume_vec` is never used
   --> src/../../../../src/ownership_proof/raw_vec.rs:795:22
    |
795 | pub(crate) unsafe fn resume_vec(
    |                      ^^^^^^^^^^

warning: function `deallocate_vec` is never used
   --> src/../../../../src/ownership_proof/raw_vec.rs:831:22
    |
831 | pub(crate) unsafe fn deallocate_vec(
    |                      ^^^^^^^^^^^^^^

warning: function `borrow_mut` is never used
   --> src/../../../../src/ownership_proof/raw_vec.rs:915:22
    |
915 | pub(crate) unsafe fn borrow_mut<'a>(
    |                      ^^^^^^^^^^

warning: function `slot_known_equivalence` is never used
   --> src/../../../../src/ownership_proof/raw_vec.rs:937:15
    |
937 | pub(crate) fn slot_known_equivalence(slot: Option<Option<u8>>) {}
    |               ^^^^^^^^^^^^^^^^^^^^^^

warning: function `borrow_empty_bound` is never used
    --> src/../../../../src/ownership_proof/raw_vec.rs:1094:22
     |
1094 | pub(crate) unsafe fn borrow_empty_bound<'a>(bound: &'a BoundPtr) -> &'a [u8] {
     |                      ^^^^^^^^^^^^^^^^^^

warning: function `borrow_empty_bound_mut` is never used
    --> src/../../../../src/ownership_proof/raw_vec.rs:1103:22
     |
1103 | pub(crate) unsafe fn borrow_empty_bound_mut<'a>(bound: &'a BoundPtr) -> &'a mut [u8] {
     |                      ^^^^^^^^^^^^^^^^^^^^^^

warning: function `borrow_empty_bound_uninit_mut` is never used
    --> src/../../../../src/ownership_proof/raw_vec.rs:1111:22
     |
1111 | pub(crate) unsafe fn borrow_empty_bound_uninit_mut<'a>(
     |                      ^^^^^^^^^^^^^^^^^^^^^^^^^^^^^

warning: function `initialize` is never used
   --> src/../../../../src/ownership_proof/scalable_tickets.rs:507:15
    |
507 | pub(crate) fn initialize(input: alloc::vec::Vec<u8>) -> (crate::ownership_proof::raw_vec::BoundPtr, usize, Ghost<(Coordinator, Pack...
    |               ^^^^^^^^^^

warning: function `replace` is never used
   --> src/../../../../src/ownership_proof/scalable_tickets.rs:728:15
    |
728 | pub(crate) fn replace(
    |               ^^^^^^^

warning: field `original_capacity_repr` is never read
  --> /workspace/bytes-proof-tools/targets/bytes/debug/build/bytes-coordinator-carrier-split-6d6f78ce74c2e19c/out/actual_carrier.rs:32:5
   |
30 | struct Shared {
   |        ------ field in this struct
31 |     buffer: SharedBuffer,
32 |     original_capacity_repr: usize,
   |     ^^^^^^^^^^^^^^^^^^^^^^

warning: calling external function `abort` with no contract will yield an impossible precondition
  --> src/lib.rs:30:19
   |
30 | fn abort() -> ! { std::process::abort() }
   |                   ^^^^^^^^^^^^^^^^^^^^^ function called here
   |
   = note: `#[warn(creusot::contractless_external_function)]` on by default

warning: `bytes-coordinator-carrier-split` (lib) generated 30 warnings (run `cargo fix --lib -p bytes-coordinator-carrier-split` to apply 13 suggestions)
    Finished `dev` profile [unoptimized + debuginfo] target(s) in 4.05s
No dangling files found
Proved (111 files) ✔
