warning: function `borrowed_port_text` is never used
  --> src/lib.rs:59:4
   |
59 | fn borrowed_port_text<'a>(value: &'a uri::port::Port<&'a str>) -> &'a str {
   |    ^^^^^^^^^^^^^^^^^^
   |
   = note: `#[warn(dead_code)]` (part of `#[warn(unused)]`) on by default

warning: function `parse_borrowed_port` is never used
  --> src/lib.rs:70:4
   |
70 | fn parse_borrowed_port(
   |    ^^^^^^^^^^^^^^^^^^^

warning: function `example_authority_static_bytes` is never used
  --> src/lib.rs:81:4
   |
81 | fn example_authority_static_bytes() -> creusot_std::logic::Seq<u8> {
   |    ^^^^^^^^^^^^^^^^^^^^^^^^^^^^^^

warning: function `accepted_authority_static_domain` is never used
  --> src/lib.rs:90:4
   |
90 | fn accepted_authority_static_domain() {
   |    ^^^^^^^^^^^^^^^^^^^^^^^^^^^^^^^^

warning: function `example_authority_static_text` is never used
   --> src/lib.rs:129:4
    |
129 | fn example_authority_static_text() -> &'static str {
    |    ^^^^^^^^^^^^^^^^^^^^^^^^^^^^^

warning: function `construct_static_authority_example` is never used
   --> src/lib.rs:143:4
    |
143 | fn construct_static_authority_example() -> uri::authority::Authority {
    |    ^^^^^^^^^^^^^^^^^^^^^^^^^^^^^^^^^^

warning: function `actual_uri_into_parts` is never used
   --> src/lib.rs:154:4
    |
154 | fn actual_uri_into_parts(value: uri::Uri) -> uri::Parts {
    |    ^^^^^^^^^^^^^^^^^^^^^

warning: function `actual_uri_from_parts` is never used
   --> src/lib.rs:165:4
    |
165 | fn actual_uri_from_parts(
    |    ^^^^^^^^^^^^^^^^^^^^^

warning: variant `InvalidFormat` is never constructed
  --> src/../../../src/uri/error.rs:18:5
   |
13 | pub(super) enum ErrorKind {
   |                 --------- variant in this enum
...
18 |     InvalidFormat,
   |     ^^^^^^^^^^^^^

warning: method `is_empty` is never used
   --> src/../../../src/uri/error.rs:107:19
    |
105 | impl InvalidUri {
    | --------------- method in this implementation
106 |     #[ensures(result == (self.deep_model() == 10))]
107 |     pub(crate) fn is_empty(&self) -> bool {
    |                   ^^^^^^^^

warning: function `star_str` is never used
   --> src/../../../src/uri/path.rs:274:4
    |
274 | fn star_str() -> &'static str {
    |    ^^^^^^^^

warning: associated function `star` is never used
   --> src/../../../src/uri/path.rs:443:19
    |
294 | impl PathAndQuery {
    | ----------------- associated function in this implementation
...
443 |     pub(super) fn star() -> Self {
    |                   ^^^^

warning: function `scheme_delimiter_candidate` is never used
   --> src/../../../src/uri/scheme.rs:408:4
    |
408 | fn scheme_delimiter_candidate(bytes: Seq<u8>, index: Int) -> bool {
    |    ^^^^^^^^^^^^^^^^^^^^^^^^^^

warning: function `scheme_parse_matches` is never used
   --> src/../../../src/uri/scheme.rs:420:15
    |
420 | pub(super) fn scheme_parse_matches(
    |               ^^^^^^^^^^^^^^^^^^^^

warning: function `find_scheme_delimiter` is never used
   --> src/../../../src/uri/scheme.rs:468:4
    |
468 | fn find_scheme_delimiter(s: &[u8]) -> Option<usize> {
    |    ^^^^^^^^^^^^^^^^^^^^^

warning: associated function `parse` is never used
   --> src/../../../src/uri/scheme.rs:554:19
    |
503 | impl Scheme2<usize> {
    | ------------------- associated function in this implementation
...
554 |     pub(super) fn parse(s: &[u8]) -> Result<Scheme2<usize>, InvalidUri> {
    |                   ^^^^^

warning: method `len` is never used
  --> src/../../../src/uri/scheme/protocol.rs:15:27
   |
10 | impl Protocol {
   | ------------- method in this implementation
...
15 |     pub(in crate::uri) fn len(&self) -> usize {
   |                           ^^^

warning: function `ascii_lowercase_model` is never used
 --> src/../../../src/uri/scheme/fixed.rs:6:15
  |
6 | pub(super) fn ascii_lowercase_model(byte: u8) -> Int {
  |               ^^^^^^^^^^^^^^^^^^^^^

warning: function `ascii_prefix_matches` is never used
  --> src/../../../src/uri/scheme/fixed.rs:14:15
   |
14 | pub(super) fn ascii_prefix_matches(bytes: Seq<u8>, prefix: Seq<u8>) -> bool {
   |               ^^^^^^^^^^^^^^^^^^^^

warning: function `has_http_scheme_prefix` is never used
  --> src/../../../src/uri/scheme/fixed.rs:66:15
   |
66 | pub(super) fn has_http_scheme_prefix(bytes: Seq<u8>) -> bool {
   |               ^^^^^^^^^^^^^^^^^^^^^^

warning: function `has_https_scheme_prefix` is never used
  --> src/../../../src/uri/scheme/fixed.rs:79:15
   |
79 | pub(super) fn has_https_scheme_prefix(bytes: Seq<u8>) -> bool {
   |               ^^^^^^^^^^^^^^^^^^^^^^^

warning: function `has_http_scheme` is never used
  --> src/../../../src/uri/scheme/fixed.rs:94:15
   |
94 | pub(super) fn has_http_scheme(bytes: &[u8]) -> bool {
   |               ^^^^^^^^^^^^^^^

warning: function `has_https_scheme` is never used
   --> src/../../../src/uri/scheme/fixed.rs:106:15
    |
106 | pub(super) fn has_https_scheme(bytes: &[u8]) -> bool {
    |               ^^^^^^^^^^^^^^^^

warning: function `ascii_lowercase` is never used
   --> src/../../../src/uri/scheme/fixed.rs:117:21
    |
117 | pub(super) const fn ascii_lowercase(byte: u8) -> u8 {
    |                     ^^^^^^^^^^^^^^^

warning: function `eq_ascii_prefix` is never used
   --> src/../../../src/uri/scheme/fixed.rs:127:15
    |
127 | pub(super) fn eq_ascii_prefix(bytes: &[u8], prefix: &[u8]) -> bool {
    |               ^^^^^^^^^^^^^^^

warning: calling external function `to_ascii_lowercase` with no contract will yield an impossible precondition
   --> src/../../../src/uri/scheme.rs:371:36
    |
371 |                     state.write_u8(b.to_ascii_lowercase());
    |                                    ^^^^^^^^^^^^^^^^^^^^^^ function called here
    |
    = note: `#[warn(creusot::contractless_external_function)]` on by default

warning: `http-uri-proof` (lib) generated 26 warnings
    Finished `dev` profile [unoptimized + debuginfo] target(s) in 0.06s
Warning: found dangling files and directories:
  verif/http_uri_proof_rlib/impl_Debug_for_ErrorKind
  verif/http_uri_proof_rlib/impl_Display_for_InvalidUri
  verif/http_uri_proof_rlib/port
  verif/http_uri_proof_rlib/impl_From_for_InvalidUri
  verif/http_uri_proof_rlib/path_class
  verif/http_uri_proof_rlib/fixed
  verif/http_uri_proof_rlib/uri/protocol
  verif/http_uri_proof_rlib/uri/types
  verif/http_uri_proof_rlib/impl_Debug_for_InvalidUri
Run 'cargo creusot clean' to remove them
