bytes proof: /workspace/bytes-runtime-verification/bytes/1.11.1/verification/probes/bound-vec-constructor; one prover; 1024 MiB; native Ordering; sc-drf disabled
     Removed 22 files, 9.3MiB total
   Compiling bytes-bound-vec-constructor v0.1.0 (/workspace/bytes-runtime-verification/bytes/1.11.1/verification/probes/bound-vec-constructor)
warning: unused import: `owned_region`
  --> src/lib.rs:25:39
   |
25 |     pub(crate) use crate::{bound_ptr, owned_region, raw_vec, sequential_counter, shared_protocol};
   |                                       ^^^^^^^^^^^^
   |
   = note: `#[warn(unused_imports)]` (part of `#[warn(unused)]`) on by default

warning: unused import: `ManuallyDrop`
 --> /workspace/bytes-proof-tools/targets/bytes/debug/build/bytes-bound-vec-constructor-b9b2c4f89f44b410/out/actual_from_vec.rs:3:23
  |
3 | use core::mem::{self, ManuallyDrop};
  |                       ^^^^^^^^^^^^

warning: unused import: `core::sync::atomic::AtomicUsize`
 --> /workspace/bytes-proof-tools/targets/bytes/debug/build/bytes-bound-vec-constructor-b9b2c4f89f44b410/out/actual_from_vec.rs:5:5
  |
5 | use core::sync::atomic::AtomicUsize;
  |     ^^^^^^^^^^^^^^^^^^^^^^^^^^^^^^^

warning: unused import: `prelude`
  --> /workspace/bytes-proof-tools/targets/bytes/debug/build/bytes-bound-vec-constructor-b9b2c4f89f44b410/out/actual_from_vec.rs:15:53
   |
15 |     use creusot_std::{ghost::perm::Perm, logic::Id, prelude::*};
   |                                                     ^^^^^^^

warning: function `map_op_get` is never used
  --> src/../../../../src/ownership_proof/owned_region.rs:47:15
   |
47 | pub(crate) fn map_op_get(
   |               ^^^^^^^^^^
   |
   = note: `#[warn(dead_code)]` (part of `#[warn(unused)]`) on by default

warning: associated items `into_parts`, `slots`, `slot`, `restrict`, `split_at`, and `join` are never used
   --> src/../../../../src/ownership_proof/owned_region.rs:125:19
    |
 95 | impl OwnedRegion {
    | ---------------- associated items in this implementation
...
125 |     pub(crate) fn into_parts(self) -> (Int, Int, Resource<KernelRA>) {
    |                   ^^^^^^^^^^
...
149 |     pub(crate) fn slots(self) -> FMap<Int, Excl<Option<u8>>> {
    |                   ^^^^^
...
156 |     pub(crate) fn slot(self, index: Int) -> Option<Option<u8>> {
    |                   ^^^^
...
167 |     fn restrict(
    |        ^^^^^^^^
...
192 |     pub(crate) fn split_at(self, at: Int) -> (Self, Self) {
    |                   ^^^^^^^^
...
243 |     pub(crate) fn join(self, other: Self) -> Self {
    |                   ^^^^

warning: associated items `unbound`, `as_non_null`, and `advance_within` are never used
   --> src/../../../../src/ownership_proof/raw_vec.rs:181:19
    |
170 | impl BoundPtr {
    | ------------- associated items in this implementation
...
181 |     pub(crate) fn unbound(pointer: NonNull<u8>) -> Self {
    |                   ^^^^^^^
...
202 |     pub(crate) fn as_non_null(&self) -> NonNull<u8> {
    |                   ^^^^^^^^^^^
...
229 |     pub(crate) fn advance_within(&self, count: usize) -> Self {
    |                   ^^^^^^^^^^^^^^

warning: methods `split_at` and `join` are never used
   --> src/../../../../src/ownership_proof/raw_vec.rs:433:19
    |
377 | impl PhysicalRegion {
    | ------------------- methods in this implementation
...
433 |     pub(crate) fn split_at(self, at: Int) -> (Self, Self) {
    |                   ^^^^^^^^
...
463 |     pub(crate) fn join(self, other: Self) -> Self {
    |                   ^^^^

warning: associated items `slot`, `kernel_unit_is_empty`, `empty_from`, `retire`, and `finish` are never used
   --> src/../../../../src/ownership_proof/raw_vec.rs:530:19
    |
508 | impl PhysicalPool {
    | ----------------- associated items in this implementation
...
530 |     pub(crate) fn slot(self, index: Int) -> Option<Option<u8>> {
    |                   ^^^^
...
544 |     fn kernel_unit_is_empty() {
    |        ^^^^^^^^^^^^^^^^^^^^
...
570 |     pub(crate) fn empty_from(region: &PhysicalRegion) -> Self {
    |                   ^^^^^^^^^^
...
603 |     pub(crate) fn retire(self, region: PhysicalRegion) -> Self {
    |                   ^^^^^^
...
639 |     pub(crate) fn finish(self, lo: Int) -> PhysicalRegion {
    |                   ^^^^^^

warning: function `resume_vec` is never used
   --> src/../../../../src/ownership_proof/raw_vec.rs:763:22
    |
763 | pub(crate) unsafe fn resume_vec(
    |                      ^^^^^^^^^^

warning: function `deallocate_vec` is never used
   --> src/../../../../src/ownership_proof/raw_vec.rs:799:22
    |
799 | pub(crate) unsafe fn deallocate_vec(
    |                      ^^^^^^^^^^^^^^

warning: function `borrow_mut` is never used
   --> src/../../../../src/ownership_proof/raw_vec.rs:883:22
    |
883 | pub(crate) unsafe fn borrow_mut<'a>(
    |                      ^^^^^^^^^^

warning: function `slot_known_equivalence` is never used
   --> src/../../../../src/ownership_proof/raw_vec.rs:905:15
    |
905 | pub(crate) fn slot_known_equivalence(slot: Option<Option<u8>>) {}
    |               ^^^^^^^^^^^^^^^^^^^^^^

warning: function `borrow_bound_mut` is never used
   --> src/../../../../src/ownership_proof/raw_vec.rs:944:22
    |
944 | pub(crate) unsafe fn borrow_bound_mut<'a>(
    |                      ^^^^^^^^^^^^^^^^

warning: function `borrow_bound_uninit_mut` is never used
   --> src/../../../../src/ownership_proof/raw_vec.rs:984:22
    |
984 | pub(crate) unsafe fn borrow_bound_uninit_mut<'a>(
    |                      ^^^^^^^^^^^^^^^^^^^^^^^

warning: function `borrow_bound` is never used
    --> src/../../../../src/ownership_proof/raw_vec.rs:1011:22
     |
1011 | pub(crate) unsafe fn borrow_bound<'a>(
     |                      ^^^^^^^^^^^^

warning: function `borrow_empty_bound` is never used
    --> src/../../../../src/ownership_proof/raw_vec.rs:1025:22
     |
1025 | pub(crate) unsafe fn borrow_empty_bound<'a>(bound: &'a BoundPtr) -> &'a [u8] {
     |                      ^^^^^^^^^^^^^^^^^^

warning: function `borrow_empty_bound_mut` is never used
    --> src/../../../../src/ownership_proof/raw_vec.rs:1034:22
     |
1034 | pub(crate) unsafe fn borrow_empty_bound_mut<'a>(bound: &'a BoundPtr) -> &'a mut [u8] {
     |                      ^^^^^^^^^^^^^^^^^^^^^^

warning: function `borrow_empty_bound_uninit_mut` is never used
    --> src/../../../../src/ownership_proof/raw_vec.rs:1042:22
     |
1042 | pub(crate) unsafe fn borrow_empty_bound_uninit_mut<'a>(
     |                      ^^^^^^^^^^^^^^^^^^^^^^^^^^^^^

warning: field `inner` is never read
  --> src/../../../../src/ownership_proof/sequential_counter.rs:21:5
   |
20 | pub(crate) struct SequentialCounter {
   |                   ----------------- field in this struct
21 |     inner: AtomicUsize,
   |     ^^^^^

warning: associated items `new`, `fetch_add_relaxed`, `fetch_sub_release`, and `load_acquire` are never used
  --> src/../../../../src/ownership_proof/sequential_counter.rs:48:19
   |
43 | impl SequentialCounter {
   | ---------------------- associated items in this implementation
...
48 |     pub(crate) fn new(value: usize) -> (Self, Ghost<CounterOwn>) {
   |                   ^^^
...
66 |     pub(crate) fn fetch_add_relaxed(&self, amount: usize, own: Ghost<&mut CounterOwn>) -> usize {
   |                   ^^^^^^^^^^^^^^^^^
...
79 |     pub(crate) fn fetch_sub_release(&self, amount: usize, own: Ghost<&mut CounterOwn>) -> usize {
   |                   ^^^^^^^^^^^^^^^^^
...
89 |     pub(crate) fn load_acquire(&self, own: Ghost<&CounterOwn>) -> usize {
   |                   ^^^^^^^^^^^^

warning: field `resource` is never read
  --> src/../../../../src/ownership_proof/shared_protocol.rs:12:5
   |
11 | pub(crate) struct Ticket {
   |                   ------ field in this struct
12 |     resource: Resource<RegistrationRA>,
   |     ^^^^^^^^

warning: function `ticket_value` is never used
  --> src/../../../../src/ownership_proof/shared_protocol.rs:37:4
   |
37 | fn ticket_value(left: bool) -> RegistrationRA {
   |    ^^^^^^^^^^^^

warning: function `packet_matches` is never used
  --> src/../../../../src/ownership_proof/shared_protocol.rs:42:15
   |
42 | pub(crate) fn packet_matches(packet: Packet, allocation: Id, capacity: Int, split: Int, registration: Id, left: bool) -> bool {
   |               ^^^^^^^^^^^^^^

warning: function `initialize` is never used
   --> src/../../../../src/ownership_proof/shared_protocol.rs:103:15
    |
103 | pub(crate) fn initialize(capacity: usize, split: usize, caps: Ghost<(Recovery, PhysicalRegion)>) -> Ghost<(Coordinator, Packet, Pac...
    |               ^^^^^^^^^^

warning: function `retire` is never used
   --> src/../../../../src/ownership_proof/shared_protocol.rs:135:15
    |
135 | pub(crate) fn retire(coordinator: Ghost<&mut Coordinator>, packet: Ghost<Packet>, left: bool) {
    |               ^^^^^^

warning: function `finish` is never used
   --> src/../../../../src/ownership_proof/shared_protocol.rs:162:15
    |
162 | pub(crate) fn finish(coordinator: Ghost<Coordinator>) -> Ghost<(Recovery, PhysicalRegion)> {
    |               ^^^^^^

warning: function `borrow_packet_mut` is never used
   --> src/../../../../src/ownership_proof/shared_protocol.rs:200:22
    |
200 | pub(crate) unsafe fn borrow_packet_mut<'a>(
    |                      ^^^^^^^^^^^^^^^^^

warning: function `borrow_packet_uninit_mut` is never used
   --> src/../../../../src/ownership_proof/shared_protocol.rs:232:22
    |
232 | pub(crate) unsafe fn borrow_packet_uninit_mut<'a>(
    |                      ^^^^^^^^^^^^^^^^^^^^^^^^

warning: function `borrow_packet` is never used
   --> src/../../../../src/ownership_proof/shared_protocol.rs:258:22
    |
258 | pub(crate) unsafe fn borrow_packet<'a>(
    |                      ^^^^^^^^^^^^^

warning: constant `NOT_VEC_POS_MASK` is never used
  --> src/../../../../src/capacity_ops.rs:29:18
   |
29 | pub(crate) const NOT_VEC_POS_MASK: usize = 0b11111;
   |                  ^^^^^^^^^^^^^^^^

warning: constant `MAX_VEC_POS` is never used
  --> src/../../../../src/capacity_ops.rs:30:18
   |
30 | pub(crate) const MAX_VEC_POS: usize = usize::MAX >> VEC_POS_OFFSET;
   |                  ^^^^^^^^^^^

warning: function `original_capacity_repr_from_data` is never used
   --> src/../../../../src/capacity_ops.rs:125:15
    |
125 | pub(crate) fn original_capacity_repr_from_data(data: usize) -> usize {
    |               ^^^^^^^^^^^^^^^^^^^^^^^^^^^^^^^^

warning: function `vec_pos_from_data` is never used
   --> src/../../../../src/capacity_ops.rs:132:15
    |
132 | pub(crate) fn vec_pos_from_data(data: usize) -> usize {
    |               ^^^^^^^^^^^^^^^^^

warning: function `set_vec_pos_in_data` is never used
   --> src/../../../../src/capacity_ops.rs:143:15
    |
143 | pub(crate) fn set_vec_pos_in_data(data: usize, pos: usize) -> usize {
    |               ^^^^^^^^^^^^^^^^^^^

warning: function `pointer_addr_eq` is never used
  --> src/../../../../src/provenance_specs.rs:19:15
   |
19 | pub(crate) fn pointer_addr_eq<T>(left: *const T, right: *const T) -> bool {
   |               ^^^^^^^^^^^^^^^

warning: function `wrapping_offset` is never used
  --> src/../../../../src/provenance_specs.rs:75:15
   |
75 | pub(crate) fn wrapping_offset(ptr: *mut u8, offset: usize) -> *mut u8 {
   |               ^^^^^^^^^^^^^^^

warning: function `pointer_with_address` is never used
  --> src/../../../../src/provenance_specs.rs:86:15
   |
86 | pub(crate) fn pointer_with_address(ptr: *mut u8, new_addr: usize) -> *mut u8 {
   |               ^^^^^^^^^^^^^^^^^^^^

warning: fields `buffer`, `original_capacity_repr`, and `ref_count` are never read
   --> /workspace/bytes-proof-tools/targets/bytes/debug/build/bytes-bound-vec-constructor-b9b2c4f89f44b410/out/actual_from_vec.rs:296:5
    |
295 | struct Shared {
    |        ------ fields in this struct
296 |     buffer: SharedBuffer,
    |     ^^^^^^
297 |     original_capacity_repr: usize,
    |     ^^^^^^^^^^^^^^^^^^^^^^
...
301 |     ref_count: crate::ownership_proof::sequential_counter::SequentialCounter,
    |     ^^^^^^^^^

warning: fields `base` and `capacity` are never read
   --> /workspace/bytes-proof-tools/targets/bytes/debug/build/bytes-bound-vec-constructor-b9b2c4f89f44b410/out/actual_from_vec.rs:308:5
    |
304 | struct SharedBuffer {
    |        ------------ fields in this struct
...
308 |     base: crate::ownership_proof::raw_vec::BoundPtr,
    |     ^^^^
309 |     capacity: usize,
    |     ^^^^^^^^

warning: function `vptr` is never used
   --> /workspace/bytes-proof-tools/targets/bytes/debug/build/bytes-bound-vec-constructor-b9b2c4f89f44b410/out/actual_from_vec.rs:331:4
    |
331 | fn vptr(ptr: *mut u8) -> crate::ownership_proof::raw_vec::BoundPtr {
    |    ^^^^

warning: fields `pointer` and `identity` are never read
  --> /workspace/bytes-proof-tools/targets/bytes/debug/build/bytes-bound-vec-constructor-b9b2c4f89f44b410/out/actual_from_vec.rs:20:20
   |
19 |     pub(crate) struct ControlPtr {
   |                       ---------- fields in this struct
20 |         pub(super) pointer: *mut Shared,
   |                    ^^^^^^^
21 |         pub(super) identity: Ghost<Id>,
   |                    ^^^^^^^^
   |
   = note: `ControlPtr` has a derived impl for the trait `Clone`, but this is intentionally ignored during dead code analysis

warning: fields `registry`, `counter`, `owner`, and `status` are never read
  --> /workspace/bytes-proof-tools/targets/bytes/debug/build/bytes-bound-vec-constructor-b9b2c4f89f44b410/out/actual_from_vec.rs:24:20
   |
23 |     pub(crate) struct ControlContext {
   |                       -------------- fields in this struct
24 |         pub(super) registry: Option<Coordinator>,
   |                    ^^^^^^^^
25 |         pub(super) counter: Option<CounterOwn>,
   |                    ^^^^^^^
26 |         pub(super) owner: Option<Box<Perm<*const Shared>>>,
   |                    ^^^^^
27 |         pub(super) status: Snapshot<Status>,
   |                    ^^^^^^

warning: methods `valid` and `active` are never used
  --> /workspace/bytes-proof-tools/targets/bytes/debug/build/bytes-bound-vec-constructor-b9b2c4f89f44b410/out/actual_from_vec.rs:31:23
   |
29 |     impl ControlContext {
   |     ------------------- methods in this implementation
30 |         #[logic(open(super), prophetic)]
31 |         pub(super) fn valid(self, control: ControlPtr) -> bool {
   |                       ^^^^^
...
49 |         pub(super) fn active(self) -> bool { pearlite! { self.registry != None } }
   |                       ^^^^^^

warning: fields `counter`, `owner`, and `caps` are never read
  --> /workspace/bytes-proof-tools/targets/bytes/debug/build/bytes-bound-vec-constructor-b9b2c4f89f44b410/out/actual_from_vec.rs:55:20
   |
54 |     pub(super) struct PendingControl {
   |                       -------------- fields in this struct
55 |         pub(super) counter: CounterOwn,
   |                    ^^^^^^^
56 |         pub(super) owner: Box<Perm<*const Shared>>,
   |                    ^^^^^
57 |         pub(super) caps: (raw_vec::Recovery, raw_vec::PhysicalRegion),
   |                    ^^^^

warning: method `valid` is never used
  --> /workspace/bytes-proof-tools/targets/bytes/debug/build/bytes-bound-vec-constructor-b9b2c4f89f44b410/out/actual_from_vec.rs:61:23
   |
59 |     impl PendingControl {
   |     ------------------- method in this implementation
60 |         #[logic(open(super), prophetic)]
61 |         pub(super) fn valid(self, pointer: *mut Shared, base: BoundPtr, capacity: usize) -> bool {
   |                       ^^^^^

warning: fields `control`, `status`, `packet`, and `left` are never read
  --> /workspace/bytes-proof-tools/targets/bytes/debug/build/bytes-bound-vec-constructor-b9b2c4f89f44b410/out/actual_from_vec.rs:77:20
   |
76 |     pub(super) struct HandleRegistration {
   |                       ------------------ fields in this struct
77 |         pub(super) control: ControlPtr,
   |                    ^^^^^^^
78 |         pub(super) status: Snapshot<Status>,
   |                    ^^^^^^
79 |         pub(super) packet: Packet,
   |                    ^^^^^^
80 |         pub(super) left: bool,
   |                    ^^^^

warning: methods `valid`, `same_registration`, and `matches` are never used
  --> /workspace/bytes-proof-tools/targets/bytes/debug/build/bytes-bound-vec-constructor-b9b2c4f89f44b410/out/actual_from_vec.rs:84:23
   |
82 |     impl HandleRegistration {
   |     ----------------------- methods in this implementation
83 |         #[logic(open(super), prophetic)]
84 |         pub(super) fn valid(self) -> bool {
   |                       ^^^^^
...
89 |         pub(super) fn same_registration(self, other: Self) -> bool {
   |                       ^^^^^^^^^^^^^^^^^
...
99 |         pub(super) fn matches(self, context: ControlContext) -> bool {
   |                       ^^^^^^^

warning: function `activate` is never used
   --> /workspace/bytes-proof-tools/targets/bytes/debug/build/bytes-bound-vec-constructor-b9b2c4f89f44b410/out/actual_from_vec.rs:130:19
    |
130 |     pub(super) fn activate(pointer: *mut Shared, base: BoundPtr, capacity: usize, split: usize,
    |                   ^^^^^^^^

warning: function `new` is never used
   --> /workspace/bytes-proof-tools/targets/bytes/debug/build/bytes-bound-vec-constructor-b9b2c4f89f44b410/out/actual_from_vec.rs:159:8
    |
159 |     fn new(input: Vec<u8>, split: usize) -> (ControlPtr, Ghost<ControlContext>, Ghost<Packet>, Ghost<Packet>) {
    |        ^^^

warning: function `release` is never used
   --> /workspace/bytes-proof-tools/targets/bytes/debug/build/bytes-bound-vec-constructor-b9b2c4f89f44b410/out/actual_from_vec.rs:196:19
    |
196 |     pub(super) fn release(control: ControlPtr, mut context: Ghost<&mut ControlContext>, packet: Ghost<Packet>, left: bool) -> bool {
    |                   ^^^^^^^

warning: function `release_left_then_right` is never used
   --> /workspace/bytes-proof-tools/targets/bytes/debug/build/bytes-bound-vec-constructor-b9b2c4f89f44b410/out/actual_from_vec.rs:240:19
    |
240 |     pub(crate) fn release_left_then_right(input: Vec<u8>, split: usize) {
    |                   ^^^^^^^^^^^^^^^^^^^^^^^

warning: function `release_right_then_left` is never used
   --> /workspace/bytes-proof-tools/targets/bytes/debug/build/bytes-bound-vec-constructor-b9b2c4f89f44b410/out/actual_from_vec.rs:249:19
    |
249 |     pub(crate) fn release_right_then_left(input: Vec<u8>, split: usize) {
    |                   ^^^^^^^^^^^^^^^^^^^^^^^

warning: `bytes-bound-vec-constructor` (lib) generated 53 warnings (run `cargo fix --lib -p bytes-bound-vec-constructor` to apply 3 suggestions)
    Finished `dev` profile [unoptimized + debuginfo] target(s) in 1.96s
No dangling files found
Proved (56 files) ✔
