Shared proof queue held; Why3 running_provers_max=1, memlimit=1000 MiB
{"counterexample": [],
 "prover-result":
  {"answer": "Valid",
   "ce-models": [],
   "status": "exited with status 0",
   "step": 90429,
   "time": 0.012127},
 "term":
  {"explanations": ["method_from_bytes ensures"],
   "goal_name": "vc_method_from_bytes",
   "loc":
    {"end-char": 1,
     "end-line": 12,
     "file-name":
      "/workspace/httparse-cloud-resume/httparse/1.10.1/verification/probes/method-utf8/src/../../../../src/parse_method_utf8.rs",
     "start-char": 10,
     "start-line": 9}}}
{"counterexample": [],
 "prover-result":
  {"answer": "Valid",
   "ce-models": [],
   "status": "exited with status 0",
   "step": 21123,
   "time": 0.012462},
 "term":
  {"explanations": ["elim Ok"],
   "goal_name": "vc_method_from_bytes",
   "loc":
    {"end-char": 9,
     "end-line": 132,
     "file-name":
      "/workspace/httparse-tool-rebuild/string-model/method-utf8-harness/verif/httparse_method_utf8_harness_rlib/method_from_bytes.coma",
     "start-char": 32,
     "start-line": 129}}}
{"counterexample": [],
 "prover-result":
  {"answer": "Valid",
   "ce-models": [],
   "status": "exited with status 0",
   "step": 78213,
   "time": 0.010926},
 "term":
  {"explanations": ["method_from_bytes ensures"],
   "goal_name": "vc_method_from_bytes",
   "loc":
    {"end-char": 1,
     "end-line": 12,
     "file-name":
      "/workspace/httparse-cloud-resume/httparse/1.10.1/verification/probes/method-utf8/src/../../../../src/parse_method_utf8.rs",
     "start-char": 10,
     "start-line": 9}}}
