    Checking httparse-empty-lines-string-harness v0.1.0 (/workspace/httparse-cloud-resume/httparse/1.10.1/verification/probes/empty-lines-harness/string-replay)
warning: unused imports: `DeepModel`, `Int`, `View`, and `variant`
 --> ../src/lib.rs:6:52
  |
6 |     ensures, ghost, invariant, requires, snapshot, variant, DeepModel, Int, View,
  |                                                    ^^^^^^^  ^^^^^^^^^  ^^^  ^^^^
  |
  = note: `#[warn(unused_imports)]` (part of `#[warn(unused)]`) on by default

warning: unnecessary parentheses around function argument
   --> ../src/../../../../src/verification/empty_lines.rs:157:11
    |
157 | #[ensures((cursor == end || !complete_line_ending_at(input, cursor, end))
    |           ^                                                             ^
    |
    = note: `#[warn(unused_parens)]` (part of `#[warn(unused)]`) on by default
help: remove these parentheses
    |
157 - #[ensures((cursor == end || !complete_line_ending_at(input, cursor, end))
157 + #[ensures(cursor == end || !complete_line_ending_at(input, cursor, end)
    |

warning: unnecessary parentheses around function argument
   --> ../src/../../../../src/verification/empty_lines.rs:196:11
    |
196 | #[ensures((*cursor == *end
    |           ^
197 |     || !complete_line_ending_at(*input, *cursor, *end))
    |                                                       ^
    |
help: remove these parentheses
    |
196 ~ #[ensures(*cursor == *end
197 ~     || !complete_line_ending_at(*input, *cursor, *end)
    |

warning: unused macro definition: `complete`
  --> ../src/../../../../src/macros.rs:24:14
   |
24 | macro_rules! complete {
   |              ^^^^^^^^
   |
   = note: `#[warn(unused_macros)]` (part of `#[warn(unused)]`) on by default

warning: unused macro definition: `byte_map`
  --> ../src/../../../../src/macros.rs:33:14
   |
33 | macro_rules! byte_map {
   |              ^^^^^^^^

warning: unused macro definition: `space`
  --> ../src/../../../../src/macros.rs:64:14
   |
64 | macro_rules! space {
   |              ^^^^^

warning: unused macro definition: `newline`
  --> ../src/../../../../src/macros.rs:71:14
   |
71 | macro_rules! newline {
   |              ^^^^^^^

warning: `httparse-empty-lines-string-harness` (lib) generated 7 warnings (run `cargo fix --lib -p httparse-empty-lines-string-harness` to apply 3 suggestions)
    Finished `dev` profile [unoptimized + debuginfo] target(s) in 1.42s
