   Compiling autocfg v1.5.1
   Compiling proc-macro2 v1.0.107
   Compiling libc v0.2.190
   Compiling unicode-ident v1.0.26
   Compiling quote v1.0.47
   Compiling num-traits v0.2.19
   Compiling getrandom v0.4.3
   Compiling cfg-if v1.0.5
    Checking num-integer v0.1.47
    Checking num-bigint v0.4.8
   Compiling syn v2.0.119
   Compiling uuid v1.27.0
   Compiling pearlite-syn v0.11.0-dev (/workspace/httparse-tool-rebuild/string-model/creusot-libs/pearlite-syn)
    Checking num-rational v0.4.2
   Compiling creusot-std-proc v0.11.0-dev (/workspace/httparse-tool-rebuild/string-model/creusot-libs/creusot-std-proc)
    Checking creusot-std v0.11.0-dev (/workspace/httparse-tool-rebuild/string-model/creusot-libs/creusot-std)
    Checking httparse-empty-lines-string-harness v0.1.0 (/workspace/httparse-cloud-resume/httparse/1.10.1/verification/probes/empty-lines-harness/string-replay)
warning: unused import: `View`
 --> ../src/lib.rs:5:47
  |
5 | use creusot_std::prelude::{ensures, requires, View};
  |                                               ^^^^
  |
  = note: `#[warn(unused_imports)]` (part of `#[warn(unused)]`) on by default

warning: unnecessary parentheses around function argument
   --> ../src/../../../../src/verification/empty_lines.rs:157:11
    |
157 | #[ensures((cursor == end || !complete_line_ending_at(input, cursor, end))
    |           ^                                                             ^
    |
    = note: `#[warn(unused_parens)]` (part of `#[warn(unused)]`) on by default
help: remove these parentheses
    |
157 - #[ensures((cursor == end || !complete_line_ending_at(input, cursor, end))
157 + #[ensures(cursor == end || !complete_line_ending_at(input, cursor, end)
    |

warning: unnecessary parentheses around function argument
   --> ../src/../../../../src/verification/empty_lines.rs:196:11
    |
196 | #[ensures((*cursor == *end
    |           ^
197 |     || !complete_line_ending_at(*input, *cursor, *end))
    |                                                       ^
    |
help: remove these parentheses
    |
196 ~ #[ensures(*cursor == *end
197 ~     || !complete_line_ending_at(*input, *cursor, *end)
    |

warning: unused macro definition: `complete`
  --> ../src/../../../../src/macros.rs:24:14
   |
24 | macro_rules! complete {
   |              ^^^^^^^^
   |
   = note: `#[warn(unused_macros)]` (part of `#[warn(unused)]`) on by default

warning: unused macro definition: `byte_map`
  --> ../src/../../../../src/macros.rs:33:14
   |
33 | macro_rules! byte_map {
   |              ^^^^^^^^

warning: unused macro definition: `space`
  --> ../src/../../../../src/macros.rs:64:14
   |
64 | macro_rules! space {
   |              ^^^^^

warning: unused macro definition: `newline`
  --> ../src/../../../../src/macros.rs:71:14
   |
71 | macro_rules! newline {
   |              ^^^^^^^

warning: `httparse-empty-lines-string-harness` (lib) generated 7 warnings (run `cargo fix --lib -p httparse-empty-lines-string-harness` to apply 3 suggestions)
    Finished `dev` profile [unoptimized + debuginfo] target(s) in 29.92s
