RUSTFLAGS='--cfg http_header_value_complete' ../../scripts/run-proof.sh bash -c 'cargo clean -p http-headers-proof && cargo creusot --simple-triggers=false -- --locked --offline'
exit_code=0
DUNE_DIR_LOCATIONS='why3find:lib:/workspace/proof-tools/creusot-data/share/why3find' ../../scripts/run-proof.sh why3find prove --root . --no-cache --preprocess split_vc --show-progress always <the two archived HeaderValue_1 targets listed below>
exit_code=0
own_leaves=5/5
DUNE_DIR_LOCATIONS='why3find:lib:/workspace/proof-tools/creusot-data/share/why3find' ../../scripts/run-proof.sh why3find prove --root . --no-cache --preprocess split_vc --show-progress always <the six archived String, &str, and str PartialOrd targets listed below>
exit_code=0
own_leaves=17/17
DUNE_DIR_LOCATIONS='why3find:lib:/workspace/proof-tools/creusot-data/share/why3find' ../../scripts/run-proof.sh why3find prove --root . --no-cache --preprocess split_vc --show-progress always <the two archived HeaderValue-to-str PartialOrd targets listed below>
exit_code=0
own_leaves=5/5
DUNE_DIR_LOCATIONS='why3find:lib:/workspace/proof-tools/creusot-data/share/why3find' ../../scripts/run-proof.sh why3find prove --root . --no-cache --preprocess split_vc --show-progress always <the archived HeaderValue==String body and refinement>
exit_code=0
own_leaves=6/6
DUNE_DIR_LOCATIONS='why3find:lib:/workspace/proof-tools/creusot-data/share/why3find' ../../scripts/run-proof.sh why3find prove --root . --no-cache --preprocess split_vc --show-progress always <the archived HeaderValue==str body and refinement>
exit_code=0
own_leaves=5/5
DUNE_DIR_LOCATIONS='why3find:lib:/workspace/proof-tools/creusot-data/share/why3find' ../../scripts/run-proof.sh why3find prove --root . --no-cache --preprocess split_vc --show-progress always <the archived borrowed-str Eq body and refinement>
exit_code=0
own_leaves=5/5

DUNE_DIR_LOCATIONS='why3find:lib:/workspace/proof-tools/creusot-data/share/why3find' ../../scripts/run-proof.sh why3find prove --root . --no-cache --preprocess split_vc --show-progress always <the archived HeaderValue-to-String Eq body and refinement>
exit_code=0
own_leaves=8/8

DUNE_DIR_LOCATIONS='why3find:lib:/workspace/proof-tools/creusot-data/share/why3find' ../../scripts/run-proof.sh why3find prove --root . --no-cache --preprocess split_vc --show-progress always <the archived HeaderValue reference Eq body and refinement>
exit_code=0
own_leaves=6/6

DUNE_DIR_LOCATIONS='why3find:lib:/workspace/proof-tools/creusot-data/share/why3find' ../../scripts/run-proof.sh why3find prove --root . --no-cache --preprocess split_vc --show-progress always <the archived borrowed-HeaderValue Eq body and refinement>
exit_code=0
own_leaves=6/6

DUNE_DIR_LOCATIONS='why3find:lib:/workspace/proof-tools/creusot-data/share/why3find' ../../scripts/run-proof.sh why3find prove --root . --no-cache --preprocess split_vc --show-progress always <the archived byte-slice/HeaderValue Eq body and refinement>
exit_code=0
own_leaves=5/5

DUNE_DIR_LOCATIONS='why3find:lib:/workspace/proof-tools/creusot-data/share/why3find' ../../scripts/run-proof.sh why3find prove --root . --no-cache --preprocess split_vc --show-progress always <the archived HeaderValue same-type Ord body and refinement>
exit_code=0
own_leaves=4/4

DUNE_DIR_LOCATIONS='why3find:lib:/workspace/proof-tools/creusot-data/share/why3find' ../../scripts/run-proof.sh why3find prove --root . --no-cache --preprocess split_vc --show-progress always <the archived borrowed-HeaderValue Ord body and refinement>
exit_code=0
own_leaves=5/5

DUNE_DIR_LOCATIONS='why3find:lib:/workspace/proof-tools/creusot-data/share/why3find' ../../scripts/run-proof.sh why3find prove --root . --no-cache --preprocess split_vc --show-progress always <the archived byte-slice/HeaderValue Ord body and refinement>
exit_code=0
own_leaves=5/5

DUNE_DIR_LOCATIONS='why3find:lib:/workspace/proof-tools/creusot-data/share/why3find' ../../scripts/run-proof.sh why3find prove --root . --no-cache --preprocess split_vc --show-progress always <the archived HeaderValue reverse-comparison Ord body and refinement>
exit_code=0
own_leaves=7/7

DUNE_DIR_LOCATIONS='why3find:lib:/workspace/proof-tools/creusot-data/share/why3find' ../../scripts/run-proof.sh why3find prove --root . --no-cache --preprocess split_vc --show-progress always <the archived HeaderValue generic reference PartialOrd body and refinement>
exit_code=0
own_leaves=5/5

DUNE_DIR_LOCATIONS='why3find:lib:/workspace/proof-tools/creusot-data/share/why3find' ../../scripts/run-proof.sh why3find prove --root . --no-cache --preprocess split_vc --show-progress always <the archived HeaderValue getters/sensitivity, AsRef, and Clone targets>
exit_code=0
own_leaves=16/16

DUNE_DIR_LOCATIONS='why3find:lib:/workspace/proof-tools/creusot-data/share/why3find' ../../scripts/run-proof.sh why3find prove --root . --no-cache --preprocess split_vc --show-progress always <the archived HeaderValue Ord cmp body and refinement>
exit_code=0
own_leaves=5/5

DUNE_DIR_LOCATIONS='why3find:lib:/workspace/proof-tools/creusot-data/share/why3find' ../../scripts/run-proof.sh why3find prove --root . --no-cache --preprocess split_vc --show-progress always <the archived valid/visible HeaderValue-byte validation loops>
exit_code=0
own_leaves=19/19 (recursive terminal leaves; one goal split into two)

DUNE_DIR_LOCATIONS='why3find:lib:/workspace/proof-tools/creusot-data/share/why3find' ../../scripts/run-proof.sh why3find prove --root . --no-cache --preprocess split_vc --show-progress always <the archived HeaderValue::from_static body>
exit_code=0
own_leaves=5/5

ATTEMPT INTERRUPTED: DUNE_DIR_LOCATIONS='why3find:lib:/workspace/proof-tools/creusot-data/share/why3find' ../../scripts/run-proof.sh why3find prove --root . --no-cache --preprocess split_vc --show-progress always <archived hex_digit plus from_static>
process_exit_code=143 (own process group stopped at 2:38 after no progress on vc_hex_digit at 16/31 for >150s; this is not accepted proof evidence; from_static later replayed independently and passed 5/5)
