    Checking itoa-proof v1.0.18 (/tmp/mulhi-interface-one)
warning: unused import: `proof_assert`
  --> src/arithmetic.rs:16:39
   |
16 |     use creusot_std::prelude::{logic, proof_assert, requires, ensures, Int};
   |                                       ^^^^^^^^^^^^
   |
   = note: `#[warn(unused_imports)]` (part of `#[warn(unused)]`) on by default

warning: function `div_rem_1e16` is never used
   --> src/arithmetic.rs:226:15
    |
226 | pub(crate) fn div_rem_1e16(n: u128) -> (u128, u64) {
    |               ^^^^^^^^^^^^
    |
    = note: `#[warn(dead_code)]` (part of `#[warn(unused)]`) on by default

warning: function `power_two_sum` is never used
  --> src/u128_ext.rs:12:15
   |
12 | pub(super) fn power_two_sum(a: Int, b: Int) {}
   |               ^^^^^^^^^^^^^

warning: function `limb_base_square` is never used
  --> src/u128_ext.rs:17:4
   |
17 | fn limb_base_square() {
   |    ^^^^^^^^^^^^^^^^

warning: function `euclidean_u128_half_bound` is never used
  --> src/u128_ext.rs:26:4
   |
26 | fn euclidean_u128_half_bound(n: Int) {
   |    ^^^^^^^^^^^^^^^^^^^^^^^^^

warning: function `exact_floor_from_split` is never used
  --> src/u128_ext.rs:45:15
   |
45 | pub(super) fn exact_floor_from_split(n: Int, q: Int, r: Int, d: Int) -> Int {
   |               ^^^^^^^^^^^^^^^^^^^^^^

warning: function `split_u128_at_64` is never used
  --> src/u128_ext.rs:59:4
   |
59 | fn split_u128_at_64(n: Int, hi: Int, lo: Int) -> Int {
   |    ^^^^^^^^^^^^^^^^

warning: function `mulhi_limb_reconstruction` is never used
  --> src/u128_ext.rs:76:4
   |
76 | fn mulhi_limb_reconstruction(
   |    ^^^^^^^^^^^^^^^^^^^^^^^^^

warning: function `u128_halves` is never used
   --> src/u128_ext.rs:112:15
    |
112 | pub(crate) fn u128_halves(n: u128) -> (u64, u64) {
    |               ^^^^^^^^^^^

warning: function `cross_product_plus_carry` is never used
   --> src/u128_ext.rs:121:4
    |
121 | fn cross_product_plus_carry(x_lo: u64, y_hi: u64, carry: u128) -> u128 {
    |    ^^^^^^^^^^^^^^^^^^^^^^^^

warning: function `final_accumulation` is never used
   --> src/u128_ext.rs:154:4
    |
154 | fn final_accumulation(x_hi: u64, y_hi: u64, high1: u64, high2: u64) -> u128 {
    |    ^^^^^^^^^^^^^^^^^^

warning: function `limb_product_fits` is never used
   --> src/u128_ext.rs:181:4
    |
181 | fn limb_product_fits(a: Int, b: Int) {
    |    ^^^^^^^^^^^^^^^^^

warning: function `limb_at_most_max` is never used
   --> src/u128_ext.rs:197:4
    |
197 | fn limb_at_most_max(x: Int) {
    |    ^^^^^^^^^^^^^^^^

warning: function `quotient_half_fits` is never used
   --> src/u128_ext.rs:207:4
    |
207 | fn quotient_half_fits(n: Int) {
    |    ^^^^^^^^^^^^^^^^^^

warning: function `cross_product_plus_carry_fits` is never used
   --> src/u128_ext.rs:227:4
    |
227 | fn cross_product_plus_carry_fits(x_lo: Int, y_lo: Int, y_hi: Int) {
    |    ^^^^^^^^^^^^^^^^^^^^^^^^^^^^^

warning: function `limb_product_plus_limb_fits` is never used
   --> src/u128_ext.rs:249:4
    |
249 | fn limb_product_plus_limb_fits(a: Int, b: Int, c: Int) {
    |    ^^^^^^^^^^^^^^^^^^^^^^^^^^^

warning: function `limb_product_plus_two_limbs_fits` is never used
   --> src/u128_ext.rs:267:4
    |
267 | fn limb_product_plus_two_limbs_fits(a: Int, b: Int, c: Int, d: Int) {
    |    ^^^^^^^^^^^^^^^^^^^^^^^^^^^^^^^^

warning: function `mulhi_limb_identity` is never used
   --> src/u128_ext.rs:291:4
    |
291 | fn mulhi_limb_identity(
    |    ^^^^^^^^^^^^^^^^^^^

warning: function `mulhi` is never used
   --> src/u128_ext.rs:342:15
    |
342 | pub(crate) fn mulhi(x: u128, y: u128) -> u128 {
    |               ^^^^^

warning: function `shift_by` is never used
   --> src/u128_ext.rs:537:15
    |
537 | pub(crate) fn shift_by(n: u128, k: u32) -> u128 {
    |               ^^^^^^^^

warning: function `shift_by_u128` is never used
   --> src/u128_ext.rs:548:15
    |
548 | pub(crate) fn shift_by_u128(n: u128, k: u128) -> u128 {
    |               ^^^^^^^^^^^^^

warning: function `shift_by_u128_euclid` is never used
   --> src/u128_ext.rs:559:15
    |
559 | pub(crate) fn shift_by_u128_euclid(n: u128, k: u128) -> u128 {
    |               ^^^^^^^^^^^^^^^^^^^^

warning: function `shift_by_i32_euclid` is never used
   --> src/u128_ext.rs:568:15
    |
568 | pub(crate) fn shift_by_i32_euclid(n: u128, k: i32) -> u128 {
    |               ^^^^^^^^^^^^^^^^^^^

warning: function `shift_by_64_actual` is never used
   --> src/u128_ext.rs:576:15
    |
576 | pub(crate) fn shift_by_64_actual(n: u128) -> u128 {
    |               ^^^^^^^^^^^^^^^^^^

warning: function `high_half_as_u64` is never used
   --> src/u128_ext.rs:583:15
    |
583 | pub(crate) fn high_half_as_u64(n: u128) -> u64 {
    |               ^^^^^^^^^^^^^^^^

warning: function `high_half_cast_view` is never used
   --> src/u128_ext.rs:593:15
    |
593 | pub(super) fn high_half_cast_view(n: u128, q: u64) {
    |               ^^^^^^^^^^^^^^^^^^^

warning: function `high_half_cast_bitwise` is never used
   --> src/u128_ext.rs:601:15
    |
601 | pub(super) fn high_half_cast_bitwise(n: u128, q: u64) {}
    |               ^^^^^^^^^^^^^^^^^^^^^^

warning: function `positive_multiplication_monotone` is never used
   --> src/u128_ext.rs:607:4
    |
607 | fn positive_multiplication_monotone(x: Int, y: Int, z: Int) {
    |    ^^^^^^^^^^^^^^^^^^^^^^^^^^^^^^^^

warning: function `quotient_equal_from_remainders` is never used
   --> src/u128_ext.rs:619:4
    |
619 | fn quotient_equal_from_remainders(n: Int, d: Int, q: Int, r: Int, qe: Int, re: Int) {
    |    ^^^^^^^^^^^^^^^^^^^^^^^^^^^^^^

warning: function `computer_division_euclidean_compat` is never used
   --> src/u128_ext.rs:644:4
    |
644 | fn computer_division_euclidean_compat(n: Int, d: Int) {
    |    ^^^^^^^^^^^^^^^^^^^^^^^^^^^^^^^^^^

warning: function `computer_division_matches_shift64` is never used
   --> src/u128_ext.rs:666:15
    |
666 | pub(super) fn computer_division_matches_shift64(n: Int) -> bool {
    |               ^^^^^^^^^^^^^^^^^^^^^^^^^^^^^^^^^

warning: function `computer_division_matches_shift51` is never used
   --> src/u128_ext.rs:678:15
    |
678 | pub(super) fn computer_division_matches_shift51(n: Int) -> bool {
    |               ^^^^^^^^^^^^^^^^^^^^^^^^^^^^^^^^^

warning: function `pow2_179_decomposition` is never used
  --> src/arithmetic.rs:21:19
   |
21 |     pub(super) fn pow2_179_decomposition() {
   |                   ^^^^^^^^^^^^^^^^^^^^^^

warning: function `pow2_128_decomposition` is never used
  --> src/arithmetic.rs:29:8
   |
29 |     fn pow2_128_decomposition() {
   |        ^^^^^^^^^^^^^^^^^^^^^^

warning: function `magic_multiplier_identity` is never used
  --> src/arithmetic.rs:41:8
   |
41 |     fn magic_multiplier_identity() {
   |        ^^^^^^^^^^^^^^^^^^^^^^^^^

warning: function `magic_division_floor` is never used
  --> src/arithmetic.rs:57:19
   |
57 |     pub(super) fn magic_division_floor(n: Int) {
   |                   ^^^^^^^^^^^^^^^^^^^^

warning: function `magic_shift_floor` is never used
   --> src/arithmetic.rs:120:19
    |
120 |     pub(super) fn magic_shift_floor(n: Int, high: Int, q: Int) {
    |                   ^^^^^^^^^^^^^^^^^

warning: function `nonnegative_product` is never used
   --> src/arithmetic.rs:134:8
    |
134 |     fn nonnegative_product(x: Int, y: Int) {}
    |        ^^^^^^^^^^^^^^^^^^^

warning: function `multiply_monotone` is never used
   --> src/arithmetic.rs:139:8
    |
139 |     fn multiply_monotone(x: Int, y: Int, z: Int) {
    |        ^^^^^^^^^^^^^^^^^

warning: function `strict_integer_predecessor` is never used
   --> src/arithmetic.rs:146:8
    |
146 |     fn strict_integer_predecessor(x: Int, y: Int) {}
    |        ^^^^^^^^^^^^^^^^^^^^^^^^^^

warning: function `successor_product` is never used
   --> src/arithmetic.rs:150:8
    |
150 |     fn successor_product(s: Int, p: Int) {}
    |        ^^^^^^^^^^^^^^^^^

warning: function `add_strict` is never used
   --> src/arithmetic.rs:155:8
    |
155 |     fn add_strict(a: Int, b: Int, c: Int) {}
    |        ^^^^^^^^^^

warning: function `nonnegative_quotient` is never used
   --> src/arithmetic.rs:161:8
    |
161 |     fn nonnegative_quotient(n: Int, d: Int) {}
    |        ^^^^^^^^^^^^^^^^^^^^

warning: function `euclidean_remainder_bound` is never used
   --> src/arithmetic.rs:166:8
    |
166 |     fn euclidean_remainder_bound(n: Int, d: Int) {}
    |        ^^^^^^^^^^^^^^^^^^^^^^^^^

warning: function `nested_residual_bound` is never used
   --> src/arithmetic.rs:177:8
    |
177 |     fn nested_residual_bound(r: Int, p: Int, s: Int, n: Int) {
    |        ^^^^^^^^^^^^^^^^^^^^^

warning: function `nested_floor` is never used
   --> src/arithmetic.rs:193:19
    |
193 |     pub(super) fn nested_floor(n: Int, p: Int, s: Int) {
    |                   ^^^^^^^^^^^^

warning: `itoa-proof` (lib) generated 46 warnings (run `cargo fix --lib -p itoa-proof` to apply 1 suggestion)
    Finished `dev` profile [unoptimized + debuginfo] target(s) in 0.81s
Warning: found dangling files and directories:
  verif/itoa_rlib/arithmetic/u128_ext/division_compat/compatible_quotient/why3session.xml
  verif/itoa_rlib/arithmetic/u128_ext/division_compat/compatible_quotient/proof.json
  verif/itoa_rlib/arithmetic/u128_ext/division_compat/quotient_equal_from_remainders/why3session.xml
  verif/itoa_rlib/arithmetic/u128_ext/division_compat/quotient_equal_from_remainders/why3session.xml.bak
  verif/itoa_rlib/arithmetic/u128_ext/division_compat/quotient_equal_from_remainders/proof.json
  verif/itoa_rlib/arithmetic/u128_ext/division_compat/computer_division_euclidean_compat/why3session.xml
  verif/itoa_rlib/arithmetic/u128_ext/division_compat/computer_division_euclidean_compat/why3session.xml.bak
  verif/itoa_rlib/arithmetic/u128_ext/division_compat/computer_division_euclidean_compat/proof.json
  verif/itoa_rlib/arithmetic/u128_ext/division_compat_proof/computer_division_euclidean_compat/why3session.xml
  verif/itoa_rlib/arithmetic/u128_ext/division_compat_proof/computer_division_euclidean_compat/proof.json
  verif/itoa_rlib/arithmetic/u128_ext/computer_division_euclidean_quotient/why3session.xml
  verif/itoa_rlib/arithmetic/u128_ext/computer_division_euclidean_quotient/proof.json
Run 'cargo creusot clean' to remove them
