Running official verify-all.bash with CREUSOT_RUSTC=/workspace/proof-tools/targets/creusot-cast-compdiv/debug/creusot-rustc and WHY3DATA=/tmp/why3-toolpatch-overlay.OGekm1
   Compiling proc-macro2 v1.0.107
   Compiling autocfg v1.5.1
   Compiling quote v1.0.47
   Compiling libc v0.2.189
   Compiling unicode-ident v1.0.26
   Compiling getrandom v0.4.3
   Compiling num-traits v0.2.19
   Compiling cfg-if v1.0.5
   Compiling syn v2.0.119
    Checking num-integer v0.1.47
    Checking num-bigint v0.4.8
   Compiling uuid v1.26.1
    Checking num-rational v0.4.2
   Compiling pearlite-syn v0.11.0-dev (/workspace/rust-crate-proofs/creusot-libs/pearlite-syn)
   Compiling creusot-std-proc v0.11.0-dev (/workspace/rust-crate-proofs/creusot-libs/creusot-std-proc)
    Checking creusot-std v0.11.0-dev (/workspace/rust-crate-proofs/creusot-libs/creusot-std)
    Checking itoa-proof v1.0.18 (/workspace/rust-crate-proofs/itoa/1.0.18)
warning: function `magic_quotient` is never used
 --> src/divmod100.rs:9:4
  |
9 | fn magic_quotient(n: Int) {
  |    ^^^^^^^^^^^^^^
  |
  = note: `#[warn(dead_code)]` (part of `#[warn(unused)]`) on by default

warning: function `divmod100` is never used
  --> src/divmod100.rs:32:15
   |
32 | pub(crate) fn divmod100(value: u32) -> (u32, u32) {
   |               ^^^^^^^^^

warning: struct `DecimalPairs` is never constructed
 --> src/decimal_pairs.rs:5:19
  |
5 | pub(crate) struct DecimalPairs(pub(crate) [u8; 200]);
  |                   ^^^^^^^^^^^^

warning: constant `DECIMAL_PAIRS` is never used
  --> src/decimal_pairs.rs:61:18
   |
61 | pub(crate) const DECIMAL_PAIRS: DecimalPairs = decimal_pairs_scalar!();
   |                  ^^^^^^^^^^^^^

warning: function `decimal_pair_correct` is never used
  --> src/decimal_pairs.rs:71:15
   |
71 | pub(crate) fn decimal_pair_correct(n: u32) -> (u8, u8) {
   |               ^^^^^^^^^^^^^^^^^^^^

warning: struct `Buffer` is never constructed
  --> src/runtime.rs:46:12
   |
46 | pub struct Buffer {
   |            ^^^^^^

warning: associated function `new` is never used
  --> src/runtime.rs:72:12
   |
67 | impl Buffer {
   | ----------- associated function in this implementation
...
72 |     pub fn new() -> Buffer {
   |            ^^^

warning: trait `Integer` is never used
  --> src/runtime.rs:94:11
   |
94 | pub trait Integer: private::Sealed {
   |           ^^^^^^^

warning: function `write_decimal_digit` is never used
   --> src/runtime.rs:237:4
    |
237 | fn write_decimal_digit(buf: &mut [MaybeUninit<u8>], index: usize, digit: u8) {
    |    ^^^^^^^^^^^^^^^^^^^

warning: function `write_decimal_pair` is never used
   --> src/runtime.rs:265:4
    |
265 | fn write_decimal_pair(buf: &mut [MaybeUninit<u8>], index: usize, pair: u32) {
    |    ^^^^^^^^^^^^^^^^^^

warning: function `write_decimal_quad` is never used
   --> src/runtime.rs:343:4
    |
343 | fn write_decimal_quad(buf: &mut [MaybeUninit<u8>], index: usize, pair1: u32, pair2: u32) {
    |    ^^^^^^^^^^^^^^^^^^

warning: trait `Unsigned` is never used
   --> src/runtime.rs:425:7
    |
425 | trait Unsigned: Integer {
    |       ^^^^^^^^

warning: function `check_u16_fmt_call_site` is never used
   --> src/runtime.rs:727:4
    |
727 | fn check_u16_fmt_call_site(n: u16) {
    |    ^^^^^^^^^^^^^^^^^^^^^^^

warning: trait `Sealed` is never used
   --> src/runtime.rs:103:15
    |
103 |     pub trait Sealed: Copy {
    |               ^^^^^^

warning: function `write_decimal_quad` is never used
   --> src/enc_16lsd.rs:451:4
    |
451 | fn write_decimal_quad<const OFFSET: usize>(
    |    ^^^^^^^^^^^^^^^^^^

warning: function `enc_16lsd` is never used
   --> src/enc_16lsd.rs:537:15
    |
537 | pub(crate) fn enc_16lsd<const OFFSET: usize>(buf: &mut [MaybeUninit<u8>], n: u64) {
    |               ^^^^^^^^^

warning: function `power_of_ten_unfold_local` is never used
  --> src/enc_16lsd.rs:26:4
   |
26 | fn power_of_ten_unfold_local(exponent: Int) {}
   |    ^^^^^^^^^^^^^^^^^^^^^^^^^

warning: function `power_of_ten_split_4` is never used
  --> src/enc_16lsd.rs:31:4
   |
31 | fn power_of_ten_split_4(width: Int) {
   |    ^^^^^^^^^^^^^^^^^^^^

warning: function `power_of_ten_4` is never used
  --> src/enc_16lsd.rs:40:4
   |
40 | fn power_of_ten_4() {
   |    ^^^^^^^^^^^^^^

warning: function `power_of_ten_16` is never used
  --> src/enc_16lsd.rs:51:4
   |
51 | fn power_of_ten_16() {
   |    ^^^^^^^^^^^^^^^

warning: function `remainder_10_000_nonnegative` is never used
  --> src/enc_16lsd.rs:63:4
   |
63 | fn remainder_10_000_nonnegative(n: Int) {}
   |    ^^^^^^^^^^^^^^^^^^^^^^^^^^^^

warning: function `fixed_width_decimal_values_unfold_local` is never used
  --> src/enc_16lsd.rs:74:4
   |
74 | fn fixed_width_decimal_values_unfold_local(n: Int, width: Int) {}
   |    ^^^^^^^^^^^^^^^^^^^^^^^^^^^^^^^^^^^^^^^

warning: function `decimal_values_unfold_local` is never used
  --> src/enc_16lsd.rs:83:4
   |
83 | fn decimal_values_unfold_local(n: Int) {}
   |    ^^^^^^^^^^^^^^^^^^^^^^^^^^^

warning: function `decimal_values_one_digit_local` is never used
  --> src/enc_16lsd.rs:88:4
   |
88 | fn decimal_values_one_digit_local(n: Int) {
   |    ^^^^^^^^^^^^^^^^^^^^^^^^^^^^^^

warning: function `fixed_width_decimal_values_expand_4` is never used
  --> src/enc_16lsd.rs:99:4
   |
99 | fn fixed_width_decimal_values_expand_4(n: Int) {
   |    ^^^^^^^^^^^^^^^^^^^^^^^^^^^^^^^^^^^

warning: function `concat_singleton_local` is never used
   --> src/enc_16lsd.rs:120:4
    |
120 | fn concat_singleton_local(a: Seq<Int>, x: Int) {}
    |    ^^^^^^^^^^^^^^^^^^^^^^

warning: function `concat_push_back_local` is never used
   --> src/enc_16lsd.rs:124:4
    |
124 | fn concat_push_back_local(a: Seq<Int>, b: Seq<Int>, x: Int) {}
    |    ^^^^^^^^^^^^^^^^^^^^^^

warning: function `fixed_width_decimal_values_runtime_quad_digits` is never used
   --> src/enc_16lsd.rs:141:15
    |
141 | pub(crate) fn fixed_width_decimal_values_runtime_quad_digits(
    |               ^^^^^^^^^^^^^^^^^^^^^^^^^^^^^^^^^^^^^^^^^^^^^^

warning: function `fixed_width_decimal_values_split_4` is never used
   --> src/enc_16lsd.rs:199:4
    |
199 | fn fixed_width_decimal_values_split_4(n: Int, width: Int) {
    |    ^^^^^^^^^^^^^^^^^^^^^^^^^^^^^^^^^^

warning: function `fixed_width_decimal_values_split_16` is never used
   --> src/enc_16lsd.rs:294:4
    |
294 | fn fixed_width_decimal_values_split_16(n: Int) {
    |    ^^^^^^^^^^^^^^^^^^^^^^^^^^^^^^^^^^^

warning: function `fixed_width_decimal_values_len_4_local` is never used
   --> src/enc_16lsd.rs:309:4
    |
309 | fn fixed_width_decimal_values_len_4_local(n: Int) {
    |    ^^^^^^^^^^^^^^^^^^^^^^^^^^^^^^^^^^^^^^

warning: function `concat_four_get_second` is never used
   --> src/enc_16lsd.rs:337:4
    |
337 | fn concat_four_get_second(a: Seq<Int>, b: Seq<Int>, c: Seq<Int>, d: Seq<Int>) {
    |    ^^^^^^^^^^^^^^^^^^^^^^

warning: function `concat_four_get_third` is never used
   --> src/enc_16lsd.rs:354:4
    |
354 | fn concat_four_get_third(a: Seq<Int>, b: Seq<Int>, c: Seq<Int>, d: Seq<Int>) {
    |    ^^^^^^^^^^^^^^^^^^^^^

warning: function `fixed_width_decimal_values_chunk_16` is never used
   --> src/enc_16lsd.rs:383:15
    |
383 | pub(crate) fn fixed_width_decimal_values_chunk_16(n: Int, quad_index: Int) {
    |               ^^^^^^^^^^^^^^^^^^^^^^^^^^^^^^^^^^^

warning: function `logical_slot_bytes` is never used
  --> src/verification.rs:30:8
   |
30 | pub fn logical_slot_bytes(slots: Seq<MaybeUninit<u8>>) -> Seq<Int> {
   |        ^^^^^^^^^^^^^^^^^^

warning: function `logical_slot_bytes_subsequence` is never used
  --> src/verification.rs:46:8
   |
46 | pub fn logical_slot_bytes_subsequence(
   |        ^^^^^^^^^^^^^^^^^^^^^^^^^^^^^^

warning: function `logical_slot_bytes_split` is never used
  --> src/verification.rs:65:8
   |
65 | pub fn logical_slot_bytes_split(
   |        ^^^^^^^^^^^^^^^^^^^^^^^^

warning: function `sequence_subsequence_split` is never used
  --> src/verification.rs:82:8
   |
82 | pub fn sequence_subsequence_split(
   |        ^^^^^^^^^^^^^^^^^^^^^^^^^^

warning: function `concat_two_get_digits` is never used
   --> src/verification.rs:108:8
    |
108 | pub fn concat_two_get_digits(a: Seq<Int>, b: Seq<Int>) {
    |        ^^^^^^^^^^^^^^^^^^^^^

warning: function `masked_decimal_digit` is never used
   --> src/verification.rs:128:15
    |
128 | pub(crate) fn masked_decimal_digit(d: u8) -> u8 {
    |               ^^^^^^^^^^^^^^^^^^^^

warning: function `decimal_values_len_u8` is never used
   --> src/verification.rs:431:28
    |
431 | unsigned_decimal_capacity!(decimal_values_len_u8, u8, 3; 3, 2, 1, 0);
    |                            ^^^^^^^^^^^^^^^^^^^^^
    |
    = note: this warning originates in the macro `unsigned_decimal_capacity` (in Nightly builds, run with -Z macro-backtrace for more info)

warning: function `decimal_values_len_u16` is never used
   --> src/verification.rs:432:28
    |
432 | unsigned_decimal_capacity!(decimal_values_len_u16, u16, 5; 5, 4, 3, 2, 1, 0);
    |                            ^^^^^^^^^^^^^^^^^^^^^^
    |
    = note: this warning originates in the macro `unsigned_decimal_capacity` (in Nightly builds, run with -Z macro-backtrace for more info)

warning: function `decimal_values_len_u32` is never used
   --> src/verification.rs:433:28
    |
433 | unsigned_decimal_capacity!(decimal_values_len_u32, u32, 10; 10, 9, 8, 7, 6, 5, 4, 3, 2, 1, 0);
    |                            ^^^^^^^^^^^^^^^^^^^^^^
    |
    = note: this warning originates in the macro `unsigned_decimal_capacity` (in Nightly builds, run with -Z macro-backtrace for more info)

warning: function `decimal_values_len_u64` is never used
   --> src/verification.rs:434:28
    |
434 | unsigned_decimal_capacity!(decimal_values_len_u64, u64, 20;
    |                            ^^^^^^^^^^^^^^^^^^^^^^
    |
    = note: this warning originates in the macro `unsigned_decimal_capacity` (in Nightly builds, run with -Z macro-backtrace for more info)

warning: function `decimal_values_len_u128` is never used
   --> src/verification.rs:441:15
    |
441 | pub(crate) fn decimal_values_len_u128(n: u128) {
    |               ^^^^^^^^^^^^^^^^^^^^^^^

warning: function `fixed_width_decimal_values` is never used
   --> src/verification.rs:697:8
    |
697 | pub fn fixed_width_decimal_values(n: Int, width: Int) -> Seq<Int> {
    |        ^^^^^^^^^^^^^^^^^^^^^^^^^^

warning: function `fixed_width_decimal_values_unfold` is never used
   --> src/verification.rs:713:4
    |
713 | fn fixed_width_decimal_values_unfold(n: Int, width: Int) {}
    |    ^^^^^^^^^^^^^^^^^^^^^^^^^^^^^^^^^

warning: function `decimal_values_one_digit_len` is never used
   --> src/verification.rs:718:4
    |
718 | fn decimal_values_one_digit_len(n: Int) {
    |    ^^^^^^^^^^^^^^^^^^^^^^^^^^^^

warning: function `decimal_values_len_at_least_one` is never used
   --> src/verification.rs:726:15
    |
726 | pub(crate) fn decimal_values_len_at_least_one(n: Int) {
    |               ^^^^^^^^^^^^^^^^^^^^^^^^^^^^^^^

warning: function `decimal_values_len_ge_2` is never used
   --> src/verification.rs:739:15
    |
739 | pub(crate) fn decimal_values_len_ge_2(n: Int) {
    |               ^^^^^^^^^^^^^^^^^^^^^^^

warning: function `decimal_seq_snoc_singleton` is never used
   --> src/verification.rs:748:4
    |
748 | fn decimal_seq_snoc_singleton(s: Seq<Int>, value: Int) {}
    |    ^^^^^^^^^^^^^^^^^^^^^^^^^^

warning: function `decimal_seq_concat_snoc` is never used
   --> src/verification.rs:752:4
    |
752 | fn decimal_seq_concat_snoc(s: Seq<Int>, t: Seq<Int>, value: Int) {}
    |    ^^^^^^^^^^^^^^^^^^^^^^^

warning: function `decimal_seq_concat_assoc` is never used
   --> src/verification.rs:756:15
    |
756 | pub(crate) fn decimal_seq_concat_assoc(s: Seq<Int>, t: Seq<Int>, u: Seq<Int>) {}
    |               ^^^^^^^^^^^^^^^^^^^^^^^^

warning: function `decimal_values_len_ge_4` is never used
   --> src/verification.rs:762:15
    |
762 | pub(crate) fn decimal_values_len_ge_4(n: Int) {
    |               ^^^^^^^^^^^^^^^^^^^^^^^

warning: function `fixed_width_decimal_values_len` is never used
   --> src/verification.rs:781:15
    |
781 | pub(crate) fn fixed_width_decimal_values_len(n: Int, width: Int) {
    |               ^^^^^^^^^^^^^^^^^^^^^^^^^^^^^^

warning: function `fixed_width_decimal_values_pair` is never used
   --> src/verification.rs:805:15
    |
805 | pub(crate) fn fixed_width_decimal_values_pair(pair: Int) {
    |               ^^^^^^^^^^^^^^^^^^^^^^^^^^^^^^^

warning: function `fixed_width_decimal_values_2_is_decimal` is never used
   --> src/verification.rs:821:15
    |
821 | pub(crate) fn fixed_width_decimal_values_2_is_decimal(n: Int) {
    |               ^^^^^^^^^^^^^^^^^^^^^^^^^^^^^^^^^^^^^^^

warning: function `decimal_values_compose_1x2` is never used
   --> src/verification.rs:836:15
    |
836 | pub(crate) fn decimal_values_compose_1x2(n: Int) {
    |               ^^^^^^^^^^^^^^^^^^^^^^^^^^

warning: function `decimal_quad_split_digits` is never used
   --> src/verification.rs:861:15
    |
861 | pub(crate) fn decimal_quad_split_digits(quad: Int) {
    |               ^^^^^^^^^^^^^^^^^^^^^^^^^

warning: function `fixed_width_decimal_values_compose_2x2` is never used
   --> src/verification.rs:878:15
    |
878 | pub(crate) fn fixed_width_decimal_values_compose_2x2(quad: Int) {
    |               ^^^^^^^^^^^^^^^^^^^^^^^^^^^^^^^^^^^^^^

warning: function `decimal_values_split_4` is never used
   --> src/verification.rs:915:15
    |
915 | pub(crate) fn decimal_values_split_4(n: Int) {
    |               ^^^^^^^^^^^^^^^^^^^^^^

warning: `itoa-proof` (lib) generated 61 warnings
    Finished `dev` profile [unoptimized + debuginfo] target(s) in 26.34s
Warning: found dangling files and directories:
  verif/itoa_rlib/runtime/impl_Buffer/new/impl_Drop_for_NoPanic
Run 'cargo creusot clean' to remove them
Library verif.itoa_rlib.decimal_pairs.decimal_pair_correct: ✔ (2)
Library verif.itoa_rlib.divmod100.divmod100: ✔ (1)
Library verif.itoa_rlib.divmod100.magic_quotient: ✔ (1)
Library verif.itoa_rlib.enc_16lsd.proof_helpers.concat_four_get_second: ✔ (1)
Library verif.itoa_rlib.enc_16lsd.proof_helpers.decimal_values_one_digit_local: ✔ (1)
Library verif.itoa_rlib.enc_16lsd.proof_helpers.decimal_values_unfold_local: ✔ (1)
Library verif.itoa_rlib.enc_16lsd.proof_helpers.concat_four_get_third: ✔ (1)
Library verif.itoa_rlib.enc_16lsd.proof_helpers.concat_push_back_local: ✔ (1)
Library verif.itoa_rlib.enc_16lsd.proof_helpers.concat_singleton_local: ✔ (1)
Library verif.itoa_rlib.enc_16lsd.proof_helpers.fixed_width_decimal_values_expand_4: ✔ (1)
Library verif.itoa_rlib.enc_16lsd.proof_helpers.fixed_width_decimal_values_len_4_local: ✔ (1)
Library verif.itoa_rlib.enc_16lsd.proof_helpers.fixed_width_decimal_values_unfold_local: ✔ (1)
Library verif.itoa_rlib.enc_16lsd.proof_helpers.power_of_ten_16: ✔ (1)
Library verif.itoa_rlib.enc_16lsd.proof_helpers.power_of_ten_4: ✔ (1)
Library verif.itoa_rlib.enc_16lsd.proof_helpers.power_of_ten_split_4: ✔ (1)
Library verif.itoa_rlib.enc_16lsd.proof_helpers.power_of_ten_unfold_local: ✔ (1)
Library verif.itoa_rlib.enc_16lsd.proof_helpers.remainder_10_000_nonnegative: ✔ (1)
Library verif.itoa_rlib.runtime.check_u16_fmt_call_site: ✔ (3)
Library verif.itoa_rlib.runtime.impl_Buffer.new: ✔ (2)
Library verif.itoa_rlib.runtime.impl_Clone_for_Buffer.clone: ✔ (2)
Library verif.itoa_rlib.runtime.impl_Clone_for_Buffer.clone__refines: ✔ (1)
Library verif.itoa_rlib.runtime.impl_Default_for_Buffer.default: ✔ (2)
Library verif.itoa_rlib.runtime.impl_Default_for_Buffer.default__refines: ✔ (1)
Library verif.itoa_rlib.runtime.impl_Unsigned_for_u16.fmt__refines: ✔ (1)
Library verif.itoa_rlib.runtime.impl_Unsigned_for_u32.fmt__refines: ✔ (1)
Library verif.itoa_rlib.runtime.impl_Unsigned_for_u64.fmt__refines: ✔ (1)
Library verif.itoa_rlib.runtime.impl_Unsigned_for_u8.fmt__refines: ✔ (1)
Library verif.itoa_rlib.runtime.write_decimal_digit: ✔ (2)
Library verif.itoa_rlib.verification.decimal_len_bounded: ✔ (1)
Library verif.itoa_rlib.verification.concat_two_get_digits: ✔ (1)
Library verif.itoa_rlib.verification.decimal_quad_split_digits: ✔ (1)
Library verif.itoa_rlib.verification.decimal_seq_concat_assoc: ✔ (1)
Library verif.itoa_rlib.verification.decimal_values: ✔ (1)
Library verif.itoa_rlib.verification.decimal_seq_concat_snoc: ✔ (1)
Library verif.itoa_rlib.verification.decimal_seq_snoc_singleton: ✔ (1)
Library verif.itoa_rlib.verification.decimal_values_len_ge_4: ✔ (1)
Library verif.itoa_rlib.verification.decimal_values_len_at_least_one: ✔ (1)
Library verif.itoa_rlib.verification.decimal_values_len_ge_2: ✔ (1)
Library verif.itoa_rlib.verification.decimal_values_len_u128: ✔ (1)
Library verif.itoa_rlib.verification.decimal_values_len_u16: ✔ (1)
Library verif.itoa_rlib.verification.decimal_values_len_u32: ✔ (1)
Library verif.itoa_rlib.verification.decimal_values_len_u64: ✔ (1)
Library verif.itoa_rlib.verification.decimal_values_one_digit: ✔ (1)
Library verif.itoa_rlib.verification.decimal_values_len_u8: ✔ (1)
Library verif.itoa_rlib.verification.decimal_values_one_digit_len: ✔ (1)
Library verif.itoa_rlib.verification.decimal_values_unfold: ✔ (1)
Library verif.itoa_rlib.verification.fixed_width_decimal_values: ✔ (1)
Library verif.itoa_rlib.verification.fixed_width_decimal_values_2_is_decimal: ✔ (1)
Library verif.itoa_rlib.verification.fixed_width_decimal_values_unfold: ✔ (1)
Library verif.itoa_rlib.verification.fixed_width_decimal_values_len: ✔ (1)
Library verif.itoa_rlib.verification.fixed_width_decimal_values_pair: ✔ (1)
Library verif.itoa_rlib.verification.impl_Buffer.new: ✔ (1)
Library verif.itoa_rlib.verification.impl_Clone_for_Buffer.clone: ✔ (2)
Library verif.itoa_rlib.verification.impl_Clone_for_Buffer.clone__refines: ✔ (1)
Library verif.itoa_rlib.verification.impl_Default_for_Buffer.default: ✔ (2)
Library verif.itoa_rlib.verification.impl_Default_for_Buffer.default__refines: ✔ (1)
Library verif.itoa_rlib.verification.impl_Sealed_for_i128.is_negative: ✔ (1)
Library verif.itoa_rlib.verification.impl_Sealed_for_i128.is_negative__refines: ✔ (1)
Library verif.itoa_rlib.verification.impl_Sealed_for_i128.magnitude: ✔ (1)
Library verif.itoa_rlib.verification.impl_Sealed_for_i128.magnitude__refines: ✔ (1)
Library verif.itoa_rlib.verification.impl_Sealed_for_i16.is_negative: ✔ (1)
Library verif.itoa_rlib.verification.impl_Sealed_for_i16.is_negative__refines: ✔ (1)
Library verif.itoa_rlib.verification.impl_Sealed_for_i16.magnitude: ✔ (1)
Library verif.itoa_rlib.verification.impl_Sealed_for_i16.magnitude__refines: ✔ (1)
Library verif.itoa_rlib.verification.impl_Sealed_for_i32.is_negative: ✔ (1)
Library verif.itoa_rlib.verification.impl_Sealed_for_i32.is_negative__refines: ✔ (1)
Library verif.itoa_rlib.verification.impl_Sealed_for_i32.magnitude: ✔ (1)
Library verif.itoa_rlib.verification.impl_Sealed_for_i32.magnitude__refines: ✔ (1)
Library verif.itoa_rlib.verification.impl_Sealed_for_i64.is_negative: ✔ (1)
Library verif.itoa_rlib.verification.impl_Sealed_for_i64.is_negative__refines: ✔ (1)
Library verif.itoa_rlib.verification.impl_Sealed_for_i64.magnitude: ✔ (1)
Library verif.itoa_rlib.verification.impl_Sealed_for_i64.magnitude__refines: ✔ (1)
Library verif.itoa_rlib.verification.impl_Sealed_for_i8.is_negative: ✔ (1)
Library verif.itoa_rlib.verification.impl_Sealed_for_i8.is_negative__refines: ✔ (1)
Library verif.itoa_rlib.verification.impl_Sealed_for_i8.magnitude: ✔ (1)
Library verif.itoa_rlib.verification.impl_Sealed_for_i8.magnitude__refines: ✔ (1)
Library verif.itoa_rlib.verification.impl_Sealed_for_isize.is_negative: ✔ (1)
Library verif.itoa_rlib.verification.impl_Sealed_for_isize.is_negative__refines: ✔ (1)
Library verif.itoa_rlib.verification.impl_Sealed_for_isize.magnitude: ✔ (1)
Library verif.itoa_rlib.verification.impl_Sealed_for_isize.magnitude__refines: ✔ (1)
Library verif.itoa_rlib.verification.impl_Sealed_for_u128.is_negative: ✔ (1)
Library verif.itoa_rlib.verification.impl_Sealed_for_u128.is_negative__refines: ✔ (1)
Library verif.itoa_rlib.verification.impl_Sealed_for_u128.magnitude: ✔ (1)
Library verif.itoa_rlib.verification.impl_Sealed_for_u128.magnitude__refines: ✔ (1)
Library verif.itoa_rlib.verification.impl_Sealed_for_u16.is_negative: ✔ (1)
Library verif.itoa_rlib.verification.impl_Sealed_for_u16.is_negative__refines: ✔ (1)
Library verif.itoa_rlib.verification.impl_Sealed_for_u16.magnitude: ✔ (1)
Library verif.itoa_rlib.verification.impl_Sealed_for_u16.magnitude__refines: ✔ (1)
Library verif.itoa_rlib.verification.impl_Sealed_for_u32.is_negative: ✔ (1)
Library verif.itoa_rlib.verification.impl_Sealed_for_u32.is_negative__refines: ✔ (1)
Library verif.itoa_rlib.verification.impl_Sealed_for_u32.magnitude: ✔ (1)
Library verif.itoa_rlib.verification.impl_Sealed_for_u32.magnitude__refines: ✔ (1)
Library verif.itoa_rlib.verification.impl_Sealed_for_u64.is_negative: ✔ (1)
Library verif.itoa_rlib.verification.impl_Sealed_for_u64.is_negative__refines: ✔ (1)
Library verif.itoa_rlib.verification.impl_Sealed_for_u64.magnitude: ✔ (1)
Library verif.itoa_rlib.verification.impl_Sealed_for_u64.magnitude__refines: ✔ (1)
Library verif.itoa_rlib.verification.impl_Sealed_for_u8.is_negative: ✔ (1)
Library verif.itoa_rlib.verification.impl_Sealed_for_u8.is_negative__refines: ✔ (1)
Library verif.itoa_rlib.verification.impl_Sealed_for_u8.magnitude: ✔ (1)
Library verif.itoa_rlib.verification.impl_Sealed_for_u8.magnitude__refines: ✔ (1)
Library verif.itoa_rlib.verification.impl_Sealed_for_usize.is_negative: ✔ (1)
Library verif.itoa_rlib.verification.impl_Sealed_for_usize.is_negative__refines: ✔ (1)
Library verif.itoa_rlib.verification.impl_Sealed_for_usize.magnitude: ✔ (1)
Library verif.itoa_rlib.verification.impl_Sealed_for_usize.magnitude__refines: ✔ (1)
Library verif.itoa_rlib.verification.logical_slot_bytes: ✔ (1)
Library verif.itoa_rlib.verification.logical_slot_bytes_split: ✔ (1)
Library verif.itoa_rlib.verification.power_of_ten: ✔ (1)
Library verif.itoa_rlib.verification.power_of_ten_39: ✔ (1)
Library verif.itoa_rlib.verification.power_of_ten_unfold: ✔ (1)
Library verif.itoa_rlib.verification.logical_slot_bytes_subsequence: ✔ (1)
Library verif.itoa_rlib.verification.write_byte: ✔ (1)
Library verif.itoa_rlib.verification.write_model: ✔ (1)
Library verif.itoa_rlib.verification.masked_decimal_digit: ✔ (1)
Library verif.itoa_rlib.verification.sequence_subsequence_split: ✔ (1)
Library verif.itoa_rlib.verification.write_model_preserves_len: ✔ (1)
Library verif.itoa_rlib.verification.write_model_unfold: ✔ (1)
Library verif.itoa_rlib.verification.fixed_width_decimal_values_compose_2x2: ✔ (1)
Library verif.itoa_rlib.enc_16lsd.enc_16lsd: ✔ (55)
Library verif.itoa_rlib.enc_16lsd.proof_helpers.fixed_width_decimal_values_chunk_16: ✔ (42)
Library verif.itoa_rlib.enc_16lsd.proof_helpers.fixed_width_decimal_values_runtime_quad_digits: ✔ (50)
Library verif.itoa_rlib.enc_16lsd.proof_helpers.fixed_width_decimal_values_split_16: ✔ (12)
Library verif.itoa_rlib.enc_16lsd.proof_helpers.fixed_width_decimal_values_split_4: ✔ (72)
Library verif.itoa_rlib.runtime.impl_Unsigned_for_u8.fmt: ✔ (98)
Library verif.itoa_rlib.runtime.write_decimal_pair: ✔ (35)
Library verif.itoa_rlib.verification.decimal_values_compose_1x2: ✔ (20)
Library verif.itoa_rlib.verification.decimal_values_split_4: ✔ (45)
Library verif.itoa_rlib.verification.write_model_is_decimal: ✔ (48)
Library verif.itoa_rlib.verification.write_unsigned: ✔ (42)
Library verif.itoa_rlib.verification.impl_Buffer.format: ✔ (32)
Library verif.itoa_rlib.enc_16lsd.write_decimal_quad: ✔ (87)
Library verif.itoa_rlib.runtime.impl_Unsigned_for_u32.fmt: ✔ (102)
Library verif.itoa_rlib.runtime.impl_Unsigned_for_u64.fmt: ✔ (104)
Library verif.itoa_rlib.runtime.write_decimal_quad: ✔ (67)
Library verif.itoa_rlib.runtime.impl_Unsigned_for_u16.fmt: ✔ (104)
   Compiling no-panic v0.1.37
   Compiling syn v3.0.6
    Checking itoa-proof v1.0.18 (/workspace/rust-crate-proofs/itoa/1.0.18)
warning: function `magic_quotient` is never used
 --> src/divmod100.rs:9:4
  |
9 | fn magic_quotient(n: Int) {
  |    ^^^^^^^^^^^^^^
  |
  = note: `#[warn(dead_code)]` (part of `#[warn(unused)]`) on by default

warning: function `divmod100` is never used
  --> src/divmod100.rs:32:15
   |
32 | pub(crate) fn divmod100(value: u32) -> (u32, u32) {
   |               ^^^^^^^^^

warning: struct `DecimalPairs` is never constructed
 --> src/decimal_pairs.rs:5:19
  |
5 | pub(crate) struct DecimalPairs(pub(crate) [u8; 200]);
  |                   ^^^^^^^^^^^^

warning: constant `DECIMAL_PAIRS` is never used
  --> src/decimal_pairs.rs:61:18
   |
61 | pub(crate) const DECIMAL_PAIRS: DecimalPairs = decimal_pairs_scalar!();
   |                  ^^^^^^^^^^^^^

warning: function `decimal_pair_correct` is never used
  --> src/decimal_pairs.rs:71:15
   |
71 | pub(crate) fn decimal_pair_correct(n: u32) -> (u8, u8) {
   |               ^^^^^^^^^^^^^^^^^^^^

warning: struct `Buffer` is never constructed
  --> src/runtime.rs:46:12
   |
46 | pub struct Buffer {
   |            ^^^^^^

warning: trait `Integer` is never used
  --> src/runtime.rs:94:11
   |
94 | pub trait Integer: private::Sealed {
   |           ^^^^^^^

warning: function `write_decimal_digit` is never used
   --> src/runtime.rs:237:4
    |
237 | fn write_decimal_digit(buf: &mut [MaybeUninit<u8>], index: usize, digit: u8) {
    |    ^^^^^^^^^^^^^^^^^^^

warning: function `write_decimal_pair` is never used
   --> src/runtime.rs:265:4
    |
265 | fn write_decimal_pair(buf: &mut [MaybeUninit<u8>], index: usize, pair: u32) {
    |    ^^^^^^^^^^^^^^^^^^

warning: function `write_decimal_quad` is never used
   --> src/runtime.rs:343:4
    |
343 | fn write_decimal_quad(buf: &mut [MaybeUninit<u8>], index: usize, pair1: u32, pair2: u32) {
    |    ^^^^^^^^^^^^^^^^^^

warning: trait `Unsigned` is never used
   --> src/runtime.rs:425:7
    |
425 | trait Unsigned: Integer {
    |       ^^^^^^^^

warning: function `check_u16_fmt_call_site` is never used
   --> src/runtime.rs:727:4
    |
727 | fn check_u16_fmt_call_site(n: u16) {
    |    ^^^^^^^^^^^^^^^^^^^^^^^

warning: trait `Sealed` is never used
   --> src/runtime.rs:103:15
    |
103 |     pub trait Sealed: Copy {
    |               ^^^^^^

warning: function `write_decimal_quad` is never used
   --> src/enc_16lsd.rs:451:4
    |
451 | fn write_decimal_quad<const OFFSET: usize>(
    |    ^^^^^^^^^^^^^^^^^^

warning: function `enc_16lsd` is never used
   --> src/enc_16lsd.rs:537:15
    |
537 | pub(crate) fn enc_16lsd<const OFFSET: usize>(buf: &mut [MaybeUninit<u8>], n: u64) {
    |               ^^^^^^^^^

warning: function `power_of_ten_unfold_local` is never used
  --> src/enc_16lsd.rs:26:4
   |
26 | fn power_of_ten_unfold_local(exponent: Int) {}
   |    ^^^^^^^^^^^^^^^^^^^^^^^^^

warning: function `power_of_ten_split_4` is never used
  --> src/enc_16lsd.rs:31:4
   |
31 | fn power_of_ten_split_4(width: Int) {
   |    ^^^^^^^^^^^^^^^^^^^^

warning: function `power_of_ten_4` is never used
  --> src/enc_16lsd.rs:40:4
   |
40 | fn power_of_ten_4() {
   |    ^^^^^^^^^^^^^^

warning: function `power_of_ten_16` is never used
  --> src/enc_16lsd.rs:51:4
   |
51 | fn power_of_ten_16() {
   |    ^^^^^^^^^^^^^^^

warning: function `remainder_10_000_nonnegative` is never used
  --> src/enc_16lsd.rs:63:4
   |
63 | fn remainder_10_000_nonnegative(n: Int) {}
   |    ^^^^^^^^^^^^^^^^^^^^^^^^^^^^

warning: function `fixed_width_decimal_values_unfold_local` is never used
  --> src/enc_16lsd.rs:74:4
   |
74 | fn fixed_width_decimal_values_unfold_local(n: Int, width: Int) {}
   |    ^^^^^^^^^^^^^^^^^^^^^^^^^^^^^^^^^^^^^^^

warning: function `decimal_values_unfold_local` is never used
  --> src/enc_16lsd.rs:83:4
   |
83 | fn decimal_values_unfold_local(n: Int) {}
   |    ^^^^^^^^^^^^^^^^^^^^^^^^^^^

warning: function `decimal_values_one_digit_local` is never used
  --> src/enc_16lsd.rs:88:4
   |
88 | fn decimal_values_one_digit_local(n: Int) {
   |    ^^^^^^^^^^^^^^^^^^^^^^^^^^^^^^

warning: function `fixed_width_decimal_values_expand_4` is never used
  --> src/enc_16lsd.rs:99:4
   |
99 | fn fixed_width_decimal_values_expand_4(n: Int) {
   |    ^^^^^^^^^^^^^^^^^^^^^^^^^^^^^^^^^^^

warning: function `concat_singleton_local` is never used
   --> src/enc_16lsd.rs:120:4
    |
120 | fn concat_singleton_local(a: Seq<Int>, x: Int) {}
    |    ^^^^^^^^^^^^^^^^^^^^^^

warning: function `concat_push_back_local` is never used
   --> src/enc_16lsd.rs:124:4
    |
124 | fn concat_push_back_local(a: Seq<Int>, b: Seq<Int>, x: Int) {}
    |    ^^^^^^^^^^^^^^^^^^^^^^

warning: function `fixed_width_decimal_values_runtime_quad_digits` is never used
   --> src/enc_16lsd.rs:141:15
    |
141 | pub(crate) fn fixed_width_decimal_values_runtime_quad_digits(
    |               ^^^^^^^^^^^^^^^^^^^^^^^^^^^^^^^^^^^^^^^^^^^^^^

warning: function `fixed_width_decimal_values_split_4` is never used
   --> src/enc_16lsd.rs:199:4
    |
199 | fn fixed_width_decimal_values_split_4(n: Int, width: Int) {
    |    ^^^^^^^^^^^^^^^^^^^^^^^^^^^^^^^^^^

warning: function `fixed_width_decimal_values_split_16` is never used
   --> src/enc_16lsd.rs:294:4
    |
294 | fn fixed_width_decimal_values_split_16(n: Int) {
    |    ^^^^^^^^^^^^^^^^^^^^^^^^^^^^^^^^^^^

warning: function `fixed_width_decimal_values_len_4_local` is never used
   --> src/enc_16lsd.rs:309:4
    |
309 | fn fixed_width_decimal_values_len_4_local(n: Int) {
    |    ^^^^^^^^^^^^^^^^^^^^^^^^^^^^^^^^^^^^^^

warning: function `concat_four_get_second` is never used
   --> src/enc_16lsd.rs:337:4
    |
337 | fn concat_four_get_second(a: Seq<Int>, b: Seq<Int>, c: Seq<Int>, d: Seq<Int>) {
    |    ^^^^^^^^^^^^^^^^^^^^^^

warning: function `concat_four_get_third` is never used
   --> src/enc_16lsd.rs:354:4
    |
354 | fn concat_four_get_third(a: Seq<Int>, b: Seq<Int>, c: Seq<Int>, d: Seq<Int>) {
    |    ^^^^^^^^^^^^^^^^^^^^^

warning: function `fixed_width_decimal_values_chunk_16` is never used
   --> src/enc_16lsd.rs:383:15
    |
383 | pub(crate) fn fixed_width_decimal_values_chunk_16(n: Int, quad_index: Int) {
    |               ^^^^^^^^^^^^^^^^^^^^^^^^^^^^^^^^^^^

warning: function `logical_slot_bytes` is never used
  --> src/verification.rs:30:8
   |
30 | pub fn logical_slot_bytes(slots: Seq<MaybeUninit<u8>>) -> Seq<Int> {
   |        ^^^^^^^^^^^^^^^^^^

warning: function `logical_slot_bytes_subsequence` is never used
  --> src/verification.rs:46:8
   |
46 | pub fn logical_slot_bytes_subsequence(
   |        ^^^^^^^^^^^^^^^^^^^^^^^^^^^^^^

warning: function `logical_slot_bytes_split` is never used
  --> src/verification.rs:65:8
   |
65 | pub fn logical_slot_bytes_split(
   |        ^^^^^^^^^^^^^^^^^^^^^^^^

warning: function `sequence_subsequence_split` is never used
  --> src/verification.rs:82:8
   |
82 | pub fn sequence_subsequence_split(
   |        ^^^^^^^^^^^^^^^^^^^^^^^^^^

warning: function `concat_two_get_digits` is never used
   --> src/verification.rs:108:8
    |
108 | pub fn concat_two_get_digits(a: Seq<Int>, b: Seq<Int>) {
    |        ^^^^^^^^^^^^^^^^^^^^^

warning: function `masked_decimal_digit` is never used
   --> src/verification.rs:128:15
    |
128 | pub(crate) fn masked_decimal_digit(d: u8) -> u8 {
    |               ^^^^^^^^^^^^^^^^^^^^

warning: function `decimal_values_len_u8` is never used
   --> src/verification.rs:431:28
    |
431 | unsigned_decimal_capacity!(decimal_values_len_u8, u8, 3; 3, 2, 1, 0);
    |                            ^^^^^^^^^^^^^^^^^^^^^
    |
    = note: this warning originates in the macro `unsigned_decimal_capacity` (in Nightly builds, run with -Z macro-backtrace for more info)

warning: function `decimal_values_len_u16` is never used
   --> src/verification.rs:432:28
    |
432 | unsigned_decimal_capacity!(decimal_values_len_u16, u16, 5; 5, 4, 3, 2, 1, 0);
    |                            ^^^^^^^^^^^^^^^^^^^^^^
    |
    = note: this warning originates in the macro `unsigned_decimal_capacity` (in Nightly builds, run with -Z macro-backtrace for more info)

warning: function `decimal_values_len_u32` is never used
   --> src/verification.rs:433:28
    |
433 | unsigned_decimal_capacity!(decimal_values_len_u32, u32, 10; 10, 9, 8, 7, 6, 5, 4, 3, 2, 1, 0);
    |                            ^^^^^^^^^^^^^^^^^^^^^^
    |
    = note: this warning originates in the macro `unsigned_decimal_capacity` (in Nightly builds, run with -Z macro-backtrace for more info)

warning: function `decimal_values_len_u64` is never used
   --> src/verification.rs:434:28
    |
434 | unsigned_decimal_capacity!(decimal_values_len_u64, u64, 20;
    |                            ^^^^^^^^^^^^^^^^^^^^^^
    |
    = note: this warning originates in the macro `unsigned_decimal_capacity` (in Nightly builds, run with -Z macro-backtrace for more info)

warning: function `decimal_values_len_u128` is never used
   --> src/verification.rs:441:15
    |
441 | pub(crate) fn decimal_values_len_u128(n: u128) {
    |               ^^^^^^^^^^^^^^^^^^^^^^^

warning: function `fixed_width_decimal_values` is never used
   --> src/verification.rs:697:8
    |
697 | pub fn fixed_width_decimal_values(n: Int, width: Int) -> Seq<Int> {
    |        ^^^^^^^^^^^^^^^^^^^^^^^^^^

warning: function `fixed_width_decimal_values_unfold` is never used
   --> src/verification.rs:713:4
    |
713 | fn fixed_width_decimal_values_unfold(n: Int, width: Int) {}
    |    ^^^^^^^^^^^^^^^^^^^^^^^^^^^^^^^^^

warning: function `decimal_values_one_digit_len` is never used
   --> src/verification.rs:718:4
    |
718 | fn decimal_values_one_digit_len(n: Int) {
    |    ^^^^^^^^^^^^^^^^^^^^^^^^^^^^

warning: function `decimal_values_len_at_least_one` is never used
   --> src/verification.rs:726:15
    |
726 | pub(crate) fn decimal_values_len_at_least_one(n: Int) {
    |               ^^^^^^^^^^^^^^^^^^^^^^^^^^^^^^^

warning: function `decimal_values_len_ge_2` is never used
   --> src/verification.rs:739:15
    |
739 | pub(crate) fn decimal_values_len_ge_2(n: Int) {
    |               ^^^^^^^^^^^^^^^^^^^^^^^

warning: function `decimal_seq_snoc_singleton` is never used
   --> src/verification.rs:748:4
    |
748 | fn decimal_seq_snoc_singleton(s: Seq<Int>, value: Int) {}
    |    ^^^^^^^^^^^^^^^^^^^^^^^^^^

warning: function `decimal_seq_concat_snoc` is never used
   --> src/verification.rs:752:4
    |
752 | fn decimal_seq_concat_snoc(s: Seq<Int>, t: Seq<Int>, value: Int) {}
    |    ^^^^^^^^^^^^^^^^^^^^^^^

warning: function `decimal_seq_concat_assoc` is never used
   --> src/verification.rs:756:15
    |
756 | pub(crate) fn decimal_seq_concat_assoc(s: Seq<Int>, t: Seq<Int>, u: Seq<Int>) {}
    |               ^^^^^^^^^^^^^^^^^^^^^^^^

warning: function `decimal_values_len_ge_4` is never used
   --> src/verification.rs:762:15
    |
762 | pub(crate) fn decimal_values_len_ge_4(n: Int) {
    |               ^^^^^^^^^^^^^^^^^^^^^^^

warning: function `fixed_width_decimal_values_len` is never used
   --> src/verification.rs:781:15
    |
781 | pub(crate) fn fixed_width_decimal_values_len(n: Int, width: Int) {
    |               ^^^^^^^^^^^^^^^^^^^^^^^^^^^^^^

warning: function `fixed_width_decimal_values_pair` is never used
   --> src/verification.rs:805:15
    |
805 | pub(crate) fn fixed_width_decimal_values_pair(pair: Int) {
    |               ^^^^^^^^^^^^^^^^^^^^^^^^^^^^^^^

warning: function `fixed_width_decimal_values_2_is_decimal` is never used
   --> src/verification.rs:821:15
    |
821 | pub(crate) fn fixed_width_decimal_values_2_is_decimal(n: Int) {
    |               ^^^^^^^^^^^^^^^^^^^^^^^^^^^^^^^^^^^^^^^

warning: function `decimal_values_compose_1x2` is never used
   --> src/verification.rs:836:15
    |
836 | pub(crate) fn decimal_values_compose_1x2(n: Int) {
    |               ^^^^^^^^^^^^^^^^^^^^^^^^^^

warning: function `decimal_quad_split_digits` is never used
   --> src/verification.rs:861:15
    |
861 | pub(crate) fn decimal_quad_split_digits(quad: Int) {
    |               ^^^^^^^^^^^^^^^^^^^^^^^^^

warning: function `fixed_width_decimal_values_compose_2x2` is never used
   --> src/verification.rs:878:15
    |
878 | pub(crate) fn fixed_width_decimal_values_compose_2x2(quad: Int) {
    |               ^^^^^^^^^^^^^^^^^^^^^^^^^^^^^^^^^^^^^^

warning: function `decimal_values_split_4` is never used
   --> src/verification.rs:915:15
    |
915 | pub(crate) fn decimal_values_split_4(n: Int) {
    |               ^^^^^^^^^^^^^^^^^^^^^^

warning: `itoa-proof` (lib) generated 60 warnings
    Finished `dev` profile [unoptimized + debuginfo] target(s) in 5.56s
Library verif.itoa_rlib.decimal_pairs.decimal_pair_correct: ✔ (2)
Library verif.itoa_rlib.divmod100.divmod100: ✔ (1)
Library verif.itoa_rlib.divmod100.magic_quotient: ✔ (1)
Library verif.itoa_rlib.enc_16lsd.proof_helpers.concat_four_get_second: ✔ (1)
Library verif.itoa_rlib.enc_16lsd.proof_helpers.concat_four_get_third: ✔ (1)
Library verif.itoa_rlib.enc_16lsd.proof_helpers.concat_push_back_local: ✔ (1)
Library verif.itoa_rlib.enc_16lsd.proof_helpers.concat_singleton_local: ✔ (1)
Library verif.itoa_rlib.enc_16lsd.proof_helpers.decimal_values_one_digit_local: ✔ (1)
Library verif.itoa_rlib.enc_16lsd.proof_helpers.decimal_values_unfold_local: ✔ (1)
Library verif.itoa_rlib.enc_16lsd.proof_helpers.fixed_width_decimal_values_expand_4: ✔ (1)
Library verif.itoa_rlib.enc_16lsd.proof_helpers.fixed_width_decimal_values_len_4_local: ✔ (1)
Library verif.itoa_rlib.enc_16lsd.proof_helpers.fixed_width_decimal_values_unfold_local: ✔ (1)
Library verif.itoa_rlib.enc_16lsd.proof_helpers.power_of_ten_16: ✔ (1)
Library verif.itoa_rlib.enc_16lsd.proof_helpers.power_of_ten_4: ✔ (1)
Library verif.itoa_rlib.enc_16lsd.proof_helpers.power_of_ten_split_4: ✔ (1)
Library verif.itoa_rlib.enc_16lsd.proof_helpers.power_of_ten_unfold_local: ✔ (1)
Library verif.itoa_rlib.enc_16lsd.proof_helpers.remainder_10_000_nonnegative: ✔ (1)
Library verif.itoa_rlib.runtime.check_u16_fmt_call_site: ✔ (3)
Library verif.itoa_rlib.runtime.impl_Clone_for_Buffer.clone: ✔ (2)
Library verif.itoa_rlib.runtime.impl_Clone_for_Buffer.clone__refines: ✔ (1)
Library verif.itoa_rlib.runtime.impl_Default_for_Buffer.default: ✔ (2)
Library verif.itoa_rlib.runtime.impl_Buffer.new.impl_Drop_for_NoPanic.drop: ✔ (2)
Library verif.itoa_rlib.runtime.impl_Default_for_Buffer.default__refines: ✔ (1)
Library verif.itoa_rlib.runtime.impl_Buffer.new: ✔ (4)
Library verif.itoa_rlib.runtime.impl_Unsigned_for_u16.fmt__refines: ✔ (1)
Library verif.itoa_rlib.runtime.impl_Unsigned_for_u32.fmt__refines: ✔ (1)
Library verif.itoa_rlib.runtime.impl_Unsigned_for_u64.fmt__refines: ✔ (1)
Library verif.itoa_rlib.runtime.impl_Unsigned_for_u8.fmt__refines: ✔ (1)
Library verif.itoa_rlib.runtime.write_decimal_digit: ✔ (2)
Library verif.itoa_rlib.verification.concat_two_get_digits: ✔ (1)
Library verif.itoa_rlib.verification.decimal_len_bounded: ✔ (1)
Library verif.itoa_rlib.verification.decimal_quad_split_digits: ✔ (1)
Library verif.itoa_rlib.verification.decimal_seq_concat_assoc: ✔ (1)
Library verif.itoa_rlib.verification.decimal_seq_concat_snoc: ✔ (1)
Library verif.itoa_rlib.verification.decimal_seq_snoc_singleton: ✔ (1)
Library verif.itoa_rlib.verification.decimal_values: ✔ (1)
Library verif.itoa_rlib.verification.decimal_values_len_at_least_one: ✔ (1)
Library verif.itoa_rlib.verification.decimal_values_len_ge_2: ✔ (1)
Library verif.itoa_rlib.verification.decimal_values_len_ge_4: ✔ (1)
Library verif.itoa_rlib.verification.decimal_values_len_u128: ✔ (1)
Library verif.itoa_rlib.verification.decimal_values_len_u16: ✔ (1)
Library verif.itoa_rlib.verification.decimal_values_len_u32: ✔ (1)
Library verif.itoa_rlib.verification.decimal_values_len_u64: ✔ (1)
Library verif.itoa_rlib.verification.decimal_values_len_u8: ✔ (1)
Library verif.itoa_rlib.verification.decimal_values_one_digit: ✔ (1)
Library verif.itoa_rlib.verification.decimal_values_one_digit_len: ✔ (1)
Library verif.itoa_rlib.verification.decimal_values_unfold: ✔ (1)
Library verif.itoa_rlib.verification.fixed_width_decimal_values: ✔ (1)
Library verif.itoa_rlib.verification.fixed_width_decimal_values_2_is_decimal: ✔ (1)
Library verif.itoa_rlib.verification.fixed_width_decimal_values_compose_2x2: ✔ (1)
Library verif.itoa_rlib.verification.fixed_width_decimal_values_len: ✔ (1)
Library verif.itoa_rlib.verification.fixed_width_decimal_values_pair: ✔ (1)
Library verif.itoa_rlib.verification.fixed_width_decimal_values_unfold: ✔ (1)
Library verif.itoa_rlib.verification.impl_Buffer.new: ✔ (1)
Library verif.itoa_rlib.verification.impl_Clone_for_Buffer.clone: ✔ (2)
Library verif.itoa_rlib.verification.impl_Clone_for_Buffer.clone__refines: ✔ (1)
Library verif.itoa_rlib.verification.impl_Default_for_Buffer.default: ✔ (2)
Library verif.itoa_rlib.verification.impl_Default_for_Buffer.default__refines: ✔ (1)
Library verif.itoa_rlib.verification.impl_Sealed_for_i128.is_negative: ✔ (1)
Library verif.itoa_rlib.verification.impl_Sealed_for_i128.is_negative__refines: ✔ (1)
Library verif.itoa_rlib.verification.impl_Sealed_for_i128.magnitude: ✔ (1)
Library verif.itoa_rlib.verification.impl_Sealed_for_i128.magnitude__refines: ✔ (1)
Library verif.itoa_rlib.verification.impl_Sealed_for_i16.is_negative: ✔ (1)
Library verif.itoa_rlib.verification.impl_Sealed_for_i16.is_negative__refines: ✔ (1)
Library verif.itoa_rlib.verification.impl_Sealed_for_i16.magnitude: ✔ (1)
Library verif.itoa_rlib.verification.impl_Sealed_for_i16.magnitude__refines: ✔ (1)
Library verif.itoa_rlib.verification.impl_Sealed_for_i32.is_negative: ✔ (1)
Library verif.itoa_rlib.verification.impl_Sealed_for_i32.is_negative__refines: ✔ (1)
Library verif.itoa_rlib.verification.impl_Sealed_for_i32.magnitude: ✔ (1)
Library verif.itoa_rlib.verification.impl_Sealed_for_i32.magnitude__refines: ✔ (1)
Library verif.itoa_rlib.verification.impl_Sealed_for_i64.is_negative: ✔ (1)
Library verif.itoa_rlib.verification.impl_Sealed_for_i64.is_negative__refines: ✔ (1)
Library verif.itoa_rlib.verification.impl_Sealed_for_i64.magnitude: ✔ (1)
Library verif.itoa_rlib.verification.impl_Sealed_for_i64.magnitude__refines: ✔ (1)
Library verif.itoa_rlib.verification.impl_Sealed_for_i8.is_negative: ✔ (1)
Library verif.itoa_rlib.verification.impl_Sealed_for_i8.is_negative__refines: ✔ (1)
Library verif.itoa_rlib.verification.impl_Sealed_for_i8.magnitude: ✔ (1)
Library verif.itoa_rlib.verification.impl_Sealed_for_i8.magnitude__refines: ✔ (1)
Library verif.itoa_rlib.verification.impl_Sealed_for_isize.is_negative: ✔ (1)
Library verif.itoa_rlib.verification.impl_Sealed_for_isize.is_negative__refines: ✔ (1)
Library verif.itoa_rlib.verification.impl_Sealed_for_isize.magnitude: ✔ (1)
Library verif.itoa_rlib.verification.impl_Sealed_for_isize.magnitude__refines: ✔ (1)
Library verif.itoa_rlib.verification.impl_Sealed_for_u128.is_negative: ✔ (1)
Library verif.itoa_rlib.verification.impl_Sealed_for_u128.is_negative__refines: ✔ (1)
Library verif.itoa_rlib.verification.impl_Sealed_for_u128.magnitude: ✔ (1)
Library verif.itoa_rlib.verification.impl_Sealed_for_u128.magnitude__refines: ✔ (1)
Library verif.itoa_rlib.verification.impl_Sealed_for_u16.is_negative: ✔ (1)
Library verif.itoa_rlib.verification.impl_Sealed_for_u16.is_negative__refines: ✔ (1)
Library verif.itoa_rlib.verification.impl_Sealed_for_u16.magnitude: ✔ (1)
Library verif.itoa_rlib.verification.impl_Sealed_for_u16.magnitude__refines: ✔ (1)
Library verif.itoa_rlib.verification.impl_Sealed_for_u32.is_negative: ✔ (1)
Library verif.itoa_rlib.verification.impl_Sealed_for_u32.is_negative__refines: ✔ (1)
Library verif.itoa_rlib.verification.impl_Sealed_for_u32.magnitude: ✔ (1)
Library verif.itoa_rlib.verification.impl_Sealed_for_u32.magnitude__refines: ✔ (1)
Library verif.itoa_rlib.verification.impl_Sealed_for_u64.is_negative: ✔ (1)
Library verif.itoa_rlib.verification.impl_Sealed_for_u64.is_negative__refines: ✔ (1)
Library verif.itoa_rlib.verification.impl_Sealed_for_u64.magnitude: ✔ (1)
Library verif.itoa_rlib.verification.impl_Sealed_for_u64.magnitude__refines: ✔ (1)
Library verif.itoa_rlib.verification.impl_Sealed_for_u8.is_negative: ✔ (1)
Library verif.itoa_rlib.verification.impl_Sealed_for_u8.is_negative__refines: ✔ (1)
Library verif.itoa_rlib.verification.impl_Sealed_for_u8.magnitude: ✔ (1)
Library verif.itoa_rlib.verification.impl_Sealed_for_u8.magnitude__refines: ✔ (1)
Library verif.itoa_rlib.verification.impl_Sealed_for_usize.is_negative: ✔ (1)
Library verif.itoa_rlib.verification.impl_Sealed_for_usize.is_negative__refines: ✔ (1)
Library verif.itoa_rlib.verification.impl_Sealed_for_usize.magnitude: ✔ (1)
Library verif.itoa_rlib.verification.impl_Sealed_for_usize.magnitude__refines: ✔ (1)
Library verif.itoa_rlib.verification.logical_slot_bytes: ✔ (1)
Library verif.itoa_rlib.verification.logical_slot_bytes_split: ✔ (1)
Library verif.itoa_rlib.verification.logical_slot_bytes_subsequence: ✔ (1)
Library verif.itoa_rlib.verification.masked_decimal_digit: ✔ (1)
Library verif.itoa_rlib.verification.power_of_ten: ✔ (1)
Library verif.itoa_rlib.verification.power_of_ten_39: ✔ (1)
Library verif.itoa_rlib.verification.power_of_ten_unfold: ✔ (1)
Library verif.itoa_rlib.verification.sequence_subsequence_split: ✔ (1)
Library verif.itoa_rlib.verification.write_byte: ✔ (1)
Library verif.itoa_rlib.verification.write_model: ✔ (1)
Library verif.itoa_rlib.verification.write_model_preserves_len: ✔ (1)
Library verif.itoa_rlib.verification.write_model_unfold: ✔ (1)
Library verif.itoa_rlib.enc_16lsd.enc_16lsd: ✔ (55)
Library verif.itoa_rlib.enc_16lsd.proof_helpers.fixed_width_decimal_values_chunk_16: ✔ (42)
Library verif.itoa_rlib.enc_16lsd.proof_helpers.fixed_width_decimal_values_runtime_quad_digits: ✔ (50)
Library verif.itoa_rlib.enc_16lsd.proof_helpers.fixed_width_decimal_values_split_16: ✔ (12)
Library verif.itoa_rlib.enc_16lsd.proof_helpers.fixed_width_decimal_values_split_4: ✔ (72)
Library verif.itoa_rlib.runtime.impl_Unsigned_for_u8.fmt: ✔ (98)
Library verif.itoa_rlib.runtime.write_decimal_pair: ✔ (35)
Library verif.itoa_rlib.verification.decimal_values_compose_1x2: ✔ (20)
Library verif.itoa_rlib.verification.decimal_values_split_4: ✔ (45)
Library verif.itoa_rlib.verification.impl_Buffer.format: ✔ (32)
Library verif.itoa_rlib.verification.write_model_is_decimal: ✔ (48)
Library verif.itoa_rlib.verification.write_unsigned: ✔ (42)
Library verif.itoa_rlib.enc_16lsd.write_decimal_quad: ✔ (87)
Library verif.itoa_rlib.runtime.impl_Unsigned_for_u16.fmt: ✔ (104)
Library verif.itoa_rlib.runtime.impl_Unsigned_for_u32.fmt: ✔ (102)
Library verif.itoa_rlib.runtime.impl_Unsigned_for_u64.fmt: ✔ (104)
Library verif.itoa_rlib.runtime.write_decimal_quad: ✔ (67)
