    Checking phase4-divrem-conditional v0.1.0 (/tmp/itoa-phase4-divrem-negative)
warning: unexpected `cfg` condition value: `no-panic`
 --> src/u128_ext.rs:8:12
  |
8 | #[cfg_attr(feature = "no-panic", no_panic)]
  |            ^^^^^^^^^^^^^^^^^^^^ help: remove the condition
  |
  = note: no expected values for `feature`
  = help: consider adding `no-panic` as a feature in `Cargo.toml`
  = note: see <https://doc.rust-lang.org/nightly/rustc/check-cfg/cargo-specifics.html> for more information about checking conditional configuration
  = note: requested on the command line with `-W unexpected-cfgs`

warning: unused import: `proof_assert`
 --> src/math.rs:1:35
  |
1 | use creusot_std::prelude::{logic, proof_assert, requires, ensures, Int};
  |                                   ^^^^^^^^^^^^
  |
  = note: `#[warn(unused_imports)]` (part of `#[warn(unused)]`) on by default

warning: unused import: `requires`
 --> src/runtime.rs:6:66
  |
6 | use creusot_std::prelude::{bitwise_proof, ensures, proof_assert, requires};
  |                                                                  ^^^^^^^^

warning: unexpected `cfg` condition value: `no-panic`
 --> src/u128_ext.rs:1:7
  |
1 | #[cfg(feature = "no-panic")]
  |       ^^^^^^^^^^^^^^^^^^^^ help: remove the condition
  |
  = note: no expected values for `feature`
  = help: consider adding `no-panic` as a feature in `Cargo.toml`
  = note: see <https://doc.rust-lang.org/nightly/rustc/check-cfg/cargo-specifics.html> for more information about checking conditional configuration

warning: function `power_two_sum` is never used
 --> src/math.rs:6:4
  |
6 | fn power_two_sum(a: Int, b: Int) {}
  |    ^^^^^^^^^^^^^
  |
  = note: `#[warn(dead_code)]` (part of `#[warn(unused)]`) on by default

warning: function `pow2_179_decomposition` is never used
  --> src/math.rs:10:4
   |
10 | fn pow2_179_decomposition() {
   |    ^^^^^^^^^^^^^^^^^^^^^^

warning: function `pow2_128_decomposition` is never used
  --> src/math.rs:18:4
   |
18 | fn pow2_128_decomposition() {
   |    ^^^^^^^^^^^^^^^^^^^^^^

warning: function `magic_multiplier_identity` is never used
  --> src/math.rs:28:4
   |
28 | fn magic_multiplier_identity() {
   |    ^^^^^^^^^^^^^^^^^^^^^^^^^

warning: function `magic_division_floor` is never used
  --> src/math.rs:44:4
   |
44 | fn magic_division_floor(n: Int) {
   |    ^^^^^^^^^^^^^^^^^^^^

warning: function `exact_floor_from_split` is never used
  --> src/math.rs:77:15
   |
77 | pub(crate) fn exact_floor_from_split(n: Int, q: Int, r: Int, d: Int) {
   |               ^^^^^^^^^^^^^^^^^^^^^^

warning: function `euclidean_div_mod` is never used
  --> src/math.rs:87:15
   |
87 | pub(crate) fn euclidean_div_mod(n: Int, d: Int) {
   |               ^^^^^^^^^^^^^^^^^

warning: function `nested_floor` is never used
  --> src/math.rs:97:4
   |
97 | fn nested_floor(n: Int, p: Int, s: Int) {
   |    ^^^^^^^^^^^^

warning: function `magic_shift_floor` is never used
   --> src/math.rs:120:15
    |
120 | pub(crate) fn magic_shift_floor(n: Int, high: Int, q: Int) -> Int {
    |               ^^^^^^^^^^^^^^^^^

warning: constant `D` is never used
 --> src/runtime.rs:8:7
  |
8 | const D: u128 = 1_0000_0000_0000_0000;
  |       ^

warning: constant `M_HIGH` is never used
 --> src/runtime.rs:9:7
  |
9 | const M_HIGH: u128 = 76624777043294442917917351357515459181;
  |       ^^^^^^

warning: constant `SH_POST` is never used
  --> src/runtime.rs:10:7
   |
10 | const SH_POST: u8 = 51;
   |       ^^^^^^^

warning: function `shift_by_51` is never used
  --> src/runtime.rs:15:4
   |
15 | fn shift_by_51(n: u128) -> u128 {
   |    ^^^^^^^^^^^

warning: function `magic_quotient` is never used
  --> src/runtime.rs:24:4
   |
24 | fn magic_quotient(n: u128) -> u128 {
   |    ^^^^^^^^^^^^^^

warning: function `div_rem_1e16` is never used
  --> src/runtime.rs:54:15
   |
54 | pub(crate) fn div_rem_1e16(n: u128) -> (u128, u64) {
   |               ^^^^^^^^^^^^

warning: function `mulhi` is never used
  --> src/u128_ext.rs:11:15
   |
11 | pub(crate) fn mulhi(x: u128, y: u128) -> u128 {
   |               ^^^^^

warning: `phase4-divrem-conditional` (lib) generated 20 warnings (run `cargo fix --lib -p phase4-divrem-conditional` to apply 2 suggestions)
    Finished `dev` profile [unoptimized + debuginfo] target(s) in 0.38s
Goal Coma.vc_div_rem_1e16: ✘ (26/27)
  vc_div_rem_1e16 [assertion]
Theory verif.phase4_divrem_conditional_rlib.runtime.div_rem_1e16.Coma: ✘ (27/28)
Error: 1 unproved file
Error: 'why3find prove' failed
