    Checking itoa-proof v1.0.18 (/tmp/phase4-patch-tree/itoa/1.0.18)
warning: unused import: `proof_assert`
 --> src/math.rs:1:35
  |
1 | use creusot_std::prelude::{logic, proof_assert, requires, ensures, Int};
  |                                   ^^^^^^^^^^^^
  |
  = note: `#[warn(unused_imports)]` (part of `#[warn(unused)]`) on by default

warning: function `magic_quotient` is never used
 --> src/divmod100.rs:9:4
  |
9 | fn magic_quotient(n: Int) {
  |    ^^^^^^^^^^^^^^
  |
  = note: `#[warn(dead_code)]` (part of `#[warn(unused)]`) on by default

warning: function `divmod100` is never used
  --> src/divmod100.rs:32:15
   |
32 | pub(crate) fn divmod100(value: u32) -> (u32, u32) {
   |               ^^^^^^^^^

warning: struct `DecimalPairs` is never constructed
 --> src/decimal_pairs.rs:5:19
  |
5 | pub(crate) struct DecimalPairs(pub(crate) [u8; 200]);
  |                   ^^^^^^^^^^^^

warning: constant `DECIMAL_PAIRS` is never used
  --> src/decimal_pairs.rs:61:18
   |
61 | pub(crate) const DECIMAL_PAIRS: DecimalPairs = decimal_pairs_scalar!();
   |                  ^^^^^^^^^^^^^

warning: function `decimal_pair_correct` is never used
  --> src/decimal_pairs.rs:71:15
   |
71 | pub(crate) fn decimal_pair_correct(n: u32) -> (u8, u8) {
   |               ^^^^^^^^^^^^^^^^^^^^

warning: constant `SH_POST` is never used
  --> src/runtime.rs:37:7
   |
37 | const SH_POST: u8 = 51;
   |       ^^^^^^^

warning: function `shift_by_51` is never used
  --> src/runtime.rs:44:4
   |
44 | fn shift_by_51(n: u128) -> u128 {
   |    ^^^^^^^^^^^

warning: struct `Buffer` is never constructed
  --> src/runtime.rs:58:12
   |
58 | pub struct Buffer {
   |            ^^^^^^

warning: associated function `new` is never used
  --> src/runtime.rs:84:12
   |
79 | impl Buffer {
   | ----------- associated function in this implementation
...
84 |     pub fn new() -> Buffer {
   |            ^^^

warning: trait `Integer` is never used
   --> src/runtime.rs:106:11
    |
106 | pub trait Integer: private::Sealed {
    |           ^^^^^^^

warning: function `write_decimal_digit` is never used
   --> src/runtime.rs:249:4
    |
249 | fn write_decimal_digit(buf: &mut [MaybeUninit<u8>], index: usize, digit: u8) {
    |    ^^^^^^^^^^^^^^^^^^^

warning: function `write_decimal_pair` is never used
   --> src/runtime.rs:277:4
    |
277 | fn write_decimal_pair(buf: &mut [MaybeUninit<u8>], index: usize, pair: u32) {
    |    ^^^^^^^^^^^^^^^^^^

warning: function `write_decimal_quad` is never used
   --> src/runtime.rs:355:4
    |
355 | fn write_decimal_quad(buf: &mut [MaybeUninit<u8>], index: usize, pair1: u32, pair2: u32) {
    |    ^^^^^^^^^^^^^^^^^^

warning: trait `Unsigned` is never used
   --> src/runtime.rs:437:7
    |
437 | trait Unsigned: Integer {
    |       ^^^^^^^^

warning: function `check_u16_fmt_call_site` is never used
   --> src/runtime.rs:739:4
    |
739 | fn check_u16_fmt_call_site(n: u16) {
    |    ^^^^^^^^^^^^^^^^^^^^^^^

warning: function `div_rem_1e16` is never used
   --> src/runtime.rs:842:4
    |
842 | fn div_rem_1e16(n: u128) -> (u128, u64) {
    |    ^^^^^^^^^^^^

warning: function `mulhi` is never used
  --> src/u128_ext.rs:11:15
   |
11 | pub(crate) fn mulhi(x: u128, y: u128) -> u128 {
   |               ^^^^^

warning: trait `Sealed` is never used
   --> src/runtime.rs:115:15
    |
115 |     pub trait Sealed: Copy {
    |               ^^^^^^

warning: function `write_decimal_quad` is never used
   --> src/enc_16lsd.rs:451:4
    |
451 | fn write_decimal_quad<const OFFSET: usize>(
    |    ^^^^^^^^^^^^^^^^^^

warning: function `enc_16lsd` is never used
   --> src/enc_16lsd.rs:537:15
    |
537 | pub(crate) fn enc_16lsd<const OFFSET: usize>(buf: &mut [MaybeUninit<u8>], n: u64) {
    |               ^^^^^^^^^

warning: function `power_of_ten_unfold_local` is never used
  --> src/enc_16lsd.rs:26:4
   |
26 | fn power_of_ten_unfold_local(exponent: Int) {}
   |    ^^^^^^^^^^^^^^^^^^^^^^^^^

warning: function `power_of_ten_split_4` is never used
  --> src/enc_16lsd.rs:31:4
   |
31 | fn power_of_ten_split_4(width: Int) {
   |    ^^^^^^^^^^^^^^^^^^^^

warning: function `power_of_ten_4` is never used
  --> src/enc_16lsd.rs:40:4
   |
40 | fn power_of_ten_4() {
   |    ^^^^^^^^^^^^^^

warning: function `power_of_ten_16` is never used
  --> src/enc_16lsd.rs:51:4
   |
51 | fn power_of_ten_16() {
   |    ^^^^^^^^^^^^^^^

warning: function `remainder_10_000_nonnegative` is never used
  --> src/enc_16lsd.rs:63:4
   |
63 | fn remainder_10_000_nonnegative(n: Int) {}
   |    ^^^^^^^^^^^^^^^^^^^^^^^^^^^^

warning: function `fixed_width_decimal_values_unfold_local` is never used
  --> src/enc_16lsd.rs:74:4
   |
74 | fn fixed_width_decimal_values_unfold_local(n: Int, width: Int) {}
   |    ^^^^^^^^^^^^^^^^^^^^^^^^^^^^^^^^^^^^^^^

warning: function `decimal_values_unfold_local` is never used
  --> src/enc_16lsd.rs:83:4
   |
83 | fn decimal_values_unfold_local(n: Int) {}
   |    ^^^^^^^^^^^^^^^^^^^^^^^^^^^

warning: function `decimal_values_one_digit_local` is never used
  --> src/enc_16lsd.rs:88:4
   |
88 | fn decimal_values_one_digit_local(n: Int) {
   |    ^^^^^^^^^^^^^^^^^^^^^^^^^^^^^^

warning: function `fixed_width_decimal_values_expand_4` is never used
  --> src/enc_16lsd.rs:99:4
   |
99 | fn fixed_width_decimal_values_expand_4(n: Int) {
   |    ^^^^^^^^^^^^^^^^^^^^^^^^^^^^^^^^^^^

warning: function `concat_singleton_local` is never used
   --> src/enc_16lsd.rs:120:4
    |
120 | fn concat_singleton_local(a: Seq<Int>, x: Int) {}
    |    ^^^^^^^^^^^^^^^^^^^^^^

warning: function `concat_push_back_local` is never used
   --> src/enc_16lsd.rs:124:4
    |
124 | fn concat_push_back_local(a: Seq<Int>, b: Seq<Int>, x: Int) {}
    |    ^^^^^^^^^^^^^^^^^^^^^^

warning: function `fixed_width_decimal_values_runtime_quad_digits` is never used
   --> src/enc_16lsd.rs:141:15
    |
141 | pub(crate) fn fixed_width_decimal_values_runtime_quad_digits(
    |               ^^^^^^^^^^^^^^^^^^^^^^^^^^^^^^^^^^^^^^^^^^^^^^

warning: function `fixed_width_decimal_values_split_4` is never used
   --> src/enc_16lsd.rs:199:4
    |
199 | fn fixed_width_decimal_values_split_4(n: Int, width: Int) {
    |    ^^^^^^^^^^^^^^^^^^^^^^^^^^^^^^^^^^

warning: function `fixed_width_decimal_values_split_16` is never used
   --> src/enc_16lsd.rs:294:4
    |
294 | fn fixed_width_decimal_values_split_16(n: Int) {
    |    ^^^^^^^^^^^^^^^^^^^^^^^^^^^^^^^^^^^

warning: function `fixed_width_decimal_values_len_4_local` is never used
   --> src/enc_16lsd.rs:309:4
    |
309 | fn fixed_width_decimal_values_len_4_local(n: Int) {
    |    ^^^^^^^^^^^^^^^^^^^^^^^^^^^^^^^^^^^^^^

warning: function `concat_four_get_second` is never used
   --> src/enc_16lsd.rs:337:4
    |
337 | fn concat_four_get_second(a: Seq<Int>, b: Seq<Int>, c: Seq<Int>, d: Seq<Int>) {
    |    ^^^^^^^^^^^^^^^^^^^^^^

warning: function `concat_four_get_third` is never used
   --> src/enc_16lsd.rs:354:4
    |
354 | fn concat_four_get_third(a: Seq<Int>, b: Seq<Int>, c: Seq<Int>, d: Seq<Int>) {
    |    ^^^^^^^^^^^^^^^^^^^^^

warning: function `fixed_width_decimal_values_chunk_16` is never used
   --> src/enc_16lsd.rs:383:15
    |
383 | pub(crate) fn fixed_width_decimal_values_chunk_16(n: Int, quad_index: Int) {
    |               ^^^^^^^^^^^^^^^^^^^^^^^^^^^^^^^^^^^

warning: function `power_two_sum` is never used
 --> src/math.rs:6:4
  |
6 | fn power_two_sum(a: Int, b: Int) {}
  |    ^^^^^^^^^^^^^

warning: function `pow2_179_decomposition` is never used
  --> src/math.rs:10:4
   |
10 | fn pow2_179_decomposition() {
   |    ^^^^^^^^^^^^^^^^^^^^^^

warning: function `pow2_128_decomposition` is never used
  --> src/math.rs:18:4
   |
18 | fn pow2_128_decomposition() {
   |    ^^^^^^^^^^^^^^^^^^^^^^

warning: function `magic_multiplier_identity` is never used
  --> src/math.rs:28:4
   |
28 | fn magic_multiplier_identity() {
   |    ^^^^^^^^^^^^^^^^^^^^^^^^^

warning: function `magic_division_floor` is never used
  --> src/math.rs:44:4
   |
44 | fn magic_division_floor(n: Int) {
   |    ^^^^^^^^^^^^^^^^^^^^

warning: function `exact_floor_from_split` is never used
  --> src/math.rs:77:15
   |
77 | pub(crate) fn exact_floor_from_split(n: Int, q: Int, r: Int, d: Int) {
   |               ^^^^^^^^^^^^^^^^^^^^^^

warning: function `euclidean_div_mod` is never used
  --> src/math.rs:87:15
   |
87 | pub(crate) fn euclidean_div_mod(n: Int, d: Int) {
   |               ^^^^^^^^^^^^^^^^^

warning: function `nested_floor` is never used
  --> src/math.rs:97:4
   |
97 | fn nested_floor(n: Int, p: Int, s: Int) {
   |    ^^^^^^^^^^^^

warning: function `magic_shift_floor` is never used
   --> src/math.rs:120:15
    |
120 | pub(crate) fn magic_shift_floor(n: Int, high: Int, q: Int) -> Int {
    |               ^^^^^^^^^^^^^^^^^

warning: function `logical_slot_bytes` is never used
  --> src/verification.rs:30:8
   |
30 | pub fn logical_slot_bytes(slots: Seq<MaybeUninit<u8>>) -> Seq<Int> {
   |        ^^^^^^^^^^^^^^^^^^

warning: function `logical_slot_bytes_subsequence` is never used
  --> src/verification.rs:46:8
   |
46 | pub fn logical_slot_bytes_subsequence(
   |        ^^^^^^^^^^^^^^^^^^^^^^^^^^^^^^

warning: function `logical_slot_bytes_split` is never used
  --> src/verification.rs:65:8
   |
65 | pub fn logical_slot_bytes_split(
   |        ^^^^^^^^^^^^^^^^^^^^^^^^

warning: function `sequence_subsequence_split` is never used
  --> src/verification.rs:82:8
   |
82 | pub fn sequence_subsequence_split(
   |        ^^^^^^^^^^^^^^^^^^^^^^^^^^

warning: function `concat_two_get_digits` is never used
   --> src/verification.rs:108:8
    |
108 | pub fn concat_two_get_digits(a: Seq<Int>, b: Seq<Int>) {
    |        ^^^^^^^^^^^^^^^^^^^^^

warning: function `masked_decimal_digit` is never used
   --> src/verification.rs:128:15
    |
128 | pub(crate) fn masked_decimal_digit(d: u8) -> u8 {
    |               ^^^^^^^^^^^^^^^^^^^^

warning: function `decimal_values_len_u8` is never used
   --> src/verification.rs:431:28
    |
431 | unsigned_decimal_capacity!(decimal_values_len_u8, u8, 3; 3, 2, 1, 0);
    |                            ^^^^^^^^^^^^^^^^^^^^^
    |
    = note: this warning originates in the macro `unsigned_decimal_capacity` (in Nightly builds, run with -Z macro-backtrace for more info)

warning: function `decimal_values_len_u16` is never used
   --> src/verification.rs:432:28
    |
432 | unsigned_decimal_capacity!(decimal_values_len_u16, u16, 5; 5, 4, 3, 2, 1, 0);
    |                            ^^^^^^^^^^^^^^^^^^^^^^
    |
    = note: this warning originates in the macro `unsigned_decimal_capacity` (in Nightly builds, run with -Z macro-backtrace for more info)

warning: function `decimal_values_len_u32` is never used
   --> src/verification.rs:433:28
    |
433 | unsigned_decimal_capacity!(decimal_values_len_u32, u32, 10; 10, 9, 8, 7, 6, 5, 4, 3, 2, 1, 0);
    |                            ^^^^^^^^^^^^^^^^^^^^^^
    |
    = note: this warning originates in the macro `unsigned_decimal_capacity` (in Nightly builds, run with -Z macro-backtrace for more info)

warning: function `decimal_values_len_u64` is never used
   --> src/verification.rs:434:28
    |
434 | unsigned_decimal_capacity!(decimal_values_len_u64, u64, 20;
    |                            ^^^^^^^^^^^^^^^^^^^^^^
    |
    = note: this warning originates in the macro `unsigned_decimal_capacity` (in Nightly builds, run with -Z macro-backtrace for more info)

warning: function `decimal_values_len_u128` is never used
   --> src/verification.rs:441:15
    |
441 | pub(crate) fn decimal_values_len_u128(n: u128) {
    |               ^^^^^^^^^^^^^^^^^^^^^^^

warning: function `fixed_width_decimal_values` is never used
   --> src/verification.rs:697:8
    |
697 | pub fn fixed_width_decimal_values(n: Int, width: Int) -> Seq<Int> {
    |        ^^^^^^^^^^^^^^^^^^^^^^^^^^

warning: function `fixed_width_decimal_values_unfold` is never used
   --> src/verification.rs:713:4
    |
713 | fn fixed_width_decimal_values_unfold(n: Int, width: Int) {}
    |    ^^^^^^^^^^^^^^^^^^^^^^^^^^^^^^^^^

warning: function `decimal_values_one_digit_len` is never used
   --> src/verification.rs:718:4
    |
718 | fn decimal_values_one_digit_len(n: Int) {
    |    ^^^^^^^^^^^^^^^^^^^^^^^^^^^^

warning: function `decimal_values_len_at_least_one` is never used
   --> src/verification.rs:726:15
    |
726 | pub(crate) fn decimal_values_len_at_least_one(n: Int) {
    |               ^^^^^^^^^^^^^^^^^^^^^^^^^^^^^^^

warning: function `decimal_values_len_ge_2` is never used
   --> src/verification.rs:739:15
    |
739 | pub(crate) fn decimal_values_len_ge_2(n: Int) {
    |               ^^^^^^^^^^^^^^^^^^^^^^^

warning: function `decimal_seq_snoc_singleton` is never used
   --> src/verification.rs:748:4
    |
748 | fn decimal_seq_snoc_singleton(s: Seq<Int>, value: Int) {}
    |    ^^^^^^^^^^^^^^^^^^^^^^^^^^

warning: function `decimal_seq_concat_snoc` is never used
   --> src/verification.rs:752:4
    |
752 | fn decimal_seq_concat_snoc(s: Seq<Int>, t: Seq<Int>, value: Int) {}
    |    ^^^^^^^^^^^^^^^^^^^^^^^

warning: function `decimal_seq_concat_assoc` is never used
   --> src/verification.rs:756:15
    |
756 | pub(crate) fn decimal_seq_concat_assoc(s: Seq<Int>, t: Seq<Int>, u: Seq<Int>) {}
    |               ^^^^^^^^^^^^^^^^^^^^^^^^

warning: function `decimal_values_len_ge_4` is never used
   --> src/verification.rs:762:15
    |
762 | pub(crate) fn decimal_values_len_ge_4(n: Int) {
    |               ^^^^^^^^^^^^^^^^^^^^^^^

warning: function `fixed_width_decimal_values_len` is never used
   --> src/verification.rs:781:15
    |
781 | pub(crate) fn fixed_width_decimal_values_len(n: Int, width: Int) {
    |               ^^^^^^^^^^^^^^^^^^^^^^^^^^^^^^

warning: function `fixed_width_decimal_values_pair` is never used
   --> src/verification.rs:805:15
    |
805 | pub(crate) fn fixed_width_decimal_values_pair(pair: Int) {
    |               ^^^^^^^^^^^^^^^^^^^^^^^^^^^^^^^

warning: function `fixed_width_decimal_values_2_is_decimal` is never used
   --> src/verification.rs:821:15
    |
821 | pub(crate) fn fixed_width_decimal_values_2_is_decimal(n: Int) {
    |               ^^^^^^^^^^^^^^^^^^^^^^^^^^^^^^^^^^^^^^^

warning: function `decimal_values_compose_1x2` is never used
   --> src/verification.rs:836:15
    |
836 | pub(crate) fn decimal_values_compose_1x2(n: Int) {
    |               ^^^^^^^^^^^^^^^^^^^^^^^^^^

warning: function `decimal_quad_split_digits` is never used
   --> src/verification.rs:861:15
    |
861 | pub(crate) fn decimal_quad_split_digits(quad: Int) {
    |               ^^^^^^^^^^^^^^^^^^^^^^^^^

warning: function `fixed_width_decimal_values_compose_2x2` is never used
   --> src/verification.rs:878:15
    |
878 | pub(crate) fn fixed_width_decimal_values_compose_2x2(quad: Int) {
    |               ^^^^^^^^^^^^^^^^^^^^^^^^^^^^^^^^^^^^^^

warning: function `decimal_values_split_4` is never used
   --> src/verification.rs:915:15
    |
915 | pub(crate) fn decimal_values_split_4(n: Int) {
    |               ^^^^^^^^^^^^^^^^^^^^^^

warning: `itoa-proof` (lib) generated 75 warnings (run `cargo fix --lib -p itoa-proof` to apply 1 suggestion)
    Finished `dev` profile [unoptimized + debuginfo] target(s) in 3.33s
Theory verif.itoa_rlib.runtime.shift_by_51.Coma: ✔ (2)
