{"feature": "wrong_capacity", "active_sha256": "83cc59c29fc0fb25c6bfa2951d0dfe4a9df70dfc657075840ed6ff3f075e0e73", "extension_sha256": "a06fb0adefb15442054bddd830141ac1428b9c8802b4171b50f2d5843ee24147", "native_mir_ready": true}
   Compiling proc-macro2 v1.0.107
   Compiling unicode-ident v1.0.26
   Compiling libc v0.2.190
   Compiling quote v1.0.47
   Compiling getrandom v0.4.3
   Compiling cfg-if v1.0.5
   Compiling bytes-original-promotable-suffix-promotion v0.1.0 (/workspace/work/av-capacity-diagnostic-v1-snapshot/bytes/1.11.1/verification/probes/original-promotable-suffix-promotion-2026-10-09)
   Compiling syn v2.0.119
   Compiling uuid v1.27.0
   Compiling pearlite-syn v0.13.0
   Compiling creusot-std-proc v0.13.0
    Checking creusot-std v0.13.0 (/workspace/bytes-proof-tools/bytes-proof-std)
warning: unused variable: `vector`
  --> /workspace/bytes-proof-tools/bytes-proof-std/src/std/vec.rs:21:40
   |
21 | pub fn capacity_model<T, A: Allocator>(vector: Vec<T, A>) -> Int {
   |                                        ^^^^^^ help: if this is intentional, prefix it with an underscore: `_vector`
   |
   = note: `#[warn(unused_variables)]` (part of `#[warn(unused)]`) on by default

warning: unused variable: `vector`
  --> /workspace/bytes-proof-tools/bytes-proof-std/src/std/vec.rs:32:36
   |
32 | pub fn base_model<T, A: Allocator>(vector: Vec<T, A>) -> Int {
   |                                    ^^^^^^ help: if this is intentional, prefix it with an underscore: `_vector`

warning: unused variable: `vector`
  --> /workspace/bytes-proof-tools/bytes-proof-std/src/std/vec.rs:42:39
   |
42 | pub fn pointer_model<T, A: Allocator>(vector: Vec<T, A>) -> *mut T {
   |                                       ^^^^^^ help: if this is intentional, prefix it with an underscore: `_vector`

warning: `creusot-std` (lib) generated 3 warnings (run `cargo fix --lib -p creusot-std` to apply 3 suggestions)
error: couldn't read `src/../../original-public-shared-gate-2026-10-08/src/relaxed.rs`: No such file or directory (os error 2)
 --> src/lib.rs:9:73
  |
9 | #[path = "../../original-public-shared-gate-2026-10-08/src/relaxed.rs"] mod relaxed;
  |                                                                         ^^^^^^^^^^^^

error: could not compile `bytes-original-promotable-suffix-promotion` (lib) due to 1 previous error
Error: Compilation failed
