     Removed 160 files, 44.3MiB total
   Compiling bytes-shared-singleton-reclaim v0.1.0 (/workspace/bytes-runtime-verification/bytes/1.11.1/verification/probes/shared-singleton-reclaim)
warning: unnecessary parentheses around match arm expression
   --> /workspace/bytes-proof-tools/targets/bytes/debug/build/bytes-shared-singleton-reclaim-4c7e57f775d5c864/out/scalable_tickets.rs:381:27
    |
381 |             Some(pool) => (forall<id: Int> match (*state.status.pending).get(id) {
    |                           ^
...
385 |             }),
    |              ^
    |
    = note: `#[warn(unused_parens)]` (part of `#[warn(unused)]`) on by default
help: remove these parentheses
    |
381 ~             Some(pool) => forall<id: Int> match (*state.status.pending).get(id) {
382 |                 None => true,
383 |                 Some((lo, hi)) =>
384 |                     (forall<index: Int> lo <= index && index < hi ==> !pool.contains(index)),
385 ~             },
    |

warning: unnecessary parentheses around match arm expression
   --> /workspace/bytes-proof-tools/targets/bytes/debug/build/bytes-shared-singleton-reclaim-4c7e57f775d5c864/out/scalable_tickets.rs:384:21
    |
384 |                     (forall<index: Int> lo <= index && index < hi ==> !pool.contains(index)),
    |                     ^                                                                      ^
    |
help: remove these parentheses
    |
384 -                     (forall<index: Int> lo <= index && index < hi ==> !pool.contains(index)),
384 +                     forall<index: Int> lo <= index && index < hi ==> !pool.contains(index),
    |

warning: unnecessary parentheses around block return value
   --> /workspace/bytes-proof-tools/targets/bytes/debug/build/bytes-shared-singleton-reclaim-4c7e57f775d5c864/out/scalable_tickets.rs:395:9
    |
395 |         (forall<left: Int, right: Int> match
    |         ^
...
400 |         })
    |          ^
    |
help: remove these parentheses
    |
395 ~         forall<left: Int, right: Int> match
396 |             ((*state.status.pending).get(left), (*state.status.pending).get(right)) {
...
399 |             _ => true,
400 ~         }
    |

warning: unnecessary parentheses around match arm expression
   --> /workspace/bytes-proof-tools/targets/bytes/debug/build/bytes-shared-singleton-reclaim-4c7e57f775d5c864/out/scalable_tickets.rs:409:27
    |
409 |             Some(pool) => (forall<index: Int> pool.contains(index) == (
    |                           ^
...
412 |             )),
    |              ^
    |
help: remove these parentheses
    |
409 ~             Some(pool) => forall<index: Int> pool.contains(index) == (
410 |                 0 <= index && index < state.status.capacity &&
411 |                 pending_outside(*state.status.pending, index)
412 ~             ),
    |

warning: unused import: `owned_region`
  --> src/lib.rs:27:28
   |
27 |     pub(crate) use crate::{owned_region, raw_vec, sequential_counter, scalable_tickets, bound_ptr, boxed_alignment};
   |                            ^^^^^^^^^^^^
   |
   = note: `#[warn(unused_imports)]` (part of `#[warn(unused)]`) on by default

warning: unused import: `ManuallyDrop`
 --> /workspace/bytes-proof-tools/targets/bytes/debug/build/bytes-shared-singleton-reclaim-4c7e57f775d5c864/out/actual_carrier.rs:2:22
  |
2 | use core::mem::{self,ManuallyDrop,MaybeUninit};
  |                      ^^^^^^^^^^^^

warning: unused import: `self`
 --> /workspace/bytes-proof-tools/targets/bytes/debug/build/bytes-shared-singleton-reclaim-4c7e57f775d5c864/out/actual_carrier.rs:3:17
  |
3 | use core::ptr::{self,NonNull};
  |                 ^^^^

warning: unused imports: `AtomicUsize` and `Ordering`
 --> /workspace/bytes-proof-tools/targets/bytes/debug/build/bytes-shared-singleton-reclaim-4c7e57f775d5c864/out/actual_carrier.rs:5:26
  |
5 | use core::sync::atomic::{AtomicUsize,Ordering};
  |                          ^^^^^^^^^^^ ^^^^^^^^

warning: unnecessary parentheses around method argument
   --> /workspace/bytes-proof-tools/targets/bytes/debug/build/bytes-shared-singleton-reclaim-4c7e57f775d5c864/out/actual_carrier.rs:652:92
    |
652 |     #[cfg_attr(all(creusot, bytes_proof_repeated_split), ensures(result.proof_carrier_pair((^self))))]
    |                                                                                            ^     ^
    |
help: remove these parentheses
    |
652 -     #[cfg_attr(all(creusot, bytes_proof_repeated_split), ensures(result.proof_carrier_pair((^self))))]
652 +     #[cfg_attr(all(creusot, bytes_proof_repeated_split), ensures(result.proof_carrier_pair(^self )))]
    |

warning: unnecessary parentheses around method argument
    --> /workspace/bytes-proof-tools/targets/bytes/debug/build/bytes-shared-singleton-reclaim-4c7e57f775d5c864/out/actual_carrier.rs:1126:59
     |
1126 |     #[cfg_attr(creusot, ensures(result.proof_carrier_pair((^self))))]
     |                                                           ^     ^
     |
help: remove these parentheses
     |
1126 -     #[cfg_attr(creusot, ensures(result.proof_carrier_pair((^self))))]
1126 +     #[cfg_attr(creusot, ensures(result.proof_carrier_pair(^self )))]
     |

warning: unused import: `prelude`
 --> /workspace/bytes-runtime-verification/bytes/1.11.1/src/ownership_proof/shared_reclaim.rs:4:38
  |
4 | use creusot_std::{ghost::perm::Perm, prelude::*};
  |                                      ^^^^^^^

warning: unused import: `prelude`
 --> /workspace/bytes-runtime-verification/bytes/1.11.1/src/ownership_proof/carrier_protocol.rs:5:49
  |
5 | use creusot_std::{ghost::perm::Perm, logic::Id, prelude::*};
  |                                                 ^^^^^^^

warning: unused variable: `base`
   --> src/../../../../src/ownership_proof/raw_vec.rs:905:25
    |
905 |     let RawAllocation { base, capacity, namespace: _, _not_objective: _ } = raw;
    |                         ^^^^ help: try ignoring the field: `base: _`
    |
    = note: `#[warn(unused_variables)]` (part of `#[warn(unused)]`) on by default

warning: unused variable: `capacity`
   --> src/../../../../src/ownership_proof/raw_vec.rs:905:31
    |
905 |     let RawAllocation { base, capacity, namespace: _, _not_objective: _ } = raw;
    |                               ^^^^^^^^ help: try ignoring the field: `capacity: _`

warning: unused variable: `base`
   --> src/../../../../src/ownership_proof/raw_vec.rs:941:9
    |
941 |     let base = bound.as_ptr();
    |         ^^^^ help: if this is intentional, prefix it with an underscore: `_base`

warning: variable does not need to be mutable
   --> /workspace/bytes-proof-tools/targets/bytes/debug/build/bytes-shared-singleton-reclaim-4c7e57f775d5c864/out/actual_carrier.rs:678:17
    |
678 |             let mut other = self.shallow_clone();
    |                 ----^^^^^
    |                 |
    |                 help: remove this `mut`
    |
    = note: `#[warn(unused_mut)]` (part of `#[warn(unused)]`) on by default

warning: variable does not need to be mutable
   --> /workspace/bytes-proof-tools/targets/bytes/debug/build/bytes-shared-singleton-reclaim-4c7e57f775d5c864/out/actual_carrier.rs:740:17
    |
740 |             let mut other = self.shallow_clone();
    |                 ----^^^^^
    |                 |
    |                 help: remove this `mut`

warning: unused variable: `off`
   --> /workspace/bytes-proof-tools/targets/bytes/debug/build/bytes-shared-singleton-reclaim-4c7e57f775d5c864/out/actual_carrier.rs:835:13
    |
835 |         let off = crate::capacity_ops::vec_pos_from_data(
    |             ^^^ help: if this is intentional, prefix it with an underscore: `_off`

warning: type `actual::Shared` is more private than the item `actual::shared_reclaim::SingletonLease::owner`
  --> /workspace/bytes-runtime-verification/bytes/1.11.1/src/ownership_proof/shared_reclaim.rs:14:5
   |
14 |     pub(crate) owner: Box<Perm<*const Shared>>,
   |     ^^^^^^^^^^^^^^^^^^^^^^^^^^^^^^^^^^^^^^^^^^ field `actual::shared_reclaim::SingletonLease::owner` is reachable at visibility `pub(crate)`
   |
note: but type `actual::Shared` is only usable at visibility `pub(self)`
  --> /workspace/bytes-proof-tools/targets/bytes/debug/build/bytes-shared-singleton-reclaim-4c7e57f775d5c864/out/actual_carrier.rs:56:1
   |
56 | struct Shared {
   | ^^^^^^^^^^^^^
   = note: `#[warn(private_interfaces)]` on by default

warning: type `actual::sequential_shared_control::HandleRegistration` is more private than the item `actual::shared_reclaim::acquire`
  --> /workspace/bytes-runtime-verification/bytes/1.11.1/src/ownership_proof/shared_reclaim.rs:54:1
   |
54 | / pub(crate) fn acquire(
55 | |     control: ControlPtr,
56 | |     context: Ghost<ControlContext>,
57 | |     registration: Ghost<HandleRegistration>,
58 | | ) -> Ghost<SingletonLease> {
   | |__________________________^ function `actual::shared_reclaim::acquire` is reachable at visibility `pub(crate)`
   |
note: but type `actual::sequential_shared_control::HandleRegistration` is only usable at visibility `pub(in crate::actual)`
  --> /workspace/bytes-runtime-verification/bytes/1.11.1/src/ownership_proof/carrier_protocol.rs:65:1
   |
65 | pub(super) struct HandleRegistration {
   | ^^^^^^^^^^^^^^^^^^^^^^^^^^^^^^^^^^^^

warning: type `actual::sequential_shared_control::HandleRegistration` is more private than the item `actual::shared_reclaim::reactivate`
  --> /workspace/bytes-runtime-verification/bytes/1.11.1/src/ownership_proof/shared_reclaim.rs:84:1
   |
84 | / pub(crate) fn reactivate(
85 | |     control: ControlPtr,
86 | |     lease: Ghost<SingletonLease>,
87 | | ) -> Ghost<(ControlContext, HandleRegistration)> {
   | |________________________________________________^ function `actual::shared_reclaim::reactivate` is reachable at visibility `pub(crate)`
   |
note: but type `actual::sequential_shared_control::HandleRegistration` is only usable at visibility `pub(in crate::actual)`
  --> /workspace/bytes-runtime-verification/bytes/1.11.1/src/ownership_proof/carrier_protocol.rs:65:1
   |
65 | pub(super) struct HandleRegistration {
   | ^^^^^^^^^^^^^^^^^^^^^^^^^^^^^^^^^^^^

warning: function `pointer_addr_eq` is never used
  --> src/../../../../src/provenance_specs.rs:19:15
   |
19 | pub(crate) fn pointer_addr_eq<T>(left: *const T, right: *const T) -> bool {
   |               ^^^^^^^^^^^^^^^
   |
   = note: `#[warn(dead_code)]` (part of `#[warn(unused)]`) on by default

warning: function `pointer_with_address` is never used
  --> src/../../../../src/provenance_specs.rs:86:15
   |
86 | pub(crate) fn pointer_with_address(ptr: *mut u8, new_addr: usize) -> *mut u8 {
   |               ^^^^^^^^^^^^^^^^^^^^

warning: methods `slots` and `join` are never used
   --> src/../../../../src/ownership_proof/owned_region.rs:149:19
    |
 95 | impl OwnedRegion {
    | ---------------- methods in this implementation
...
149 |     pub(crate) fn slots(self) -> FMap<Int, Excl<Option<u8>>> {
    |                   ^^^^^
...
243 |     pub(crate) fn join(self, other: Self) -> Self {
    |                   ^^^^

warning: function `slots_grown` is never used
  --> src/../../../../src/ownership_proof/raw_vec.rs:72:4
   |
72 | fn slots_grown(old: SlotMap, old_capacity: Int, capacity: Int) -> SlotMap {
   |    ^^^^^^^^^^^

warning: function `reallocate_bound` is never used
   --> src/../../../../src/ownership_proof/raw_vec.rs:103:22
    |
103 | pub(crate) unsafe fn reallocate_bound(base: BoundPtr, old_capacity: usize, capacity: usize,
    |                      ^^^^^^^^^^^^^^^^

warning: methods `as_non_null` and `retreat_within` are never used
   --> src/../../../../src/ownership_proof/raw_vec.rs:273:19
    |
241 | impl BoundPtr {
    | ------------- methods in this implementation
...
273 |     pub(crate) fn as_non_null(&self) -> NonNull<u8> {
    |                   ^^^^^^^^^^^
...
285 |     pub(crate) fn retreat_within(&self, count: usize) -> Self {
    |                   ^^^^^^^^^^^^^^

warning: method `join` is never used
   --> src/../../../../src/ownership_proof/raw_vec.rs:565:19
    |
479 | impl PhysicalRegion {
    | ------------------- method in this implementation
...
565 |     pub(crate) fn join(self, other: Self) -> Self {
    |                   ^^^^

warning: function `resume_vec` is never used
   --> src/../../../../src/ownership_proof/raw_vec.rs:865:22
    |
865 | pub(crate) unsafe fn resume_vec(
    |                      ^^^^^^^^^^

warning: function `deallocate_vec` is never used
   --> src/../../../../src/ownership_proof/raw_vec.rs:901:22
    |
901 | pub(crate) unsafe fn deallocate_vec(
    |                      ^^^^^^^^^^^^^^

warning: function `borrow_mut` is never used
   --> src/../../../../src/ownership_proof/raw_vec.rs:985:22
    |
985 | pub(crate) unsafe fn borrow_mut<'a>(
    |                      ^^^^^^^^^^

warning: function `slot_known_equivalence` is never used
    --> src/../../../../src/ownership_proof/raw_vec.rs:1007:15
     |
1007 | pub(crate) fn slot_known_equivalence(slot: Option<Option<u8>>) {}
     |               ^^^^^^^^^^^^^^^^^^^^^^

warning: function `borrow_empty_bound` is never used
    --> src/../../../../src/ownership_proof/raw_vec.rs:1164:22
     |
1164 | pub(crate) unsafe fn borrow_empty_bound<'a>(bound: &'a BoundPtr) -> &'a [u8] {
     |                      ^^^^^^^^^^^^^^^^^^

warning: function `borrow_empty_bound_mut` is never used
    --> src/../../../../src/ownership_proof/raw_vec.rs:1173:22
     |
1173 | pub(crate) unsafe fn borrow_empty_bound_mut<'a>(bound: &'a BoundPtr) -> &'a mut [u8] {
     |                      ^^^^^^^^^^^^^^^^^^^^^^

warning: function `borrow_empty_bound_uninit_mut` is never used
    --> src/../../../../src/ownership_proof/raw_vec.rs:1181:22
     |
1181 | pub(crate) unsafe fn borrow_empty_bound_uninit_mut<'a>(
     |                      ^^^^^^^^^^^^^^^^^^^^^^^^^^^^^

warning: function `initialize` is never used
   --> /workspace/bytes-proof-tools/targets/bytes/debug/build/bytes-shared-singleton-reclaim-4c7e57f775d5c864/out/scalable_tickets.rs:507:15
    |
507 | pub(crate) fn initialize(input: alloc::vec::Vec<u8>) -> (crate::ownership_proof::raw_vec::BoundPtr, usize, Ghost<(Coordinator, Pack...
    |               ^^^^^^^^^^

warning: function `replace` is never used
   --> /workspace/bytes-proof-tools/targets/bytes/debug/build/bytes-shared-singleton-reclaim-4c7e57f775d5c864/out/scalable_tickets.rs:728:15
    |
728 | pub(crate) fn replace(
    |               ^^^^^^^

warning: function `release_unique_storage` is never used
  --> /workspace/bytes-proof-tools/targets/bytes/debug/build/bytes-shared-singleton-reclaim-4c7e57f775d5c864/out/actual_carrier.rs:19:11
   |
19 | unsafe fn release_unique_storage(
   |           ^^^^^^^^^^^^^^^^^^^^^^

warning: field `original_capacity_repr` is never read
  --> /workspace/bytes-proof-tools/targets/bytes/debug/build/bytes-shared-singleton-reclaim-4c7e57f775d5c864/out/actual_carrier.rs:58:5
   |
56 | struct Shared {
   |        ------ field in this struct
57 |     buffer: SharedBuffer,
58 |     original_capacity_repr: usize,
   |     ^^^^^^^^^^^^^^^^^^^^^^

warning: calling external function `abort` with no contract will yield an impossible precondition
  --> src/lib.rs:32:19
   |
32 | fn abort() -> ! { std::process::abort() }
   |                   ^^^^^^^^^^^^^^^^^^^^^ function called here
   |
   = note: `#[warn(creusot::contractless_external_function)]` on by default

warning: `bytes-shared-singleton-reclaim` (lib) generated 40 warnings (run `cargo fix --lib -p bytes-shared-singleton-reclaim` to apply 16 suggestions)
    Finished `dev` profile [unoptimized + debuginfo] target(s) in 4.96s
No dangling files found
Goal Coma.vc_replace_at: ✘ (25/26)
Error: 1 unproved file
Error: 'why3find prove' failed

Final proof replay with the recorded three-second limit:
Proved (123 files) ✔
