warning: function `isize_to_usize_word` is never used
  --> /workspace/rust-crate-proofs/creusot-libs/creusot-std/src/std/hash_word.rs:12:15
   |
12 | pub(crate) fn isize_to_usize_word(value: isize) -> usize {
   |               ^^^^^^^^^^^^^^^^^^^
   |
   = note: `#[warn(dead_code)]` (part of `#[warn(unused)]`) on by default

warning: `auto` traits are unstable
   --> /workspace/rust-crate-proofs/creusot-libs/creusot-std/src/ghost.rs:260:5
    |
260 | pub auto trait Objective {}
    |     ^^^^
    |
    = note: see issue #13231 <https://github.com/rust-lang/rust/issues/13231> for more information
    = help: add `#![feature(auto_traits)]` to the crate attributes to enable
    = note: this compiler was built on 2026-02-26; consider upgrading it if it is out of date
    = warning: unstable syntax can change at any point in the future, causing a hard error!
    = note: for more information, see issue #65860 <https://github.com/rust-lang/rust/issues/65860>

warning: `creusot-std` (lib) generated 2 warnings
warning: unused variable: `high2_lo`
   --> /workspace/rust-crate-proofs/itoa/1.0.18/src/u128_ext.rs:466:10
    |
466 |     let (high2_lo, high2) = u128_halves(high2_product);
    |          ^^^^^^^^ help: if this is intentional, prefix it with an underscore: `_high2_lo`
    |
    = note: `#[warn(unused_variables)]` (part of `#[warn(unused)]`) on by default

warning: `itoa-proof` (lib) generated 1 warning (run `cargo fix --lib -p itoa-proof` to apply 1 suggestion)
    Finished `dev` profile [unoptimized + debuginfo] target(s) in 0.02s
