   Compiling autocfg v1.5.1
   Compiling proc-macro2 v1.0.107
   Compiling quote v1.0.47
   Compiling unicode-ident v1.0.26
   Compiling libc v0.2.190
   Compiling num-traits v0.2.19
   Compiling getrandom v0.4.3
   Compiling cfg-if v1.0.5
    Checking bytes v1.11.1
    Checking num-integer v0.1.47
   Compiling syn v2.0.119
    Checking num-bigint v0.4.8
    Checking itoa v1.0.18
    Checking http v1.5.0 (/workspace/rust-crate-proofs/http/1.5.0/verification/runtime-http)
   Compiling uuid v1.27.0
    Checking num-rational v0.4.2
   Compiling pearlite-syn v0.11.0-dev (/workspace/rust-crate-proofs/creusot-libs/pearlite-syn)
   Compiling creusot-std-proc v0.11.0-dev (/workspace/rust-crate-proofs/creusot-libs/creusot-std-proc)
    Checking creusot-std v0.11.0-dev (/workspace/rust-crate-proofs/creusot-libs/creusot-std)
    Checking http-header-map-api-proof v0.1.0 (/workspace/rust-crate-proofs/http/1.5.0/verification/header-map-api)
warning: unused import: `std::collections::HashMap`
 --> src/../../../src/header/map.rs:5:5
  |
5 | use std::collections::HashMap;
  |     ^^^^^^^^^^^^^^^^^^^^^^^^^
  |
  = note: `#[warn(unused_imports)]` (part of `#[warn(unused)]`) on by default

warning: unused import: `std::convert::TryFrom`
 --> src/../../../src/header/map.rs:7:5
  |
7 | use std::convert::TryFrom;
  |     ^^^^^^^^^^^^^^^^^^^^^

warning: unused import: `std::iter::FromIterator`
  --> src/../../../src/header/map.rs:10:5
   |
10 | use std::iter::FromIterator;
   |     ^^^^^^^^^^^^^^^^^^^^^^^

warning: unused import: `std::iter::FusedIterator`
  --> src/../../../src/header/map.rs:11:5
   |
11 | use std::iter::FusedIterator;
   |     ^^^^^^^^^^^^^^^^^^^^^^^^

warning: unused imports: `ops` and `ptr`
  --> src/../../../src/header/map.rs:13:21
   |
13 | use std::{fmt, mem, ops, ptr, vec};
   |                     ^^^  ^^^

warning: unused import: `PtrAddExt`
  --> src/../../../src/header/map.rs:16:29
   |
16 | use creusot_std::std::ptr::{PtrAddExt, PtrLive};
   |                             ^^^^^^^^^

warning: unused import: `crate::Error`
  --> src/../../../src/header/map.rs:29:5
   |
29 | use crate::Error;
   |     ^^^^^^^^^^^^

warning: unused macro definition: `insert_phase_one`
   --> src/../../../src/header/map.rs:840:14
    |
840 | macro_rules! insert_phase_one {
    |              ^^^^^^^^^^^^^^^^
    |
    = note: `#[warn(unused_macros)]` (part of `#[warn(unused)]`) on by default

warning: unused imports: `HdrName` and `HeaderName`
    --> src/../../../src/header/map.rs:4645:24
     |
4645 |     use super::{Entry, HdrName, HeaderMap, HeaderName, MaxSizeReached};
     |                        ^^^^^^^             ^^^^^^^^^^

warning: unused import: `Entry`
    --> src/../../../src/header/map.rs:4748:17
     |
4748 |     use super::{Entry, HdrName, HeaderMap, HeaderName, InvalidHeaderName, MaxSizeReached};
     |                 ^^^^^

warning: calling external function `new` with no contract will yield an impossible precondition
    --> src/../../../src/header/map.rs:4533:29
     |
4533 |         *self = Danger::Red(RandomState::new());
     |                             ^^^^^^^^^^^^^^^^^^ function called here
     |
     = note: `#[warn(creusot::contractless_external_function)]` on by default

warning: calling external function `build_hasher` with no contract will yield an impossible precondition
    --> src/../../../src/header/map.rs:4597:25
     |
4597 |             let mut h = hasher.build_hasher();
     |                         ^^^^^^^^^^^^^^^^^^^^^ function called here

warning: calling external function `finish` with no contract will yield an impossible precondition
    --> src/../../../src/header/map.rs:4599:13
     |
4599 |             h.finish()
     |             ^^^^^^^^^^ function called here

warning: calling external function `as_str` with no contract will yield an impossible precondition
    --> src/../../../src/header/map.rs:4897:27
     |
4897 |             Sealed::find(&self.as_str(), map)
     |                           ^^^^^^^^^^^^^ function called here

warning: `http-header-map-api-proof` (lib) generated 14 warnings (run `cargo fix --lib -p http-header-map-api-proof` to apply 9 suggestions)
    Finished `dev` profile [unoptimized + debuginfo] target(s) in 23.05s
