http proof resources: jobs=1, memory=1024 MiB per prover; shared lock held
     Removed 185 files, 24.8MiB total
    Checking http-uri-proof v0.1.0 (/workspace/rust-crate-proofs/http/1.5.0/verification/uri)
warning: function `borrowed_port_text` is never used
  --> src/lib.rs:59:4
   |
59 | fn borrowed_port_text<'a>(value: &'a uri::port::Port<&'a str>) -> &'a str {
   |    ^^^^^^^^^^^^^^^^^^
   |
   = note: `#[warn(dead_code)]` (part of `#[warn(unused)]`) on by default

warning: function `parse_borrowed_port` is never used
  --> src/lib.rs:70:4
   |
70 | fn parse_borrowed_port(
   |    ^^^^^^^^^^^^^^^^^^^

warning: function `example_authority_static_bytes` is never used
  --> src/lib.rs:81:4
   |
81 | fn example_authority_static_bytes() -> creusot_std::logic::Seq<u8> {
   |    ^^^^^^^^^^^^^^^^^^^^^^^^^^^^^^

warning: function `accepted_authority_static_domain` is never used
  --> src/lib.rs:90:4
   |
90 | fn accepted_authority_static_domain() {
   |    ^^^^^^^^^^^^^^^^^^^^^^^^^^^^^^^^

warning: function `example_authority_static_text` is never used
   --> src/lib.rs:129:4
    |
129 | fn example_authority_static_text() -> &'static str {
    |    ^^^^^^^^^^^^^^^^^^^^^^^^^^^^^

warning: function `construct_static_authority_example` is never used
   --> src/lib.rs:143:4
    |
143 | fn construct_static_authority_example() -> uri::authority::Authority {
    |    ^^^^^^^^^^^^^^^^^^^^^^^^^^^^^^^^^^

warning: `http-uri-proof` (lib) generated 6 warnings
    Finished `dev` profile [unoptimized + debuginfo] target(s) in 2.72s
Warning: found dangling files and directories:
  verif/http_uri_proof_rlib/fixed
  verif/http_uri_proof_rlib/port
Run 'cargo creusot clean' to remove them
