http proof resources: jobs=1, memory=1024 MiB per prover; shared lock held
warning: calling external function `to_ascii_lowercase` with no contract will yield an impossible precondition
   --> src/../../../src/uri/scheme.rs:371:36
    |
371 |                     state.write_u8(b.to_ascii_lowercase());
    |                                    ^^^^^^^^^^^^^^^^^^^^^^ function called here
    |
    = note: `#[warn(creusot::contractless_external_function)]` on by default

warning: calling external function `try_append` with no contract will yield an impossible precondition
    --> src/../../../src/request.rs:1431:13
     |
1431 |             head.headers.try_append(name, value)?;
     |             ^^^^^^^^^^^^^^^^^^^^^^^^^^^^^^^^^^^^ function called here

warning: calling external function `insert` with no contract will yield an impossible precondition
    --> src/../../../src/request.rs:1513:13
     |
1513 |             head.extensions.insert(extension);
     |             ^^^^^^^^^^^^^^^^^^^^^^^^^^^^^^^^^ function called here

warning: calling external function `try_append` with no contract will yield an impossible precondition
   --> src/../../../src/response.rs:878:13
    |
878 |             head.headers.try_append(name, value)?;
    |             ^^^^^^^^^^^^^^^^^^^^^^^^^^^^^^^^^^^^ function called here

warning: calling external function `insert` with no contract will yield an impossible precondition
   --> src/../../../src/response.rs:962:13
    |
962 |             head.extensions.insert(extension);
    |             ^^^^^^^^^^^^^^^^^^^^^^^^^^^^^^^^^ function called here

warning: `http-composition-proof` (lib) generated 5 warnings
    Finished `dev` profile [unoptimized + debuginfo] target(s) in 0.06s
Warning: found dangling files and directories:
  verif/http_composition_proof_rlib/request/impl_Debug_for_Builder
  verif/http_composition_proof_rlib/response/impl_Debug_for_Builder
Run 'cargo creusot clean' to remove them
Process Error (Connection error: client_connect: connection failed: Operation not permitted (connect,) (socket_name=/tmp/why3server704677sock)
)
Goal Coma.vc_from_u16: ✘
Process Error (File "utils/timer.ml", line 20, characters 2-8: Assertion failed)
Goal Coma.vc_elim_Ok: ✘
Process Error (File "utils/timer.ml", line 20, characters 2-8: Assertion failed)
Goal Coma.vc_default_StatusCode: ✘
Library verif.http_composition_proof_rlib.status.impl_Default_for_StatusCode.default: ✘
Process Error (File "utils/timer.ml", line 20, characters 2-8: Assertion failed)
Goal Coma.vc_default_Version: ✘
Library verif.http_composition_proof_rlib.version.impl_Default_for_Version.default: ✘
Process Error (File "utils/timer.ml", line 20, characters 2-8: Assertion failed)
Goal Coma.vc_default_Builder: ✘
Process Error (File "utils/timer.ml", line 20, characters 2-8: Assertion failed)
Goal Coma.vc_new: ✘
Library verif.http_composition_proof_rlib.request.impl_Builder.new: ✘
Process Error (File "utils/timer.ml", line 20, characters 2-8: Assertion failed)
Goal Coma.vc_new: ✘
Process Error (File "utils/timer.ml", line 20, characters 2-8: Assertion failed)
Goal Coma.vc_builder: ✘
Library verif.http_composition_proof_rlib.request.impl_Request_unit.builder: ✘
Process Error (File "utils/timer.ml", line 20, characters 2-8: Assertion failed)
Goal Coma.vc_default_T: ✘
Process Error (File "utils/timer.ml", line 20, characters 2-8: Assertion failed)
Goal Coma.vc_new_T: ✘
Process Error (File "utils/timer.ml", line 20, characters 2-8: Assertion failed)
Goal Coma.vc_default_Request_T: ✘
Library verif.http_composition_proof_rlib.request.impl_Default_for_Request_T.default: ✘
Process Error (File "utils/timer.ml", line 20, characters 2-8: Assertion failed)
Goal Coma.vc_new: ✘
Process Error (File "utils/timer.ml", line 20, characters 2-8: Assertion failed)
Goal Coma.vc_default_Builder: ✘
Library verif.http_composition_proof_rlib.request.impl_Default_for_Builder.default: ✘
Process Error (File "utils/timer.ml", line 20, characters 2-8: Assertion failed)
Goal Coma.vc_default_Method: ✘
Process Error (File "utils/timer.ml", line 20, characters 2-8: Assertion failed)
Goal Coma.vc_default_Uri: ✘
Process Error (File "utils/timer.ml", line 20, characters 2-8: Assertion failed)
Goal Coma.vc_default_Version: ✘
Process Error (File "utils/timer.ml", line 20, characters 2-8: Assertion failed)
Goal Coma.vc_default_HeaderMap_HeaderValue: ✘
Process Error (File "utils/timer.ml", line 20, characters 2-8: Assertion failed)
Goal Coma.vc_default_Extensions: ✘
Process Error (File "utils/timer.ml", line 20, characters 2-8: Assertion failed)
Goal Coma.vc_new: ✘
Library verif.http_composition_proof_rlib.request.impl_Parts.new: ✘
Process Error (File "utils/timer.ml", line 20, characters 2-8: Assertion failed)
Goal Coma.vc_new: ✘
Process Error (File "utils/timer.ml", line 20, characters 2-8: Assertion failed)
Goal Coma.vc_new_T: ✘
Library verif.http_composition_proof_rlib.request.impl_Request_T.new: ✘
Process Error (File "utils/timer.ml", line 20, characters 2-8: Assertion failed)
Goal Coma.vc_empty: ✘
Process Error (File "utils/timer.ml", line 20, characters 2-8: Assertion failed)
Goal Coma.vc_empty'0: ✘
Process Error (File "utils/timer.ml", line 20, characters 2-8: Assertion failed)
Goal Coma.vc_slash: ✘
Process Error (File "utils/timer.ml", line 20, characters 2-8: Assertion failed)
Goal Coma.vc_default_Uri: ✘
Library verif.http_composition_proof_rlib.uri.impl_Default_for_Uri.default: ✘
Process Error (File "utils/timer.ml", line 20, characters 2-8: Assertion failed)
Goal Coma.vc_new: ✘
Process Error (File "utils/timer.ml", line 20, characters 2-8: Assertion failed)
Goal Coma.vc_builder: ✘
Library verif.http_composition_proof_rlib.response.impl_Response_unit.builder: ✘
Process Error (File "utils/timer.ml", line 20, characters 2-8: Assertion failed)
Goal Coma.vc_default_Builder: ✘
Process Error (File "utils/timer.ml", line 20, characters 2-8: Assertion failed)
Goal Coma.vc_new: ✘
Library verif.http_composition_proof_rlib.response.impl_Builder.new: ✘
Process Error (File "utils/timer.ml", line 20, characters 2-8: Assertion failed)
Goal Coma.vc_default_T: ✘
Process Error (File "utils/timer.ml", line 20, characters 2-8: Assertion failed)
Goal Coma.vc_new_T: ✘
Process Error (File "utils/timer.ml", line 20, characters 2-8: Assertion failed)
Goal Coma.vc_default_Response_T: ✘
Library verif.http_composition_proof_rlib.response.impl_Default_for_Response_T.default: ✘
Process Error (File "utils/timer.ml", line 20, characters 2-8: Assertion failed)
Goal Coma.vc_new: ✘
Process Error (File "utils/timer.ml", line 20, characters 2-8: Assertion failed)
Goal Coma.vc_new_T: ✘
Library verif.http_composition_proof_rlib.response.impl_Response_T.new: ✘
Process Error (File "utils/timer.ml", line 20, characters 2-8: Assertion failed)
Goal Coma.vc_new: ✘
Process Error (File "utils/timer.ml", line 20, characters 2-8: Assertion failed)
Goal Coma.vc_default_Builder: ✘
Library verif.http_composition_proof_rlib.response.impl_Default_for_Builder.default: ✘
Process Error (File "utils/timer.ml", line 20, characters 2-8: Assertion failed)
Goal Coma.vc_default_StatusCode: ✘
Process Error (File "utils/timer.ml", line 20, characters 2-8: Assertion failed)
Goal Coma.vc_default_Version: ✘
Process Error (File "utils/timer.ml", line 20, characters 2-8: Assertion failed)
Goal Coma.vc_default_HeaderMap_HeaderValue: ✘
Process Error (File "utils/timer.ml", line 20, characters 2-8: Assertion failed)
Goal Coma.vc_default_Extensions: ✘
Process Error (File "utils/timer.ml", line 20, characters 2-8: Assertion failed)
Goal Coma.vc_new: ✘
Library verif.http_composition_proof_rlib.response.impl_Parts.new: ✘
Terminated
