http proof resources: jobs=1, memory=1024 MiB per prover; shared lock held
warning: calling external function `to_ascii_lowercase` with no contract will yield an impossible precondition
   --> src/../../../src/uri/scheme.rs:371:36
    |
371 |                     state.write_u8(b.to_ascii_lowercase());
    |                                    ^^^^^^^^^^^^^^^^^^^^^^ function called here
    |
    = note: `#[warn(creusot::contractless_external_function)]` on by default

warning: calling external function `try_append` with no contract will yield an impossible precondition
    --> src/../../../src/request.rs:1431:13
     |
1431 |             head.headers.try_append(name, value)?;
     |             ^^^^^^^^^^^^^^^^^^^^^^^^^^^^^^^^^^^^ function called here

warning: calling external function `insert` with no contract will yield an impossible precondition
    --> src/../../../src/request.rs:1513:13
     |
1513 |             head.extensions.insert(extension);
     |             ^^^^^^^^^^^^^^^^^^^^^^^^^^^^^^^^^ function called here

warning: calling external function `try_append` with no contract will yield an impossible precondition
   --> src/../../../src/response.rs:878:13
    |
878 |             head.headers.try_append(name, value)?;
    |             ^^^^^^^^^^^^^^^^^^^^^^^^^^^^^^^^^^^^ function called here

warning: calling external function `insert` with no contract will yield an impossible precondition
   --> src/../../../src/response.rs:962:13
    |
962 |             head.extensions.insert(extension);
    |             ^^^^^^^^^^^^^^^^^^^^^^^^^^^^^^^^^ function called here

warning: `http-composition-proof` (lib) generated 5 warnings
    Finished `dev` profile [unoptimized + debuginfo] target(s) in 0.06s
Warning: found dangling files and directories:
  verif/http_composition_proof_rlib/request/impl_Debug_for_Builder
  verif/http_composition_proof_rlib/response/impl_Debug_for_Builder
Run 'cargo creusot clean' to remove them
Library verif.http_composition_proof_rlib.status.impl_Default_for_StatusCode.default: ✔ (3)
Library verif.http_composition_proof_rlib.version.impl_Default_for_Version.default: ✔ (1)
Library verif.http_composition_proof_rlib.request.impl_Builder.new: ✔ (2)
Library verif.http_composition_proof_rlib.request.impl_Request_unit.builder: ✔ (2)
Library verif.http_composition_proof_rlib.request.impl_Default_for_Request_T.default: ✔ (3)
Library verif.http_composition_proof_rlib.request.impl_Default_for_Builder.default: ✔ (2)
Library verif.http_composition_proof_rlib.request.impl_Parts.new: ✔ (6)
Library verif.http_composition_proof_rlib.request.impl_Request_T.new: ✔ (2)
Library verif.http_composition_proof_rlib.uri.impl_Default_for_Uri.default: ✔ (4)
Library verif.http_composition_proof_rlib.response.impl_Response_unit.builder: ✔ (2)
Library verif.http_composition_proof_rlib.response.impl_Builder.new: ✔ (2)
Library verif.http_composition_proof_rlib.response.impl_Default_for_Response_T.default: ✔ (3)
Library verif.http_composition_proof_rlib.response.impl_Response_T.new: ✔ (2)
Library verif.http_composition_proof_rlib.response.impl_Default_for_Builder.default: ✔ (2)
Library verif.http_composition_proof_rlib.response.impl_Parts.new: ✔ (5)
