$ BYTES_TRANSLATE_ONLY=1 cargo creusot --only=coma -- --locked
warning: unused variable: `vector`
  --> /workspace/bytes-proof-tools/bytes-proof-std/src/std/vec.rs:21:40
   |
21 | pub fn capacity_model<T, A: Allocator>(vector: Vec<T, A>) -> Int {
   |                                        ^^^^^^ help: if this is intentional, prefix it with an underscore: `_vector`
   |
   = note: `#[warn(unused_variables)]` (part of `#[warn(unused)]`) on by default

warning: unused variable: `vector`
  --> /workspace/bytes-proof-tools/bytes-proof-std/src/std/vec.rs:32:36
   |
32 | pub fn base_model<T, A: Allocator>(vector: Vec<T, A>) -> Int {
   |                                    ^^^^^^ help: if this is intentional, prefix it with an underscore: `_vector`

warning: `creusot-std` (lib) generated 2 warnings (run `cargo fix --lib -p creusot-std` to apply 2 suggestions)
    Checking bytes-vtable-shared-branch-probe v0.1.0 (/workspace/rust-crate-proofs/bytes/1.11.1/verification/probes/vtable-leaf-2026-10-08/shared-branch)
warning: calling external function `new` with no contract will yield an impossible precondition
  --> src/lib.rs:97:18
   |
97 |         ref_cnt: AtomicUsize::new(1),
   |                  ^^^^^^^^^^^^^^^^^^^ function called here
   |
   = note: `#[warn(creusot::contractless_external_function)]` on by default

error: Unsupported pointer cast: move _17 as usize (PointerExposeProvenance)
   --> src/lib.rs:104:15
    |
104 |         0 == (shared as usize & KIND_MASK),
    |               ^^^^^^^^^^^^^^^

warning: `bytes-vtable-shared-branch-probe` (lib) generated 1 warning
error: could not compile `bytes-vtable-shared-branch-probe` (lib) due to 1 previous error; 1 warning emitted
Error: Compilation failed
exit status: 1
