$ BYTES_TRANSLATE_ONLY=1 cargo creusot --only=coma -- --locked
warning: unused variable: `vector`
  --> /workspace/bytes-proof-tools/bytes-proof-std/src/std/vec.rs:21:40
   |
21 | pub fn capacity_model<T, A: Allocator>(vector: Vec<T, A>) -> Int {
   |                                        ^^^^^^ help: if this is intentional, prefix it with an underscore: `_vector`
   |
   = note: `#[warn(unused_variables)]` (part of `#[warn(unused)]`) on by default

warning: unused variable: `vector`
  --> /workspace/bytes-proof-tools/bytes-proof-std/src/std/vec.rs:32:36
   |
32 | pub fn base_model<T, A: Allocator>(vector: Vec<T, A>) -> Int {
   |                                    ^^^^^^ help: if this is intentional, prefix it with an underscore: `_vector`

warning: `creusot-std` (lib) generated 2 warnings (run `cargo fix --lib -p creusot-std` to apply 2 suggestions)
    Checking bytes-vtable-shared-branch-probe v0.1.0 (/workspace/rust-crate-proofs/bytes/1.11.1/verification/probes/vtable-leaf-2026-10-08/shared-branch)
warning: calling external function `new` with no contract will yield an impossible precondition
   --> src/lib.rs:102:18
    |
102 |         ref_cnt: AtomicUsize::new(1),
    |                  ^^^^^^^^^^^^^^^^^^^ function called here
    |
    = note: `#[warn(creusot::contractless_external_function)]` on by default

warning: calling external function `new` with no contract will yield an impossible precondition
   --> src/lib.rs:115:15
    |
115 |         data: AtomicPtr::new(shared as _),
    |               ^^^^^^^^^^^^^^^^^^^^^^^^^^^ function called here

warning: `bytes-vtable-shared-branch-probe` (lib) generated 2 warnings
    Finished `dev` profile [unoptimized + debuginfo] target(s) in 0.14s
exit status: 0
