Type-only: verif/httparse_newline_string_harness_rlib/iter/impl_Bytes/byte_permission.coma
Warning, file "/workspace/scratch/httparse-string-model/creusot-data/share/why3find/packages/creusot/creusot/int.coma", line 166, characters 8-22: axiom extensionality does not contain any local abstract symbol (contains: int, (=), t, to_int)
Warning, file "/workspace/scratch/httparse-string-model/creusot-data/share/why3find/packages/creusot/creusot/int.coma", line 484, characters 8-22: axiom extensionality does not contain any local abstract symbol (contains: int, (=), t, to_int)
Warning, file "/workspace/scratch/httparse-string-model/creusot-data/share/why3find/packages/creusot/creusot/int.coma", line 802, characters 8-22: axiom extensionality does not contain any local abstract symbol (contains: int, (=), t, to_int)
Warning, file "/workspace/scratch/httparse-string-model/creusot-data/share/why3find/packages/creusot/creusot/int.coma", line 1120, characters 8-22: axiom extensionality does not contain any local abstract symbol (contains: int, (=), t, to_int)
Warning, file "/workspace/scratch/httparse-string-model/creusot-data/share/why3find/packages/creusot/creusot/int.coma", line 1438, characters 8-22: axiom extensionality does not contain any local abstract symbol (contains: int, (=), t, to_int)
Warning, file "/workspace/rust-crate-proofs/httparse/1.10.1/verification/probes/newline-harness/evidence/direct-why3-selected-20261005T064400Z/context/string/verif/httparse_newline_string_harness_rlib/iter/impl_Bytes/byte_permission.coma", line 81, characters 6-21: axiom size_of_u8_spec does not contain any local abstract symbol (contains: int, (<=), size_of_u8)
Warning, file "/workspace/rust-crate-proofs/httparse/1.10.1/verification/probes/newline-harness/evidence/direct-why3-selected-20261005T064400Z/context/string/verif/httparse_newline_string_harness_rlib/iter/impl_Bytes/byte_permission.coma", line 243, characters 6-37: axiom slice_ptr_ext_ptr_slice_u8_spec does not contain any local abstract symbol (contains: (=), ptr, t, len_ptr_slice_u8, thin_ptr_slice_u8)
Type-only: verif/httparse_newline_string_harness_rlib/iter/impl_Bytes/peek.coma
Warning, file "/workspace/scratch/httparse-string-model/creusot-data/share/why3find/packages/creusot/creusot/int.coma", line 166, characters 8-22: axiom extensionality does not contain any local abstract symbol (contains: int, (=), t, to_int)
Warning, file "/workspace/scratch/httparse-string-model/creusot-data/share/why3find/packages/creusot/creusot/int.coma", line 484, characters 8-22: axiom extensionality does not contain any local abstract symbol (contains: int, (=), t, to_int)
Warning, file "/workspace/scratch/httparse-string-model/creusot-data/share/why3find/packages/creusot/creusot/int.coma", line 802, characters 8-22: axiom extensionality does not contain any local abstract symbol (contains: int, (=), t, to_int)
Warning, file "/workspace/scratch/httparse-string-model/creusot-data/share/why3find/packages/creusot/creusot/int.coma", line 1120, characters 8-22: axiom extensionality does not contain any local abstract symbol (contains: int, (=), t, to_int)
Warning, file "/workspace/scratch/httparse-string-model/creusot-data/share/why3find/packages/creusot/creusot/int.coma", line 1438, characters 8-22: axiom extensionality does not contain any local abstract symbol (contains: int, (=), t, to_int)
Warning, file "/workspace/rust-crate-proofs/httparse/1.10.1/verification/probes/newline-harness/evidence/direct-why3-selected-20261005T064400Z/context/string/verif/httparse_newline_string_harness_rlib/iter/impl_Bytes/peek.coma", line 76, characters 6-21: axiom size_of_u8_spec does not contain any local abstract symbol (contains: int, (<=), size_of_u8)
Warning, file "/workspace/rust-crate-proofs/httparse/1.10.1/verification/probes/newline-harness/evidence/direct-why3-selected-20261005T064400Z/context/string/verif/httparse_newline_string_harness_rlib/iter/impl_Bytes/peek.coma", line 133, characters 6-37: axiom slice_ptr_ext_ptr_slice_u8_spec does not contain any local abstract symbol (contains: (=), ptr, t, len_ptr_slice_u8, thin_ptr_slice_u8)
Type-only: verif/httparse_newline_string_harness_rlib/iter/impl_Bytes/advance.coma
Warning, file "/workspace/scratch/httparse-string-model/creusot-data/share/why3find/packages/creusot/creusot/int.coma", line 166, characters 8-22: axiom extensionality does not contain any local abstract symbol (contains: int, (=), t, to_int)
Warning, file "/workspace/scratch/httparse-string-model/creusot-data/share/why3find/packages/creusot/creusot/int.coma", line 484, characters 8-22: axiom extensionality does not contain any local abstract symbol (contains: int, (=), t, to_int)
Warning, file "/workspace/scratch/httparse-string-model/creusot-data/share/why3find/packages/creusot/creusot/int.coma", line 802, characters 8-22: axiom extensionality does not contain any local abstract symbol (contains: int, (=), t, to_int)
Warning, file "/workspace/scratch/httparse-string-model/creusot-data/share/why3find/packages/creusot/creusot/int.coma", line 1120, characters 8-22: axiom extensionality does not contain any local abstract symbol (contains: int, (=), t, to_int)
Warning, file "/workspace/scratch/httparse-string-model/creusot-data/share/why3find/packages/creusot/creusot/int.coma", line 1438, characters 8-22: axiom extensionality does not contain any local abstract symbol (contains: int, (=), t, to_int)
Warning, file "/workspace/rust-crate-proofs/httparse/1.10.1/verification/probes/newline-harness/evidence/direct-why3-selected-20261005T064400Z/context/string/verif/httparse_newline_string_harness_rlib/iter/impl_Bytes/advance.coma", line 162, characters 6-21: axiom size_of_u8_spec does not contain any local abstract symbol (contains: int, (<=), size_of_u8)
Warning, file "/workspace/rust-crate-proofs/httparse/1.10.1/verification/probes/newline-harness/evidence/direct-why3-selected-20261005T064400Z/context/string/verif/httparse_newline_string_harness_rlib/iter/impl_Bytes/advance.coma", line 177, characters 6-22: axiom align_of_u8_spec does not contain any local abstract symbol (contains: (=), t, sub, bw_and, align_of_u8)
Warning, file "/workspace/rust-crate-proofs/httparse/1.10.1/verification/probes/newline-harness/evidence/direct-why3-selected-20261005T064400Z/context/string/verif/httparse_newline_string_harness_rlib/iter/impl_Bytes/advance.coma", line 180, characters 6-24: axiom align_of_u8_spec'0 does not contain any local abstract symbol (contains: int, (=), mod, t, t'int, size_of_u8, align_of_u8)
Warning, file "/workspace/rust-crate-proofs/httparse/1.10.1/verification/probes/newline-harness/evidence/direct-why3-selected-20261005T064400Z/context/string/verif/httparse_newline_string_harness_rlib/iter/impl_Bytes/advance.coma", line 210, characters 6-37: axiom slice_ptr_ext_ptr_slice_u8_spec does not contain any local abstract symbol (contains: (=), ptr, t, len_ptr_slice_u8, thin_ptr_slice_u8)
Type-only: verif/httparse_newline_string_harness_rlib/iter/impl_Bytes/bump.coma
Warning, file "/workspace/scratch/httparse-string-model/creusot-data/share/why3find/packages/creusot/creusot/int.coma", line 166, characters 8-22: axiom extensionality does not contain any local abstract symbol (contains: int, (=), t, to_int)
Warning, file "/workspace/scratch/httparse-string-model/creusot-data/share/why3find/packages/creusot/creusot/int.coma", line 484, characters 8-22: axiom extensionality does not contain any local abstract symbol (contains: int, (=), t, to_int)
Warning, file "/workspace/scratch/httparse-string-model/creusot-data/share/why3find/packages/creusot/creusot/int.coma", line 802, characters 8-22: axiom extensionality does not contain any local abstract symbol (contains: int, (=), t, to_int)
Warning, file "/workspace/scratch/httparse-string-model/creusot-data/share/why3find/packages/creusot/creusot/int.coma", line 1120, characters 8-22: axiom extensionality does not contain any local abstract symbol (contains: int, (=), t, to_int)
Warning, file "/workspace/scratch/httparse-string-model/creusot-data/share/why3find/packages/creusot/creusot/int.coma", line 1438, characters 8-22: axiom extensionality does not contain any local abstract symbol (contains: int, (=), t, to_int)
Warning, file "/workspace/rust-crate-proofs/httparse/1.10.1/verification/probes/newline-harness/evidence/direct-why3-selected-20261005T064400Z/context/string/verif/httparse_newline_string_harness_rlib/iter/impl_Bytes/bump.coma", line 62, characters 6-21: axiom size_of_u8_spec does not contain any local abstract symbol (contains: int, (<=), size_of_u8)
Warning, file "/workspace/rust-crate-proofs/httparse/1.10.1/verification/probes/newline-harness/evidence/direct-why3-selected-20261005T064400Z/context/string/verif/httparse_newline_string_harness_rlib/iter/impl_Bytes/bump.coma", line 119, characters 6-37: axiom slice_ptr_ext_ptr_slice_u8_spec does not contain any local abstract symbol (contains: (=), ptr, t, len_ptr_slice_u8, thin_ptr_slice_u8)
Type-only: verif/httparse_newline_string_harness_rlib/iter/bytes_subsequence_head.coma
Warning, file "/workspace/scratch/httparse-string-model/creusot-data/share/why3find/packages/creusot/creusot/int.coma", line 166, characters 8-22: axiom extensionality does not contain any local abstract symbol (contains: int, (=), t, to_int)
Warning, file "/workspace/scratch/httparse-string-model/creusot-data/share/why3find/packages/creusot/creusot/int.coma", line 484, characters 8-22: axiom extensionality does not contain any local abstract symbol (contains: int, (=), t, to_int)
Warning, file "/workspace/scratch/httparse-string-model/creusot-data/share/why3find/packages/creusot/creusot/int.coma", line 802, characters 8-22: axiom extensionality does not contain any local abstract symbol (contains: int, (=), t, to_int)
Warning, file "/workspace/scratch/httparse-string-model/creusot-data/share/why3find/packages/creusot/creusot/int.coma", line 1120, characters 8-22: axiom extensionality does not contain any local abstract symbol (contains: int, (=), t, to_int)
Warning, file "/workspace/scratch/httparse-string-model/creusot-data/share/why3find/packages/creusot/creusot/int.coma", line 1438, characters 8-22: axiom extensionality does not contain any local abstract symbol (contains: int, (=), t, to_int)
Type-only: verif/httparse_newline_string_harness_rlib/iter/impl_Iterator_for_Bytes/next.coma
Warning, file "/workspace/scratch/httparse-string-model/creusot-data/share/why3find/packages/creusot/creusot/int.coma", line 166, characters 8-22: axiom extensionality does not contain any local abstract symbol (contains: int, (=), t, to_int)
Warning, file "/workspace/scratch/httparse-string-model/creusot-data/share/why3find/packages/creusot/creusot/int.coma", line 484, characters 8-22: axiom extensionality does not contain any local abstract symbol (contains: int, (=), t, to_int)
Warning, file "/workspace/scratch/httparse-string-model/creusot-data/share/why3find/packages/creusot/creusot/int.coma", line 802, characters 8-22: axiom extensionality does not contain any local abstract symbol (contains: int, (=), t, to_int)
Warning, file "/workspace/scratch/httparse-string-model/creusot-data/share/why3find/packages/creusot/creusot/int.coma", line 1120, characters 8-22: axiom extensionality does not contain any local abstract symbol (contains: int, (=), t, to_int)
Warning, file "/workspace/scratch/httparse-string-model/creusot-data/share/why3find/packages/creusot/creusot/int.coma", line 1438, characters 8-22: axiom extensionality does not contain any local abstract symbol (contains: int, (=), t, to_int)
Warning, file "/workspace/rust-crate-proofs/httparse/1.10.1/verification/probes/newline-harness/evidence/direct-why3-selected-20261005T064400Z/context/string/verif/httparse_newline_string_harness_rlib/iter/impl_Iterator_for_Bytes/next.coma", line 85, characters 6-21: axiom size_of_u8_spec does not contain any local abstract symbol (contains: int, (<=), size_of_u8)
Warning, file "/workspace/rust-crate-proofs/httparse/1.10.1/verification/probes/newline-harness/evidence/direct-why3-selected-20261005T064400Z/context/string/verif/httparse_newline_string_harness_rlib/iter/impl_Iterator_for_Bytes/next.coma", line 142, characters 6-37: axiom slice_ptr_ext_ptr_slice_u8_spec does not contain any local abstract symbol (contains: (=), ptr, t, len_ptr_slice_u8, thin_ptr_slice_u8)
Warning, file "/workspace/rust-crate-proofs/httparse/1.10.1/verification/probes/newline-harness/evidence/direct-why3-selected-20261005T064400Z/context/string/verif/httparse_newline_string_harness_rlib/iter/impl_Iterator_for_Bytes/next.coma", line 274, characters 168-169: unused variable a
Warning, file "/workspace/rust-crate-proofs/httparse/1.10.1/verification/probes/newline-harness/evidence/direct-why3-selected-20261005T064400Z/context/string/verif/httparse_newline_string_harness_rlib/iter/impl_Iterator_for_Bytes/next.coma", line 274, characters 181-183: unused variable ab
Warning, file "/workspace/rust-crate-proofs/httparse/1.10.1/verification/probes/newline-harness/evidence/direct-why3-selected-20261005T064400Z/context/string/verif/httparse_newline_string_harness_rlib/iter/impl_Iterator_for_Bytes/next.coma", line 274, characters 203-204: unused variable b
Warning, file "/workspace/rust-crate-proofs/httparse/1.10.1/verification/probes/newline-harness/evidence/direct-why3-selected-20261005T064400Z/context/string/verif/httparse_newline_string_harness_rlib/iter/impl_Iterator_for_Bytes/next.coma", line 274, characters 216-218: unused variable bc
Warning, file "/workspace/rust-crate-proofs/httparse/1.10.1/verification/probes/newline-harness/evidence/direct-why3-selected-20261005T064400Z/context/string/verif/httparse_newline_string_harness_rlib/iter/impl_Iterator_for_Bytes/next.coma", line 274, characters 238-239: unused variable c
Warning, file "/workspace/rust-crate-proofs/httparse/1.10.1/verification/probes/newline-harness/evidence/direct-why3-selected-20261005T064400Z/context/string/verif/httparse_newline_string_harness_rlib/iter/impl_Iterator_for_Bytes/next.coma", line 277, characters 6-31: axiom produces_trans_Bytes_spec does not contain any local abstract symbol (contains: t, seq, (++), t_Bytes, produces_Bytes)
Warning, file "/workspace/rust-crate-proofs/httparse/1.10.1/verification/probes/newline-harness/evidence/direct-why3-selected-20261005T064400Z/context/string/verif/httparse_newline_string_harness_rlib/iter/impl_Iterator_for_Bytes/next.coma", line 281, characters 167-171: unused variable self
Warning, file "/workspace/rust-crate-proofs/httparse/1.10.1/verification/probes/newline-harness/evidence/direct-why3-selected-20261005T064400Z/context/string/verif/httparse_newline_string_harness_rlib/iter/impl_Iterator_for_Bytes/next.coma", line 284, characters 6-30: axiom produces_refl_Bytes_spec does not contain any local abstract symbol (contains: t, seq, empty, t_Bytes, produces_Bytes)
Type-only: verif/httparse_newline_string_harness_rlib/iter/impl_Iterator_for_Bytes/next__refines.coma
Warning, file "/workspace/scratch/httparse-string-model/creusot-data/share/why3find/packages/creusot/creusot/int.coma", line 166, characters 8-22: axiom extensionality does not contain any local abstract symbol (contains: int, (=), t, to_int)
Warning, file "/workspace/scratch/httparse-string-model/creusot-data/share/why3find/packages/creusot/creusot/int.coma", line 484, characters 8-22: axiom extensionality does not contain any local abstract symbol (contains: int, (=), t, to_int)
Warning, file "/workspace/scratch/httparse-string-model/creusot-data/share/why3find/packages/creusot/creusot/int.coma", line 802, characters 8-22: axiom extensionality does not contain any local abstract symbol (contains: int, (=), t, to_int)
Warning, file "/workspace/scratch/httparse-string-model/creusot-data/share/why3find/packages/creusot/creusot/int.coma", line 1120, characters 8-22: axiom extensionality does not contain any local abstract symbol (contains: int, (=), t, to_int)
Warning, file "/workspace/scratch/httparse-string-model/creusot-data/share/why3find/packages/creusot/creusot/int.coma", line 1438, characters 8-22: axiom extensionality does not contain any local abstract symbol (contains: int, (=), t, to_int)
Warning, file "/workspace/rust-crate-proofs/httparse/1.10.1/verification/probes/newline-harness/evidence/direct-why3-selected-20261005T064400Z/context/string/verif/httparse_newline_string_harness_rlib/iter/impl_Iterator_for_Bytes/next__refines.coma", line 69, characters 6-21: axiom size_of_u8_spec does not contain any local abstract symbol (contains: int, (<=), size_of_u8)
Warning, file "/workspace/rust-crate-proofs/httparse/1.10.1/verification/probes/newline-harness/evidence/direct-why3-selected-20261005T064400Z/context/string/verif/httparse_newline_string_harness_rlib/iter/impl_Iterator_for_Bytes/next__refines.coma", line 126, characters 6-37: axiom slice_ptr_ext_ptr_slice_u8_spec does not contain any local abstract symbol (contains: (=), ptr, t, len_ptr_slice_u8, thin_ptr_slice_u8)
Warning, file "/workspace/rust-crate-proofs/httparse/1.10.1/verification/probes/newline-harness/evidence/direct-why3-selected-20261005T064400Z/context/string/verif/httparse_newline_string_harness_rlib/iter/impl_Iterator_for_Bytes/next__refines.coma", line 206, characters 168-169: unused variable a
Warning, file "/workspace/rust-crate-proofs/httparse/1.10.1/verification/probes/newline-harness/evidence/direct-why3-selected-20261005T064400Z/context/string/verif/httparse_newline_string_harness_rlib/iter/impl_Iterator_for_Bytes/next__refines.coma", line 206, characters 181-183: unused variable ab
Warning, file "/workspace/rust-crate-proofs/httparse/1.10.1/verification/probes/newline-harness/evidence/direct-why3-selected-20261005T064400Z/context/string/verif/httparse_newline_string_harness_rlib/iter/impl_Iterator_for_Bytes/next__refines.coma", line 206, characters 203-204: unused variable b
Warning, file "/workspace/rust-crate-proofs/httparse/1.10.1/verification/probes/newline-harness/evidence/direct-why3-selected-20261005T064400Z/context/string/verif/httparse_newline_string_harness_rlib/iter/impl_Iterator_for_Bytes/next__refines.coma", line 206, characters 216-218: unused variable bc
Warning, file "/workspace/rust-crate-proofs/httparse/1.10.1/verification/probes/newline-harness/evidence/direct-why3-selected-20261005T064400Z/context/string/verif/httparse_newline_string_harness_rlib/iter/impl_Iterator_for_Bytes/next__refines.coma", line 206, characters 238-239: unused variable c
Warning, file "/workspace/rust-crate-proofs/httparse/1.10.1/verification/probes/newline-harness/evidence/direct-why3-selected-20261005T064400Z/context/string/verif/httparse_newline_string_harness_rlib/iter/impl_Iterator_for_Bytes/next__refines.coma", line 209, characters 6-31: axiom produces_trans_Bytes_spec does not contain any local abstract symbol (contains: t, seq, (++), t_Bytes, produces_Bytes)
Warning, file "/workspace/rust-crate-proofs/httparse/1.10.1/verification/probes/newline-harness/evidence/direct-why3-selected-20261005T064400Z/context/string/verif/httparse_newline_string_harness_rlib/iter/impl_Iterator_for_Bytes/next__refines.coma", line 213, characters 167-171: unused variable self
Warning, file "/workspace/rust-crate-proofs/httparse/1.10.1/verification/probes/newline-harness/evidence/direct-why3-selected-20261005T064400Z/context/string/verif/httparse_newline_string_harness_rlib/iter/impl_Iterator_for_Bytes/next__refines.coma", line 216, characters 6-30: axiom produces_refl_Bytes_spec does not contain any local abstract symbol (contains: t, seq, empty, t_Bytes, produces_Bytes)
Type-only: verif/httparse_newline_string_harness_rlib/iter/impl_Bytes/commit.coma
Warning, file "/workspace/scratch/httparse-string-model/creusot-data/share/why3find/packages/creusot/creusot/int.coma", line 166, characters 8-22: axiom extensionality does not contain any local abstract symbol (contains: int, (=), t, to_int)
Warning, file "/workspace/scratch/httparse-string-model/creusot-data/share/why3find/packages/creusot/creusot/int.coma", line 484, characters 8-22: axiom extensionality does not contain any local abstract symbol (contains: int, (=), t, to_int)
Warning, file "/workspace/scratch/httparse-string-model/creusot-data/share/why3find/packages/creusot/creusot/int.coma", line 802, characters 8-22: axiom extensionality does not contain any local abstract symbol (contains: int, (=), t, to_int)
Warning, file "/workspace/scratch/httparse-string-model/creusot-data/share/why3find/packages/creusot/creusot/int.coma", line 1120, characters 8-22: axiom extensionality does not contain any local abstract symbol (contains: int, (=), t, to_int)
Warning, file "/workspace/scratch/httparse-string-model/creusot-data/share/why3find/packages/creusot/creusot/int.coma", line 1438, characters 8-22: axiom extensionality does not contain any local abstract symbol (contains: int, (=), t, to_int)
Warning, file "/workspace/rust-crate-proofs/httparse/1.10.1/verification/probes/newline-harness/evidence/direct-why3-selected-20261005T064400Z/context/string/verif/httparse_newline_string_harness_rlib/iter/impl_Bytes/commit.coma", line 56, characters 6-21: axiom size_of_u8_spec does not contain any local abstract symbol (contains: int, (<=), size_of_u8)
Warning, file "/workspace/rust-crate-proofs/httparse/1.10.1/verification/probes/newline-harness/evidence/direct-why3-selected-20261005T064400Z/context/string/verif/httparse_newline_string_harness_rlib/iter/impl_Bytes/commit.coma", line 113, characters 6-37: axiom slice_ptr_ext_ptr_slice_u8_spec does not contain any local abstract symbol (contains: (=), ptr, t, len_ptr_slice_u8, thin_ptr_slice_u8)
Type-only: verif/httparse_newline_string_harness_rlib/iter/slice_from_ptr_range.coma
Warning, file "/workspace/scratch/httparse-string-model/creusot-data/share/why3find/packages/creusot/creusot/int.coma", line 166, characters 8-22: axiom extensionality does not contain any local abstract symbol (contains: int, (=), t, to_int)
Warning, file "/workspace/scratch/httparse-string-model/creusot-data/share/why3find/packages/creusot/creusot/int.coma", line 484, characters 8-22: axiom extensionality does not contain any local abstract symbol (contains: int, (=), t, to_int)
Warning, file "/workspace/scratch/httparse-string-model/creusot-data/share/why3find/packages/creusot/creusot/int.coma", line 802, characters 8-22: axiom extensionality does not contain any local abstract symbol (contains: int, (=), t, to_int)
Warning, file "/workspace/scratch/httparse-string-model/creusot-data/share/why3find/packages/creusot/creusot/int.coma", line 1120, characters 8-22: axiom extensionality does not contain any local abstract symbol (contains: int, (=), t, to_int)
Warning, file "/workspace/scratch/httparse-string-model/creusot-data/share/why3find/packages/creusot/creusot/int.coma", line 1438, characters 8-22: axiom extensionality does not contain any local abstract symbol (contains: int, (=), t, to_int)
Warning, file "/workspace/rust-crate-proofs/httparse/1.10.1/verification/probes/newline-harness/evidence/direct-why3-selected-20261005T064400Z/context/string/verif/httparse_newline_string_harness_rlib/iter/slice_from_ptr_range.coma", line 103, characters 6-37: axiom slice_ptr_ext_ptr_slice_u8_spec does not contain any local abstract symbol (contains: (=), ptr, t, thin_ptr_slice_u8, len_ptr_slice_u8)
Warning, file "/workspace/rust-crate-proofs/httparse/1.10.1/verification/probes/newline-harness/evidence/direct-why3-selected-20261005T064400Z/context/string/verif/httparse_newline_string_harness_rlib/iter/slice_from_ptr_range.coma", line 120, characters 6-21: axiom size_of_u8_spec does not contain any local abstract symbol (contains: int, (<=), size_of_u8)
Type-only: verif/httparse_newline_string_harness_rlib/iter/impl_Bytes/slice.coma
Warning, file "/workspace/scratch/httparse-string-model/creusot-data/share/why3find/packages/creusot/creusot/int.coma", line 166, characters 8-22: axiom extensionality does not contain any local abstract symbol (contains: int, (=), t, to_int)
Warning, file "/workspace/scratch/httparse-string-model/creusot-data/share/why3find/packages/creusot/creusot/int.coma", line 484, characters 8-22: axiom extensionality does not contain any local abstract symbol (contains: int, (=), t, to_int)
Warning, file "/workspace/scratch/httparse-string-model/creusot-data/share/why3find/packages/creusot/creusot/int.coma", line 802, characters 8-22: axiom extensionality does not contain any local abstract symbol (contains: int, (=), t, to_int)
Warning, file "/workspace/scratch/httparse-string-model/creusot-data/share/why3find/packages/creusot/creusot/int.coma", line 1120, characters 8-22: axiom extensionality does not contain any local abstract symbol (contains: int, (=), t, to_int)
Warning, file "/workspace/scratch/httparse-string-model/creusot-data/share/why3find/packages/creusot/creusot/int.coma", line 1438, characters 8-22: axiom extensionality does not contain any local abstract symbol (contains: int, (=), t, to_int)
Warning, file "/workspace/rust-crate-proofs/httparse/1.10.1/verification/probes/newline-harness/evidence/direct-why3-selected-20261005T064400Z/context/string/verif/httparse_newline_string_harness_rlib/iter/impl_Bytes/slice.coma", line 123, characters 6-37: axiom slice_ptr_ext_ptr_slice_u8_spec does not contain any local abstract symbol (contains: (=), ptr, t, len_ptr_slice_u8, thin_ptr_slice_u8)
Warning, file "/workspace/rust-crate-proofs/httparse/1.10.1/verification/probes/newline-harness/evidence/direct-why3-selected-20261005T064400Z/context/string/verif/httparse_newline_string_harness_rlib/iter/impl_Bytes/slice.coma", line 131, characters 6-21: axiom size_of_u8_spec does not contain any local abstract symbol (contains: int, (<=), size_of_u8)
Type-only: verif/httparse_newline_string_harness_rlib/verification_newline/parse_newline_model.coma
Warning, file "/workspace/scratch/httparse-string-model/creusot-data/share/why3find/packages/creusot/creusot/int.coma", line 166, characters 8-22: axiom extensionality does not contain any local abstract symbol (contains: int, (=), t, to_int)
Warning, file "/workspace/scratch/httparse-string-model/creusot-data/share/why3find/packages/creusot/creusot/int.coma", line 484, characters 8-22: axiom extensionality does not contain any local abstract symbol (contains: int, (=), t, to_int)
Warning, file "/workspace/scratch/httparse-string-model/creusot-data/share/why3find/packages/creusot/creusot/int.coma", line 802, characters 8-22: axiom extensionality does not contain any local abstract symbol (contains: int, (=), t, to_int)
Warning, file "/workspace/scratch/httparse-string-model/creusot-data/share/why3find/packages/creusot/creusot/int.coma", line 1120, characters 8-22: axiom extensionality does not contain any local abstract symbol (contains: int, (=), t, to_int)
Warning, file "/workspace/scratch/httparse-string-model/creusot-data/share/why3find/packages/creusot/creusot/int.coma", line 1438, characters 8-22: axiom extensionality does not contain any local abstract symbol (contains: int, (=), t, to_int)
Type-only: verif/httparse_newline_string_harness_rlib/parse_newline.coma
Warning, file "/workspace/scratch/httparse-string-model/creusot-data/share/why3find/packages/creusot/creusot/int.coma", line 166, characters 8-22: axiom extensionality does not contain any local abstract symbol (contains: int, (=), t, to_int)
Warning, file "/workspace/scratch/httparse-string-model/creusot-data/share/why3find/packages/creusot/creusot/int.coma", line 484, characters 8-22: axiom extensionality does not contain any local abstract symbol (contains: int, (=), t, to_int)
Warning, file "/workspace/scratch/httparse-string-model/creusot-data/share/why3find/packages/creusot/creusot/int.coma", line 802, characters 8-22: axiom extensionality does not contain any local abstract symbol (contains: int, (=), t, to_int)
Warning, file "/workspace/scratch/httparse-string-model/creusot-data/share/why3find/packages/creusot/creusot/int.coma", line 1120, characters 8-22: axiom extensionality does not contain any local abstract symbol (contains: int, (=), t, to_int)
Warning, file "/workspace/scratch/httparse-string-model/creusot-data/share/why3find/packages/creusot/creusot/int.coma", line 1438, characters 8-22: axiom extensionality does not contain any local abstract symbol (contains: int, (=), t, to_int)
Warning, file "/workspace/rust-crate-proofs/httparse/1.10.1/verification/probes/newline-harness/evidence/direct-why3-selected-20261005T064400Z/context/string/verif/httparse_newline_string_harness_rlib/parse_newline.coma", line 83, characters 168-169: unused variable a
Warning, file "/workspace/rust-crate-proofs/httparse/1.10.1/verification/probes/newline-harness/evidence/direct-why3-selected-20261005T064400Z/context/string/verif/httparse_newline_string_harness_rlib/parse_newline.coma", line 83, characters 181-183: unused variable ab
Warning, file "/workspace/rust-crate-proofs/httparse/1.10.1/verification/probes/newline-harness/evidence/direct-why3-selected-20261005T064400Z/context/string/verif/httparse_newline_string_harness_rlib/parse_newline.coma", line 83, characters 203-204: unused variable b
Warning, file "/workspace/rust-crate-proofs/httparse/1.10.1/verification/probes/newline-harness/evidence/direct-why3-selected-20261005T064400Z/context/string/verif/httparse_newline_string_harness_rlib/parse_newline.coma", line 83, characters 216-218: unused variable bc
Warning, file "/workspace/rust-crate-proofs/httparse/1.10.1/verification/probes/newline-harness/evidence/direct-why3-selected-20261005T064400Z/context/string/verif/httparse_newline_string_harness_rlib/parse_newline.coma", line 83, characters 238-239: unused variable c
Warning, file "/workspace/rust-crate-proofs/httparse/1.10.1/verification/probes/newline-harness/evidence/direct-why3-selected-20261005T064400Z/context/string/verif/httparse_newline_string_harness_rlib/parse_newline.coma", line 90, characters 167-171: unused variable self
