Warning, file "/workspace/proof-tools/creusot-data/share/why3find/packages/creusot/creusot/int.coma", line 166, characters 8-22: axiom extensionality does not contain any local abstract symbol (contains: int, (=), t, to_int)
Warning, file "/workspace/proof-tools/creusot-data/share/why3find/packages/creusot/creusot/int.coma", line 484, characters 8-22: axiom extensionality does not contain any local abstract symbol (contains: int, (=), t, to_int)
Warning, file "/workspace/proof-tools/creusot-data/share/why3find/packages/creusot/creusot/int.coma", line 802, characters 8-22: axiom extensionality does not contain any local abstract symbol (contains: int, (=), t, to_int)
Warning, file "/workspace/proof-tools/creusot-data/share/why3find/packages/creusot/creusot/int.coma", line 1120, characters 8-22: axiom extensionality does not contain any local abstract symbol (contains: int, (=), t, to_int)
Warning, file "/workspace/proof-tools/creusot-data/share/why3find/packages/creusot/creusot/int.coma", line 1438, characters 8-22: axiom extensionality does not contain any local abstract symbol (contains: int, (=), t, to_int)
Warning, file "/workspace/rust-crate-proofs/http/1.5.0/verification/headers/evidence/value_current_emission_2026-10-05/comas/value/impl_Debug_for_HeaderValue_fmt.coma", line 163, characters 6-23: axiom to_utf8_char_spec does not contain any local abstract symbol (contains: int, (<=), t, t, seq, length, to_utf8_char)
Warning, file "/workspace/rust-crate-proofs/http/1.5.0/verification/headers/evidence/value_current_emission_2026-10-05/comas/value/impl_Debug_for_HeaderValue_fmt.coma", line 234, characters 14-16: unused variable f0
Warning, file "/workspace/rust-crate-proofs/http/1.5.0/verification/headers/evidence/value_current_emission_2026-10-05/comas/value/impl_Debug_for_HeaderValue_fmt.coma", line 242, characters 17-19: unused variable f0
Warning, file "/workspace/rust-crate-proofs/http/1.5.0/verification/headers/evidence/value_current_emission_2026-10-05/comas/value/impl_Debug_for_HeaderValue_fmt.coma", line 266, characters 53-57: unused variable self
Warning, file "/workspace/rust-crate-proofs/http/1.5.0/verification/headers/evidence/value_current_emission_2026-10-05/comas/value/impl_Debug_for_HeaderValue_fmt.coma", line 275, characters 52-56: unused variable self
Warning, file "/workspace/rust-crate-proofs/http/1.5.0/verification/headers/evidence/value_current_emission_2026-10-05/comas/value/impl_Debug_for_HeaderValue_fmt.coma", line 275, characters 74-86: unused variable result_state
Warning, file "/workspace/rust-crate-proofs/http/1.5.0/verification/headers/evidence/value_current_emission_2026-10-05/comas/value/impl_Debug_for_HeaderValue_fmt.coma", line 282, characters 6-27: axiom fn_mut_once_from_spec does not contain any local abstract symbol (contains: tuple0, postcondition_once_from, resolve_from, postcondition_mut_from)
Warning, file "/workspace/rust-crate-proofs/http/1.5.0/verification/headers/evidence/value_current_emission_2026-10-05/comas/value/impl_Debug_for_HeaderValue_fmt.coma", line 285, characters 43-47: unused variable self
Warning, file "/workspace/rust-crate-proofs/http/1.5.0/verification/headers/evidence/value_current_emission_2026-10-05/comas/value/impl_Debug_for_HeaderValue_fmt.coma", line 285, characters 54-66: unused variable result_state
Warning, file "/workspace/rust-crate-proofs/http/1.5.0/verification/headers/evidence/value_current_emission_2026-10-05/comas/value/impl_Debug_for_HeaderValue_fmt.coma", line 291, characters 6-30: axiom hist_inv_trans_from_spec does not contain any local abstract symbol (contains: tuple0, hist_inv_from)
Warning, file "/workspace/rust-crate-proofs/http/1.5.0/verification/headers/evidence/value_current_emission_2026-10-05/comas/value/impl_Debug_for_HeaderValue_fmt.coma", line 296, characters 6-29: axiom hist_inv_refl_from_spec does not contain any local abstract symbol (contains: tuple0, hist_inv_from)
Warning, file "/workspace/rust-crate-proofs/http/1.5.0/verification/headers/evidence/value_current_emission_2026-10-05/comas/value/impl_Debug_for_HeaderValue_fmt.coma", line 300, characters 6-42: axiom postcondition_mut_hist_inv_from_spec does not contain any local abstract symbol (contains: tuple0, postcondition_mut_from, hist_inv_from)
Warning, file "/workspace/rust-crate-proofs/http/1.5.0/verification/headers/evidence/value_current_emission_2026-10-05/comas/value/impl_Debug_for_HeaderValue_fmt.coma", line 306, characters 6-27: axiom fn_hist_inv_from_spec does not contain any local abstract symbol (contains: (=), tuple0, hist_inv_from)
Warning, file "/workspace/rust-crate-proofs/http/1.5.0/verification/headers/evidence/value_current_emission_2026-10-05/comas/value/impl_Debug_for_HeaderValue_fmt.coma", line 309, characters 48-52: unused variable self
Warning, file "/workspace/rust-crate-proofs/http/1.5.0/verification/headers/evidence/value_current_emission_2026-10-05/comas/value/impl_Debug_for_HeaderValue_fmt.coma", line 316, characters 6-23: axiom fn_once_from_spec does not contain any local abstract symbol (contains: tuple0, postcondition_once_from, resolve_from, postcondition_from)
Warning, file "/workspace/rust-crate-proofs/http/1.5.0/verification/headers/evidence/value_current_emission_2026-10-05/comas/value/impl_Debug_for_HeaderValue_fmt.coma", line 321, characters 6-22: axiom fn_mut_from_spec does not contain any local abstract symbol (contains: (=), tuple0, postcondition_mut_from, postcondition_from)
