bytes proof: /workspace/bytes-runtime-verification/bytes/1.11.1/verification/probes/wide-codecs; one prover; 1024 MiB; native Ordering; sc-drf disabled
     Removed 61 files, 9.2MiB total
    Checking bytes-runtime-wide-codecs v0.1.0 (/workspace/bytes-runtime-verification/bytes/1.11.1/verification/probes/wide-codecs)
warning: unused imports: `encode_be_u128` and `encode_le_u128`
  --> src/lib.rs:10:20
   |
10 |     encode_be_u64, encode_be_u128, encode_le_u64, encode_le_u128,
   |                    ^^^^^^^^^^^^^^                 ^^^^^^^^^^^^^^
   |
   = note: `#[warn(unused_imports)]` (part of `#[warn(unused)]`) on by default

warning: function `encode_be_u128` is never used
   --> src/../../../../src/byte_codec_wide_ops.rs:130:15
    |
130 | pub(crate) fn encode_be_u128(value: u128) -> [u8; 16] {
    |               ^^^^^^^^^^^^^^
    |
    = note: `#[warn(dead_code)]` (part of `#[warn(unused)]`) on by default

warning: function `encode_le_u128` is never used
   --> src/../../../../src/byte_codec_wide_ops.rs:193:15
    |
193 | pub(crate) fn encode_le_u128(value: u128) -> [u8; 16] {
    |               ^^^^^^^^^^^^^^

warning: `bytes-runtime-wide-codecs` (lib) generated 3 warnings (run `cargo fix --lib -p bytes-runtime-wide-codecs` to apply 1 suggestion)
    Finished `dev` profile [unoptimized + debuginfo] target(s) in 0.22s
Warning: found dangling files and directories:
  verif/bytes_runtime_wide_codecs_rlib/round_trip_le_u128
  verif/bytes_runtime_wide_codecs_rlib/round_trip_be_u128
  verif/bytes_runtime_wide_codecs_rlib/round_trip_be_u64
  verif/bytes_runtime_wide_codecs_rlib/round_trip_le_u64
Run 'cargo creusot clean' to remove them
Proved (13 files) ✔
