Warning, file "/workspace/proof-tools/creusot-data/share/why3find/packages/creusot/creusot/int.coma", line 166, characters 8-22: axiom extensionality does not contain any local abstract symbol (contains: int, (=), t, to_int)
Warning, file "/workspace/proof-tools/creusot-data/share/why3find/packages/creusot/creusot/int.coma", line 484, characters 8-22: axiom extensionality does not contain any local abstract symbol (contains: int, (=), t, to_int)
Warning, file "/workspace/proof-tools/creusot-data/share/why3find/packages/creusot/creusot/int.coma", line 802, characters 8-22: axiom extensionality does not contain any local abstract symbol (contains: int, (=), t, to_int)
Warning, file "/workspace/proof-tools/creusot-data/share/why3find/packages/creusot/creusot/int.coma", line 1120, characters 8-22: axiom extensionality does not contain any local abstract symbol (contains: int, (=), t, to_int)
Warning, file "/workspace/proof-tools/creusot-data/share/why3find/packages/creusot/creusot/int.coma", line 1438, characters 8-22: axiom extensionality does not contain any local abstract symbol (contains: int, (=), t, to_int)
Warning, file "evidence/run-2026-10-05-current-builder-relays-and-shortcuts/artifacts/coma/http_composition_proof_rlib/request/impl_Builder/method.coma", line 211, characters 12-17: unused variable self_
Warning, file "evidence/run-2026-10-05-current-builder-relays-and-shortcuts/artifacts/coma/http_composition_proof_rlib/request/impl_Builder/method.coma", line 323, characters 12-17: unused variable self_
Warning, file "evidence/run-2026-10-05-current-builder-relays-and-shortcuts/artifacts/coma/http_composition_proof_rlib/request/impl_Builder/method.coma", line 458, characters 12-17: unused variable self_
Warning, file "evidence/run-2026-10-05-current-builder-relays-and-shortcuts/artifacts/coma/http_composition_proof_rlib/request/impl_Builder/method.coma", line 466, characters 47-51: unused variable self
Warning, file "evidence/run-2026-10-05-current-builder-relays-and-shortcuts/artifacts/coma/http_composition_proof_rlib/request/impl_Builder/method.coma", line 466, characters 58-70: unused variable result_state
Warning, file "evidence/run-2026-10-05-current-builder-relays-and-shortcuts/artifacts/coma/http_composition_proof_rlib/request/impl_Builder/method.coma", line 472, characters 6-34: axiom hist_inv_trans_try_into_spec does not contain any local abstract symbol (contains: tuple0, hist_inv_try_into)
Warning, file "evidence/run-2026-10-05-current-builder-relays-and-shortcuts/artifacts/coma/http_composition_proof_rlib/request/impl_Builder/method.coma", line 477, characters 6-33: axiom hist_inv_refl_try_into_spec does not contain any local abstract symbol (contains: tuple0, hist_inv_try_into)
Warning, file "evidence/run-2026-10-05-current-builder-relays-and-shortcuts/artifacts/coma/http_composition_proof_rlib/request/impl_Builder/method.coma", line 487, characters 6-31: axiom fn_hist_inv_try_into_spec does not contain any local abstract symbol (contains: (=), tuple0, hist_inv_try_into)
Warning, file "evidence/run-2026-10-05-current-builder-relays-and-shortcuts/artifacts/coma/http_composition_proof_rlib/request/impl_Builder/method.coma", line 494, characters 12-17: unused variable self_
Warning, file "evidence/run-2026-10-05-current-builder-relays-and-shortcuts/artifacts/coma/http_composition_proof_rlib/request/impl_Builder/method.coma", line 556, characters 12-17: unused variable self_
Warning, file "evidence/run-2026-10-05-current-builder-relays-and-shortcuts/artifacts/coma/http_composition_proof_rlib/request/impl_Builder/method.coma", line 564, characters 43-47: unused variable self
Warning, file "evidence/run-2026-10-05-current-builder-relays-and-shortcuts/artifacts/coma/http_composition_proof_rlib/request/impl_Builder/method.coma", line 564, characters 54-66: unused variable result_state
Warning, file "evidence/run-2026-10-05-current-builder-relays-and-shortcuts/artifacts/coma/http_composition_proof_rlib/request/impl_Builder/method.coma", line 570, characters 6-30: axiom hist_inv_trans_into_spec does not contain any local abstract symbol (contains: tuple0, hist_inv_into)
Warning, file "evidence/run-2026-10-05-current-builder-relays-and-shortcuts/artifacts/coma/http_composition_proof_rlib/request/impl_Builder/method.coma", line 575, characters 6-29: axiom hist_inv_refl_into_spec does not contain any local abstract symbol (contains: tuple0, hist_inv_into)
Warning, file "evidence/run-2026-10-05-current-builder-relays-and-shortcuts/artifacts/coma/http_composition_proof_rlib/request/impl_Builder/method.coma", line 585, characters 6-27: axiom fn_hist_inv_into_spec does not contain any local abstract symbol (contains: (=), tuple0, hist_inv_into)
Warning, file "evidence/run-2026-10-05-current-builder-relays-and-shortcuts/artifacts/coma/http_composition_proof_rlib/request/impl_Builder/method.coma", line 592, characters 12-17: unused variable self_
