   Compiling autocfg v1.5.1
   Compiling proc-macro2 v1.0.107
   Compiling quote v1.0.47
   Compiling libc v0.2.190
   Compiling unicode-ident v1.0.26
   Compiling getrandom v0.4.3
   Compiling num-traits v0.2.19
   Compiling cfg-if v1.0.5
    Checking bytes v1.11.1
    Checking itoa v1.0.18
   Compiling syn v2.0.119
    Checking num-integer v0.1.47
    Checking http v1.5.0 (/workspace/rust-crate-proofs/http/1.5.0/verification/runtime-http)
    Checking num-bigint v0.4.8
   Compiling uuid v1.27.0
    Checking num-rational v0.4.2
   Compiling pearlite-syn v0.11.0-dev (/workspace/rust-crate-proofs/creusot-libs/pearlite-syn)
   Compiling creusot-std-proc v0.11.0-dev (/workspace/rust-crate-proofs/creusot-libs/creusot-std-proc)
    Checking creusot-std v0.11.0-dev (/workspace/rust-crate-proofs/creusot-libs/creusot-std)
    Checking http-composition-proof v0.1.0 (/workspace/rust-crate-proofs/http/1.5.0/verification/composition)
warning: calling external function `try_append` with no contract will yield an impossible precondition
    --> src/../../../src/request.rs:1431:13
     |
1431 |             head.headers.try_append(name, value)?;
     |             ^^^^^^^^^^^^^^^^^^^^^^^^^^^^^^^^^^^^ function called here
     |
     = note: `#[warn(creusot::contractless_external_function)]` on by default

warning: calling external function `insert` with no contract will yield an impossible precondition
    --> src/../../../src/request.rs:1513:13
     |
1513 |             head.extensions.insert(extension);
     |             ^^^^^^^^^^^^^^^^^^^^^^^^^^^^^^^^^ function called here

warning: calling external function `try_append` with no contract will yield an impossible precondition
   --> src/../../../src/response.rs:878:13
    |
878 |             head.headers.try_append(name, value)?;
    |             ^^^^^^^^^^^^^^^^^^^^^^^^^^^^^^^^^^^^ function called here

warning: calling external function `insert` with no contract will yield an impossible precondition
   --> src/../../../src/response.rs:962:13
    |
962 |             head.extensions.insert(extension);
    |             ^^^^^^^^^^^^^^^^^^^^^^^^^^^^^^^^^ function called here

warning: `http-composition-proof` (lib) generated 4 warnings
    Finished `dev` profile [unoptimized + debuginfo] target(s) in 19.18s
Warning: found dangling files and directories:
  verif/http_composition_proof_rlib/status
  verif/http_composition_proof_rlib/version
  verif/http_composition_proof_rlib/request/impl_Debug_for_Builder
  verif/http_composition_proof_rlib/uri
  verif/http_composition_proof_rlib/response/impl_Debug_for_Builder
Run 'cargo creusot clean' to remove them
