http proof resources: jobs=1, memory=1024 MiB per prover; shared lock held
    Checking http-composition-proof v0.1.0 (/workspace/rust-crate-proofs/http/1.5.0/verification/composition)
warning: calling external function `try_append` with no contract will yield an impossible precondition
    --> src/../../../src/request.rs:1431:13
     |
1431 |             head.headers.try_append(name, value)?;
     |             ^^^^^^^^^^^^^^^^^^^^^^^^^^^^^^^^^^^^ function called here
     |
     = note: `#[warn(creusot::contractless_external_function)]` on by default

warning: calling external function `insert` with no contract will yield an impossible precondition
    --> src/../../../src/request.rs:1513:13
     |
1513 |             head.extensions.insert(extension);
     |             ^^^^^^^^^^^^^^^^^^^^^^^^^^^^^^^^^ function called here

warning: calling external function `try_append` with no contract will yield an impossible precondition
   --> src/../../../src/response.rs:878:13
    |
878 |             head.headers.try_append(name, value)?;
    |             ^^^^^^^^^^^^^^^^^^^^^^^^^^^^^^^^^^^^ function called here

warning: calling external function `insert` with no contract will yield an impossible precondition
   --> src/../../../src/response.rs:962:13
    |
962 |             head.extensions.insert(extension);
    |             ^^^^^^^^^^^^^^^^^^^^^^^^^^^^^^^^^ function called here

warning: `http-composition-proof` (lib) generated 4 warnings
    Finished `dev` profile [unoptimized + debuginfo] target(s) in 1.64s
Warning: found dangling files and directories:
  verif/http_composition_proof_rlib/status
  verif/http_composition_proof_rlib/version
  verif/http_composition_proof_rlib/request/impl_Debug_for_Builder
  verif/http_composition_proof_rlib/uri
  verif/http_composition_proof_rlib/response/impl_Debug_for_Builder
Run 'cargo creusot clean' to remove them
Library verif.http_composition_proof_rlib.request.impl_Request_unit.post: ✔ (13)
Library verif.http_composition_proof_rlib.method.impl_Method_0.builder_head: ✔ (1)
Library verif.http_composition_proof_rlib.method.impl_Method_0.builder_post: ✔ (1)
Library verif.http_composition_proof_rlib.method.impl_Method_0.builder_options: ✔ (1)
Library verif.http_composition_proof_rlib.method.impl_Method_0.builder_delete: ✔ (1)
Library verif.http_composition_proof_rlib.method.impl_Method_0.builder_put: ✔ (1)
Library verif.http_composition_proof_rlib.method.impl_Method_0.builder_patch: ✔ (1)
Library verif.http_composition_proof_rlib.method.impl_Method_0.builder_get: ✔ (1)
Library verif.http_composition_proof_rlib.method.impl_Method_0.builder_connect: ✔ (1)
Library verif.http_composition_proof_rlib.method.impl_Method_0.builder_trace: ✔ (1)
Library verif.http_composition_proof_rlib.request.impl_Builder.headers_ref: ✔ (5)
Library verif.http_composition_proof_rlib.request.impl_Builder.extensions_mut: ✔ (19)
Library verif.http_composition_proof_rlib.request.impl_Builder.uri_ref: ✔ (5)
Library verif.http_composition_proof_rlib.request.impl_Builder.and_then: ✔ (4)
Library verif.http_composition_proof_rlib.request.impl_Builder.body: ✔ (3)
Library verif.http_composition_proof_rlib.request.impl_Builder.uri: ✔ (12)
Library verif.http_composition_proof_rlib.request.impl_Builder.extensions_ref: ✔ (5)
Library verif.http_composition_proof_rlib.request.impl_Builder.method_ref: ✔ (5)
Library verif.http_composition_proof_rlib.request.impl_Builder.method: ✔ (12)
Library verif.http_composition_proof_rlib.request.impl_Builder.headers_mut: ✔ (19)
Library verif.http_composition_proof_rlib.request.impl_Request_unit.options: ✔ (13)
Library verif.http_composition_proof_rlib.request.impl_Request_unit.connect: ✔ (13)
Library verif.http_composition_proof_rlib.request.impl_Request_unit.trace: ✔ (13)
Library verif.http_composition_proof_rlib.request.impl_Request_unit.head: ✔ (13)
Library verif.http_composition_proof_rlib.request.impl_Request_unit.get: ✔ (13)
Library verif.http_composition_proof_rlib.request.impl_Request_unit.patch: ✔ (13)
Library verif.http_composition_proof_rlib.request.impl_Request_unit.delete: ✔ (13)
Library verif.http_composition_proof_rlib.request.impl_Request_unit.put: ✔ (13)
Library verif.http_composition_proof_rlib.response.impl_Builder.headers_ref: ✔ (5)
Library verif.http_composition_proof_rlib.response.impl_Builder.extensions_mut: ✔ (18)
Library verif.http_composition_proof_rlib.response.impl_Builder.status: ✔ (12)
Library verif.http_composition_proof_rlib.response.impl_Builder.and_then: ✔ (4)
Library verif.http_composition_proof_rlib.response.impl_Builder.body: ✔ (3)
Library verif.http_composition_proof_rlib.response.impl_Builder.extensions_ref: ✔ (5)
Library verif.http_composition_proof_rlib.response.impl_Builder.headers_mut: ✔ (18)
