rustc 1.98.0-nightly (91fe22da8 2026-06-21)
binary: rustc
commit-hash: 91fe22da8084a1c9e993d78d4a56f22ab8396236
commit-date: 2026-06-21
host: x86_64-unknown-linux-gnu
release: 1.98.0-nightly
LLVM version: 22.1.7
cargo 1.98.0-nightly (a595d0da2 2026-06-20)
     Locking 7 packages to latest compatible versions
warning: unused variable: `len`
  --> /workspace/bytes-work/bytes/1.11.1/src/cursor_ops.rs:44:45
   |
44 | pub(crate) fn cursor_position_after_advance(len: usize, pos: u64, cnt: usize) -> u64 {
   |                                             ^^^ help: if this is intentional, prefix it with an underscore: `_len`
   |
   = note: `#[warn(unused_variables)]` (part of `#[warn(unused)]`) on by default

warning: function `deallocate_u8` is never used
  --> /workspace/bytes-work/bytes/1.11.1/src/allocation_ops.rs:10:22
   |
10 | pub(crate) unsafe fn deallocate_u8(base: *mut u8, capacity: usize) {
   |                      ^^^^^^^^^^^^^
   |
   = note: `#[warn(dead_code)]` (part of `#[warn(unused)]`) on by default

warning: function `reallocate_u8` is never used
  --> /workspace/bytes-work/bytes/1.11.1/src/allocation_ops.rs:25:22
   |
25 | pub(crate) unsafe fn reallocate_u8(base: *mut u8, old_capacity: usize, capacity: usize) -> core::ptr::NonNull<u8> {
   |                      ^^^^^^^^^^^^^

warning: constant `KIND_VEC` is never used
  --> /workspace/bytes-work/bytes/1.11.1/src/capacity_ops.rs:25:18
   |
25 | pub(crate) const KIND_VEC: usize = 0b1;
   |                  ^^^^^^^^

warning: constant `VEC_POS_OFFSET` is never used
  --> /workspace/bytes-work/bytes/1.11.1/src/capacity_ops.rs:28:18
   |
28 | pub(crate) const VEC_POS_OFFSET: usize = 5;
   |                  ^^^^^^^^^^^^^^

warning: constant `NOT_VEC_POS_MASK` is never used
  --> /workspace/bytes-work/bytes/1.11.1/src/capacity_ops.rs:29:18
   |
29 | pub(crate) const NOT_VEC_POS_MASK: usize = 0b11111;
   |                  ^^^^^^^^^^^^^^^^

warning: constant `MAX_VEC_POS` is never used
  --> /workspace/bytes-work/bytes/1.11.1/src/capacity_ops.rs:30:18
   |
30 | pub(crate) const MAX_VEC_POS: usize = usize::MAX >> VEC_POS_OFFSET;
   |                  ^^^^^^^^^^^

warning: function `pack_vec_metadata` is never used
   --> /workspace/bytes-work/bytes/1.11.1/src/capacity_ops.rs:117:15
    |
117 | pub(crate) fn pack_vec_metadata(repr: usize) -> usize {
    |               ^^^^^^^^^^^^^^^^^

warning: function `original_capacity_repr_from_data` is never used
   --> /workspace/bytes-work/bytes/1.11.1/src/capacity_ops.rs:125:15
    |
125 | pub(crate) fn original_capacity_repr_from_data(data: usize) -> usize {
    |               ^^^^^^^^^^^^^^^^^^^^^^^^^^^^^^^^

warning: function `vec_pos_from_data` is never used
   --> /workspace/bytes-work/bytes/1.11.1/src/capacity_ops.rs:132:15
    |
132 | pub(crate) fn vec_pos_from_data(data: usize) -> usize {
    |               ^^^^^^^^^^^^^^^^^

warning: function `set_vec_pos_in_data` is never used
   --> /workspace/bytes-work/bytes/1.11.1/src/capacity_ops.rs:143:15
    |
143 | pub(crate) fn set_vec_pos_in_data(data: usize, pos: usize) -> usize {
    |               ^^^^^^^^^^^^^^^^^^^

warning: function `fill_uninit_prefix` is never used
  --> /workspace/bytes-work/bytes/1.11.1/src/storage_ops.rs:37:15
   |
37 | pub(crate) fn fill_uninit_prefix(dst: &mut [MaybeUninit<u8>], count: usize, value: u8) {
   |               ^^^^^^^^^^^^^^^^^^

warning: function `copy_to_uninit_prefix` is never used
  --> /workspace/bytes-work/bytes/1.11.1/src/storage_ops.rs:58:15
   |
58 | pub(crate) fn copy_to_uninit_prefix(dst: &mut [MaybeUninit<u8>], src: &[u8]) {
   |               ^^^^^^^^^^^^^^^^^^^^^

warning: function `equal` is never used
 --> /workspace/bytes-work/bytes/1.11.1/src/comparison_ops.rs:7:15
  |
7 | pub(crate) fn equal(left: &[u8], right: &[u8]) -> bool {
  |               ^^^^^

warning: function `compare` is never used
  --> /workspace/bytes-work/bytes/1.11.1/src/comparison_ops.rs:13:15
   |
13 | pub(crate) fn compare(left: &[u8], right: &[u8]) -> core::cmp::Ordering {
   |               ^^^^^^^

warning: function `pointer_addr_eq` is never used
  --> /workspace/bytes-work/bytes/1.11.1/src/provenance_specs.rs:19:15
   |
19 | pub(crate) fn pointer_addr_eq<T>(left: *const T, right: *const T) -> bool {
   |               ^^^^^^^^^^^^^^^

warning: function `wrapping_offset` is never used
  --> /workspace/bytes-work/bytes/1.11.1/src/provenance_specs.rs:77:15
   |
77 | pub(crate) fn wrapping_offset(ptr: *mut u8, offset: usize) -> *mut u8 {
   |               ^^^^^^^^^^^^^^^

warning: function `pointer_with_address` is never used
  --> /workspace/bytes-work/bytes/1.11.1/src/provenance_specs.rs:88:15
   |
88 | pub(crate) fn pointer_with_address(ptr: *mut u8, new_addr: usize) -> *mut u8 {
   |               ^^^^^^^^^^^^^^^^^^^^

warning: function `metadata_pointer` is never used
  --> /workspace/bytes-work/bytes/1.11.1/src/provenance_specs.rs:98:15
   |
98 | pub(crate) fn metadata_pointer(addr: usize) -> *mut u8 {
   |               ^^^^^^^^^^^^^^^^

warning: `bytes` (lib) generated 19 warnings (run `cargo fix --lib -p bytes` to apply 1 suggestion)
   Compiling bytes-shared-native-client v0.0.0 (/workspace/bytes-work/bytes/1.11.1/verification/probes/original-shared-scoped-client-2026-10-09/generated/native-harness)
warning: unexpected `cfg` condition name: `creusot`
  --> /workspace/bytes-work/bytes/1.11.1/verification/probes/original-shared-scoped-client-2026-10-09/src/native_client.rs:13:12
   |
13 | #[cfg_attr(creusot, requires(input@.len() < creusot_std::std::vec::capacity_model(input)))]
   |            ^^^^^^^
   |
   = help: expected names are: `docsrs`, `feature`, and `test` and 32 more
   = help: consider using a Cargo feature instead
   = help: or consider adding in `Cargo.toml` the `check-cfg` lint config for the lint:
            [lints.rust]
            unexpected_cfgs = { level = "warn", check-cfg = ['cfg(creusot)'] }
   = help: or consider adding `println!("cargo::rustc-check-cfg=cfg(creusot)");` to the top of the `build.rs`
   = note: see <https://doc.rust-lang.org/nightly/rustc/check-cfg/cargo-specifics.html> for more information about checking conditional configuration
   = note: `#[warn(unexpected_cfgs)]` on by default

warning: unexpected `cfg` condition name: `creusot`
  --> /workspace/bytes-work/bytes/1.11.1/verification/probes/original-shared-scoped-client-2026-10-09/src/native_client.rs:14:12
   |
14 | #[cfg_attr(creusot, ensures(result@ == input@))]
   |            ^^^^^^^
   |
   = help: consider using a Cargo feature instead
   = help: or consider adding in `Cargo.toml` the `check-cfg` lint config for the lint:
            [lints.rust]
            unexpected_cfgs = { level = "warn", check-cfg = ['cfg(creusot)'] }
   = help: or consider adding `println!("cargo::rustc-check-cfg=cfg(creusot)");` to the top of the `build.rs`
   = note: see <https://doc.rust-lang.org/nightly/rustc/check-cfg/cargo-specifics.html> for more information about checking conditional configuration

warning: `bytes-shared-native-client` (bin "bytes-shared-native-client") generated 2 warnings
    Finished `dev` profile [unoptimized + debuginfo] target(s) in 0.08s
     Running `/workspace/bytes-proof-tools/targets/bytes/debug/bytes-shared-native-client`
actual public Shared native client: 5 inputs passed
