    Checking bytes-tool-blockers v0.1.0 (/workspace/bytes-runtime-verification/bytes/1.11.1/verification/probes/tool-blockers)
warning: unused import: `creusot_std::prelude::*`
 --> src/lib.rs:2:5
  |
2 | use creusot_std::prelude::*;
  |     ^^^^^^^^^^^^^^^^^^^^^^^
  |
  = note: `#[warn(unused_imports)]` (part of `#[warn(unused)]`) on by default

error: Illegal recursive trait
 --> src/lib.rs:5:1
  |
5 | pub trait Buffer {
  | ^^^^^^^^^^^^^^^^
  |
note: `Buffer` is a bound of `Buffer::chain`
 --> src/lib.rs:6:17
  |
6 |     fn chain<U: Buffer>(self, next: U) -> (Self, U)
  |                 ^^^^^^

warning: `bytes-tool-blockers` (lib) generated 1 warning
error: could not compile `bytes-tool-blockers` (lib) due to 1 previous error; 1 warning emitted
Error: Compilation failed
