bytes proof: /workspace/bytes-runtime-verification/bytes/1.11.1/verification/probes/deallocation; one prover; 1024 MiB; native Ordering; sc-drf disabled
     Removed 7 files, 25.3KiB total
    Checking bytes-deallocation-body v0.1.0 (/workspace/bytes-runtime-verification/bytes/1.11.1/verification/probes/deallocation)
warning: unused variable: `layout`
 --> src/lib.rs:8:16
  |
8 | fn layout_size(layout: Layout) -> Int { dead }
  |                ^^^^^^ help: if this is intentional, prefix it with an underscore: `_layout`
  |
  = note: `#[warn(unused_variables)]` (part of `#[warn(unused)]`) on by default

warning: unused variable: `layout`
  --> src/lib.rs:10:17
   |
10 | fn layout_align(layout: Layout) -> Int { dead }
   |                 ^^^^^^ help: if this is intentional, prefix it with an underscore: `_layout`

warning: `bytes-deallocation-body` (lib) generated 2 warnings (run `cargo fix --lib -p bytes-deallocation-body` to apply 2 suggestions)
    Finished `dev` profile [unoptimized + debuginfo] target(s) in 0.15s
Warning: found dangling files and directories:
  verif/bytes_deallocation_body_rlib/wrong_layout
Run 'cargo creusot clean' to remove them
Goal Coma.vc_wrong_capacity: ✘ (13/14)
Error: 1 unproved file
Error: 'why3find prove' failed
