bytes proof: /workspace/bytes-runtime-verification/bytes/1.11.1/verification/probes/endian-ops; one prover; 1024 MiB; native Ordering; sc-drf disabled
     Removed 7 files, 56.0KiB total
    Checking bytes-endian-ops v0.1.0 (/workspace/bytes-runtime-verification/bytes/1.11.1/verification/probes/endian-ops)
warning: function `copy_to_slice` is never used
  --> src/../../../../src/slice_ops.rs:27:15
   |
27 | pub(crate) fn copy_to_slice(input: &mut &[u8], dst: &mut [u8]) {
   |               ^^^^^^^^^^^^^
   |
   = note: `#[warn(dead_code)]` (part of `#[warn(unused)]`) on by default

warning: function `read_u8` is never used
  --> src/../../../../src/slice_read_ops.rs:16:15
   |
16 | pub(crate) fn read_u8(input: &mut &[u8]) -> Option<u8> {
   |               ^^^^^^^

warning: `bytes-endian-ops` (lib) generated 2 warnings
    Finished `dev` profile [unoptimized + debuginfo] target(s) in 0.41s
Warning: found dangling files and directories:
  verif/bytes_endian_ops_rlib/wrong_signed
Run 'cargo creusot clean' to remove them
Proved (27 files) ✔

component-result: PASS target=endian-ops exit_code=0 proved_files=27
