bytes proof: /workspace/bytes-runtime-verification/bytes/1.11.1/verification/probes/slice-wide-read-ops; one prover; 1024 MiB; native Ordering; sc-drf disabled
     Removed 7 files, 40.1KiB total
    Checking bytes-runtime-slice-wide-read-ops v0.1.0 (/workspace/bytes-runtime-verification/bytes/1.11.1/verification/probes/slice-wide-read-ops)
warning: function `copy_to_slice` is never used
  --> src/../../../../src/slice_ops.rs:27:15
   |
27 | pub(crate) fn copy_to_slice(input: &mut &[u8], dst: &mut [u8]) {
   |               ^^^^^^^^^^^^^
   |
   = note: `#[warn(dead_code)]` (part of `#[warn(unused)]`) on by default

warning: function `encode_be_u64` is never used
  --> src/../../../../src/byte_codec_wide_ops.rs:36:15
   |
36 | pub(crate) fn encode_be_u64(value: u64) -> [u8; 8] {
   |               ^^^^^^^^^^^^^

warning: function `encode_le_u64` is never used
  --> src/../../../../src/byte_codec_wide_ops.rs:75:15
   |
75 | pub(crate) fn encode_le_u64(value: u64) -> [u8; 8] {
   |               ^^^^^^^^^^^^^

warning: function `encode_be_u128` is never used
   --> src/../../../../src/byte_codec_wide_ops.rs:130:15
    |
130 | pub(crate) fn encode_be_u128(value: u128) -> [u8; 16] {
    |               ^^^^^^^^^^^^^^

warning: function `encode_le_u128` is never used
   --> src/../../../../src/byte_codec_wide_ops.rs:193:15
    |
193 | pub(crate) fn encode_le_u128(value: u128) -> [u8; 16] {
    |               ^^^^^^^^^^^^^^

warning: `bytes-runtime-slice-wide-read-ops` (lib) generated 5 warnings
    Finished `dev` profile [unoptimized + debuginfo] target(s) in 0.30s
Warning: found dangling files and directories:
  verif/bytes_runtime_slice_wide_read_ops_rlib/consumes_short_input
Run 'cargo creusot clean' to remove them
Proved (18 files) ✔

component-result: PASS target=slice-wide-read-ops exit_code=0 proved_files=18
