    Checking bytes-trait-patch-regression v0.1.0 (/workspace/bytes-runtime-verification/bytes/1.11.1/verification/probes/trait-patch)
warning: unused import: `creusot_std::prelude::*`
 --> src/lib.rs:2:5
  |
2 | use creusot_std::prelude::*;
  |     ^^^^^^^^^^^^^^^^^^^^^^^
  |
  = note: `#[warn(unused_imports)]` (part of `#[warn(unused)]`) on by default

error: Illegal recursive trait
  --> src/lib.rs:34:1
   |
34 | pub trait B {
   | ^^^^^^^^^^^
   |
note: `A` is a bound of `B::cross`
  --> src/lib.rs:35:17
   |
35 |     fn cross<U: A>(self, next: U) -> (Self, U) where Self: Sized { (self, next) }
   |                 ^
note: `B` is a bound of `A::cross`
  --> src/lib.rs:31:17
   |
31 |     fn cross<U: B>(self, next: U) -> (Self, U) where Self: Sized { (self, next) }
   |                 ^

warning: `bytes-trait-patch-regression` (lib) generated 1 warning
error: could not compile `bytes-trait-patch-regression` (lib) due to 1 previous error; 1 warning emitted
Error: Compilation failed
