    Checking bytes-trait-patch-regression v0.1.0 (/workspace/bytes-runtime-verification/bytes/1.11.1/verification/probes/trait-patch)
warning: unused import: `creusot_std::prelude::*`
 --> src/lib.rs:2:5
  |
2 | use creusot_std::prelude::*;
  |     ^^^^^^^^^^^^^^^^^^^^^^^
  |
  = note: `#[warn(unused_imports)]` (part of `#[warn(unused)]`) on by default

warning: trait `Tr` is never used
 --> src/negative_assoc.rs:4:11
  |
4 | pub trait Tr {
  |           ^^
  |
  = note: `#[warn(dead_code)]` (part of `#[warn(unused)]`) on by default

error: Illegal recursive trait
 --> src/negative_assoc.rs:4:1
  |
4 | pub trait Tr {
  | ^^^^^^^^^^^^
  |
note: `negative_assoc::Tr` is a bound of `negative_assoc::Tr::A`
 --> src/negative_assoc.rs:5:13
  |
5 |     type A: Tr;
  |             ^^

warning: `bytes-trait-patch-regression` (lib) generated 2 warnings
error: could not compile `bytes-trait-patch-regression` (lib) due to 1 previous error; 2 warnings emitted
Error: Compilation failed
