    Checking bytes-trait-patch-regression v0.1.0 (/workspace/bytes-runtime-verification/bytes/1.11.1/verification/probes/trait-patch)
warning: function cannot return without recursing
  --> src/lib.rs:55:5
   |
55 |     fn repeat(self, x: impl Strengthened) { self.repeat(x); }
   |     ^^^^^^^^^^^^^^^^^^^^^^^^^^^^^^^^^^^^^   -------------- recursive call site
   |     |
   |     cannot return without recursing
   |
   = help: a `loop` may express intention better if this is on purpose
   = note: `#[warn(unconditional_recursion)]` on by default

error: Recursive program function without a `#[variant]` clause
  --> src/lib.rs:55:5
   |
55 |     fn repeat(self, x: impl Strengthened) { self.repeat(x); }
   |     ^^^^^^^^^^^^^^^^^^^^^^^^^^^^^^^^^^^^^
   |
note: Recursive call happens here
  --> src/lib.rs:55:50
   |
55 |     fn repeat(self, x: impl Strengthened) { self.repeat(x); }
   |                                                  ^^^^^^

warning: `bytes-trait-patch-regression` (lib) generated 1 warning
error: could not compile `bytes-trait-patch-regression` (lib) due to 1 previous error; 1 warning emitted
Error: Compilation failed
