    Checking bytes-trait-patch-regression v0.1.0 (/workspace/bytes-runtime-verification/bytes/1.11.1/verification/probes/trait-patch)
warning: unused import: `creusot_std::prelude::*`
 --> src/lib.rs:2:5
  |
2 | use creusot_std::prelude::*;
  |     ^^^^^^^^^^^^^^^^^^^^^^^
  |
  = note: `#[warn(unused_imports)]` (part of `#[warn(unused)]`) on by default

warning: trait `Q` is never used
 --> src/negative_logic.rs:4:11
  |
4 | pub trait Q {
  |           ^
  |
  = note: `#[warn(dead_code)]` (part of `#[warn(unused)]`) on by default

warning: function `g` is never used
  --> src/negative_logic.rs:20:8
   |
20 | pub fn g() {
   |        ^

error: Illegal recursive trait
 --> src/negative_logic.rs:4:1
  |
4 | pub trait Q {
  | ^^^^^^^^^^^
  |
note: `negative_logic::Q` is a bound of `negative_logic::Q::f`
 --> src/negative_logic.rs:7:24
  |
7 |     fn f(self, x: impl Q);
  |                        ^

warning: `bytes-trait-patch-regression` (lib) generated 3 warnings
error: could not compile `bytes-trait-patch-regression` (lib) due to 1 previous error; 3 warnings emitted
Error: Compilation failed
