   Compiling bytes v1.11.1 (/workspace/rust-crate-proofs/bytes/1.11.1)
warning: unused variable: `len`
  --> src/cursor_ops.rs:44:45
   |
44 | pub(crate) fn cursor_position_after_advance(len: usize, pos: u64, cnt: usize) -> u64 {
   |                                             ^^^ help: if this is intentional, prefix it with an underscore: `_len`
   |
   = note: `#[warn(unused_variables)]` (part of `#[warn(unused)]`) on by default

warning: function `wrapping_offset` is never used
  --> src/provenance_specs.rs:77:15
   |
77 | pub(crate) fn wrapping_offset(ptr: *mut u8, offset: usize) -> *mut u8 {
   |               ^^^^^^^^^^^^^^^
   |
   = note: `#[warn(dead_code)]` (part of `#[warn(unused)]`) on by default

warning: function `pointer_with_address` is never used
  --> src/provenance_specs.rs:88:15
   |
88 | pub(crate) fn pointer_with_address(ptr: *mut u8, new_addr: usize) -> *mut u8 {
   |               ^^^^^^^^^^^^^^^^^^^^

warning: `bytes` (lib test) generated 3 warnings (3 duplicates)
warning: `bytes` (lib) generated 3 warnings (run `cargo fix --lib -p bytes` to apply 1 suggestion)
    Finished `test` profile [unoptimized + debuginfo] target(s) in 4.43s
     Running unittests src/lib.rs (/workspace/bytes-proof-tools/targets/bytes/debug/deps/bytes-6d86a3d39064e589)

running 3 tests
test bytes::promotable_vtable_tests::promotable_tag_matches_old_classifier_for_all_vtable_paths ... ok
test bytes_mut::tests::test_original_capacity_from_repr ... ok
test bytes_mut::tests::test_original_capacity_to_repr ... ok

test result: ok. 3 passed; 0 failed; 0 ignored; 0 measured; 0 filtered out; finished in 0.00s

     Running tests/test_buf.rs (/workspace/bytes-proof-tools/targets/bytes/debug/deps/test_buf-3ccdc0e7a1db8813)

running 820 tests
test box_bytes::advance ... ok
test box_bytes::chunks_vectored_empty ... ok
test box_bytes::advance_to_end ... ok
test box_bytes::advance_past_end - should panic ... ok
test box_bytes::chunks_vectored_is_complete ... ok
test box_bytes::copy_to_bytes ... ok
test box_bytes::copy_to_bytes_big ... ok
test box_bytes::copy_to_slice ... ok
test box_bytes::copy_to_bytes_overflow - should panic ... ok
test box_bytes::copy_to_bytes_to_end ... ok
test box_bytes::copy_to_slice_big ... ok
test box_bytes::copy_to_slice_overflow - should panic ... ok
test box_bytes::copy_to_slice_to_end ... ok
test box_bytes::empty_state ... ok
test box_bytes::fresh_state ... ok
test box_bytes::get_f32_be ... ok
test box_bytes::get_f32_be_overflow - should panic ... ok
test box_bytes::get_f32_le ... ok
test box_bytes::get_f32_ne ... ok
test box_bytes::get_f32_le_overflow - should panic ... ok
test box_bytes::get_f32_ne_overflow - should panic ... ok
test box_bytes::get_f64_be ... ok
test box_bytes::get_f64_be_overflow - should panic ... ok
test box_bytes::get_f64_le ... ok
test box_bytes::get_f64_ne ... ok
test box_bytes::get_f64_ne_overflow - should panic ... ok
test box_bytes::get_i128_be ... ok
test box_bytes::get_f64_le_overflow - should panic ... ok
test box_bytes::get_i128_be_overflow - should panic ... ok
test box_bytes::get_i128_le ... ok
test box_bytes::get_i128_le_overflow - should panic ... ok
test box_bytes::get_i128_ne ... ok
test box_bytes::get_i128_ne_overflow - should panic ... ok
test box_bytes::get_i16_be_overflow - should panic ... ok
test box_bytes::get_i16_le ... ok
test box_bytes::get_i16_le_overflow - should panic ... ok
test box_bytes::get_i16_ne ... ok
test box_bytes::get_i16_ne_overflow - should panic ... ok
test box_bytes::get_i32_be ... ok
test box_bytes::get_i32_be_overflow - should panic ... ok
test box_bytes::get_i32_le ... ok
test box_bytes::get_i32_le_overflow - should panic ... ok
test box_bytes::get_i32_ne ... ok
test box_bytes::get_i32_ne_overflow - should panic ... ok
test box_bytes::get_i64_be ... ok
test box_bytes::get_i64_be_overflow - should panic ... ok
test box_bytes::get_i64_le ... ok
test box_bytes::get_i64_le_overflow - should panic ... ok
test box_bytes::get_i64_ne ... ok
test box_bytes::get_i16_be ... ok
test box_bytes::get_i64_ne_overflow - should panic ... ok
test box_bytes::get_i8 ... ok
test box_bytes::get_i8_overflow - should panic ... ok
test box_bytes::get_int_be ... ok
test box_bytes::get_int_be_overflow - should panic ... ok
test box_bytes::get_int_le ... ok
test box_bytes::get_int_le_overflow - should panic ... ok
test box_bytes::get_int_ne_overflow - should panic ... ok
test box_bytes::get_int_ne ... ok
test box_bytes::get_u128_be ... ok
test box_bytes::get_u128_be_overflow - should panic ... ok
test box_bytes::get_u128_le ... ok
test box_bytes::get_u128_le_overflow - should panic ... ok
test box_bytes::get_u128_ne ... ok
test box_bytes::get_u128_ne_overflow - should panic ... ok
test box_bytes::get_u16_be ... ok
test box_bytes::get_u16_be_overflow - should panic ... ok
test box_bytes::get_u16_le ... ok
test box_bytes::get_u16_le_overflow - should panic ... ok
test box_bytes::get_u16_ne ... ok
test box_bytes::get_u32_be ... ok
test box_bytes::get_u16_ne_overflow - should panic ... ok
test box_bytes::get_u32_be_overflow - should panic ... ok
test box_bytes::get_u32_le_overflow - should panic ... ok
test box_bytes::get_u32_ne ... ok
test box_bytes::get_u32_le ... ok
test box_bytes::get_u32_ne_overflow - should panic ... ok
test box_bytes::get_u64_be ... ok
test box_bytes::get_u64_le ... ok
test box_bytes::get_u64_ne ... ok
test box_bytes::get_u64_be_overflow - should panic ... ok
test box_bytes::get_u64_ne_overflow - should panic ... ok
test box_bytes::get_u64_le_overflow - should panic ... ok
test box_bytes::get_u8_overflow - should panic ... ok
test box_bytes::get_uint_be ... ok
test box_bytes::get_uint_be_overflow - should panic ... ok
test box_bytes::get_u8 ... ok
test box_bytes::get_uint_le_overflow - should panic ... ok
test box_bytes::get_uint_le ... ok
test box_bytes::get_uint_ne ... ok
test box_bytes::get_uint_ne_overflow - should panic ... ok
test bytes::advance_to_end ... ok
test bytes::chunks_vectored_empty ... ok
test bytes::chunks_vectored_is_complete ... ok
test bytes::advance ... ok
test bytes::advance_past_end - should panic ... ok
test bytes::copy_to_bytes ... ok
test bytes::copy_to_bytes_big ... ok
test bytes::copy_to_bytes_to_end ... ok
test bytes::copy_to_slice ... ok
test bytes::copy_to_bytes_overflow - should panic ... ok
test bytes::copy_to_slice_big ... ok
test bytes::copy_to_slice_overflow - should panic ... ok
test bytes::copy_to_slice_to_end ... ok
test bytes::empty_state ... ok
test bytes::get_f32_be ... ok
test bytes::fresh_state ... ok
test bytes::get_f32_ne ... ok
test bytes::get_f32_le_overflow - should panic ... ok
test bytes::get_f32_be_overflow - should panic ... ok
test bytes::get_f32_le ... ok
test bytes::get_f32_ne_overflow - should panic ... ok
test bytes::get_f64_be ... ok
test bytes::get_f64_be_overflow - should panic ... ok
test bytes::get_f64_le_overflow - should panic ... ok
test bytes::get_f64_le ... ok
test bytes::get_f64_ne_overflow - should panic ... ok
test bytes::get_f64_ne ... ok
test bytes::get_i128_be ... ok
test bytes::get_i128_le ... ok
test bytes::get_i128_be_overflow - should panic ... ok
test bytes::get_i128_le_overflow - should panic ... ok
test bytes::get_i128_ne ... ok
test bytes::get_i128_ne_overflow - should panic ... ok
test bytes::get_i16_be ... ok
test bytes::get_i16_le_overflow - should panic ... ok
test bytes::get_i16_be_overflow - should panic ... ok
test bytes::get_i16_le ... ok
test bytes::get_i16_ne ... ok
test bytes::get_i16_ne_overflow - should panic ... ok
test bytes::get_i32_be ... ok
test bytes::get_i32_be_overflow - should panic ... ok
test bytes::get_i32_le ... ok
test bytes::get_i32_ne ... ok
test bytes::get_i32_le_overflow - should panic ... ok
test bytes::get_i32_ne_overflow - should panic ... ok
test bytes::get_i64_le ... ok
test bytes::get_i64_be_overflow - should panic ... ok
test bytes::get_i64_be ... ok
test bytes::get_i64_le_overflow - should panic ... ok
test bytes::get_i64_ne ... ok
test bytes::get_i64_ne_overflow - should panic ... ok
test bytes::get_i8 ... ok
test bytes::get_i8_overflow - should panic ... ok
test bytes::get_int_be ... ok
test bytes::get_int_be_overflow - should panic ... ok
test bytes::get_int_le ... ok
test bytes::get_int_ne ... ok
test bytes::get_int_le_overflow - should panic ... ok
test bytes::get_u128_be ... ok
test bytes::get_int_ne_overflow - should panic ... ok
test bytes::get_u128_le ... ok
test bytes::get_u128_be_overflow - should panic ... ok
test bytes::get_u128_le_overflow - should panic ... ok
test bytes::get_u16_be_overflow - should panic ... ok
test bytes::get_u16_le ... ok
test bytes::get_u16_le_overflow - should panic ... ok
test bytes::get_u16_ne ... ok
test bytes::get_u16_ne_overflow - should panic ... ok
test bytes::get_u32_be ... ok
test bytes::get_u32_be_overflow - should panic ... ok
test bytes::get_u32_le ... ok
test bytes::get_u32_le_overflow - should panic ... ok
test bytes::get_u32_ne ... ok
test bytes::get_u32_ne_overflow - should panic ... ok
test bytes::get_u64_be ... ok
test bytes::get_u128_ne ... ok
test bytes::get_u16_be ... ok
test bytes::get_u64_be_overflow - should panic ... ok
test bytes::get_u64_le ... ok
test bytes::get_u64_le_overflow - should panic ... ok
test bytes::get_u64_ne ... ok
test bytes::get_u64_ne_overflow - should panic ... ok
test bytes::get_u8 ... ok
test bytes::get_u128_ne_overflow - should panic ... ok
test bytes::get_u8_overflow - should panic ... ok
test bytes::get_uint_be ... ok
test bytes::get_uint_be_overflow - should panic ... ok
test bytes::get_uint_le ... ok
test bytes::get_uint_le_overflow - should panic ... ok
test bytes::get_uint_ne ... ok
test bytes::get_uint_ne_overflow - should panic ... ok
test bytes_mut::advance ... ok
test bytes_mut::advance_to_end ... ok
test bytes_mut::advance_past_end - should panic ... ok
test bytes_mut::chunks_vectored_empty ... ok
test bytes_mut::chunks_vectored_is_complete ... ok
test bytes_mut::copy_to_bytes ... ok
test bytes_mut::copy_to_bytes_big ... ok
test bytes_mut::copy_to_bytes_to_end ... ok
test bytes_mut::copy_to_bytes_overflow - should panic ... ok
test bytes_mut::copy_to_slice ... ok
test bytes_mut::copy_to_slice_big ... ok
test bytes_mut::copy_to_slice_overflow - should panic ... ok
test bytes_mut::copy_to_slice_to_end ... ok
test bytes_mut::empty_state ... ok
test bytes_mut::fresh_state ... ok
test bytes_mut::get_f32_be_overflow - should panic ... ok
test bytes_mut::get_f32_le ... ok
test bytes_mut::get_f32_le_overflow - should panic ... ok
test bytes_mut::get_f32_be ... ok
test bytes_mut::get_f32_ne ... ok
test bytes_mut::get_f32_ne_overflow - should panic ... ok
test bytes_mut::get_f64_be ... ok
test bytes_mut::get_f64_le ... ok
test bytes_mut::get_f64_le_overflow - should panic ... ok
test bytes_mut::get_f64_ne ... ok
test bytes_mut::get_i128_be ... ok
test bytes_mut::get_i128_le ... ok
test bytes_mut::get_i128_be_overflow - should panic ... ok
test bytes_mut::get_f64_be_overflow - should panic ... ok
test bytes_mut::get_f64_ne_overflow - should panic ... ok
test bytes_mut::get_i128_le_overflow - should panic ... ok
test bytes_mut::get_i128_ne ... ok
test bytes_mut::get_i16_be ... ok
test bytes_mut::get_i16_be_overflow - should panic ... ok
test bytes_mut::get_i128_ne_overflow - should panic ... ok
test bytes_mut::get_i16_le_overflow - should panic ... ok
test bytes_mut::get_i16_le ... ok
test bytes_mut::get_i16_ne ... ok
test bytes_mut::get_i16_ne_overflow - should panic ... ok
test bytes_mut::get_i32_be ... ok
test bytes_mut::get_i32_le ... ok
test bytes_mut::get_i32_le_overflow - should panic ... ok
test bytes_mut::get_i32_be_overflow - should panic ... ok
test bytes_mut::get_i32_ne_overflow - should panic ... ok
test bytes_mut::get_i32_ne ... ok
test bytes_mut::get_i64_be ... ok
test bytes_mut::get_i64_le ... ok
test bytes_mut::get_i64_be_overflow - should panic ... ok
test bytes_mut::get_i64_le_overflow - should panic ... ok
test bytes_mut::get_i64_ne_overflow - should panic ... ok
test bytes_mut::get_i8 ... ok
test bytes_mut::get_i64_ne ... ok
test bytes_mut::get_i8_overflow - should panic ... ok
test bytes_mut::get_int_be ... ok
test bytes_mut::get_int_be_overflow - should panic ... ok
test bytes_mut::get_int_le ... ok
test bytes_mut::get_int_le_overflow - should panic ... ok
test bytes_mut::get_int_ne ... ok
test bytes_mut::get_int_ne_overflow - should panic ... ok
test bytes_mut::get_u128_be ... ok
test bytes_mut::get_u128_be_overflow - should panic ... ok
test bytes_mut::get_u128_le ... ok
test bytes_mut::get_u128_le_overflow - should panic ... ok
test bytes_mut::get_u128_ne ... ok
test bytes_mut::get_u128_ne_overflow - should panic ... ok
test bytes_mut::get_u16_be ... ok
test bytes_mut::get_u16_be_overflow - should panic ... ok
test bytes_mut::get_u16_le ... ok
test bytes_mut::get_u16_le_overflow - should panic ... ok
test bytes_mut::get_u16_ne ... ok
test bytes_mut::get_u16_ne_overflow - should panic ... ok
test bytes_mut::get_u32_be ... ok
test bytes_mut::get_u32_be_overflow - should panic ... ok
test bytes_mut::get_u32_le ... ok
test bytes_mut::get_u32_le_overflow - should panic ... ok
test bytes_mut::get_u32_ne ... ok
test bytes_mut::get_u32_ne_overflow - should panic ... ok
test bytes_mut::get_u64_be ... ok
test bytes_mut::get_u64_be_overflow - should panic ... ok
test bytes_mut::get_u64_le ... ok
test bytes_mut::get_u64_ne ... ok
test bytes_mut::get_u64_le_overflow - should panic ... ok
test bytes_mut::get_u8 ... ok
test bytes_mut::get_u64_ne_overflow - should panic ... ok
test bytes_mut::get_uint_be ... ok
test bytes_mut::get_u8_overflow - should panic ... ok
test bytes_mut::get_uint_be_overflow - should panic ... ok
test bytes_mut::get_uint_le ... ok
test bytes_mut::get_uint_le_overflow - should panic ... ok
test bytes_mut::get_uint_ne ... ok
test bytes_mut::get_uint_ne_overflow - should panic ... ok
test chain_limited_slices::advance ... ok
test chain_limited_slices::advance_to_end ... ok
test chain_limited_slices::advance_past_end - should panic ... ok
test chain_limited_slices::chunks_vectored_empty ... ok
test chain_limited_slices::chunks_vectored_is_complete ... ok
test chain_limited_slices::copy_to_bytes ... ok
test chain_limited_slices::copy_to_bytes_big ... ok
test chain_limited_slices::copy_to_bytes_overflow - should panic ... ok
test chain_limited_slices::copy_to_bytes_to_end ... ok
test chain_limited_slices::copy_to_slice ... ok
test chain_limited_slices::copy_to_slice_big ... ok
test chain_limited_slices::copy_to_slice_overflow - should panic ... ok
test chain_limited_slices::copy_to_slice_to_end ... ok
test chain_limited_slices::empty_state ... ok
test chain_limited_slices::fresh_state ... ok
test chain_limited_slices::get_f32_be ... ok
test chain_limited_slices::get_f32_be_overflow - should panic ... ok
test chain_limited_slices::get_f32_le ... ok
test chain_limited_slices::get_f32_le_overflow - should panic ... ok
test chain_limited_slices::get_f32_ne_overflow - should panic ... ok
test chain_limited_slices::get_f32_ne ... ok
test chain_limited_slices::get_f64_be ... ok
test chain_limited_slices::get_f64_be_overflow - should panic ... ok
test chain_limited_slices::get_f64_le ... ok
test chain_limited_slices::get_f64_le_overflow - should panic ... ok
test chain_limited_slices::get_f64_ne ... ok
test chain_limited_slices::get_i128_be ... ok
test chain_limited_slices::get_i128_be_overflow - should panic ... ok
test chain_limited_slices::get_f64_ne_overflow - should panic ... ok
test chain_limited_slices::get_i128_le ... ok
test chain_limited_slices::get_i128_le_overflow - should panic ... ok
test chain_limited_slices::get_i128_ne ... ok
test chain_limited_slices::get_i128_ne_overflow - should panic ... ok
test chain_limited_slices::get_i16_be ... ok
test chain_limited_slices::get_i16_be_overflow - should panic ... ok
test chain_limited_slices::get_i16_le ... ok
test chain_limited_slices::get_i16_le_overflow - should panic ... ok
test chain_limited_slices::get_i16_ne ... ok
test chain_limited_slices::get_i16_ne_overflow - should panic ... ok
test chain_limited_slices::get_i32_be ... ok
test chain_limited_slices::get_i32_be_overflow - should panic ... ok
test chain_limited_slices::get_i32_le ... ok
test chain_limited_slices::get_i32_le_overflow - should panic ... ok
test chain_limited_slices::get_i32_ne ... ok
test chain_limited_slices::get_i32_ne_overflow - should panic ... ok
test chain_limited_slices::get_i64_be ... ok
test chain_limited_slices::get_i64_be_overflow - should panic ... ok
test chain_limited_slices::get_i64_le ... ok
test chain_limited_slices::get_i64_le_overflow - should panic ... ok
test chain_limited_slices::get_i64_ne ... ok
test chain_limited_slices::get_i8 ... ok
test chain_limited_slices::get_i64_ne_overflow - should panic ... ok
test chain_limited_slices::get_i8_overflow - should panic ... ok
test chain_limited_slices::get_int_be_overflow - should panic ... ok
test chain_limited_slices::get_int_be ... ok
test chain_limited_slices::get_int_le ... ok
test chain_limited_slices::get_int_le_overflow - should panic ... ok
test chain_limited_slices::get_int_ne ... ok
test chain_limited_slices::get_int_ne_overflow - should panic ... ok
test chain_limited_slices::get_u128_be ... ok
test chain_limited_slices::get_u128_be_overflow - should panic ... ok
test chain_limited_slices::get_u128_le ... ok
test chain_limited_slices::get_u128_ne ... ok
test chain_limited_slices::get_u128_ne_overflow - should panic ... ok
test chain_limited_slices::get_u128_le_overflow - should panic ... ok
test chain_limited_slices::get_u16_be ... ok
test chain_limited_slices::get_u16_be_overflow - should panic ... ok
test chain_limited_slices::get_u16_le ... ok
test chain_limited_slices::get_u16_le_overflow - should panic ... ok
test chain_limited_slices::get_u16_ne ... ok
test chain_limited_slices::get_u32_be ... ok
test chain_limited_slices::get_u16_ne_overflow - should panic ... ok
test chain_limited_slices::get_u32_be_overflow - should panic ... ok
test chain_limited_slices::get_u32_le ... ok
test chain_limited_slices::get_u32_le_overflow - should panic ... ok
test chain_limited_slices::get_u32_ne ... ok
test chain_limited_slices::get_u32_ne_overflow - should panic ... ok
test chain_limited_slices::get_u64_be ... ok
test chain_limited_slices::get_u64_le ... ok
test chain_limited_slices::get_u64_be_overflow - should panic ... ok
test chain_limited_slices::get_u64_ne ... ok
test chain_limited_slices::get_u64_le_overflow - should panic ... ok
test chain_limited_slices::get_u64_ne_overflow - should panic ... ok
test chain_limited_slices::get_u8 ... ok
test chain_limited_slices::get_u8_overflow - should panic ... ok
test chain_limited_slices::get_uint_be ... ok
test chain_limited_slices::get_uint_be_overflow - should panic ... ok
test chain_limited_slices::get_uint_le ... ok
test chain_limited_slices::get_uint_le_overflow - should panic ... ok
test chain_limited_slices::get_uint_ne ... ok
test chain_limited_slices::get_uint_ne_overflow - should panic ... ok
test chain_small_big_u8_slice::advance ... ok
test chain_small_big_u8_slice::advance_past_end - should panic ... ok
test chain_small_big_u8_slice::advance_to_end ... ok
test chain_small_big_u8_slice::chunks_vectored_empty ... ok
test chain_small_big_u8_slice::chunks_vectored_is_complete ... ok
test chain_small_big_u8_slice::copy_to_bytes ... ok
test chain_small_big_u8_slice::copy_to_bytes_overflow - should panic ... ok
test chain_small_big_u8_slice::copy_to_bytes_big ... ok
test chain_small_big_u8_slice::copy_to_bytes_to_end ... ok
test chain_small_big_u8_slice::copy_to_slice ... ok
test chain_small_big_u8_slice::copy_to_slice_big ... ok
test chain_small_big_u8_slice::copy_to_slice_overflow - should panic ... ok
test chain_small_big_u8_slice::copy_to_slice_to_end ... ok
test chain_small_big_u8_slice::empty_state ... ok
test chain_small_big_u8_slice::fresh_state ... ok
test chain_small_big_u8_slice::get_f32_be ... ok
test chain_small_big_u8_slice::get_f32_be_overflow - should panic ... ok
test chain_small_big_u8_slice::get_f32_le ... ok
test chain_small_big_u8_slice::get_f32_le_overflow - should panic ... ok
test chain_small_big_u8_slice::get_f32_ne_overflow - should panic ... ok
test chain_small_big_u8_slice::get_f32_ne ... ok
test chain_small_big_u8_slice::get_f64_be ... ok
test chain_small_big_u8_slice::get_f64_be_overflow - should panic ... ok
test chain_small_big_u8_slice::get_f64_le ... ok
test chain_small_big_u8_slice::get_f64_le_overflow - should panic ... ok
test chain_small_big_u8_slice::get_f64_ne ... ok
test chain_small_big_u8_slice::get_f64_ne_overflow - should panic ... ok
test chain_small_big_u8_slice::get_i128_be ... ok
test chain_small_big_u8_slice::get_i128_be_overflow - should panic ... ok
test chain_small_big_u8_slice::get_i128_le ... ok
test chain_small_big_u8_slice::get_i128_le_overflow - should panic ... ok
test chain_small_big_u8_slice::get_i128_ne ... ok
test chain_small_big_u8_slice::get_i128_ne_overflow - should panic ... ok
test chain_small_big_u8_slice::get_i16_be ... ok
test chain_small_big_u8_slice::get_i16_be_overflow - should panic ... ok
test chain_small_big_u8_slice::get_i16_le ... ok
test chain_small_big_u8_slice::get_i16_le_overflow - should panic ... ok
test chain_small_big_u8_slice::get_i16_ne ... ok
test chain_small_big_u8_slice::get_i16_ne_overflow - should panic ... ok
test chain_small_big_u8_slice::get_i32_be ... ok
test chain_small_big_u8_slice::get_i32_be_overflow - should panic ... ok
test chain_small_big_u8_slice::get_i32_le ... ok
test chain_small_big_u8_slice::get_i32_le_overflow - should panic ... ok
test chain_small_big_u8_slice::get_i32_ne ... ok
test chain_small_big_u8_slice::get_i64_be ... ok
test chain_small_big_u8_slice::get_i64_le ... ok
test chain_small_big_u8_slice::get_i64_ne ... ok
test chain_small_big_u8_slice::get_i32_ne_overflow - should panic ... ok
test chain_small_big_u8_slice::get_i64_le_overflow - should panic ... ok
test chain_small_big_u8_slice::get_i64_be_overflow - should panic ... ok
test chain_small_big_u8_slice::get_i64_ne_overflow - should panic ... ok
test chain_small_big_u8_slice::get_i8 ... ok
test chain_small_big_u8_slice::get_i8_overflow - should panic ... ok
test chain_small_big_u8_slice::get_int_be ... ok
test chain_small_big_u8_slice::get_int_le_overflow - should panic ... ok
test chain_small_big_u8_slice::get_int_be_overflow - should panic ... ok
test chain_small_big_u8_slice::get_int_le ... ok
test chain_small_big_u8_slice::get_int_ne ... ok
test chain_small_big_u8_slice::get_int_ne_overflow - should panic ... ok
test chain_small_big_u8_slice::get_u128_be ... ok
test chain_small_big_u8_slice::get_u128_be_overflow - should panic ... ok
test chain_small_big_u8_slice::get_u128_le ... ok
test chain_small_big_u8_slice::get_u128_le_overflow - should panic ... ok
test chain_small_big_u8_slice::get_u128_ne ... ok
test chain_small_big_u8_slice::get_u128_ne_overflow - should panic ... ok
test chain_small_big_u8_slice::get_u16_be ... ok
test chain_small_big_u8_slice::get_u16_be_overflow - should panic ... ok
test chain_small_big_u8_slice::get_u16_le ... ok
test chain_small_big_u8_slice::get_u16_le_overflow - should panic ... ok
test chain_small_big_u8_slice::get_u16_ne ... ok
test chain_small_big_u8_slice::get_u16_ne_overflow - should panic ... ok
test chain_small_big_u8_slice::get_u32_be ... ok
test chain_small_big_u8_slice::get_u32_be_overflow - should panic ... ok
test chain_small_big_u8_slice::get_u32_le ... ok
test chain_small_big_u8_slice::get_u32_le_overflow - should panic ... ok
test chain_small_big_u8_slice::get_u32_ne ... ok
test chain_small_big_u8_slice::get_u32_ne_overflow - should panic ... ok
test chain_small_big_u8_slice::get_u64_be ... ok
test chain_small_big_u8_slice::get_u64_be_overflow - should panic ... ok
test chain_small_big_u8_slice::get_u64_le ... ok
test chain_small_big_u8_slice::get_u64_le_overflow - should panic ... ok
test chain_small_big_u8_slice::get_u64_ne ... ok
test chain_small_big_u8_slice::get_u64_ne_overflow - should panic ... ok
test chain_small_big_u8_slice::get_u8 ... ok
test chain_small_big_u8_slice::get_u8_overflow - should panic ... ok
test chain_small_big_u8_slice::get_uint_be ... ok
test chain_small_big_u8_slice::get_uint_be_overflow - should panic ... ok
test chain_small_big_u8_slice::get_uint_le ... ok
test chain_small_big_u8_slice::get_uint_le_overflow - should panic ... ok
test chain_small_big_u8_slice::get_uint_ne ... ok
test chain_small_big_u8_slice::get_uint_ne_overflow - should panic ... ok
test chain_u8_slice::advance ... ok
test chain_u8_slice::advance_past_end - should panic ... ok
test chain_u8_slice::advance_to_end ... ok
test chain_u8_slice::chunks_vectored_empty ... ok
test chain_u8_slice::chunks_vectored_is_complete ... ok
test chain_u8_slice::copy_to_bytes ... ok
test chain_u8_slice::copy_to_bytes_big ... ok
test chain_u8_slice::copy_to_bytes_overflow - should panic ... ok
test chain_u8_slice::copy_to_slice ... ok
test chain_u8_slice::copy_to_slice_big ... ok
test chain_u8_slice::copy_to_bytes_to_end ... ok
test chain_u8_slice::copy_to_slice_overflow - should panic ... ok
test chain_u8_slice::copy_to_slice_to_end ... ok
test chain_u8_slice::empty_state ... ok
test chain_u8_slice::get_f32_be ... ok
test chain_u8_slice::get_f32_be_overflow - should panic ... ok
test chain_u8_slice::get_f32_le ... ok
test chain_u8_slice::get_f32_le_overflow - should panic ... ok
test chain_u8_slice::get_f32_ne ... ok
test chain_u8_slice::get_f32_ne_overflow - should panic ... ok
test chain_u8_slice::get_f64_be ... ok
test chain_u8_slice::get_f64_be_overflow - should panic ... ok
test chain_u8_slice::get_f64_le ... ok
test chain_u8_slice::get_f64_le_overflow - should panic ... ok
test chain_u8_slice::get_f64_ne ... ok
test chain_u8_slice::get_f64_ne_overflow - should panic ... ok
test chain_u8_slice::get_i128_be ... ok
test chain_u8_slice::get_i128_be_overflow - should panic ... ok
test chain_u8_slice::get_i128_le ... ok
test chain_u8_slice::fresh_state ... ok
test chain_u8_slice::get_i128_le_overflow - should panic ... ok
test chain_u8_slice::get_i128_ne ... ok
test chain_u8_slice::get_i128_ne_overflow - should panic ... ok
test chain_u8_slice::get_i16_be_overflow - should panic ... ok
test chain_u8_slice::get_i16_le ... ok
test chain_u8_slice::get_i16_be ... ok
test chain_u8_slice::get_i16_le_overflow - should panic ... ok
test chain_u8_slice::get_i16_ne ... ok
test chain_u8_slice::get_i16_ne_overflow - should panic ... ok
test chain_u8_slice::get_i32_be ... ok
test chain_u8_slice::get_i32_le ... ok
test chain_u8_slice::get_i32_be_overflow - should panic ... ok
test chain_u8_slice::get_i32_le_overflow - should panic ... ok
test chain_u8_slice::get_i32_ne ... ok
test chain_u8_slice::get_i32_ne_overflow - should panic ... ok
test chain_u8_slice::get_i64_be ... ok
test chain_u8_slice::get_i64_be_overflow - should panic ... ok
test chain_u8_slice::get_i64_le ... ok
test chain_u8_slice::get_i64_ne ... ok
test chain_u8_slice::get_i64_ne_overflow - should panic ... ok
test chain_u8_slice::get_i64_le_overflow - should panic ... ok
test chain_u8_slice::get_i8_overflow - should panic ... ok
test chain_u8_slice::get_int_be ... ok
test chain_u8_slice::get_int_be_overflow - should panic ... ok
test chain_u8_slice::get_int_le ... ok
test chain_u8_slice::get_i8 ... ok
test chain_u8_slice::get_int_le_overflow - should panic ... ok
test chain_u8_slice::get_int_ne ... ok
test chain_u8_slice::get_u128_be ... ok
test chain_u8_slice::get_int_ne_overflow - should panic ... ok
test chain_u8_slice::get_u128_be_overflow - should panic ... ok
test chain_u8_slice::get_u128_le ... ok
test chain_u8_slice::get_u128_le_overflow - should panic ... ok
test chain_u8_slice::get_u128_ne ... ok
test chain_u8_slice::get_u128_ne_overflow - should panic ... ok
test chain_u8_slice::get_u16_be_overflow - should panic ... ok
test chain_u8_slice::get_u16_le ... ok
test chain_u8_slice::get_u16_be ... ok
test chain_u8_slice::get_u16_ne ... ok
test chain_u8_slice::get_u16_ne_overflow - should panic ... ok
test chain_u8_slice::get_u16_le_overflow - should panic ... ok
test chain_u8_slice::get_u32_be ... ok
test chain_u8_slice::get_u32_be_overflow - should panic ... ok
test chain_u8_slice::get_u32_le ... ok
test chain_u8_slice::get_u32_le_overflow - should panic ... ok
test chain_u8_slice::get_u32_ne ... ok
test chain_u8_slice::get_u32_ne_overflow - should panic ... ok
test chain_u8_slice::get_u64_be_overflow - should panic ... ok
test chain_u8_slice::get_u64_le ... ok
test chain_u8_slice::get_u64_le_overflow - should panic ... ok
test chain_u8_slice::get_u64_ne ... ok
test chain_u8_slice::get_u64_be ... ok
test chain_u8_slice::get_u64_ne_overflow - should panic ... ok
test chain_u8_slice::get_u8 ... ok
test chain_u8_slice::get_u8_overflow - should panic ... ok
test chain_u8_slice::get_uint_be_overflow - should panic ... ok
test chain_u8_slice::get_uint_le ... ok
test chain_u8_slice::get_uint_le_overflow - should panic ... ok
test chain_u8_slice::get_uint_ne ... ok
test chain_u8_slice::get_uint_ne_overflow - should panic ... ok
test cursor::advance ... ok
test chain_u8_slice::get_uint_be ... ok
test cursor::advance_to_end ... ok
test cursor::chunks_vectored_empty ... ok
test cursor::chunks_vectored_is_complete ... ok
test cursor::advance_past_end - should panic ... ok
test cursor::copy_to_bytes ... ok
test cursor::copy_to_bytes_big ... ok
test cursor::copy_to_slice ... ok
test cursor::copy_to_bytes_overflow - should panic ... ok
test cursor::copy_to_slice_big ... ok
test cursor::copy_to_bytes_to_end ... ok
test cursor::copy_to_slice_overflow - should panic ... ok
test cursor::copy_to_slice_to_end ... ok
test cursor::empty_state ... ok
test cursor::get_f32_be ... ok
test cursor::fresh_state ... ok
test cursor::get_f32_be_overflow - should panic ... ok
test cursor::get_f32_le ... ok
test cursor::get_f32_le_overflow - should panic ... ok
test cursor::get_f32_ne ... ok
test cursor::get_f32_ne_overflow - should panic ... ok
test cursor::get_f64_be ... ok
test cursor::get_f64_be_overflow - should panic ... ok
test cursor::get_f64_le ... ok
test cursor::get_f64_le_overflow - should panic ... ok
test cursor::get_f64_ne ... ok
test cursor::get_f64_ne_overflow - should panic ... ok
test cursor::get_i128_be ... ok
test cursor::get_i128_be_overflow - should panic ... ok
test cursor::get_i128_le ... ok
test cursor::get_i128_le_overflow - should panic ... ok
test cursor::get_i128_ne ... ok
test cursor::get_i128_ne_overflow - should panic ... ok
test cursor::get_i16_be_overflow - should panic ... ok
test cursor::get_i16_be ... ok
test cursor::get_i16_le ... ok
test cursor::get_i16_ne ... ok
test cursor::get_i16_le_overflow - should panic ... ok
test cursor::get_i32_be ... ok
test cursor::get_i16_ne_overflow - should panic ... ok
test cursor::get_i32_le ... ok
test cursor::get_i32_le_overflow - should panic ... ok
test cursor::get_i32_ne ... ok
test cursor::get_i64_be ... ok
test cursor::get_i32_ne_overflow - should panic ... ok
test cursor::get_i64_be_overflow - should panic ... ok
test cursor::get_i64_le ... ok
test cursor::get_i64_ne_overflow - should panic ... ok
test cursor::get_i32_be_overflow - should panic ... ok
test cursor::get_i64_le_overflow - should panic ... ok
test cursor::get_i64_ne ... ok
test cursor::get_i8 ... ok
test cursor::get_i8_overflow - should panic ... ok
test cursor::get_int_be ... ok
test cursor::get_int_be_overflow - should panic ... ok
test cursor::get_int_le ... ok
test cursor::get_int_le_overflow - should panic ... ok
test cursor::get_int_ne ... ok
test cursor::get_int_ne_overflow - should panic ... ok
test cursor::get_u128_be ... ok
test cursor::get_u128_be_overflow - should panic ... ok
test cursor::get_u128_le ... ok
test cursor::get_u128_le_overflow - should panic ... ok
test cursor::get_u128_ne ... ok
test cursor::get_u16_be ... ok
test cursor::get_u128_ne_overflow - should panic ... ok
test cursor::get_u16_be_overflow - should panic ... ok
test cursor::get_u16_ne ... ok
test cursor::get_u16_le_overflow - should panic ... ok
test cursor::get_u16_le ... ok
test cursor::get_u16_ne_overflow - should panic ... ok
test cursor::get_u32_be ... ok
test cursor::get_u32_le ... ok
test cursor::get_u32_be_overflow - should panic ... ok
test cursor::get_u32_le_overflow - should panic ... ok
test cursor::get_u32_ne ... ok
test cursor::get_u32_ne_overflow - should panic ... ok
test cursor::get_u64_be ... ok
test cursor::get_u64_be_overflow - should panic ... ok
test cursor::get_u64_le ... ok
test cursor::get_u64_le_overflow - should panic ... ok
test cursor::get_u64_ne ... ok
test cursor::get_u64_ne_overflow - should panic ... ok
test cursor::get_u8 ... ok
test cursor::get_u8_overflow - should panic ... ok
test cursor::get_uint_be ... ok
test cursor::get_uint_be_overflow - should panic ... ok
test cursor::get_uint_ne ... ok
test cursor::get_uint_le_overflow - should panic ... ok
test test_deref_buf_forwards ... ok
test cursor::get_uint_le ... ok
test u8_slice::advance ... ok
test cursor::get_uint_ne_overflow - should panic ... ok
test u8_slice::advance_past_end - should panic ... ok
test u8_slice::chunks_vectored_empty ... ok
test u8_slice::chunks_vectored_is_complete ... ok
test u8_slice::copy_to_bytes ... ok
test u8_slice::advance_to_end ... ok
test u8_slice::copy_to_bytes_big ... ok
test u8_slice::copy_to_bytes_overflow - should panic ... ok
test u8_slice::copy_to_bytes_to_end ... ok
test u8_slice::copy_to_slice ... ok
test u8_slice::copy_to_slice_big ... ok
test u8_slice::copy_to_slice_overflow - should panic ... ok
test u8_slice::copy_to_slice_to_end ... ok
test u8_slice::empty_state ... ok
test u8_slice::fresh_state ... ok
test u8_slice::get_f32_be ... ok
test u8_slice::get_f32_be_overflow - should panic ... ok
test u8_slice::get_f32_le ... ok
test u8_slice::get_f32_le_overflow - should panic ... ok
test u8_slice::get_f32_ne ... ok
test u8_slice::get_f32_ne_overflow - should panic ... ok
test u8_slice::get_f64_be ... ok
test u8_slice::get_f64_be_overflow - should panic ... ok
test u8_slice::get_f64_le ... ok
test u8_slice::get_f64_le_overflow - should panic ... ok
test u8_slice::get_f64_ne ... ok
test u8_slice::get_f64_ne_overflow - should panic ... ok
test u8_slice::get_i128_be ... ok
test u8_slice::get_i128_be_overflow - should panic ... ok
test u8_slice::get_i128_le ... ok
test u8_slice::get_i128_le_overflow - should panic ... ok
test u8_slice::get_i128_ne ... ok
test u8_slice::get_i16_be ... ok
test u8_slice::get_i128_ne_overflow - should panic ... ok
test u8_slice::get_i16_be_overflow - should panic ... ok
test u8_slice::get_i16_le ... ok
test u8_slice::get_i16_ne ... ok
test u8_slice::get_i16_ne_overflow - should panic ... ok
test u8_slice::get_i16_le_overflow - should panic ... ok
test u8_slice::get_i32_be ... ok
test u8_slice::get_i32_be_overflow - should panic ... ok
test u8_slice::get_i32_le ... ok
test u8_slice::get_i32_le_overflow - should panic ... ok
test u8_slice::get_i32_ne ... ok
test u8_slice::get_i32_ne_overflow - should panic ... ok
test u8_slice::get_i64_be ... ok
test u8_slice::get_i64_le ... ok
test u8_slice::get_i64_ne_overflow - should panic ... ok
test u8_slice::get_i64_be_overflow - should panic ... ok
test u8_slice::get_i64_ne ... ok
test u8_slice::get_i64_le_overflow - should panic ... ok
test u8_slice::get_i8 ... ok
test u8_slice::get_int_be ... ok
test u8_slice::get_i8_overflow - should panic ... ok
test u8_slice::get_int_be_overflow - should panic ... ok
test u8_slice::get_int_le ... ok
test u8_slice::get_int_le_overflow - should panic ... ok
test u8_slice::get_int_ne ... ok
test u8_slice::get_int_ne_overflow - should panic ... ok
test u8_slice::get_u128_be ... ok
test u8_slice::get_u128_be_overflow - should panic ... ok
test u8_slice::get_u128_le ... ok
test u8_slice::get_u128_le_overflow - should panic ... ok
test u8_slice::get_u128_ne ... ok
test u8_slice::get_u128_ne_overflow - should panic ... ok
test u8_slice::get_u16_be_overflow - should panic ... ok
test u8_slice::get_u16_be ... ok
test u8_slice::get_u16_ne ... ok
test u8_slice::get_u16_le_overflow - should panic ... ok
test u8_slice::get_u16_le ... ok
test u8_slice::get_u16_ne_overflow - should panic ... ok
test u8_slice::get_u32_be_overflow - should panic ... ok
test u8_slice::get_u32_le ... ok
test u8_slice::get_u32_be ... ok
test u8_slice::get_u32_le_overflow - should panic ... ok
test u8_slice::get_u32_ne ... ok
test u8_slice::get_u32_ne_overflow - should panic ... ok
test u8_slice::get_u64_be ... ok
test u8_slice::get_u64_be_overflow - should panic ... ok
test u8_slice::get_u64_le ... ok
test u8_slice::get_u64_le_overflow - should panic ... ok
test u8_slice::get_u64_ne ... ok
test u8_slice::get_u64_ne_overflow - should panic ... ok
test u8_slice::get_u8 ... ok
test u8_slice::get_u8_overflow - should panic ... ok
test u8_slice::get_uint_be ... ok
test u8_slice::get_uint_be_overflow - should panic ... ok
test u8_slice::get_uint_le ... ok
test u8_slice::get_uint_le_overflow - should panic ... ok
test u8_slice::get_uint_ne ... ok
test u8_slice::get_uint_ne_overflow - should panic ... ok
test vec_deque::advance ... ok
test vec_deque::advance_past_end - should panic ... ok
test vec_deque::advance_to_end ... ok
test vec_deque::chunks_vectored_empty ... ok
test vec_deque::chunks_vectored_is_complete ... ok
test vec_deque::copy_to_bytes ... ok
test vec_deque::copy_to_bytes_big ... ok
test vec_deque::copy_to_bytes_overflow - should panic ... ok
test vec_deque::copy_to_bytes_to_end ... ok
test vec_deque::copy_to_slice ... ok
test vec_deque::copy_to_slice_big ... ok
test vec_deque::copy_to_slice_to_end ... ok
test vec_deque::copy_to_slice_overflow - should panic ... ok
test vec_deque::empty_state ... ok
test vec_deque::fresh_state ... ok
test vec_deque::get_f32_be ... ok
test vec_deque::get_f32_be_overflow - should panic ... ok
test vec_deque::get_f32_le ... ok
test vec_deque::get_f32_le_overflow - should panic ... ok
test vec_deque::get_f32_ne ... ok
test vec_deque::get_f32_ne_overflow - should panic ... ok
test vec_deque::get_f64_be ... ok
test vec_deque::get_f64_be_overflow - should panic ... ok
test vec_deque::get_f64_le ... ok
test vec_deque::get_f64_le_overflow - should panic ... ok
test vec_deque::get_f64_ne ... ok
test vec_deque::get_f64_ne_overflow - should panic ... ok
test vec_deque::get_i128_be ... ok
test vec_deque::get_i128_be_overflow - should panic ... ok
test vec_deque::get_i128_le ... ok
test vec_deque::get_i128_le_overflow - should panic ... ok
test vec_deque::get_i128_ne ... ok
test vec_deque::get_i128_ne_overflow - should panic ... ok
test vec_deque::get_i16_be ... ok
test vec_deque::get_i16_be_overflow - should panic ... ok
test vec_deque::get_i16_le ... ok
test vec_deque::get_i16_le_overflow - should panic ... ok
test vec_deque::get_i16_ne ... ok
test vec_deque::get_i16_ne_overflow - should panic ... ok
test vec_deque::get_i32_be ... ok
test vec_deque::get_i32_be_overflow - should panic ... ok
test vec_deque::get_i32_le ... ok
test vec_deque::get_i32_le_overflow - should panic ... ok
test vec_deque::get_i32_ne ... ok
test vec_deque::get_i32_ne_overflow - should panic ... ok
test vec_deque::get_i64_be ... ok
test vec_deque::get_i64_be_overflow - should panic ... ok
test vec_deque::get_i64_le ... ok
test vec_deque::get_i64_le_overflow - should panic ... ok
test vec_deque::get_i64_ne ... ok
test vec_deque::get_i64_ne_overflow - should panic ... ok
test vec_deque::get_i8 ... ok
test vec_deque::get_i8_overflow - should panic ... ok
test vec_deque::get_int_be ... ok
test vec_deque::get_int_be_overflow - should panic ... ok
test vec_deque::get_int_le ... ok
test vec_deque::get_int_le_overflow - should panic ... ok
test vec_deque::get_int_ne ... ok
test vec_deque::get_int_ne_overflow - should panic ... ok
test vec_deque::get_u128_be ... ok
test vec_deque::get_u128_be_overflow - should panic ... ok
test vec_deque::get_u128_le ... ok
test vec_deque::get_u128_le_overflow - should panic ... ok
test vec_deque::get_u128_ne ... ok
test vec_deque::get_u128_ne_overflow - should panic ... ok
test vec_deque::get_u16_be ... ok
test vec_deque::get_u16_be_overflow - should panic ... ok
test vec_deque::get_u16_le ... ok
test vec_deque::get_u16_ne ... ok
test vec_deque::get_u16_ne_overflow - should panic ... ok
test vec_deque::get_u32_be ... ok
test vec_deque::get_u16_le_overflow - should panic ... ok
test vec_deque::get_u32_be_overflow - should panic ... ok
test vec_deque::get_u32_le ... ok
test vec_deque::get_u32_le_overflow - should panic ... ok
test vec_deque::get_u32_ne ... ok
test vec_deque::get_u64_be ... ok
test vec_deque::get_u32_ne_overflow - should panic ... ok
test vec_deque::get_u64_be_overflow - should panic ... ok
test vec_deque::get_u64_le ... ok
test vec_deque::get_u64_le_overflow - should panic ... ok
test vec_deque::get_u64_ne ... ok
test vec_deque::get_u64_ne_overflow - should panic ... ok
test vec_deque::get_u8 ... ok
test vec_deque::get_u8_overflow - should panic ... ok
test vec_deque::get_uint_be ... ok
test vec_deque::get_uint_be_overflow - should panic ... ok
test vec_deque::get_uint_le ... ok
test vec_deque::get_uint_le_overflow - should panic ... ok
test vec_deque::get_uint_ne ... ok
test vec_deque::get_uint_ne_overflow - should panic ... ok

test result: ok. 820 passed; 0 failed; 0 ignored; 0 measured; 0 filtered out; finished in 0.04s

     Running tests/test_buf_mut.rs (/workspace/bytes-proof-tools/targets/bytes/debug/deps/test_buf_mut-84e8e2c82b34d5b2)

running 23 tests
test copy_from_slice_panics_if_different_length_2 - should panic ... ok
test copy_from_slice_panics_if_different_length_1 - should panic ... ok
test test_bytes_mut_reuse ... ok
test test_deref_bufmut_forwards ... ok
test test_clone ... ok
test test_maybe_uninit_buf_mut_small ... ok
test test_maybe_uninit_buf_mut_put_slice_overflow - should panic ... ok
test test_maybe_uninit_buf_mut_put_bytes_overflow - should panic ... ok
test test_put_int ... ok
test test_put_int_le ... ok
test test_put_int_le_nbytes_overflow - should panic ... ok
test test_put_int_nbytes_overflow - should panic ... ok
test test_put_u16 ... ok
test test_put_u8 ... ok
test test_slice_buf_mut_put_bytes_overflow - should panic ... ok
test test_slice_buf_mut_put_slice_overflow - should panic ... ok
test test_slice_buf_mut_small ... ok
test test_vec_advance_mut - should panic ... ok
test test_vec_as_mut_buf ... ok
test test_vec_put_bytes ... ok
test write_byte_panics_if_out_of_bounds - should panic ... ok
test test_slice_buf_mut_large ... ok
test test_maybe_uninit_buf_mut_large ... ok

test result: ok. 23 passed; 0 failed; 0 ignored; 0 measured; 0 filtered out; finished in 0.01s

     Running tests/test_bytes.rs (/workspace/bytes-proof-tools/targets/bytes/debug/deps/test_bytes-db3cf1876a9ca8cd)

running 118 tests
test advance_static ... ok
test advance_bytes_mut ... ok
test advance_past_len - should panic ... ok
test advance_vec ... ok
test arc_is_unique ... ok
test box_slice_empty ... ok
test bytes_buf_mut_advance ... ok
test bytes_into_vec ... ok
test bytes_buf_mut_reuse_when_fully_consumed ... ok
test bytes_mut_put_bytes_specialization ... ok
test bytes_mut_reserve_overflow - should panic ... ok
test bytes_mut_split_off_oob - should panic ... ok
test bytes_mut_unsplit_arc_different ... ok
test bytes_mut_unsplit_arc_non_contiguous ... ok
test bytes_mut_unsplit_basic ... ok
test bytes_mut_unsplit_empty_other ... ok
test bytes_mut_unsplit_empty_other_keeps_capacity ... ok
test bytes_mut_unsplit_empty_self ... ok
test bytes_mut_unsplit_other_keeps_capacity ... ok
test bytes_mut_unsplit_two_split_offs ... ok
test bytes_put_bytes ... ok
test bytes_with_capacity_but_empty ... ok
test bytes_reserve_overflow - should panic ... ok
test extend_from_slice_mut ... ok
test empty_slice_ref_not_an_empty_subset ... ok
test extend_mut ... ok
test extend_mut_from_bytes ... ok
test extend_mut_without_size_hint ... ok
test extend_past_lower_limit_of_size_hint ... ok
test fmt ... ok
test fmt_write ... ok
test fns_defined_for_bytes_mut ... ok
test freeze_after_advance ... ok
test freeze_after_advance_arc ... ok
test freeze_after_split_off ... ok
test freeze_after_split_to ... ok
test freeze_after_truncate ... ok
test freeze_after_truncate_arc ... ok
test freeze_clone_shared ... ok
test freeze_clone_unique ... ok
test from_iter_no_size_hint ... ok
test from_slice ... ok
test from_static ... ok
test index ... ok
test len ... ok
test mut_advance_past_len - should panic ... ok
test mut_shared_is_unique ... ok
test owned_buf_sharing ... ok
test owned_buf_slicing ... ok
test owned_dropped_exactly_once ... ok
test owned_into_vec ... ok
test owned_is_unique_always_false ... ok
test owned_safe_drop_on_as_ref_panic ... ok
test owned_to_mut ... ok
test partial_eq_bytesmut ... ok
test owned_to_vec ... ok
test reserve_convert ... ok
test reserve_allocates_at_least_original_capacity ... ok
test reserve_growth ... ok
test reserve_in_arc_nonunique_does_not_overallocate ... ok
test reserve_in_arc_unique_does_not_overallocate ... ok
test reserve_in_arc_unique_does_not_overallocate_after_split ... ok
test reserve_in_arc_unique_does_not_overallocate_after_multiple_splits ... ok
test reserve_in_arc_unique_doubles ... ok
test reserve_shared_reuse ... ok
test reserve_vec_recycling ... ok
test shared_buffer_empty_tail_reallocates_and_converts_to_vec ... ok
test shared_buffer_nonempty_unique_reallocation_freezes_and_converts_to_vec ... ok
test shared_is_unique ... ok
test shared_buffer_reserve_overflow_unwind_preserves_unique_handle ... ok
test slice ... ok
test slice_empty_addr ... ok
test slice_oob_1 - should panic ... ok
test slice_oob_2 - should panic ... ok
test slice_ref_catches_not_a_subset - should panic ... ok
test slice_ref_empty ... ok
test slice_ref_empty_subslice ... ok
test slice_ref_not_an_empty_subset ... ok
test slice_ref_works ... ok
test slice_start_greater_than_end - should panic ... ok
test split_off ... ok
test split_off_empty_addr ... ok
test split_off_empty_addr_mut ... ok
test split_off_oob - should panic ... ok
test split_off_to_at_gt_len ... ok
test split_off_uninitialized ... ok
test split_off_to_loop ... ok
test split_to_1 ... ok
test split_to_2 ... ok
test split_to_empty_addr ... ok
test split_to_empty_addr_mut ... ok
test split_to_oob - should panic ... ok
test split_to_oob_mut - should panic ... ok
test split_to_uninitialized - should panic ... ok
test static_is_unique ... ok
test test_bounds ... ok
test test_bytes_capacity_len ... ok
test test_bytes_into_vec ... ok
test test_bytes_into_vec_promotable_even ... ok
test test_bytes_mut_conversion ... ok
test test_bytes_vec_conversion ... ok
test test_bytesmut_from_bytes_bytes_mut_offset ... ok
test test_bytesmut_from_bytes_bytes_mut_shared ... ok
test test_bytesmut_from_bytes_bytes_mut_vec ... ok
test test_bytesmut_from_bytes_promotable_even_arc_1 ... ok
test test_bytesmut_from_bytes_promotable_even_arc_2 ... ok
test test_bytesmut_from_bytes_promotable_even_arc_offset ... ok
test test_bytesmut_from_bytes_promotable_even_vec ... ok
test test_bytesmut_from_bytes_static ... ok
test test_layout ... ok
test truncate ... ok
test try_reclaim_arc ... ok
test try_reclaim_empty ... ok
test try_reclaim_vec ... ok
test vec_is_unique ... ok
test reserve_max_original_capacity_value ... ok
test stress ... ok
test advance_bytes_mut_remaining_capacity ... ok

test result: ok. 118 passed; 0 failed; 0 ignored; 0 measured; 0 filtered out; finished in 1.72s

     Running tests/test_bytes_odd_alloc.rs (/workspace/bytes-proof-tools/targets/bytes/debug/deps/test_bytes_odd_alloc-9865ed470b5e44b9)

running 8 tests
test test_bytes_clone_drop ... ok
test test_bytes_from_vec_drop ... ok
test test_bytes_into_vec ... ok
test sanity_check_odd_allocator ... ok
test test_bytesmut_from_bytes_arc_1 ... ok
test test_bytesmut_from_bytes_arc_2 ... ok
test test_bytesmut_from_bytes_arc_offset ... ok
test test_bytesmut_from_bytes_vec ... ok

test result: ok. 8 passed; 0 failed; 0 ignored; 0 measured; 0 filtered out; finished in 0.00s

     Running tests/test_bytes_vec_alloc.rs (/workspace/bytes-proof-tools/targets/bytes/debug/deps/test_bytes_vec_alloc-16731d4c559d731d)

running 4 tests
test test_bytes_advance ... ok
test test_bytes_truncate ... ok
test test_bytes_truncate_and_advance ... ok
test test_bytes_into_vec ... ok

test result: ok. 4 passed; 0 failed; 0 ignored; 0 measured; 0 filtered out; finished in 0.00s

     Running tests/test_chain.rs (/workspace/bytes-proof-tools/targets/bytes/debug/deps/test_chain-0807e3bdf2640b00)

running 7 tests
test chain_get_bytes ... ok
test chain_growing_buffer ... ok
test chain_overflow_remaining_mut ... ok
test collect_two_bufs ... ok
test vectored_read ... ok
test iterating_two_bufs ... ok
test writing_chained ... ok

test result: ok. 7 passed; 0 failed; 0 ignored; 0 measured; 0 filtered out; finished in 0.00s

     Running tests/test_comparison.rs (/workspace/bytes-proof-tools/targets/bytes/debug/deps/test_comparison-a8f7a0704026445a)

running 1 test
test vec_partial_order_with_bytes_mut_preserves_operand_order ... ok

test result: ok. 1 passed; 0 failed; 0 ignored; 0 measured; 0 filtered out; finished in 0.00s

     Running tests/test_debug.rs (/workspace/bytes-proof-tools/targets/bytes/debug/deps/test_debug-e4e38cc154082e1c)

running 1 test
test fmt ... ok

test result: ok. 1 passed; 0 failed; 0 ignored; 0 measured; 0 filtered out; finished in 0.00s

     Running tests/test_explicit_cleanup_alloc.rs (/workspace/bytes-proof-tools/targets/bytes/debug/deps/test_explicit_cleanup_alloc-0ccea7b72cebeae8)

running 4 tests
test ordinary_unique_advance_releases_the_original_allocation_after_spare_writes ... ok
test zero_capacity_unique_drop_does_not_free_a_dangling_pointer ... ok
test zero_capacity_shared_splits_free_only_the_control_block ... ok
test shared_endpoint_splits_free_buffer_and_control_once_in_each_drop_order ... ok

test result: ok. 4 passed; 0 failed; 0 ignored; 0 measured; 0 filtered out; finished in 0.00s

     Running tests/test_iter.rs (/workspace/bytes-proof-tools/targets/bytes/debug/deps/test_iter-ba1757f455cf909a)

running 2 tests
test empty_iter_len ... ok
test iter_len ... ok

test result: ok. 2 passed; 0 failed; 0 ignored; 0 measured; 0 filtered out; finished in 0.00s

     Running tests/test_limit.rs (/workspace/bytes-proof-tools/targets/bytes/debug/deps/test_limit-1256ea83e1092e55)

running 8 tests
test limit_advance_mut ... ok
test limit_advance_mut_panic_2 - should panic ... ok
test limit_advance_mut_panic_1 - should panic ... ok
test limit_chunk_mut ... ok
test limit_get_mut ... ok
test limit_into_inner ... ok
test limit_set_limit ... ok
test long_limit ... ok

test result: ok. 8 passed; 0 failed; 0 ignored; 0 measured; 0 filtered out; finished in 0.00s

     Running tests/test_reader.rs (/workspace/bytes-proof-tools/targets/bytes/debug/deps/test_reader-539826549b42a67c)

running 3 tests
test buf_read ... ok
test get_mut ... ok
test read ... ok

test result: ok. 3 passed; 0 failed; 0 ignored; 0 measured; 0 filtered out; finished in 0.00s

     Running tests/test_serde.rs (/workspace/bytes-proof-tools/targets/bytes/debug/deps/test_serde-0b5fb728f41b3215)

running 0 tests

test result: ok. 0 passed; 0 failed; 0 ignored; 0 measured; 0 filtered out; finished in 0.00s

     Running tests/test_take.rs (/workspace/bytes-proof-tools/targets/bytes/debug/deps/test_take-92221c9965e53e88)

running 4 tests
test long_take ... ok
test take_chunks_vectored ... ok
test take_copy_to_bytes ... ok
test take_copy_to_bytes_panics - should panic ... ok

test result: ok. 4 passed; 0 failed; 0 ignored; 0 measured; 0 filtered out; finished in 0.00s

     Running tests/test_unique_growth.rs (/workspace/bytes-proof-tools/targets/bytes/debug/deps/test_unique_growth-ece4e9ba6d315e00)

running 4 tests
test failed_reclaim_preserves_the_view_before_growth ... ok
test reclaim_moves_a_disjoint_view_without_allocating ... ok
test empty_growth_publishes_only_written_bytes ... ok
test growing_unique_views_preserve_contents ... ok

test result: ok. 4 passed; 0 failed; 0 ignored; 0 measured; 0 filtered out; finished in 0.00s

   Doc-tests bytes

running 246 tests
test src/buf/buf_impl.rs - buf::buf_impl::Buf (line 106) ... ok
test src/buf/buf_impl.rs - buf::buf_impl::Buf::advance (line 230) ... ok
test src/buf/buf_impl.rs - buf::buf_impl::Buf::chunk (line 157) ... ok
test src/buf/buf_impl.rs - buf::buf_impl::Buf::chain (line 2416) ... ok
test src/buf/buf_impl.rs - buf::buf_impl::Buf::copy_to_slice (line 283) ... ok
test src/buf/buf_impl.rs - buf::buf_impl::Buf::get_f32_le (line 1030) ... ok
test src/buf/buf_impl.rs - buf::buf_impl::Buf::get_f32 (line 1009) ... ok
test src/buf/buf_impl.rs - buf::buf_impl::Buf::copy_to_bytes (line 2351) ... ok
test src/buf/buf_impl.rs - buf::buf_impl::Buf::get_f64_le (line 1096) ... ok
test src/buf/buf_impl.rs - buf::buf_impl::Buf::get_f32_ne (line 1051) ... ok
test src/buf/buf_impl.rs - buf::buf_impl::Buf::get_f64 (line 1075) ... ok
test src/buf/buf_impl.rs - buf::buf_impl::Buf::get_f64_ne (line 1117) ... ok
test src/buf/buf_impl.rs - buf::buf_impl::Buf::get_i16 (line 427) ... ok
test src/buf/buf_impl.rs - buf::buf_impl::Buf::get_i128_ne (line 845) ... ok
test src/buf/buf_impl.rs - buf::buf_impl::Buf::get_i128 (line 805) ... ok
test src/buf/buf_impl.rs - buf::buf_impl::Buf::get_i128_le (line 825) ... ok
test src/buf/buf_impl.rs - buf::buf_impl::Buf::get_i16_le (line 447) ... ok
test src/buf/buf_impl.rs - buf::buf_impl::Buf::get_i16_ne (line 467) ... ok
test src/buf/buf_impl.rs - buf::buf_impl::Buf::get_i32_le (line 573) ... ok
test src/buf/buf_impl.rs - buf::buf_impl::Buf::get_i32 (line 553) ... ok
test src/buf/buf_impl.rs - buf::buf_impl::Buf::get_i32_ne (line 593) ... ok
test src/buf/buf_impl.rs - buf::buf_impl::Buf::get_i64_ne (line 719) ... ok
test src/buf/buf_impl.rs - buf::buf_impl::Buf::get_i64_le (line 699) ... ok
test src/buf/buf_impl.rs - buf::buf_impl::Buf::get_i64 (line 679) ... ok
test src/buf/buf_impl.rs - buf::buf_impl::Buf::get_i8 (line 336) ... ok
test src/buf/buf_impl.rs - buf::buf_impl::Buf::get_int (line 938) ... ok
test src/buf/buf_impl.rs - buf::buf_impl::Buf::get_int_ne (line 980) ... ok
test src/buf/buf_impl.rs - buf::buf_impl::Buf::get_int_le (line 959) ... ok
test src/buf/buf_impl.rs - buf::buf_impl::Buf::get_u128 (line 742) ... ok
test src/buf/buf_impl.rs - buf::buf_impl::Buf::get_u128_le (line 762) ... ok
test src/buf/buf_impl.rs - buf::buf_impl::Buf::get_u16 (line 364) ... ok
test src/buf/buf_impl.rs - buf::buf_impl::Buf::get_u128_ne (line 782) ... ok
test src/buf/buf_impl.rs - buf::buf_impl::Buf::get_u16_le (line 384) ... ok
test src/buf/buf_impl.rs - buf::buf_impl::Buf::get_u32 (line 490) ... ok
test src/buf/buf_impl.rs - buf::buf_impl::Buf::get_u32_le (line 510) ... ok
test src/buf/buf_impl.rs - buf::buf_impl::Buf::get_u16_ne (line 404) ... ok
test src/buf/buf_impl.rs - buf::buf_impl::Buf::get_u64_ne (line 656) ... ok
test src/buf/buf_impl.rs - buf::buf_impl::Buf::get_u64 (line 616) ... ok
test src/buf/buf_impl.rs - buf::buf_impl::Buf::get_u64_le (line 636) ... ok
test src/buf/buf_impl.rs - buf::buf_impl::Buf::get_u32_ne (line 530) ... ok
test src/buf/buf_impl.rs - buf::buf_impl::Buf::get_uint_ne (line 910) ... ok
test src/buf/buf_impl.rs - buf::buf_impl::Buf::get_uint_le (line 889) ... ok
test src/buf/buf_impl.rs - buf::buf_impl::Buf::get_u8 (line 308) ... ok
test src/buf/buf_impl.rs - buf::buf_impl::Buf::get_uint (line 868) ... ok
test src/buf/buf_impl.rs - buf::buf_impl::Buf::has_remaining (line 261) ... ok
test src/buf/buf_impl.rs - buf::buf_impl::Buf::remaining (line 129) ... ok
test src/buf/buf_impl.rs - buf::buf_impl::Buf::take (line 2387) ... ok
test src/buf/buf_impl.rs - buf::buf_impl::Buf::reader (line 2441) ... ok
test src/buf/buf_impl.rs - buf::buf_impl::Buf::try_copy_to_slice (line 1144) ... ok
test src/buf/buf_impl.rs - buf::buf_impl::Buf::try_copy_to_slice (line 1155) ... ok
test src/buf/buf_impl.rs - buf::buf_impl::Buf::try_get_f32 (line 2172) ... ok
test src/buf/buf_impl.rs - buf::buf_impl::Buf::try_get_f32 (line 2180) ... ok
test src/buf/buf_impl.rs - buf::buf_impl::Buf::try_get_f32_le (line 2209) ... ok
test src/buf/buf_impl.rs - buf::buf_impl::Buf::try_get_f32_le (line 2201) ... ok
test src/buf/buf_impl.rs - buf::buf_impl::Buf::try_get_f32_ne (line 2230) ... ok
test src/buf/buf_impl.rs - buf::buf_impl::Buf::try_get_f32_ne (line 2241) ... ok
test src/buf/buf_impl.rs - buf::buf_impl::Buf::try_get_f64 (line 2262) ... ok
test src/buf/buf_impl.rs - buf::buf_impl::Buf::try_get_f64_le (line 2291) ... ok
test src/buf/buf_impl.rs - buf::buf_impl::Buf::try_get_f64 (line 2270) ... ok
test src/buf/buf_impl.rs - buf::buf_impl::Buf::try_get_f64_le (line 2299) ... ok
test src/buf/buf_impl.rs - buf::buf_impl::Buf::try_get_f64_ne (line 2320) ... ok
test src/buf/buf_impl.rs - buf::buf_impl::Buf::try_get_i128 (line 1872) ... ok
test src/buf/buf_impl.rs - buf::buf_impl::Buf::try_get_f64_ne (line 2331) ... ok
test src/buf/buf_impl.rs - buf::buf_impl::Buf::try_get_i128 (line 1880) ... ok
test src/buf/buf_impl.rs - buf::buf_impl::Buf::try_get_i128_le (line 1900) ... ok
test src/buf/buf_impl.rs - buf::buf_impl::Buf::try_get_i128_le (line 1908) ... ok
test src/buf/buf_impl.rs - buf::buf_impl::Buf::try_get_i128_ne (line 1928) ... ok
test src/buf/buf_impl.rs - buf::buf_impl::Buf::try_get_i128_ne (line 1939) ... ok
test src/buf/buf_impl.rs - buf::buf_impl::Buf::try_get_i16 (line 1350) ... ok
test src/buf/buf_impl.rs - buf::buf_impl::Buf::try_get_i16_le (line 1378) ... ok
test src/buf/buf_impl.rs - buf::buf_impl::Buf::try_get_i16 (line 1358) ... ok
test src/buf/buf_impl.rs - buf::buf_impl::Buf::try_get_i16_le (line 1386) ... ok
test src/buf/buf_impl.rs - buf::buf_impl::Buf::try_get_i16_ne (line 1406) ... ok
test src/buf/buf_impl.rs - buf::buf_impl::Buf::try_get_i16_ne (line 1417) ... ok
test src/buf/buf_impl.rs - buf::buf_impl::Buf::try_get_i32 (line 1524) ... ok
test src/buf/buf_impl.rs - buf::buf_impl::Buf::try_get_i32 (line 1532) ... ok
test src/buf/buf_impl.rs - buf::buf_impl::Buf::try_get_i32_le (line 1552) ... ok
test src/buf/buf_impl.rs - buf::buf_impl::Buf::try_get_i32_ne (line 1580) ... ok
test src/buf/buf_impl.rs - buf::buf_impl::Buf::try_get_i32_le (line 1560) ... ok
test src/buf/buf_impl.rs - buf::buf_impl::Buf::try_get_i32_ne (line 1591) ... ok
test src/buf/buf_impl.rs - buf::buf_impl::Buf::try_get_i64 (line 1698) ... ok
test src/buf/buf_impl.rs - buf::buf_impl::Buf::try_get_i64_le (line 1726) ... ok
test src/buf/buf_impl.rs - buf::buf_impl::Buf::try_get_i64 (line 1706) ... ok
test src/buf/buf_impl.rs - buf::buf_impl::Buf::try_get_i64_le (line 1734) ... ok
test src/buf/buf_impl.rs - buf::buf_impl::Buf::try_get_i64_ne (line 1765) ... ok
test src/buf/buf_impl.rs - buf::buf_impl::Buf::try_get_i64_ne (line 1754) ... ok
test src/buf/buf_impl.rs - buf::buf_impl::Buf::try_get_i8 (line 1228) ... ok
test src/buf/buf_impl.rs - buf::buf_impl::Buf::try_get_i8 (line 1236) ... ok
test src/buf/buf_impl.rs - buf::buf_impl::Buf::try_get_int_le (line 2097) ... ok
test src/buf/buf_impl.rs - buf::buf_impl::Buf::try_get_int (line 2065) ... ok
test src/buf/buf_impl.rs - buf::buf_impl::Buf::try_get_int (line 2073) ... ok
test src/buf/buf_impl.rs - buf::buf_impl::Buf::try_get_int_le (line 2105) ... ok
test src/buf/buf_impl.rs - buf::buf_impl::Buf::try_get_int_ne (line 2140) ... ok
test src/buf/buf_impl.rs - buf::buf_impl::Buf::try_get_u128 (line 1785) ... ok
test src/buf/buf_impl.rs - buf::buf_impl::Buf::try_get_int_ne (line 2129) ... ok
test src/buf/buf_impl.rs - buf::buf_impl::Buf::try_get_u128 (line 1793) ... ok
test src/buf/buf_impl.rs - buf::buf_impl::Buf::try_get_u128_le (line 1821) ... ok
test src/buf/buf_impl.rs - buf::buf_impl::Buf::try_get_u128_le (line 1813) ... ok
test src/buf/buf_impl.rs - buf::buf_impl::Buf::try_get_u128_ne (line 1841) ... ok
test src/buf/buf_impl.rs - buf::buf_impl::Buf::try_get_u128_ne (line 1852) ... ok
test src/buf/buf_impl.rs - buf::buf_impl::Buf::try_get_u16 (line 1263) ... ok
test src/buf/buf_impl.rs - buf::buf_impl::Buf::try_get_u16_le (line 1291) ... ok
test src/buf/buf_impl.rs - buf::buf_impl::Buf::try_get_u16 (line 1271) ... ok
test src/buf/buf_impl.rs - buf::buf_impl::Buf::try_get_u16_le (line 1299) ... ok
test src/buf/buf_impl.rs - buf::buf_impl::Buf::try_get_u16_ne (line 1330) ... ok
test src/buf/buf_impl.rs - buf::buf_impl::Buf::try_get_u32 (line 1437) ... ok
test src/buf/buf_impl.rs - buf::buf_impl::Buf::try_get_u16_ne (line 1319) ... ok
test src/buf/buf_impl.rs - buf::buf_impl::Buf::try_get_u32 (line 1445) ... ok
test src/buf/buf_impl.rs - buf::buf_impl::Buf::try_get_u32_ne (line 1493) ... ok
test src/buf/buf_impl.rs - buf::buf_impl::Buf::try_get_u32_le (line 1473) ... ok
test src/buf/buf_impl.rs - buf::buf_impl::Buf::try_get_u32_le (line 1465) ... ok
test src/buf/buf_impl.rs - buf::buf_impl::Buf::try_get_u32_ne (line 1504) ... ok
test src/buf/buf_impl.rs - buf::buf_impl::Buf::try_get_u64 (line 1611) ... ok
test src/buf/buf_impl.rs - buf::buf_impl::Buf::try_get_u64 (line 1619) ... ok
test src/buf/buf_impl.rs - buf::buf_impl::Buf::try_get_u64_le (line 1639) ... ok
test src/buf/buf_impl.rs - buf::buf_impl::Buf::try_get_u64_le (line 1647) ... ok
test src/buf/buf_impl.rs - buf::buf_impl::Buf::try_get_u64_ne (line 1667) ... ok
test src/buf/buf_impl.rs - buf::buf_impl::Buf::try_get_u8 (line 1193) ... ok
test src/buf/buf_impl.rs - buf::buf_impl::Buf::try_get_u64_ne (line 1678) ... ok
test src/buf/buf_impl.rs - buf::buf_impl::Buf::try_get_u8 (line 1201) ... ok
test src/buf/buf_impl.rs - buf::buf_impl::Buf::try_get_uint (line 1967) ... ok
test src/buf/buf_impl.rs - buf::buf_impl::Buf::try_get_uint (line 1959) ... ok
test src/buf/buf_impl.rs - buf::buf_impl::Buf::try_get_uint_le (line 1991) ... ok
test src/buf/buf_impl.rs - buf::buf_impl::Buf::try_get_uint_le (line 1999) ... ok
test src/buf/buf_impl.rs - buf::buf_impl::Buf::try_get_uint_ne (line 2023) ... ok
test src/buf/buf_impl.rs - buf::buf_impl::Buf::try_get_uint_ne (line 2034) ... ok
test src/buf/buf_mut.rs - buf::buf_mut::BufMut (line 23) ... ok
test src/buf/buf_mut.rs - buf::buf_mut::BufMut::advance_mut (line 80) ... ok
test src/buf/buf_mut.rs - buf::buf_mut::BufMut::has_remaining_mut (line 117) ... ok
test src/buf/buf_mut.rs - buf::buf_mut::BufMut::chain_mut (line 1333) ... ok
test src/buf/buf_mut.rs - buf::buf_mut::BufMut::chunk_mut (line 145) ... ok
test src/buf/buf_mut.rs - buf::buf_mut::BufMut::limit (line 1277) ... ok
test src/buf/buf_mut.rs - buf::buf_mut::BufMut::put_bytes (line 274) ... ok
test src/buf/buf_mut.rs - buf::buf_mut::BufMut::put (line 188) ... ok
test src/buf/buf_mut.rs - buf::buf_mut::BufMut::put_f32 (line 1128) ... ok
test src/buf/buf_mut.rs - buf::buf_mut::BufMut::put_f32_le (line 1152) ... ok
test src/buf/buf_mut.rs - buf::buf_mut::BufMut::put_f64_le (line 1228) ... ok
test src/buf/buf_mut.rs - buf::buf_mut::BufMut::put_f32_ne (line 1176) ... ok
test src/buf/buf_mut.rs - buf::buf_mut::BufMut::put_f64 (line 1204) ... ok
test src/buf/buf_mut.rs - buf::buf_mut::BufMut::put_f64_ne (line 1252) ... ok
test src/buf/buf_mut.rs - buf::buf_mut::BufMut::put_i128_le (line 901) ... ok
test src/buf/buf_mut.rs - buf::buf_mut::BufMut::put_i128_ne (line 924) ... ok
test src/buf/buf_mut.rs - buf::buf_mut::BufMut::put_i128 (line 878) ... ok
test src/buf/buf_mut.rs - buf::buf_mut::BufMut::put_i16 (line 440) ... ok
test src/buf/buf_mut.rs - buf::buf_mut::BufMut::put_i16_ne (line 486) ... ok
test src/buf/buf_mut.rs - buf::buf_mut::BufMut::put_i32 (line 586) ... ok
test src/buf/buf_mut.rs - buf::buf_mut::BufMut::put_i16_le (line 463) ... ok
test src/buf/buf_mut.rs - buf::buf_mut::BufMut::put_i32_le (line 609) ... ok
test src/buf/buf_mut.rs - buf::buf_mut::BufMut::put_i64 (line 732) ... ok
test src/buf/buf_mut.rs - buf::buf_mut::BufMut::put_i32_ne (line 632) ... ok
test src/buf/buf_mut.rs - buf::buf_mut::BufMut::put_i64_le (line 755) ... ok
test src/buf/buf_mut.rs - buf::buf_mut::BufMut::put_i64_ne (line 778) ... ok
test src/buf/buf_mut.rs - buf::buf_mut::BufMut::put_int (line 1039) ... ok
test src/buf/buf_mut.rs - buf::buf_mut::BufMut::put_int_le (line 1067) ... ok
test src/buf/buf_mut.rs - buf::buf_mut::BufMut::put_i8 (line 343) ... ok
test src/buf/buf_mut.rs - buf::buf_mut::BufMut::put_int_ne (line 1096) ... ok
test src/buf/buf_mut.rs - buf::buf_mut::BufMut::put_slice (line 233) ... ok
test src/buf/buf_mut.rs - buf::buf_mut::BufMut::put_u128 (line 805) ... ok
test src/buf/buf_mut.rs - buf::buf_mut::BufMut::put_u128_le (line 828) ... ok
test src/buf/buf_mut.rs - buf::buf_mut::BufMut::put_u128_ne (line 851) ... ok
test src/buf/buf_mut.rs - buf::buf_mut::BufMut::put_u16 (line 367) ... ok
test src/buf/buf_mut.rs - buf::buf_mut::BufMut::put_u16_le (line 390) ... ok
test src/buf/buf_mut.rs - buf::buf_mut::BufMut::put_u16_ne (line 413) ... ok
test src/buf/buf_mut.rs - buf::buf_mut::BufMut::put_u32 (line 513) ... ok
test src/buf/buf_mut.rs - buf::buf_mut::BufMut::put_u32_ne (line 559) ... ok
test src/buf/buf_mut.rs - buf::buf_mut::BufMut::put_u32_le (line 536) ... ok
test src/buf/buf_mut.rs - buf::buf_mut::BufMut::put_u64 (line 659) ... ok
test src/buf/buf_mut.rs - buf::buf_mut::BufMut::put_u64_le (line 682) ... ok
test src/buf/buf_mut.rs - buf::buf_mut::BufMut::put_u8 (line 319) ... ok
test src/buf/buf_mut.rs - buf::buf_mut::BufMut::put_u64_ne (line 705) ... ok
test src/buf/buf_mut.rs - buf::buf_mut::BufMut::put_uint (line 951) ... ok
test src/buf/buf_mut.rs - buf::buf_mut::BufMut::put_uint_le (line 979) ... ok
test src/buf/buf_mut.rs - buf::buf_mut::BufMut::remaining_mut (line 45) ... ok
test src/buf/buf_mut.rs - buf::buf_mut::BufMut::put_uint_ne (line 1008) ... ok
test src/buf/buf_mut.rs - buf::buf_mut::BufMut::writer (line 1303) ... ok
test src/buf/chain.rs - buf::chain::Chain (line 21) ... ok
test src/buf/chain.rs - buf::chain::Chain<T,U>::first_mut (line 68) ... ok
test src/buf/chain.rs - buf::chain::Chain<T,U>::first_ref (line 50) ... ok
test src/buf/chain.rs - buf::chain::Chain<T,U>::into_inner (line 124) ... ok
test src/buf/chain.rs - buf::chain::Chain<T,U>::last_mut (line 105) ... ok
test src/buf/chain.rs - buf::chain::Chain<T,U>::last_ref (line 87) ... ok
test src/buf/iter.rs - buf::iter::IntoIter (line 9) ... ok
test src/buf/iter.rs - buf::iter::IntoIter<T>::get_mut (line 90) ... ok
test src/buf/iter.rs - buf::iter::IntoIter<T>::get_ref (line 70) ... ok
test src/buf/iter.rs - buf::iter::IntoIter<T>::into_inner (line 49) ... ok
test src/buf/reader.rs - buf::reader::Reader<B>::get_ref (line 30) ... ok
test src/buf/iter.rs - buf::iter::IntoIter<T>::new (line 30) ... ok
test src/buf/reader.rs - buf::reader::Reader<B>::into_inner (line 54) ... ok
test src/buf/take.rs - buf::take::Take<T>::get_ref (line 55) ... ok
test src/buf/take.rs - buf::take::Take<T>::get_mut (line 74) ... ok
test src/buf/take.rs - buf::take::Take<T>::into_inner (line 30) ... ok
test src/buf/take.rs - buf::take::Take<T>::limit (line 98) ... ok
test src/buf/take.rs - buf::take::Take<T>::set_limit (line 122) ... ok
test src/buf/uninit_slice.rs - buf::uninit_slice::UninitSlice::as_mut_ptr (line 236) ... ok
test src/buf/uninit_slice.rs - buf::uninit_slice::UninitSlice::as_uninit_slice_mut (line 260) ... ok
test src/buf/uninit_slice.rs - buf::uninit_slice::UninitSlice::from_raw_parts_mut (line 103) ... ok
test src/buf/uninit_slice.rs - buf::uninit_slice::UninitSlice::copy_from_slice (line 199) ... ok
test src/buf/uninit_slice.rs - buf::uninit_slice::UninitSlice::len (line 283) ... ok
test src/buf/uninit_slice.rs - buf::uninit_slice::UninitSlice::new (line 39) ... ok
test src/buf/uninit_slice.rs - buf::uninit_slice::UninitSlice::write_byte (line 168) ... ok
test src/buf/uninit_slice.rs - buf::uninit_slice::UninitSlice::uninit (line 61) ... ok
test src/buf/writer.rs - buf::writer::Writer<B>::get_mut (line 49) ... ok
test src/buf/writer.rs - buf::writer::Writer<B>::get_ref (line 30) ... ok
test src/bytes.rs - bytes::Bytes (line 40) ... ok
test src/bytes.rs - bytes::Bytes::clear (line 620) ... ok
test src/buf/writer.rs - buf::writer::Writer<B>::into_inner (line 66) ... ok
test src/bytes.rs - bytes::Bytes::from_owner (line 223) ... ok
test src/bytes.rs - bytes::Bytes::from_static (line 174) ... ok
test src/bytes.rs - bytes::Bytes::is_empty (line 322) ... ok
test src/bytes.rs - bytes::Bytes::is_unique (line 345) ... ok
test src/bytes.rs - bytes::Bytes::len (line 307) ... ok
test src/bytes.rs - bytes::Bytes::new (line 145) ... ok
test src/bytes.rs - bytes::Bytes::slice_ref (line 437) ... ok
test src/bytes.rs - bytes::Bytes::slice (line 371) ... ok
test src/bytes.rs - bytes::Bytes::split_off (line 496) ... ok
test src/bytes.rs - bytes::Bytes::truncate (line 595) ... ok
test src/bytes.rs - bytes::Bytes::split_to (line 545) ... ok
test src/bytes.rs - bytes::Bytes::try_into_mut (line 644) ... ok
test src/bytes.rs - bytes::_split_off_must_use (line 1791) - compile fail ... ok
test src/bytes.rs - bytes::_split_to_must_use (line 1781) - compile fail ... ok
test src/bytes.rs - bytes::BytesMut::from (line 1170) ... ok
test src/bytes_mut.rs - bytes_mut::BytesMut::capacity (line 495) ... ok
test src/bytes_mut.rs - bytes_mut::BytesMut (line 42) ... ok
test src/bytes_mut.rs - bytes_mut::BytesMut::clear (line 878) ... ok
test src/bytes_mut.rs - bytes_mut::BytesMut::extend_from_slice (line 1582) ... ok
test src/bytes_mut.rs - bytes_mut::BytesMut::is_empty (line 478) ... ok
test src/bytes_mut.rs - bytes_mut::BytesMut::len (line 462) ... ok
test src/bytes_mut.rs - bytes_mut::BytesMut::new (line 441) ... ok
test src/bytes_mut.rs - bytes_mut::BytesMut::freeze (line 515) ... ok
test src/bytes_mut.rs - bytes_mut::BytesMut::reserve (line 1050) ... ok
test src/bytes_mut.rs - bytes_mut::BytesMut::reserve (line 1060) ... ok
test src/bytes_mut.rs - bytes_mut::BytesMut::resize (line 904) ... ok
test src/bytes_mut.rs - bytes_mut::BytesMut::set_len (line 992) ... ok
test src/bytes_mut.rs - bytes_mut::BytesMut::spare_capacity_mut (line 3647) ... ok
test src/bytes_mut.rs - bytes_mut::BytesMut::split (line 715) ... ok
test src/bytes_mut.rs - bytes_mut::BytesMut::split_off (line 624) ... ok
test src/bytes_mut.rs - bytes_mut::BytesMut::truncate (line 854) ... ok
test src/bytes_mut.rs - bytes_mut::BytesMut::split_to (line 762) ... ok
test src/bytes_mut.rs - bytes_mut::BytesMut::try_reclaim (line 1468) ... ok
test src/bytes_mut.rs - bytes_mut::BytesMut::zeroed (line 595) ... ok
test src/bytes_mut.rs - bytes_mut::BytesMut::with_capacity (line 397) ... ok
test src/bytes_mut.rs - bytes_mut::BytesMut::unsplit (line 1658) ... ok
test src/bytes_mut.rs - bytes_mut::_split_must_use (line 4709) - compile fail ... ok
test src/bytes_mut.rs - bytes_mut::_split_off_must_use (line 4699) - compile fail ... ok
test src/bytes_mut.rs - bytes_mut::_split_to_must_use (line 4689) - compile fail ... ok
test src/lib.rs - (line 32) ... ok

test result: ok. 246 passed; 0 failed; 0 ignored; 0 measured; 0 filtered out; finished in 4.75s

