handle comparison: one prover; 1024 MiB; no sc-drf
     Removed 19 files, 8.9MiB total
   Compiling bytes-handle-comparison v0.1.0 (/workspace/bytes-runtime-verification/bytes/1.11.1/verification/probes/handle-comparison)
warning: unused imports: `boxed_alignment` and `owned_region`
  --> src/lib.rs:31:28
   |
31 |     pub(crate) use crate::{owned_region, raw_vec, sequential_counter, shared_protocol, bound_ptr, boxed_alignment};
   |                            ^^^^^^^^^^^^                                                           ^^^^^^^^^^^^^^^
   |
   = note: `#[warn(unused_imports)]` (part of `#[warn(unused)]`) on by default

warning: unused import: `ManuallyDrop`
 --> /workspace/bytes-proof-tools/targets/bytes/debug/build/bytes-handle-comparison-41bdd1c45df3dd8e/out/actual_traits.rs:2:23
  |
2 | use core::mem::{self, ManuallyDrop, MaybeUninit};
  |                       ^^^^^^^^^^^^

warning: unused import: `self`
 --> /workspace/bytes-proof-tools/targets/bytes/debug/build/bytes-handle-comparison-41bdd1c45df3dd8e/out/actual_traits.rs:3:17
  |
3 | use core::ptr::{self, NonNull};
  |                 ^^^^

warning: unused imports: `AtomicUsize` and `Ordering`
 --> /workspace/bytes-proof-tools/targets/bytes/debug/build/bytes-handle-comparison-41bdd1c45df3dd8e/out/actual_traits.rs:5:26
  |
5 | use core::sync::atomic::{AtomicUsize, Ordering};
  |                          ^^^^^^^^^^^  ^^^^^^^^

warning: unused import: `prelude`
   --> /workspace/bytes-proof-tools/targets/bytes/debug/build/bytes-handle-comparison-41bdd1c45df3dd8e/out/actual_traits.rs:133:53
    |
133 |     use creusot_std::{ghost::perm::Perm, logic::Id, prelude::*};
    |                                                     ^^^^^^^

warning: unused variable: `base`
   --> src/../../../../src/ownership_proof/raw_vec.rs:905:25
    |
905 |     let RawAllocation { base, capacity, namespace: _, _not_objective: _ } = raw;
    |                         ^^^^ help: try ignoring the field: `base: _`
    |
    = note: `#[warn(unused_variables)]` (part of `#[warn(unused)]`) on by default

warning: unused variable: `capacity`
   --> src/../../../../src/ownership_proof/raw_vec.rs:905:31
    |
905 |     let RawAllocation { base, capacity, namespace: _, _not_objective: _ } = raw;
    |                               ^^^^^^^^ help: try ignoring the field: `capacity: _`

warning: unused variable: `base`
   --> src/../../../../src/ownership_proof/raw_vec.rs:941:9
    |
941 |     let base = bound.as_ptr();
    |         ^^^^ help: if this is intentional, prefix it with an underscore: `_base`

warning: constant `NOT_VEC_POS_MASK` is never used
  --> src/../../../../src/capacity_ops.rs:29:18
   |
29 | pub(crate) const NOT_VEC_POS_MASK: usize = 0b11111;
   |                  ^^^^^^^^^^^^^^^^
   |
   = note: `#[warn(dead_code)]` (part of `#[warn(unused)]`) on by default

warning: constant `MAX_VEC_POS` is never used
  --> src/../../../../src/capacity_ops.rs:30:18
   |
30 | pub(crate) const MAX_VEC_POS: usize = usize::MAX >> VEC_POS_OFFSET;
   |                  ^^^^^^^^^^^

warning: function `original_capacity_repr_from_data` is never used
   --> src/../../../../src/capacity_ops.rs:125:15
    |
125 | pub(crate) fn original_capacity_repr_from_data(data: usize) -> usize {
    |               ^^^^^^^^^^^^^^^^^^^^^^^^^^^^^^^^

warning: function `vec_pos_from_data` is never used
   --> src/../../../../src/capacity_ops.rs:132:15
    |
132 | pub(crate) fn vec_pos_from_data(data: usize) -> usize {
    |               ^^^^^^^^^^^^^^^^^

warning: function `set_vec_pos_in_data` is never used
   --> src/../../../../src/capacity_ops.rs:143:15
    |
143 | pub(crate) fn set_vec_pos_in_data(data: usize, pos: usize) -> usize {
    |               ^^^^^^^^^^^^^^^^^^^

warning: function `pointer_addr_eq` is never used
  --> src/../../../../src/provenance_specs.rs:19:15
   |
19 | pub(crate) fn pointer_addr_eq<T>(left: *const T, right: *const T) -> bool {
   |               ^^^^^^^^^^^^^^^

warning: function `pointer_with_address` is never used
  --> src/../../../../src/provenance_specs.rs:86:15
   |
86 | pub(crate) fn pointer_with_address(ptr: *mut u8, new_addr: usize) -> *mut u8 {
   |               ^^^^^^^^^^^^^^^^^^^^

warning: function `map_op_get` is never used
  --> src/../../../../src/ownership_proof/owned_region.rs:47:15
   |
47 | pub(crate) fn map_op_get(
   |               ^^^^^^^^^^

warning: associated items `into_parts`, `slots`, `slot`, `restrict`, `split_at`, and `join` are never used
   --> src/../../../../src/ownership_proof/owned_region.rs:125:19
    |
 95 | impl OwnedRegion {
    | ---------------- associated items in this implementation
...
125 |     pub(crate) fn into_parts(self) -> (Int, Int, Resource<KernelRA>) {
    |                   ^^^^^^^^^^
...
149 |     pub(crate) fn slots(self) -> FMap<Int, Excl<Option<u8>>> {
    |                   ^^^^^
...
156 |     pub(crate) fn slot(self, index: Int) -> Option<Option<u8>> {
    |                   ^^^^
...
167 |     fn restrict(
    |        ^^^^^^^^
...
192 |     pub(crate) fn split_at(self, at: Int) -> (Self, Self) {
    |                   ^^^^^^^^
...
243 |     pub(crate) fn join(self, other: Self) -> Self {
    |                   ^^^^

warning: function `slots_grown` is never used
  --> src/../../../../src/ownership_proof/raw_vec.rs:72:4
   |
72 | fn slots_grown(old: SlotMap, old_capacity: Int, capacity: Int) -> SlotMap {
   |    ^^^^^^^^^^^

warning: function `reallocate_bound` is never used
   --> src/../../../../src/ownership_proof/raw_vec.rs:103:22
    |
103 | pub(crate) unsafe fn reallocate_bound(base: BoundPtr, old_capacity: usize, capacity: usize,
    |                      ^^^^^^^^^^^^^^^^

warning: methods `as_non_null` and `advance_within` are never used
   --> src/../../../../src/ownership_proof/raw_vec.rs:273:19
    |
241 | impl BoundPtr {
    | ------------- methods in this implementation
...
273 |     pub(crate) fn as_non_null(&self) -> NonNull<u8> {
    |                   ^^^^^^^^^^^
...
331 |     pub(crate) fn advance_within(&self, count: usize) -> Self {
    |                   ^^^^^^^^^^^^^^

warning: methods `split_at` and `join` are never used
   --> src/../../../../src/ownership_proof/raw_vec.rs:535:19
    |
479 | impl PhysicalRegion {
    | ------------------- methods in this implementation
...
535 |     pub(crate) fn split_at(self, at: Int) -> (Self, Self) {
    |                   ^^^^^^^^
...
565 |     pub(crate) fn join(self, other: Self) -> Self {
    |                   ^^^^

warning: associated items `slot`, `kernel_unit_is_empty`, `empty_from`, `retire`, and `finish` are never used
   --> src/../../../../src/ownership_proof/raw_vec.rs:632:19
    |
610 | impl PhysicalPool {
    | ----------------- associated items in this implementation
...
632 |     pub(crate) fn slot(self, index: Int) -> Option<Option<u8>> {
    |                   ^^^^
...
646 |     fn kernel_unit_is_empty() {
    |        ^^^^^^^^^^^^^^^^^^^^
...
672 |     pub(crate) fn empty_from(region: &PhysicalRegion) -> Self {
    |                   ^^^^^^^^^^
...
705 |     pub(crate) fn retire(self, region: PhysicalRegion) -> Self {
    |                   ^^^^^^
...
741 |     pub(crate) fn finish(self, lo: Int) -> PhysicalRegion {
    |                   ^^^^^^

warning: function `resume_vec` is never used
   --> src/../../../../src/ownership_proof/raw_vec.rs:865:22
    |
865 | pub(crate) unsafe fn resume_vec(
    |                      ^^^^^^^^^^

warning: function `deallocate_vec` is never used
   --> src/../../../../src/ownership_proof/raw_vec.rs:901:22
    |
901 | pub(crate) unsafe fn deallocate_vec(
    |                      ^^^^^^^^^^^^^^

warning: function `borrow_mut` is never used
   --> src/../../../../src/ownership_proof/raw_vec.rs:985:22
    |
985 | pub(crate) unsafe fn borrow_mut<'a>(
    |                      ^^^^^^^^^^

warning: function `slot_known_equivalence` is never used
    --> src/../../../../src/ownership_proof/raw_vec.rs:1007:15
     |
1007 | pub(crate) fn slot_known_equivalence(slot: Option<Option<u8>>) {}
     |               ^^^^^^^^^^^^^^^^^^^^^^

warning: function `borrow_bound_uninit_mut` is never used
    --> src/../../../../src/ownership_proof/raw_vec.rs:1086:22
     |
1086 | pub(crate) unsafe fn borrow_bound_uninit_mut<'a>(
     |                      ^^^^^^^^^^^^^^^^^^^^^^^

warning: function `borrow_spare_preserving_prefix` is never used
    --> src/../../../../src/ownership_proof/raw_vec.rs:1124:22
     |
1124 | pub(crate) unsafe fn borrow_spare_preserving_prefix<'a>(
     |                      ^^^^^^^^^^^^^^^^^^^^^^^^^^^^^^

warning: function `borrow_empty_bound_uninit_mut` is never used
    --> src/../../../../src/ownership_proof/raw_vec.rs:1181:22
     |
1181 | pub(crate) unsafe fn borrow_empty_bound_uninit_mut<'a>(
     |                      ^^^^^^^^^^^^^^^^^^^^^^^^^^^^^

warning: field `inner` is never read
  --> src/../../../../src/ownership_proof/sequential_counter.rs:21:5
   |
20 | pub(crate) struct SequentialCounter {
   |                   ----------------- field in this struct
21 |     inner: AtomicUsize,
   |     ^^^^^

warning: associated items `new`, `fetch_add_relaxed`, `fetch_sub_release`, and `load_acquire` are never used
  --> src/../../../../src/ownership_proof/sequential_counter.rs:48:19
   |
43 | impl SequentialCounter {
   | ---------------------- associated items in this implementation
...
48 |     pub(crate) fn new(value: usize) -> (Self, Ghost<CounterOwn>) {
   |                   ^^^
...
66 |     pub(crate) fn fetch_add_relaxed(&self, amount: usize, own: Ghost<&mut CounterOwn>) -> usize {
   |                   ^^^^^^^^^^^^^^^^^
...
79 |     pub(crate) fn fetch_sub_release(&self, amount: usize, own: Ghost<&mut CounterOwn>) -> usize {
   |                   ^^^^^^^^^^^^^^^^^
...
89 |     pub(crate) fn load_acquire(&self, own: Ghost<&CounterOwn>) -> usize {
   |                   ^^^^^^^^^^^^

warning: function `initialize` is never used
   --> src/../../../../src/ownership_proof/shared_protocol.rs:103:15
    |
103 | pub(crate) fn initialize(capacity: usize, split: usize, caps: Ghost<(Recovery, PhysicalRegion)>) -> Ghost<(Coordinator, Packet, Pac...
    |               ^^^^^^^^^^

warning: function `retire` is never used
   --> src/../../../../src/ownership_proof/shared_protocol.rs:135:15
    |
135 | pub(crate) fn retire(coordinator: Ghost<&mut Coordinator>, packet: Ghost<Packet>, left: bool) {
    |               ^^^^^^

warning: function `finish` is never used
   --> src/../../../../src/ownership_proof/shared_protocol.rs:162:15
    |
162 | pub(crate) fn finish(coordinator: Ghost<Coordinator>) -> Ghost<(Recovery, PhysicalRegion)> {
    |               ^^^^^^

warning: function `borrow_packet_uninit_mut` is never used
   --> src/../../../../src/ownership_proof/shared_protocol.rs:237:22
    |
237 | pub(crate) unsafe fn borrow_packet_uninit_mut<'a>(
    |                      ^^^^^^^^^^^^^^^^^^^^^^^^

warning: function `into_raw_aligned` is never used
  --> src/../../../../src/ownership_proof/boxed_alignment.rs:13:15
   |
13 | pub(crate) fn into_raw_aligned<T>(value: Box<T>) -> (*mut T, Ghost<Box<Perm<*const T>>>) {
   |               ^^^^^^^^^^^^^^^^

warning: function `aligned_address_has_clear_low_bit` is never used
  --> src/../../../../src/ownership_proof/boxed_alignment.rs:23:15
   |
23 | pub(crate) fn aligned_address_has_clear_low_bit(address: usize, alignment: usize) {}
   |               ^^^^^^^^^^^^^^^^^^^^^^^^^^^^^^^^^

warning: fields `buffer`, `original_capacity_repr`, and `ref_count` are never read
  --> /workspace/bytes-proof-tools/targets/bytes/debug/build/bytes-handle-comparison-41bdd1c45df3dd8e/out/actual_traits.rs:57:5
   |
56 | struct Shared {
   |        ------ fields in this struct
57 |     buffer: SharedBuffer,
   |     ^^^^^^
58 |     original_capacity_repr: usize,
   |     ^^^^^^^^^^^^^^^^^^^^^^
...
62 |     ref_count: crate::ownership_proof::sequential_counter::SequentialCounter,
   |     ^^^^^^^^^

warning: fields `base` and `capacity` are never read
  --> /workspace/bytes-proof-tools/targets/bytes/debug/build/bytes-handle-comparison-41bdd1c45df3dd8e/out/actual_traits.rs:68:5
   |
64 | struct SharedBuffer {
   |        ------------ fields in this struct
...
68 |     base: crate::ownership_proof::raw_vec::BoundPtr,
   |     ^^^^
69 |     capacity: usize,
   |     ^^^^^^^^

warning: multiple associated items are never used
   --> /workspace/bytes-proof-tools/targets/bytes/debug/build/bytes-handle-comparison-41bdd1c45df3dd8e/out/actual_traits.rs:701:12
    |
398 | impl BytesMut {
    | ------------- associated items in this implementation
...
701 |     pub fn spare_capacity_mut(&mut self) -> &mut [MaybeUninit<u8>] {
    |            ^^^^^^^^^^^^^^^^^^
...
732 |     pub fn truncate(&mut self, len: usize) {
    |            ^^^^^^^^
...
744 |     pub fn clear(&mut self) {
    |            ^^^^^
...
757 |     pub unsafe fn set_len(&mut self, len: usize) {
    |                   ^^^^^^^
...
763 |     pub fn len(&self) -> usize {
    |            ^^^
...
768 |     pub fn capacity(&self) -> usize {
    |            ^^^^^^^^
...
777 |     fn proof_generic_as_ref<T: AsRef<[u8]>>(owner: &T) -> Option<u8> {
    |        ^^^^^^^^^^^^^^^^^^^^
...
782 |     fn proof_generic_as_mut<T: AsMut<[u8]>>(owner: &mut T, value: u8) {
    |        ^^^^^^^^^^^^^^^^^^^^
...
787 |     pub(crate) fn proof_traits_unique(input: Vec<u8>, value: u8) {
    |                   ^^^^^^^^^^^^^^^^^^^

warning: field `identity` is never read
   --> /workspace/bytes-proof-tools/targets/bytes/debug/build/bytes-handle-comparison-41bdd1c45df3dd8e/out/actual_traits.rs:139:20
    |
137 |     pub(crate) struct ControlPtr {
    |                       ---------- field in this struct
138 |         pub(super) pointer: *mut Shared,
139 |         pub(super) identity: Ghost<Id>,
    |                    ^^^^^^^^
    |
    = note: `ControlPtr` has a derived impl for the trait `Clone`, but this is intentionally ignored during dead code analysis

warning: fields `registry`, `counter`, `owner`, and `status` are never read
   --> /workspace/bytes-proof-tools/targets/bytes/debug/build/bytes-handle-comparison-41bdd1c45df3dd8e/out/actual_traits.rs:142:20
    |
141 |     pub(crate) struct ControlContext {
    |                       -------------- fields in this struct
142 |         pub(super) registry: Option<Coordinator>,
    |                    ^^^^^^^^
143 |         pub(super) counter: Option<CounterOwn>,
    |                    ^^^^^^^
144 |         pub(super) owner: Option<Box<Perm<*const Shared>>>,
    |                    ^^^^^
145 |         pub(super) status: Snapshot<Status>,
    |                    ^^^^^^

warning: methods `valid` and `active` are never used
   --> /workspace/bytes-proof-tools/targets/bytes/debug/build/bytes-handle-comparison-41bdd1c45df3dd8e/out/actual_traits.rs:149:23
    |
147 |     impl ControlContext {
    |     ------------------- methods in this implementation
148 |         #[logic(open(super), prophetic)]
149 |         pub(super) fn valid(self, control: ControlPtr) -> bool {
    |                       ^^^^^
...
167 |         pub(super) fn active(self) -> bool { pearlite! { self.registry != None } }
    |                       ^^^^^^

warning: fields `counter`, `owner`, and `caps` are never read
   --> /workspace/bytes-proof-tools/targets/bytes/debug/build/bytes-handle-comparison-41bdd1c45df3dd8e/out/actual_traits.rs:173:20
    |
172 |     pub(super) struct PendingControl {
    |                       -------------- fields in this struct
173 |         pub(super) counter: CounterOwn,
    |                    ^^^^^^^
174 |         pub(super) owner: Box<Perm<*const Shared>>,
    |                    ^^^^^
175 |         pub(super) caps: (raw_vec::Recovery, raw_vec::PhysicalRegion),
    |                    ^^^^

warning: method `valid` is never used
   --> /workspace/bytes-proof-tools/targets/bytes/debug/build/bytes-handle-comparison-41bdd1c45df3dd8e/out/actual_traits.rs:179:23
    |
177 |     impl PendingControl {
    |     ------------------- method in this implementation
178 |         #[logic(open(super), prophetic)]
179 |         pub(super) fn valid(self, pointer: *mut Shared, base: BoundPtr, capacity: usize) -> bool {
    |                       ^^^^^

warning: methods `same_registration` and `matches` are never used
   --> /workspace/bytes-proof-tools/targets/bytes/debug/build/bytes-handle-comparison-41bdd1c45df3dd8e/out/actual_traits.rs:216:23
    |
200 |     impl HandleRegistration {
    |     ----------------------- methods in this implementation
...
216 |         pub(super) fn same_registration(self, other: Self) -> bool {
    |                       ^^^^^^^^^^^^^^^^^
...
226 |         pub(super) fn matches(self, context: ControlContext) -> bool {
    |                       ^^^^^^^

warning: function `activate` is never used
   --> /workspace/bytes-proof-tools/targets/bytes/debug/build/bytes-handle-comparison-41bdd1c45df3dd8e/out/actual_traits.rs:257:19
    |
257 |     pub(super) fn activate(pointer: *mut Shared, base: BoundPtr, capacity: usize, split: usize,
    |                   ^^^^^^^^

warning: function `new` is never used
   --> /workspace/bytes-proof-tools/targets/bytes/debug/build/bytes-handle-comparison-41bdd1c45df3dd8e/out/actual_traits.rs:286:8
    |
286 |     fn new(input: Vec<u8>, split: usize) -> (ControlPtr, Ghost<ControlContext>, Ghost<Packet>, Ghost<Packet>) {
    |        ^^^

warning: function `release` is never used
   --> /workspace/bytes-proof-tools/targets/bytes/debug/build/bytes-handle-comparison-41bdd1c45df3dd8e/out/actual_traits.rs:323:19
    |
323 |     pub(super) fn release(control: ControlPtr, mut context: Ghost<&mut ControlContext>, packet: Ghost<Packet>, left: bool) -> bool {
    |                   ^^^^^^^

warning: function `release_left_then_right` is never used
   --> /workspace/bytes-proof-tools/targets/bytes/debug/build/bytes-handle-comparison-41bdd1c45df3dd8e/out/actual_traits.rs:367:19
    |
367 |     pub(crate) fn release_left_then_right(input: Vec<u8>, split: usize) {
    |                   ^^^^^^^^^^^^^^^^^^^^^^^

warning: function `release_right_then_left` is never used
   --> /workspace/bytes-proof-tools/targets/bytes/debug/build/bytes-handle-comparison-41bdd1c45df3dd8e/out/actual_traits.rs:376:19
    |
376 |     pub(crate) fn release_right_then_left(input: Vec<u8>, split: usize) {
    |                   ^^^^^^^^^^^^^^^^^^^^^^^

warning: `bytes-handle-comparison` (lib) generated 51 warnings (run `cargo fix --lib -p bytes-handle-comparison` to apply 7 suggestions)
    Finished `dev` profile [unoptimized + debuginfo] target(s) in 3.23s
No dangling files found
Proved (81 files) ✔
