    Updating crates.io index
     Locking 27 packages to latest compatible versions
   Compiling bytes v1.11.1 (/workspace/bytes-runtime-verification/bytes/1.11.1)
warning: unused variable: `len`
  --> /workspace/bytes-runtime-verification/bytes/1.11.1/src/cursor_ops.rs:44:45
   |
44 | pub(crate) fn cursor_position_after_advance(len: usize, pos: u64, cnt: usize) -> u64 {
   |                                             ^^^ help: if this is intentional, prefix it with an underscore: `_len`
   |
   = note: `#[warn(unused_variables)]` (part of `#[warn(unused)]`) on by default

warning: function `wrapping_offset` is never used
  --> /workspace/bytes-runtime-verification/bytes/1.11.1/src/provenance_specs.rs:75:15
   |
75 | pub(crate) fn wrapping_offset(ptr: *mut u8, offset: usize) -> *mut u8 {
   |               ^^^^^^^^^^^^^^^
   |
   = note: `#[warn(dead_code)]` (part of `#[warn(unused)]`) on by default

warning: function `pointer_with_address` is never used
  --> /workspace/bytes-runtime-verification/bytes/1.11.1/src/provenance_specs.rs:86:15
   |
86 | pub(crate) fn pointer_with_address(ptr: *mut u8, new_addr: usize) -> *mut u8 {
   |               ^^^^^^^^^^^^^^^^^^^^

warning: `bytes` (lib) generated 3 warnings (run `cargo fix --lib -p bytes` to apply 1 suggestion)
   Compiling bytes-vec-order-counterexample v0.1.0 (/workspace/bytes-runtime-verification/bytes/1.11.1/verification/probes/handle-comparison/runtime-counterexample)
    Finished `dev` profile [unoptimized + debuginfo] target(s) in 1.62s
     Running `/tmp/bytes-handle-comparison-native/debug/bytes-vec-order-counterexample`
Vec([0]).partial_cmp(BytesMut([1])) = Some(Greater); byte-slice comparison = Some(Less)

thread 'main' (703857) panicked at src/main.rs:10:5:
assertion `left == right` failed: heterogeneous ordering must preserve receiver/RHS order
  left: Some(Greater)
 right: Some(Less)
note: run with `RUST_BACKTRACE=1` environment variable to display a backtrace
