File "/tmp/why3-toolpatch-overlay.UdPpLF/stdlib/bv.mlw", line 716, character 4 to line 717, character 63:
Goal to_uint_lsr_triggered.
Prover result is: Valid (0.07s, 199023 steps).
Archived source commit cf60e6f7f7d53abe66565774bc58c582b6932f53 at /tmp/itoa-phase2-toolpatch.ZHsUZO
   Compiling autocfg v1.5.1
   Compiling proc-macro2 v1.0.107
   Compiling libc v0.2.189
   Compiling unicode-ident v1.0.26
   Compiling quote v1.0.47
   Compiling getrandom v0.4.3
   Compiling num-traits v0.2.19
   Compiling cfg-if v1.0.5
   Compiling syn v2.0.119
    Checking num-integer v0.1.47
    Checking num-bigint v0.4.8
   Compiling uuid v1.26.1
    Checking num-rational v0.4.2
   Compiling pearlite-syn v0.11.0-dev (/tmp/itoa-phase2-toolpatch.ZHsUZO/creusot-libs/pearlite-syn)
   Compiling creusot-std-proc v0.11.0-dev (/tmp/itoa-phase2-toolpatch.ZHsUZO/creusot-libs/creusot-std-proc)
    Checking creusot-std v0.11.0-dev (/tmp/itoa-phase2-toolpatch.ZHsUZO/creusot-libs/creusot-std)
    Checking itoa-proof v1.0.18 (/tmp/itoa-phase2-toolpatch.ZHsUZO/itoa/1.0.18)
warning: function `magic_quotient` is never used
 --> src/divmod100.rs:9:4
  |
9 | fn magic_quotient(n: Int) {
  |    ^^^^^^^^^^^^^^
  |
  = note: `#[warn(dead_code)]` (part of `#[warn(unused)]`) on by default

warning: function `divmod100` is never used
  --> src/divmod100.rs:32:15
   |
32 | pub(crate) fn divmod100(value: u32) -> (u32, u32) {
   |               ^^^^^^^^^

warning: struct `DecimalPairs` is never constructed
 --> src/decimal_pairs.rs:5:19
  |
5 | pub(crate) struct DecimalPairs(pub(crate) [u8; 200]);
  |                   ^^^^^^^^^^^^

warning: constant `DECIMAL_PAIRS` is never used
  --> src/decimal_pairs.rs:61:18
   |
61 | pub(crate) const DECIMAL_PAIRS: DecimalPairs = decimal_pairs_scalar!();
   |                  ^^^^^^^^^^^^^

warning: function `decimal_pair_correct` is never used
  --> src/decimal_pairs.rs:71:15
   |
71 | pub(crate) fn decimal_pair_correct(n: u32) -> (u8, u8) {
   |               ^^^^^^^^^^^^^^^^^^^^

warning: `itoa-proof` (lib) generated 5 warnings
    Finished `dev` profile [unoptimized + debuginfo] target(s) in 28.28s
Library verif.itoa_rlib.decimal_pairs.decimal_pair_correct: ✔ (2)
Library verif.itoa_rlib.divmod100.magic_quotient: ✔ (1)
Library verif.itoa_rlib.verification.decimal_len_bounded: ✔ (1)
Library verif.itoa_rlib.verification.decimal_values: ✔ (1)
Library verif.itoa_rlib.verification.decimal_values_one_digit: ✔ (1)
Library verif.itoa_rlib.verification.impl_Buffer.new: ✔ (1)
Library verif.itoa_rlib.verification.impl_Clone_for_Buffer.clone: ✔ (2)
Library verif.itoa_rlib.verification.impl_Clone_for_Buffer.clone__refines: ✔ (1)
Library verif.itoa_rlib.verification.impl_Default_for_Buffer.default: ✔ (2)
Library verif.itoa_rlib.verification.impl_Default_for_Buffer.default__refines: ✔ (1)
Library verif.itoa_rlib.verification.impl_Sealed_for_i128.is_negative: ✔ (1)
Library verif.itoa_rlib.verification.impl_Sealed_for_i128.is_negative__refines: ✔ (1)
Library verif.itoa_rlib.verification.impl_Sealed_for_i128.magnitude: ✔ (1)
Library verif.itoa_rlib.verification.impl_Sealed_for_i128.magnitude__refines: ✔ (1)
Library verif.itoa_rlib.verification.impl_Sealed_for_i16.is_negative: ✔ (1)
Library verif.itoa_rlib.verification.impl_Sealed_for_i16.is_negative__refines: ✔ (1)
Library verif.itoa_rlib.verification.impl_Sealed_for_i16.magnitude: ✔ (1)
Library verif.itoa_rlib.verification.impl_Sealed_for_i16.magnitude__refines: ✔ (1)
Library verif.itoa_rlib.verification.impl_Sealed_for_i32.is_negative: ✔ (1)
Library verif.itoa_rlib.verification.impl_Sealed_for_i32.is_negative__refines: ✔ (1)
Library verif.itoa_rlib.verification.impl_Sealed_for_i32.magnitude: ✔ (1)
Library verif.itoa_rlib.verification.impl_Sealed_for_i32.magnitude__refines: ✔ (1)
Library verif.itoa_rlib.verification.impl_Sealed_for_i64.is_negative: ✔ (1)
Library verif.itoa_rlib.verification.impl_Sealed_for_i64.is_negative__refines: ✔ (1)
Library verif.itoa_rlib.verification.impl_Sealed_for_i64.magnitude: ✔ (1)
Library verif.itoa_rlib.verification.impl_Sealed_for_i64.magnitude__refines: ✔ (1)
Library verif.itoa_rlib.verification.impl_Sealed_for_i8.is_negative: ✔ (1)
Library verif.itoa_rlib.verification.impl_Sealed_for_i8.is_negative__refines: ✔ (1)
Library verif.itoa_rlib.verification.impl_Sealed_for_i8.magnitude: ✔ (1)
Library verif.itoa_rlib.verification.impl_Sealed_for_i8.magnitude__refines: ✔ (1)
Library verif.itoa_rlib.verification.impl_Sealed_for_isize.is_negative: ✔ (1)
Library verif.itoa_rlib.verification.impl_Sealed_for_isize.is_negative__refines: ✔ (1)
Library verif.itoa_rlib.verification.impl_Sealed_for_isize.magnitude: ✔ (1)
Library verif.itoa_rlib.verification.impl_Sealed_for_isize.magnitude__refines: ✔ (1)
Library verif.itoa_rlib.verification.impl_Sealed_for_u128.is_negative: ✔ (1)
Library verif.itoa_rlib.verification.impl_Sealed_for_u128.is_negative__refines: ✔ (1)
Library verif.itoa_rlib.verification.impl_Sealed_for_u128.magnitude: ✔ (1)
Library verif.itoa_rlib.verification.impl_Sealed_for_u16.is_negative: ✔ (1)
Library verif.itoa_rlib.verification.impl_Sealed_for_u128.magnitude__refines: ✔ (1)
Library verif.itoa_rlib.verification.impl_Sealed_for_u16.is_negative__refines: ✔ (1)
Library verif.itoa_rlib.verification.impl_Sealed_for_u16.magnitude__refines: ✔ (1)
Library verif.itoa_rlib.verification.impl_Sealed_for_u16.magnitude: ✔ (1)
Library verif.itoa_rlib.verification.impl_Sealed_for_u32.is_negative: ✔ (1)
Library verif.itoa_rlib.verification.impl_Sealed_for_u32.is_negative__refines: ✔ (1)
Library verif.itoa_rlib.verification.impl_Sealed_for_u32.magnitude: ✔ (1)
Library verif.itoa_rlib.verification.impl_Sealed_for_u32.magnitude__refines: ✔ (1)
Library verif.itoa_rlib.verification.impl_Sealed_for_u64.is_negative: ✔ (1)
Library verif.itoa_rlib.verification.impl_Sealed_for_u64.is_negative__refines: ✔ (1)
Library verif.itoa_rlib.verification.impl_Sealed_for_u64.magnitude: ✔ (1)
Library verif.itoa_rlib.verification.impl_Sealed_for_u64.magnitude__refines: ✔ (1)
Library verif.itoa_rlib.verification.impl_Sealed_for_u8.is_negative: ✔ (1)
Library verif.itoa_rlib.verification.impl_Sealed_for_u8.is_negative__refines: ✔ (1)
Library verif.itoa_rlib.verification.impl_Sealed_for_u8.magnitude: ✔ (1)
Library verif.itoa_rlib.verification.impl_Sealed_for_usize.is_negative: ✔ (1)
Library verif.itoa_rlib.verification.impl_Sealed_for_usize.magnitude: ✔ (1)
Library verif.itoa_rlib.verification.impl_Sealed_for_u8.magnitude__refines: ✔ (1)
Library verif.itoa_rlib.verification.impl_Sealed_for_usize.is_negative__refines: ✔ (1)
Library verif.itoa_rlib.verification.impl_Sealed_for_usize.magnitude__refines: ✔ (1)
Library verif.itoa_rlib.verification.power_of_ten: ✔ (1)
Library verif.itoa_rlib.verification.power_of_ten_39: ✔ (1)
Library verif.itoa_rlib.verification.power_of_ten_unfold: ✔ (1)
Library verif.itoa_rlib.verification.write_byte: ✔ (1)
Library verif.itoa_rlib.verification.write_model: ✔ (1)
Library verif.itoa_rlib.verification.write_model_unfold: ✔ (1)
Library verif.itoa_rlib.verification.decimal_values_unfold: ✔ (1)
Library verif.itoa_rlib.verification.write_model_preserves_len: ✔ (1)
Library verif.itoa_rlib.divmod100.divmod100: ✔ (1)
Library verif.itoa_rlib.verification.write_model_is_decimal: ✔ (48)
Library verif.itoa_rlib.verification.impl_Buffer.format: ✔ (32)
Library verif.itoa_rlib.verification.write_unsigned: ✔ (42)
   Compiling no-panic v0.1.37
   Compiling syn v3.0.6
    Checking itoa-proof v1.0.18 (/tmp/itoa-phase2-toolpatch.ZHsUZO/itoa/1.0.18)
warning: function `magic_quotient` is never used
 --> src/divmod100.rs:9:4
  |
9 | fn magic_quotient(n: Int) {
  |    ^^^^^^^^^^^^^^
  |
  = note: `#[warn(dead_code)]` (part of `#[warn(unused)]`) on by default

warning: function `divmod100` is never used
  --> src/divmod100.rs:32:15
   |
32 | pub(crate) fn divmod100(value: u32) -> (u32, u32) {
   |               ^^^^^^^^^

warning: struct `DecimalPairs` is never constructed
 --> src/decimal_pairs.rs:5:19
  |
5 | pub(crate) struct DecimalPairs(pub(crate) [u8; 200]);
  |                   ^^^^^^^^^^^^

warning: constant `DECIMAL_PAIRS` is never used
  --> src/decimal_pairs.rs:61:18
   |
61 | pub(crate) const DECIMAL_PAIRS: DecimalPairs = decimal_pairs_scalar!();
   |                  ^^^^^^^^^^^^^

warning: function `decimal_pair_correct` is never used
  --> src/decimal_pairs.rs:71:15
   |
71 | pub(crate) fn decimal_pair_correct(n: u32) -> (u8, u8) {
   |               ^^^^^^^^^^^^^^^^^^^^

warning: `itoa-proof` (lib) generated 5 warnings
    Finished `dev` profile [unoptimized + debuginfo] target(s) in 3.68s
Library verif.itoa_rlib.decimal_pairs.decimal_pair_correct: ✔ (2)
Library verif.itoa_rlib.divmod100.divmod100: ✔ (1)
Library verif.itoa_rlib.divmod100.magic_quotient: ✔ (1)
Library verif.itoa_rlib.verification.decimal_len_bounded: ✔ (1)
Library verif.itoa_rlib.verification.decimal_values: ✔ (1)
Library verif.itoa_rlib.verification.decimal_values_one_digit: ✔ (1)
Library verif.itoa_rlib.verification.impl_Buffer.new: ✔ (1)
Library verif.itoa_rlib.verification.impl_Clone_for_Buffer.clone: ✔ (2)
Library verif.itoa_rlib.verification.impl_Clone_for_Buffer.clone__refines: ✔ (1)
Library verif.itoa_rlib.verification.impl_Default_for_Buffer.default: ✔ (2)
Library verif.itoa_rlib.verification.impl_Default_for_Buffer.default__refines: ✔ (1)
Library verif.itoa_rlib.verification.impl_Sealed_for_i128.is_negative: ✔ (1)
Library verif.itoa_rlib.verification.impl_Sealed_for_i128.is_negative__refines: ✔ (1)
Library verif.itoa_rlib.verification.impl_Sealed_for_i128.magnitude: ✔ (1)
Library verif.itoa_rlib.verification.impl_Sealed_for_i128.magnitude__refines: ✔ (1)
Library verif.itoa_rlib.verification.impl_Sealed_for_i16.is_negative: ✔ (1)
Library verif.itoa_rlib.verification.impl_Sealed_for_i16.is_negative__refines: ✔ (1)
Library verif.itoa_rlib.verification.impl_Sealed_for_i16.magnitude: ✔ (1)
Library verif.itoa_rlib.verification.impl_Sealed_for_i16.magnitude__refines: ✔ (1)
Library verif.itoa_rlib.verification.impl_Sealed_for_i32.is_negative: ✔ (1)
Library verif.itoa_rlib.verification.impl_Sealed_for_i32.is_negative__refines: ✔ (1)
Library verif.itoa_rlib.verification.impl_Sealed_for_i32.magnitude: ✔ (1)
Library verif.itoa_rlib.verification.impl_Sealed_for_i32.magnitude__refines: ✔ (1)
Library verif.itoa_rlib.verification.impl_Sealed_for_i64.is_negative: ✔ (1)
Library verif.itoa_rlib.verification.impl_Sealed_for_i64.is_negative__refines: ✔ (1)
Library verif.itoa_rlib.verification.impl_Sealed_for_i64.magnitude: ✔ (1)
Library verif.itoa_rlib.verification.impl_Sealed_for_i64.magnitude__refines: ✔ (1)
Library verif.itoa_rlib.verification.impl_Sealed_for_i8.is_negative: ✔ (1)
Library verif.itoa_rlib.verification.impl_Sealed_for_i8.is_negative__refines: ✔ (1)
Library verif.itoa_rlib.verification.impl_Sealed_for_i8.magnitude: ✔ (1)
Library verif.itoa_rlib.verification.impl_Sealed_for_i8.magnitude__refines: ✔ (1)
Library verif.itoa_rlib.verification.impl_Sealed_for_isize.is_negative: ✔ (1)
Library verif.itoa_rlib.verification.impl_Sealed_for_isize.is_negative__refines: ✔ (1)
Library verif.itoa_rlib.verification.impl_Sealed_for_isize.magnitude: ✔ (1)
Library verif.itoa_rlib.verification.impl_Sealed_for_isize.magnitude__refines: ✔ (1)
Library verif.itoa_rlib.verification.impl_Sealed_for_u128.is_negative: ✔ (1)
Library verif.itoa_rlib.verification.impl_Sealed_for_u128.is_negative__refines: ✔ (1)
Library verif.itoa_rlib.verification.impl_Sealed_for_u128.magnitude: ✔ (1)
Library verif.itoa_rlib.verification.impl_Sealed_for_u128.magnitude__refines: ✔ (1)
Library verif.itoa_rlib.verification.impl_Sealed_for_u16.is_negative: ✔ (1)
Library verif.itoa_rlib.verification.impl_Sealed_for_u16.is_negative__refines: ✔ (1)
Library verif.itoa_rlib.verification.impl_Sealed_for_u16.magnitude: ✔ (1)
Library verif.itoa_rlib.verification.impl_Sealed_for_u16.magnitude__refines: ✔ (1)
Library verif.itoa_rlib.verification.impl_Sealed_for_u32.is_negative: ✔ (1)
Library verif.itoa_rlib.verification.impl_Sealed_for_u32.is_negative__refines: ✔ (1)
Library verif.itoa_rlib.verification.impl_Sealed_for_u32.magnitude: ✔ (1)
Library verif.itoa_rlib.verification.impl_Sealed_for_u32.magnitude__refines: ✔ (1)
Library verif.itoa_rlib.verification.impl_Sealed_for_u64.is_negative: ✔ (1)
Library verif.itoa_rlib.verification.impl_Sealed_for_u64.is_negative__refines: ✔ (1)
Library verif.itoa_rlib.verification.impl_Sealed_for_u64.magnitude: ✔ (1)
Library verif.itoa_rlib.verification.impl_Sealed_for_u64.magnitude__refines: ✔ (1)
Library verif.itoa_rlib.verification.impl_Sealed_for_u8.is_negative: ✔ (1)
Library verif.itoa_rlib.verification.impl_Sealed_for_u8.is_negative__refines: ✔ (1)
Library verif.itoa_rlib.verification.impl_Sealed_for_u8.magnitude: ✔ (1)
Library verif.itoa_rlib.verification.impl_Sealed_for_u8.magnitude__refines: ✔ (1)
Library verif.itoa_rlib.verification.impl_Sealed_for_usize.is_negative: ✔ (1)
Library verif.itoa_rlib.verification.impl_Sealed_for_usize.is_negative__refines: ✔ (1)
Library verif.itoa_rlib.verification.impl_Sealed_for_usize.magnitude: ✔ (1)
Library verif.itoa_rlib.verification.impl_Sealed_for_usize.magnitude__refines: ✔ (1)
Library verif.itoa_rlib.verification.power_of_ten: ✔ (1)
Library verif.itoa_rlib.verification.power_of_ten_39: ✔ (1)
Library verif.itoa_rlib.verification.power_of_ten_unfold: ✔ (1)
Library verif.itoa_rlib.verification.write_byte: ✔ (1)
Library verif.itoa_rlib.verification.write_model: ✔ (1)
Library verif.itoa_rlib.verification.write_model_unfold: ✔ (1)
Library verif.itoa_rlib.verification.write_model_is_decimal: ✔ (48)
Library verif.itoa_rlib.verification.decimal_values_unfold: ✔ (1)
Library verif.itoa_rlib.verification.write_model_preserves_len: ✔ (1)
Library verif.itoa_rlib.verification.impl_Buffer.format: ✔ (32)
Library verif.itoa_rlib.verification.write_unsigned: ✔ (42)
