   Compiling autocfg v1.5.1
   Compiling proc-macro2 v1.0.107
   Compiling unicode-ident v1.0.26
   Compiling libc v0.2.190
   Compiling quote v1.0.47
   Compiling getrandom v0.4.3
   Compiling num-traits v0.2.19
   Compiling cfg-if v1.0.5
    Checking bytes v1.11.1
    Checking itoa v1.0.18
    Checking http v1.5.0 (/workspace/rust-crate-proofs/http/1.5.0/verification/runtime-http)
    Checking num-integer v0.1.47
   Compiling syn v2.0.119
    Checking num-bigint v0.4.8
   Compiling uuid v1.27.0
    Checking num-rational v0.4.2
   Compiling pearlite-syn v0.11.0-dev (/workspace/rust-crate-proofs/creusot-libs/pearlite-syn)
   Compiling creusot-std-proc v0.11.0-dev (/workspace/rust-crate-proofs/creusot-libs/creusot-std-proc)
    Checking creusot-std v0.11.0-dev (/workspace/rust-crate-proofs/creusot-libs/creusot-std)
    Checking http-uri-proof v0.1.0 (/workspace/rust-crate-proofs/http/1.5.0/verification/uri)
warning: function `borrowed_port_text` is never used
  --> src/lib.rs:59:4
   |
59 | fn borrowed_port_text<'a>(value: &'a uri::port::Port<&'a str>) -> &'a str {
   |    ^^^^^^^^^^^^^^^^^^
   |
   = note: `#[warn(dead_code)]` (part of `#[warn(unused)]`) on by default

warning: function `parse_borrowed_port` is never used
  --> src/lib.rs:70:4
   |
70 | fn parse_borrowed_port(
   |    ^^^^^^^^^^^^^^^^^^^

warning: function `example_authority_static_bytes` is never used
  --> src/lib.rs:81:4
   |
81 | fn example_authority_static_bytes() -> creusot_std::logic::Seq<u8> {
   |    ^^^^^^^^^^^^^^^^^^^^^^^^^^^^^^

warning: function `accepted_authority_static_domain` is never used
  --> src/lib.rs:90:4
   |
90 | fn accepted_authority_static_domain() {
   |    ^^^^^^^^^^^^^^^^^^^^^^^^^^^^^^^^

warning: function `example_authority_static_text` is never used
   --> src/lib.rs:129:4
    |
129 | fn example_authority_static_text() -> &'static str {
    |    ^^^^^^^^^^^^^^^^^^^^^^^^^^^^^

warning: function `construct_static_authority_example` is never used
   --> src/lib.rs:143:4
    |
143 | fn construct_static_authority_example() -> uri::authority::Authority {
    |    ^^^^^^^^^^^^^^^^^^^^^^^^^^^^^^^^^^

warning: method `is_empty` is never used
   --> src/../../../src/uri/error.rs:107:19
    |
105 | impl InvalidUri {
    | --------------- method in this implementation
106 |     #[ensures(result == (self.deep_model() == 10))]
107 |     pub(crate) fn is_empty(&self) -> bool {
    |                   ^^^^^^^^

warning: calling external function `to_ascii_lowercase` with no contract will yield an impossible precondition
   --> src/../../../src/uri/scheme.rs:371:36
    |
371 |                     state.write_u8(b.to_ascii_lowercase());
    |                                    ^^^^^^^^^^^^^^^^^^^^^^ function called here
    |
    = note: `#[warn(creusot::contractless_external_function)]` on by default

warning: `http-uri-proof` (lib) generated 8 warnings
    Finished `dev` profile [unoptimized + debuginfo] target(s) in 19.56s
Warning: found dangling files and directories:
  verif/http_uri_proof_rlib/impl_Debug_for_ErrorKind
  verif/http_uri_proof_rlib/impl_Display_for_InvalidUri
  verif/http_uri_proof_rlib/port
  verif/http_uri_proof_rlib/impl_From_for_InvalidUri
  verif/http_uri_proof_rlib/path_class
  verif/http_uri_proof_rlib/fixed
  verif/http_uri_proof_rlib/uri/protocol
  verif/http_uri_proof_rlib/uri/types
  verif/http_uri_proof_rlib/impl_Debug_for_InvalidUri
Run 'cargo creusot clean' to remove them
