bytes proof: /workspace/bytes-runtime-verification/bytes/1.11.1/verification/probes/retired-region-pool; one prover; 1024 MiB; native Ordering; sc-drf disabled
     Removed 7 files, 256.8KiB total
    Checking bytes-retired-region-pool v0.1.0 (/workspace/bytes-runtime-verification/bytes/1.11.1/verification/probes/retired-region-pool)
warning: methods `slots` and `join` are never used
   --> src/../../../../src/ownership_proof/owned_region.rs:149:19
    |
 95 | impl OwnedRegion {
    | ---------------- methods in this implementation
...
149 |     pub(crate) fn slots(self) -> FMap<Int, Excl<Option<u8>>> {
    |                   ^^^^^
...
243 |     pub(crate) fn join(self, other: Self) -> Self {
    |                   ^^^^
    |
    = note: `#[warn(dead_code)]` (part of `#[warn(unused)]`) on by default

warning: struct `BoundPtrBinding` is never constructed
   --> src/../../../../src/ownership_proof/raw_vec.rs:107:8
    |
107 | struct BoundPtrBinding {
    |        ^^^^^^^^^^^^^^^

warning: struct `BoundPtr` is never constructed
   --> src/../../../../src/ownership_proof/raw_vec.rs:119:19
    |
119 | pub(crate) struct BoundPtr {
    |                   ^^^^^^^^

warning: associated items `unbound`, `as_ptr`, and `as_non_null` are never used
   --> src/../../../../src/ownership_proof/raw_vec.rs:163:19
    |
159 | impl BoundPtr {
    | ------------- associated items in this implementation
...
163 |     pub(crate) fn unbound(pointer: NonNull<u8>) -> Self {
    |                   ^^^^^^^
...
177 |     pub(crate) fn as_ptr(&self) -> *mut u8 {
    |                   ^^^^^^
...
184 |     pub(crate) fn as_non_null(&self) -> NonNull<u8> {
    |                   ^^^^^^^^^^^

warning: method `into_bound_ptr_at_zero` is never used
   --> src/../../../../src/ownership_proof/raw_vec.rs:209:19
    |
199 | impl RawAllocation {
    | ------------------ method in this implementation
...
209 |     pub(crate) fn into_bound_ptr_at_zero(self) -> (BoundPtr, usize) {
    |                   ^^^^^^^^^^^^^^^^^^^^^^

warning: method `join` is never used
   --> src/../../../../src/ownership_proof/raw_vec.rs:395:19
    |
309 | impl PhysicalRegion {
    | ------------------- method in this implementation
...
395 |     pub(crate) fn join(self, other: Self) -> Self {
    |                   ^^^^

warning: function `resume_vec` is never used
   --> src/../../../../src/ownership_proof/raw_vec.rs:692:22
    |
692 | pub(crate) unsafe fn resume_vec(
    |                      ^^^^^^^^^^

warning: function `deallocate_bound_vec` is never used
   --> src/../../../../src/ownership_proof/raw_vec.rs:763:22
    |
763 | pub(crate) unsafe fn deallocate_bound_vec(
    |                      ^^^^^^^^^^^^^^^^^^^^

warning: function `borrow_mut` is never used
   --> src/../../../../src/ownership_proof/raw_vec.rs:812:22
    |
812 | pub(crate) unsafe fn borrow_mut<'a>(
    |                      ^^^^^^^^^^

warning: `bytes-retired-region-pool` (lib) generated 9 warnings
    Finished `dev` profile [unoptimized + debuginfo] target(s) in 0.80s
No dangling files found
Proved (23 files) ✔
