{"counterexample": [],
 "prover-result":
  {"answer": "Valid",
   "ce-models": [],
   "status": "exited with status 0",
   "step": 28661,
   "time": 0.00827},
 "term":
  {"explanations": ["assertion"],
   "goal_name": "vc_utf8_u20ac",
   "loc":
    {"end-char": 37,
     "end-line": 20,
     "file-name":
      "/workspace/rust-crate-proofs/httparse/1.10.1/verification/probes/utf8-lemmas/src/lib.rs",
     "start-char": 18,
     "start-line": 20}}}
{"counterexample": [],
 "prover-result":
  {"answer": "Valid",
   "ce-models": [],
   "status": "exited with status 0",
   "step": 31979,
   "time": 0.008366},
 "term":
  {"explanations": ["assertion"],
   "goal_name": "vc_utf8_u20ac",
   "loc":
    {"end-char": 36,
     "end-line": 21,
     "file-name":
      "/workspace/rust-crate-proofs/httparse/1.10.1/verification/probes/utf8-lemmas/src/lib.rs",
     "start-char": 18,
     "start-line": 21}}}
{"counterexample": [],
 "prover-result":
  {"answer": "Valid",
   "ce-models": [],
   "status": "exited with status 0",
   "step": 64633,
   "time": 0.016469},
 "term":
  {"explanations": ["assertion"],
   "goal_name": "vc_utf8_u20ac",
   "loc":
    {"end-char": 36,
     "end-line": 22,
     "file-name":
      "/workspace/rust-crate-proofs/httparse/1.10.1/verification/probes/utf8-lemmas/src/lib.rs",
     "start-char": 18,
     "start-line": 22}}}
{"counterexample": [],
 "prover-result":
  {"answer": "Valid",
   "ce-models": [],
   "status": "exited with status 0",
   "step": 159724,
   "time": 0.039525},
 "term":
  {"explanations": ["assertion"],
   "goal_name": "vc_utf8_u20ac",
   "loc":
    {"end-char": 36,
     "end-line": 23,
     "file-name":
      "/workspace/rust-crate-proofs/httparse/1.10.1/verification/probes/utf8-lemmas/src/lib.rs",
     "start-char": 18,
     "start-line": 23}}}
{"counterexample": [],
 "prover-result":
  {"answer": "Valid",
   "ce-models": [],
   "status": "exited with status 0",
   "step": 78582,
   "time": 0.021197},
 "term":
  {"explanations": ["assertion"],
   "goal_name": "vc_utf8_u20ac",
   "loc":
    {"end-char": 36,
     "end-line": 24,
     "file-name":
      "/workspace/rust-crate-proofs/httparse/1.10.1/verification/probes/utf8-lemmas/src/lib.rs",
     "start-char": 18,
     "start-line": 24}}}
{"counterexample": [],
 "prover-result":
  {"answer": "Valid",
   "ce-models": [],
   "status": "exited with status 0",
   "step": 68977,
   "time": 0.014695},
 "term":
  {"explanations": ["assertion"],
   "goal_name": "vc_utf8_u20ac",
   "loc":
    {"end-char": 62,
     "end-line": 25,
     "file-name":
      "/workspace/rust-crate-proofs/httparse/1.10.1/verification/probes/utf8-lemmas/src/lib.rs",
     "start-char": 18,
     "start-line": 25}}}
{"counterexample": [],
 "prover-result":
  {"answer": "Valid",
   "ce-models": [],
   "status": "exited with status 0",
   "step": 71122,
   "time": 0.021543},
 "term":
  {"explanations": ["utf8_u20ac ensures"],
   "goal_name": "vc_utf8_u20ac",
   "loc":
    {"end-char": 61,
     "end-line": 17,
     "file-name":
      "/workspace/rust-crate-proofs/httparse/1.10.1/verification/probes/utf8-lemmas/src/lib.rs",
     "start-char": 10,
     "start-line": 17}}}
