   Compiling bytes-slice-buf-overrides v0.1.0 (/workspace/bytes-runtime-verification/bytes/1.11.1/verification/probes/slice-buf-overrides)
warning: function `copy_to_slice` is never used
  --> src/../../../../src/slice_ops.rs:27:15
   |
27 | pub(crate) fn copy_to_slice(input: &mut &[u8], dst: &mut [u8]) {
   |               ^^^^^^^^^^^^^
   |
   = note: `#[warn(dead_code)]` (part of `#[warn(unused)]`) on by default

warning: function `encode_be_u16` is never used
  --> src/../../../../src/byte_codec_ops.rs:21:15
   |
21 | pub(crate) fn encode_be_u16(value: u16) -> [u8; 2] {
   |               ^^^^^^^^^^^^^

warning: function `encode_be_u32` is never used
  --> src/../../../../src/byte_codec_ops.rs:41:15
   |
41 | pub(crate) fn encode_be_u32(value: u32) -> [u8; 4] {
   |               ^^^^^^^^^^^^^

warning: `bytes-slice-buf-overrides` (lib) generated 3 warnings (3 duplicates)
warning: `bytes-slice-buf-overrides` (lib test) generated 3 warnings
    Finished `test` profile [unoptimized + debuginfo] target(s) in 0.67s
     Running unittests src/lib.rs (/workspace/bytes-proof-tools/targets/bytes/debug/deps/bytes_slice_buf_overrides-485cc15e147630e8)

running 0 tests

test result: ok. 0 passed; 0 failed; 0 ignored; 0 measured; 0 filtered out; finished in 0.00s

     Running tests/native.rs (/workspace/bytes-proof-tools/targets/bytes/debug/deps/native-7d21db36af8b03ba)

running 1 test
test checked_slice_overrides_preserve_short_input_and_error_metadata ... ok

test result: ok. 1 passed; 0 failed; 0 ignored; 0 measured; 0 filtered out; finished in 0.00s
