bytes proof: /workspace/bytes-runtime-verification/bytes/1.11.1/verification/probes/slice-buf-overrides; one prover; 1024 MiB; native Ordering; sc-drf disabled
     Removed 17 files, 8.6MiB total
   Compiling bytes-slice-buf-overrides v0.1.0 (/workspace/bytes-runtime-verification/bytes/1.11.1/verification/probes/slice-buf-overrides)
warning: function `copy_to_slice` is never used
  --> src/../../../../src/slice_ops.rs:27:15
   |
27 | pub(crate) fn copy_to_slice(input: &mut &[u8], dst: &mut [u8]) {
   |               ^^^^^^^^^^^^^
   |
   = note: `#[warn(dead_code)]` (part of `#[warn(unused)]`) on by default

warning: function `encode_be_u16` is never used
  --> src/../../../../src/byte_codec_ops.rs:21:15
   |
21 | pub(crate) fn encode_be_u16(value: u16) -> [u8; 2] {
   |               ^^^^^^^^^^^^^

warning: function `encode_be_u32` is never used
  --> src/../../../../src/byte_codec_ops.rs:41:15
   |
41 | pub(crate) fn encode_be_u32(value: u32) -> [u8; 4] {
   |               ^^^^^^^^^^^^^

warning: `bytes-slice-buf-overrides` (lib) generated 3 warnings
    Finished `dev` profile [unoptimized + debuginfo] target(s) in 0.32s
No dangling files found
Proved (13 files) ✔
