Warning, file "/workspace/scratch/httparse-derived-traits-nativeenv/creusot-data/share/why3find/packages/creusot/creusot/int.coma", line 166, characters 8-22: axiom extensionality does not contain any local abstract symbol (contains: int, (=), t, to_int)
Warning, file "/workspace/scratch/httparse-derived-traits-nativeenv/creusot-data/share/why3find/packages/creusot/creusot/int.coma", line 484, characters 8-22: axiom extensionality does not contain any local abstract symbol (contains: int, (=), t, to_int)
Warning, file "/workspace/scratch/httparse-derived-traits-nativeenv/creusot-data/share/why3find/packages/creusot/creusot/int.coma", line 802, characters 8-22: axiom extensionality does not contain any local abstract symbol (contains: int, (=), t, to_int)
Warning, file "/workspace/scratch/httparse-derived-traits-nativeenv/creusot-data/share/why3find/packages/creusot/creusot/int.coma", line 1120, characters 8-22: axiom extensionality does not contain any local abstract symbol (contains: int, (=), t, to_int)
Warning, file "/workspace/scratch/httparse-derived-traits-nativeenv/creusot-data/share/why3find/packages/creusot/creusot/int.coma", line 1438, characters 8-22: axiom extensionality does not contain any local abstract symbol (contains: int, (=), t, to_int)
{"counterexample": [],
 "prover-result":
  {"answer": "Valid",
   "ce-models": [],
   "status": "exited with status 0",
   "step": 6,
   "time": 0.003934},
 "term":
  {"explanations": [],
   "goal_name": "vc_eq_SignedI8",
   "loc":
    {"file-name":
      "/workspace/rust-crate-proofs/httparse/1.10.1/verification/probes/derived-traits-nativeenv/verif/httparse_derived_traits_harness_rlib/repr_i8_equal_same_variant.coma"}}}
{"counterexample": [],
 "prover-result":
  {"answer": "Valid",
   "ce-models": [],
   "status": "exited with status 0",
   "step": 6,
   "time": 0.004356},
 "term":
  {"explanations": [],
   "goal_name": "vc_repr_i8_equal_same_variant",
   "loc":
    {"file-name":
      "/workspace/rust-crate-proofs/httparse/1.10.1/verification/probes/derived-traits-nativeenv/verif/httparse_derived_traits_harness_rlib/repr_i8_equal_same_variant.coma"}}}
