Warning, file "/workspace/scratch/httparse-derived-traits-nativeenv/creusot-data/share/why3find/packages/creusot/creusot/int.coma", line 166, characters 8-22: axiom extensionality does not contain any local abstract symbol (contains: int, (=), t, to_int)
Warning, file "/workspace/scratch/httparse-derived-traits-nativeenv/creusot-data/share/why3find/packages/creusot/creusot/int.coma", line 484, characters 8-22: axiom extensionality does not contain any local abstract symbol (contains: int, (=), t, to_int)
Warning, file "/workspace/scratch/httparse-derived-traits-nativeenv/creusot-data/share/why3find/packages/creusot/creusot/int.coma", line 802, characters 8-22: axiom extensionality does not contain any local abstract symbol (contains: int, (=), t, to_int)
Warning, file "/workspace/scratch/httparse-derived-traits-nativeenv/creusot-data/share/why3find/packages/creusot/creusot/int.coma", line 1120, characters 8-22: axiom extensionality does not contain any local abstract symbol (contains: int, (=), t, to_int)
Warning, file "/workspace/scratch/httparse-derived-traits-nativeenv/creusot-data/share/why3find/packages/creusot/creusot/int.coma", line 1438, characters 8-22: axiom extensionality does not contain any local abstract symbol (contains: int, (=), t, to_int)
{"counterexample": [],
 "prover-result":
  {"answer": "Valid",
   "ce-models": [],
   "status": "exited with status 0",
   "step": 14,
   "time": 0.005015},
 "term":
  {"explanations": [],
   "goal_name": "vc_repr_i16_discriminant_bitwise",
   "loc":
    {"end-char": 27,
     "end-line": 86,
     "file-name":
      "/workspace/rust-crate-proofs/httparse/1.10.1/verification/probes/derived-traits-nativeenv/src/lib.rs",
     "start-char": 10,
     "start-line": 86}}}
