command: source /workspace/bytes-proof-tools/activate.sh && cargo test --locked --test test_unique_growth
cwd: /workspace/rust-crate-proofs/bytes/1.11.1
   Compiling bytes v1.11.1 (/workspace/rust-crate-proofs/bytes/1.11.1)
warning: unused variable: `len`
  --> src/cursor_ops.rs:44:45
   |
44 | pub(crate) fn cursor_position_after_advance(len: usize, pos: u64, cnt: usize) -> u64 {
   |                                             ^^^ help: if this is intentional, prefix it with an underscore: `_len`
   |
   = note: `#[warn(unused_variables)]` (part of `#[warn(unused)]`) on by default

warning: function `wrapping_offset` is never used
  --> src/provenance_specs.rs:75:15
   |
75 | pub(crate) fn wrapping_offset(ptr: *mut u8, offset: usize) -> *mut u8 {
   |               ^^^^^^^^^^^^^^^
   |
   = note: `#[warn(dead_code)]` (part of `#[warn(unused)]`) on by default

warning: function `pointer_with_address` is never used
  --> src/provenance_specs.rs:86:15
   |
86 | pub(crate) fn pointer_with_address(ptr: *mut u8, new_addr: usize) -> *mut u8 {
   |               ^^^^^^^^^^^^^^^^^^^^

warning: `bytes` (lib) generated 3 warnings (run `cargo fix --lib -p bytes` to apply 1 suggestion)
    Finished `test` profile [unoptimized + debuginfo] target(s) in 0.41s
     Running tests/test_unique_growth.rs (/workspace/bytes-proof-tools/targets/bytes/debug/deps/test_unique_growth-ece4e9ba6d315e00)

running 4 tests
test empty_growth_publishes_only_written_bytes ... ok
test failed_reclaim_preserves_the_view_before_growth ... ok
test growing_unique_views_preserve_contents ... ok
test reclaim_moves_a_disjoint_view_without_allocating ... ok

test result: ok. 4 passed; 0 failed; 0 ignored; 0 measured; 0 filtered out; finished in 0.00s

