Atomic event: one prover; 1024 MiB; native weak orderings; sc-drf disabled
{
  "status": "metadata_emitted",
  "selected_source_sha256": "21f1b7acb2267f5e38938691003d81fdc25dea93a2016be3b74178b98c87a6ed",
  "new_function_names": [
    "root_view_matches",
    "root_view_valid",
    "root_view_content",
    "inc_start_root_view",
    "advance_root_view",
    "root_view_as_slice",
    "chunk_root_view",
    "valid_for",
    "reclaimed",
    "bytes_root_view_terminal_drop",
    "root_peer_drop_input",
    "bytes_root_peer_terminal_drop",
    "root_phase_scope",
    "even_root_view_drop_checked",
    "even_root_view_drop_registration",
    "odd_root_view_drop_checked",
    "odd_root_view_drop_registration"
  ],
  "inherited_targets": 177,
  "native_audit_present": true,
  "full_original_admitted": false
}
     Removed 22 files, 10.8MiB total
   Compiling bytes-original-root-phase-view v0.1.0 (/workspace/bytes-work/bytes/1.11.1/verification/probes/original-root-phase-view-2026-10-09)
warning: unused variable: `vector`
  --> /workspace/bytes-proof-tools/bytes-proof-std/src/std/vec.rs:21:40
   |
21 | pub fn capacity_model<T, A: Allocator>(vector: Vec<T, A>) -> Int {
   |                                        ^^^^^^ help: if this is intentional, prefix it with an underscore: `_vector`
   |
   = note: `#[warn(unused_variables)]` (part of `#[warn(unused)]`) on by default

warning: unused variable: `vector`
  --> /workspace/bytes-proof-tools/bytes-proof-std/src/std/vec.rs:32:36
   |
32 | pub fn base_model<T, A: Allocator>(vector: Vec<T, A>) -> Int {
   |                                    ^^^^^^ help: if this is intentional, prefix it with an underscore: `_vector`

warning: unused variable: `vector`
  --> /workspace/bytes-proof-tools/bytes-proof-std/src/std/vec.rs:42:39
   |
42 | pub fn pointer_model<T, A: Allocator>(vector: Vec<T, A>) -> *mut T {
   |                                       ^^^^^^ help: if this is intentional, prefix it with an underscore: `_vector`

warning: `creusot-std` (lib) generated 3 warnings (run `cargo fix --lib -p creusot-std` to apply 3 suggestions)
warning: unused import: `Real`
 --> src/lib.rs:5:49
  |
5 |     logic::{FMap, Id, Int, real::{PositiveReal, Real}, ra::{RA, excl::Excl}},
  |                                                 ^^^^
  |
  = note: `#[warn(unused_imports)]` (part of `#[warn(unused)]`) on by default

warning: unused imports: `Layout` and `dealloc`
 --> src/public_shared.rs:2:21
  |
2 | use alloc::{alloc::{dealloc,Layout},boxed::Box,vec::Vec};
  |                     ^^^^^^^ ^^^^^^

warning: unused import: `event::ScopedProtocol`
  --> src/public_shared.rs:11:13
   |
11 | use crate::{event::ScopedProtocol,free_effect};
   |             ^^^^^^^^^^^^^^^^^^^^^

warning: unused imports: `Layout` and `dealloc`
 --> src/promotion.rs:3:21
  |
3 | use alloc::{alloc::{dealloc,Layout},boxed::Box,vec::Vec};
  |                     ^^^^^^^ ^^^^^^

warning: unused import: `event::ScopedProtocol`
  --> src/promotion.rs:13:13
   |
13 | use crate::{event::ScopedProtocol,free_effect,owned_pointer,promotion_tags as tag_specs};
   |             ^^^^^^^^^^^^^^^^^^^^^

warning: unused import: `invariant::Protocol`
  --> src/field_event.rs:13:28
   |
13 |     ghost::{FnGhost, Perm, invariant::Protocol, lifetime_logic::{FullBorrow, LifetimeToken}},
   |                            ^^^^^^^^^^^^^^^^^^^

warning: unused import: `ghost::invariant::Protocol`
  --> src/public_shared.rs:12:19
   |
12 | use creusot_std::{ghost::invariant::Protocol, logic::{FMap,ra::excl::Excl}};
   |                   ^^^^^^^^^^^^^^^^^^^^^^^^^^

warning: variable does not need to be mutable
    --> src/promotion.rs:2699:10
     |
2699 |     let (mut suffix,mut output)=input.split();
     |          ----^^^^^^
     |          |
     |          help: remove this `mut`
     |
     = note: `#[warn(unused_mut)]` (part of `#[warn(unused)]`) on by default

warning: variable does not need to be mutable
    --> src/promotion.rs:2700:26
     |
2700 |     let (descriptor,view,mut raw)=ghost! {
     |                          ----^^^
     |                          |
     |                          help: remove this `mut`

warning: variable does not need to be mutable
    --> src/promotion.rs:2745:10
     |
2745 |     let (mut suffix,mut output)=input.split();
     |          ----^^^^^^
     |          |
     |          help: remove this `mut`

warning: variable does not need to be mutable
    --> src/promotion.rs:2746:26
     |
2746 |     let (descriptor,view,mut raw)=ghost! {
     |                          ----^^^
     |                          |
     |                          help: remove this `mut`

warning: `result` used as a parameter name. It is confusing because it is also the default name of the function's result
   --> src/promotion.rs:424:51
    |
424 | fn clone_result(d:RootDescriptor,s:PromotionScope,result:Bytes)->bool {
    |                                                   ^^^^^^
    |
    = note: `#[warn(creusot::result_param)]` on by default

warning: `result` used as a parameter name. It is confusing because it is also the default name of the function's result
   --> src/promotion.rs:823:62
    |
823 | fn reclone_result(before:PromotionScope,after:PromotionScope,result:Bytes)->bool {
    |                                                              ^^^^^^

warning: `result` used as a parameter name. It is confusing because it is also the default name of the function's result
    --> src/promotion.rs:2315:78
     |
2315 | fn suffix_clone_result(d:RootDescriptor,view:raw_vec::BoundPtr,s:SuffixScope,result:Bytes)->bool {
     |                                                                              ^^^^^^

warning: `bytes-original-root-phase-view` (lib) generated 14 warnings (run `cargo fix --lib -p bytes-original-root-phase-view` to apply 9 suggestions)
    Finished `dev` profile [unoptimized + debuginfo] target(s) in 8.25s
No dangling files found
Proved (186 files) ✔
