Bytes observer subset: one prover; 1024 MiB; no sc-drf
     Removed 109 files, 25.9MiB total
   Compiling bytes-observer-subset v0.1.0 (/workspace/rust-crate-proofs/bytes/1.11.1/verification/probes/bytes-observer-subset)
warning: unused import: `slice`
 --> /workspace/bytes-proof-tools/targets/bytes/debug/build/bytes-observer-subset-0f2b277585a4237a/out/actual_bytes_observers.rs:3:17
  |
3 | use core::{ptr, slice};
  |                 ^^^^^
  |
  = note: `#[warn(unused_imports)]` (part of `#[warn(unused)]`) on by default

error[E0308]: mismatched types
  --> src/lib.rs:24:21
   |
24 | #[ensures(result == bytes@.len())]
   |           ----------^^^^^^^^^^^^
   |           |         |
   |           |         expected `usize`, found `Int`
   |           arguments to this function are incorrect
   |
note: function defined here
  --> /workspace/bytes-proof-tools/cargo/registry/src/index.crates.io-1949cf8c6b5b557f/creusot-std-0.13.0/src/stubs.rs:9:8
   |
 9 | pub fn equal<T: ?Sized>(_: T, _: T) -> bool {
   |        ^^^^^

For more information about this error, try `rustc --explain E0308`.
warning: `bytes-observer-subset` (lib) generated 1 warning
error: could not compile `bytes-observer-subset` (lib) due to 1 previous error; 1 warning emitted
Error: Compilation failed
