bytes proof: /workspace/bytes-runtime-verification/bytes/1.11.1/verification/probes/capacity-ops; one prover; 1024 MiB; native Ordering; sc-drf disabled
     Removed 7 files, 28.3KiB total
    Checking bytes-capacity-ops v0.1.0 (/workspace/bytes-runtime-verification/bytes/1.11.1/verification/probes/capacity-ops)
warning: constant `ORIGINAL_CAPACITY_MASK` is never used
  --> src/../../../../src/capacity_ops.rs:17:18
   |
17 | pub(crate) const ORIGINAL_CAPACITY_MASK: usize = 0b11100;
   |                  ^^^^^^^^^^^^^^^^^^^^^^
   |
   = note: `#[warn(dead_code)]` (part of `#[warn(unused)]`) on by default

warning: constant `ORIGINAL_CAPACITY_OFFSET` is never used
  --> src/../../../../src/capacity_ops.rs:18:18
   |
18 | pub(crate) const ORIGINAL_CAPACITY_OFFSET: usize = 2;
   |                  ^^^^^^^^^^^^^^^^^^^^^^^^

warning: `bytes-capacity-ops` (lib) generated 2 warnings
    Finished `dev` profile [unoptimized + debuginfo] target(s) in 0.16s
Warning: found dangling files and directories:
  verif/bytes_capacity_ops_rlib/wrong_repr
Run 'cargo creusot clean' to remove them
Goal Coma.vc_wrong_reconstruction: ✘ (1/2)
Error: 1 unproved file
Error: 'why3find prove' failed
