     Locking 26 packages to latest Rust 1.98.0-nightly compatible versions
     Removed 3 files, 17.6KiB total
    Checking bytes-weak-native-publication v0.1.0 (/workspace/bytes-runtime-verification/bytes/1.11.1/verification/probes/weak-native-publication)
warning: unnecessary parentheses around function argument
  --> src/primitive.rs:24:9
   |
24 |         (if c.val_load() == 0usize { c.val_store() == usize::MAX } else { c.val_store()@ + 1 == c.val_load()@ }) ==>
   |         ^                                                                                                      ^
   |
   = note: `#[warn(unused_parens)]` (part of `#[warn(unused)]`) on by default
help: remove these parentheses
   |
24 -         (if c.val_load() == 0usize { c.val_store() == usize::MAX } else { c.val_store()@ + 1 == c.val_load()@ }) ==>
24 +         if c.val_load() == 0usize { c.val_store() == usize::MAX } else { c.val_store()@ + 1 == c.val_load()@ } ==>
   |

error[E0308]: mismatched types
  --> src/concurrent.rs:11:62
   |
11 | fn count(r:Tickets)->usize { if r.0 == None {if r.1 == None {2} else {1}} else {if r.1 == None {1} else {0}} }
   |                      -----                                   ^ expected `usize`, found `Int`
   |                      |
   |                      expected `usize` because of return type

error[E0308]: mismatched types
  --> src/concurrent.rs:11:71
   |
11 | fn count(r:Tickets)->usize { if r.0 == None {if r.1 == None {2} else {1}} else {if r.1 == None {1} else {0}} }
   |                      ----- expected `usize` because of return type    ^ expected `usize`, found `Int`

error[E0308]: mismatched types
  --> src/concurrent.rs:11:97
   |
11 | fn count(r:Tickets)->usize { if r.0 == None {if r.1 == None {2} else {1}} else {if r.1 == None {1} else {0}} }
   |                      ----- expected `usize` because of return type                              ^ expected `usize`, found `Int`

error[E0308]: mismatched types
  --> src/concurrent.rs:11:106
   |
11 | fn count(r:Tickets)->usize { if r.0 == None {if r.1 == None {2} else {1}} else {if r.1 == None {1} else {0}} }
   |                      ----- expected `usize` because of return type                                       ^ expected `usize`, found `Int`

error[E0599]: no method named `into_inner` found for struct `creusot_std::ghost::invariant::Tokens<'a>` in the current scope
  --> src/concurrent.rs:63:51
   |
63 |             self.invariant.open(tokens.reborrow().into_inner(), |state:&mut State<T>| {
   |                                                   ^^^^^^^^^^ method not found in `creusot_std::ghost::invariant::Tokens<'_>`

error[E0599]: no method named `into_inner` found for struct `creusot_std::ghost::invariant::Tokens<'a>` in the current scope
  --> src/concurrent.rs:83:55
   |
83 |                 self.invariant.open(tokens.reborrow().into_inner(), |state:&mut State<T>| {
   |                                                       ^^^^^^^^^^ method not found in `creusot_std::ghost::invariant::Tokens<'_>`

Some errors have detailed explanations: E0308, E0599.
For more information about an error, try `rustc --explain E0308`.
warning: `bytes-weak-native-publication` (lib) generated 1 warning
error: could not compile `bytes-weak-native-publication` (lib) due to 6 previous errors; 1 warning emitted
Error: Compilation failed
