    Checking bytes-weak-native-publication v0.1.0 (/workspace/bytes-runtime-verification/bytes/1.11.1/verification/probes/weak-native-publication)
warning: unused import: `HasTimestamp`
 --> src/lib.rs:4:44
  |
4 |         committer::Committer,view::{AtView,HasTimestamp,SyncView}}};
  |                                            ^^^^^^^^^^^^
  |
  = note: `#[warn(unused_imports)]` (part of `#[warn(unused)]`) on by default

warning: unnecessary parentheses around function argument
  --> src/primitive.rs:24:9
   |
24 |         (if c.val_load() == 0usize { c.val_store() == usize::MAX } else { c.val_store()@ + 1 == c.val_load()@ }) ==>
   |         ^                                                                                                      ^
   |
   = note: `#[warn(unused_parens)]` (part of `#[warn(unused)]`) on by default
help: remove these parentheses
   |
24 -         (if c.val_load() == 0usize { c.val_store() == usize::MAX } else { c.val_store()@ + 1 == c.val_load()@ }) ==>
24 +         if c.val_load() == 0usize { c.val_store() == usize::MAX } else { c.val_store()@ + 1 == c.val_load()@ } ==>
   |

error[E0507]: cannot move out of `*c` which is behind a mutable reference
  --> src/lib.rs:21:17
   |
21 |         *latest=c.timestamp()+1int;
   |                 ^ ----------- `*c` moved due to this method call
   |                 |
   |                 move occurs because `*c` has type `Committer<AtomicUsize, usize, Relaxed, Release>`, which does not implement the `Copy` trait
   |
note: `creusot_std::std::sync::committer::Committer::<C, T, Load, Store>::timestamp` takes ownership of the receiver `self`, which moves `*c`
  --> /workspace/bytes-proof-tools/cargo/registry/src/index.crates.io-1949cf8c6b5b557f/creusot-std-0.13.0/src/std/sync/committer.rs:36:22
   |
36 |     pub fn timestamp(self) -> Timestamp {
   |                      ^^^^
   = note: the full name for the type has been written to '/workspace/bytes-proof-tools/targets/bytes/debug/deps/bytes_weak_native_publication-118c4aeaf3f6a171.long-type-12333249690509808224.txt'
   = note: consider using `--verbose` to print the full type name to the console

error[E0507]: cannot move out of `*c` which is behind a mutable reference
  --> src/lib.rs:30:17
   |
30 |         *latest=c.timestamp()+1int;
   |                 ^ ----------- `*c` moved due to this method call
   |                 |
   |                 move occurs because `*c` has type `Committer<AtomicUsize, usize, Relaxed, Release>`, which does not implement the `Copy` trait
   |
note: `creusot_std::std::sync::committer::Committer::<C, T, Load, Store>::timestamp` takes ownership of the receiver `self`, which moves `*c`
  --> /workspace/bytes-proof-tools/cargo/registry/src/index.crates.io-1949cf8c6b5b557f/creusot-std-0.13.0/src/std/sync/committer.rs:36:22
   |
36 |     pub fn timestamp(self) -> Timestamp {
   |                      ^^^^
   = note: the full name for the type has been written to '/workspace/bytes-proof-tools/targets/bytes/debug/deps/bytes_weak_native_publication-118c4aeaf3f6a171.long-type-12333249690509808224.txt'
   = note: consider using `--verbose` to print the full type name to the console

For more information about this error, try `rustc --explain E0507`.
warning: `bytes-weak-native-publication` (lib) generated 2 warnings
error: could not compile `bytes-weak-native-publication` (lib) due to 2 previous errors; 2 warnings emitted
Error: Compilation failed
