warning: unused import: `View`
 --> ../src/lib.rs:5:47
  |
5 | use creusot_std::prelude::{ensures, requires, View};
  |                                               ^^^^
  |
  = note: `#[warn(unused_imports)]` (part of `#[warn(unused)]`) on by default

warning: unused macro definition: `complete`
  --> ../src/../../../../src/macros.rs:24:14
   |
24 | macro_rules! complete {
   |              ^^^^^^^^
   |
   = note: `#[warn(unused_macros)]` (part of `#[warn(unused)]`) on by default

warning: unused macro definition: `byte_map`
  --> ../src/../../../../src/macros.rs:33:14
   |
33 | macro_rules! byte_map {
   |              ^^^^^^^^

warning: unused macro definition: `space`
  --> ../src/../../../../src/macros.rs:64:14
   |
64 | macro_rules! space {
   |              ^^^^^

warning: `httparse-newline-string-harness` (lib) generated 4 warnings (run `cargo fix --lib -p httparse-newline-string-harness` to apply 1 suggestion)
    Finished `dev` profile [unoptimized + debuginfo] target(s) in 0.13s
