   Compiling bytes-scalable-tickets v0.1.0 (/workspace/bytes-runtime-verification/bytes/1.11.1/verification/probes/scalable-tickets)
warning: unused import: `RA`
  --> src/../../../../src/ownership_proof/owned_region.rs:11:33
   |
11 |     logic::{FMap, Id, Int, ra::{RA, excl::Excl}},
   |                                 ^^
   |
   = note: `#[warn(unused_imports)]` (part of `#[warn(unused)]`) on by default

warning: unused imports: `FMap`, `RA`, `UnitRA`, and `excl::Excl`
  --> src/../../../../src/ownership_proof/raw_vec.rs:21:13
   |
21 |     logic::{FMap, Id, Int, ra::{RA, UnitRA, excl::Excl}},
   |             ^^^^                ^^  ^^^^^^  ^^^^^^^^^^

warning: unused import: `RA`
 --> src/../../../../src/ownership_proof/scalable_tickets.rs:9:29
  |
9 |     logic::{FMap, Int, ra::{RA, excl::Excl}},
  |                             ^^

warning: unused import: `owned_region`
  --> src/lib.rs:20:28
   |
20 |     pub(crate) use crate::{owned_region, raw_vec};
   |                            ^^^^^^^^^^^^

warning: unused variable: `left`
  --> src/../../../../src/ownership_proof/owned_region.rs:33:5
   |
33 |     left: Snapshot<SlotMap>,
   |     ^^^^ help: if this is intentional, prefix it with an underscore: `_left`
   |
   = note: `#[warn(unused_variables)]` (part of `#[warn(unused)]`) on by default

warning: unused variable: `right`
  --> src/../../../../src/ownership_proof/owned_region.rs:34:5
   |
34 |     right: Snapshot<SlotMap>,
   |     ^^^^^ help: if this is intentional, prefix it with an underscore: `_right`

warning: unused variable: `whole`
  --> src/../../../../src/ownership_proof/owned_region.rs:35:5
   |
35 |     whole: Snapshot<SlotMap>,
   |     ^^^^^ help: if this is intentional, prefix it with an underscore: `_whole`

warning: unused variable: `merged`
  --> src/../../../../src/ownership_proof/owned_region.rs:38:9
   |
38 |     let merged: Snapshot<SlotMap> = snapshot! { (*left).total_op(*right) };
   |         ^^^^^^ help: if this is intentional, prefix it with an underscore: `_merged`

warning: unused variable: `left`
  --> src/../../../../src/ownership_proof/owned_region.rs:48:5
   |
48 |     left: Snapshot<SlotMap>,
   |     ^^^^ help: if this is intentional, prefix it with an underscore: `_left`

warning: unused variable: `right`
  --> src/../../../../src/ownership_proof/owned_region.rs:49:5
   |
49 |     right: Snapshot<SlotMap>,
   |     ^^^^^ help: if this is intentional, prefix it with an underscore: `_right`

warning: unused variable: `whole`
  --> src/../../../../src/ownership_proof/owned_region.rs:50:5
   |
50 |     whole: Snapshot<SlotMap>,
   |     ^^^^^ help: if this is intentional, prefix it with an underscore: `_whole`

warning: unused variable: `merged`
  --> src/../../../../src/ownership_proof/owned_region.rs:52:9
   |
52 |     let merged: Snapshot<SlotMap> = snapshot! { (*left).total_op(*right) };
   |         ^^^^^^ help: if this is intentional, prefix it with an underscore: `_merged`

warning: unused variable: `unit`
   --> src/../../../../src/ownership_proof/raw_vec.rs:577:13
    |
577 |         let unit: Snapshot<KernelRA> = snapshot!(KernelRA::unit());
    |             ^^^^ help: if this is intentional, prefix it with an underscore: `_unit`

warning: unused variable: `empty_value`
   --> src/../../../../src/ownership_proof/raw_vec.rs:580:13
    |
580 |         let empty_value: Snapshot<KernelRA> = snapshot!((None, FMap::empty()));
    |             ^^^^^^^^^^^ help: if this is intentional, prefix it with an underscore: `_empty_value`

warning: unused variable: `input_model`
   --> src/../../../../src/ownership_proof/raw_vec.rs:715:9
    |
715 |     let input_model = snapshot!(input@);
    |         ^^^^^^^^^^^ help: if this is intentional, prefix it with an underscore: `_input_model`

warning: unused variable: `slot`
   --> src/../../../../src/ownership_proof/raw_vec.rs:937:38
    |
937 | pub(crate) fn slot_known_equivalence(slot: Option<Option<u8>>) {}
    |                                      ^^^^ help: if this is intentional, prefix it with an underscore: `_slot`

warning: unused variable: `pending`
   --> src/../../../../src/ownership_proof/scalable_tickets.rs:132:5
    |
132 |     pending: Snapshot<FMap<Int, (Int, Int)>>,
    |     ^^^^^^^ help: if this is intentional, prefix it with an underscore: `_pending`

warning: unused variable: `parent`
   --> src/../../../../src/ownership_proof/scalable_tickets.rs:133:5
    |
133 |     parent: Snapshot<Int>,
    |     ^^^^^^ help: if this is intentional, prefix it with an underscore: `_parent`

warning: unused variable: `left`
   --> src/../../../../src/ownership_proof/scalable_tickets.rs:134:5
    |
134 |     left: Snapshot<Int>,
    |     ^^^^ help: if this is intentional, prefix it with an underscore: `_left`

warning: unused variable: `right`
   --> src/../../../../src/ownership_proof/scalable_tickets.rs:135:5
    |
135 |     right: Snapshot<Int>,
    |     ^^^^^ help: if this is intentional, prefix it with an underscore: `_right`

warning: unused variable: `lo`
   --> src/../../../../src/ownership_proof/scalable_tickets.rs:136:5
    |
136 |     lo: Snapshot<Int>,
    |     ^^ help: if this is intentional, prefix it with an underscore: `_lo`

warning: unused variable: `at`
   --> src/../../../../src/ownership_proof/scalable_tickets.rs:137:5
    |
137 |     at: Snapshot<Int>,
    |     ^^ help: if this is intentional, prefix it with an underscore: `_at`

warning: unused variable: `hi`
   --> src/../../../../src/ownership_proof/scalable_tickets.rs:138:5
    |
138 |     hi: Snapshot<Int>,
    |     ^^ help: if this is intentional, prefix it with an underscore: `_hi`

warning: unused variable: `capacity`
   --> src/../../../../src/ownership_proof/scalable_tickets.rs:139:5
    |
139 |     capacity: Snapshot<Int>,
    |     ^^^^^^^^ help: if this is intentional, prefix it with an underscore: `_capacity`

warning: unused variable: `id`
   --> src/../../../../src/ownership_proof/scalable_tickets.rs:148:21
    |
148 | fn active_singleton(id: Snapshot<Int>, bounds: Snapshot<(Int, Int)>) {
    |                     ^^ help: if this is intentional, prefix it with an underscore: `_id`

warning: unused variable: `bounds`
   --> src/../../../../src/ownership_proof/scalable_tickets.rs:148:40
    |
148 | fn active_singleton(id: Snapshot<Int>, bounds: Snapshot<(Int, Int)>) {
    |                                        ^^^^^^ help: if this is intentional, prefix it with an underscore: `_bounds`

warning: unused variable: `left`
   --> src/../../../../src/ownership_proof/scalable_tickets.rs:149:9
    |
149 |     let left: Snapshot<RegistrationMap> =
    |         ^^^^ help: if this is intentional, prefix it with an underscore: `_left`

warning: unused variable: `right`
   --> src/../../../../src/ownership_proof/scalable_tickets.rs:151:9
    |
151 |     let right: Snapshot<RegistrationMap> = snapshot!(FMap::singleton(*id, Excl(())));
    |         ^^^^^ help: if this is intentional, prefix it with an underscore: `_right`

warning: unused variable: `pending`
   --> src/../../../../src/ownership_proof/scalable_tickets.rs:159:18
    |
159 | fn active_remove(pending: Snapshot<FMap<Int, (Int, Int)>>, id: Snapshot<Int>) {
    |                  ^^^^^^^ help: if this is intentional, prefix it with an underscore: `_pending`

warning: unused variable: `id`
   --> src/../../../../src/ownership_proof/scalable_tickets.rs:159:60
    |
159 | fn active_remove(pending: Snapshot<FMap<Int, (Int, Int)>>, id: Snapshot<Int>) {
    |                                                            ^^ help: if this is intentional, prefix it with an underscore: `_id`

warning: unused variable: `left`
   --> src/../../../../src/ownership_proof/scalable_tickets.rs:160:9
    |
160 |     let left: Snapshot<RegistrationMap> = snapshot!(active_registrations((*pending).remove(*id)));
    |         ^^^^ help: if this is intentional, prefix it with an underscore: `_left`

warning: unused variable: `right`
   --> src/../../../../src/ownership_proof/scalable_tickets.rs:161:9
    |
161 |     let right: Snapshot<RegistrationMap> = snapshot!(active_registrations(*pending).remove(*id));
    |         ^^^^^ help: if this is intentional, prefix it with an underscore: `_right`

warning: unused variable: `pending`
   --> src/../../../../src/ownership_proof/scalable_tickets.rs:170:5
    |
170 |     pending: Snapshot<FMap<Int, (Int, Int)>>,
    |     ^^^^^^^ help: if this is intentional, prefix it with an underscore: `_pending`

warning: unused variable: `id`
   --> src/../../../../src/ownership_proof/scalable_tickets.rs:171:5
    |
171 |     id: Snapshot<Int>,
    |     ^^ help: if this is intentional, prefix it with an underscore: `_id`

warning: unused variable: `bounds`
   --> src/../../../../src/ownership_proof/scalable_tickets.rs:172:5
    |
172 |     bounds: Snapshot<(Int, Int)>,
    |     ^^^^^^ help: if this is intentional, prefix it with an underscore: `_bounds`

warning: unused variable: `left`
   --> src/../../../../src/ownership_proof/scalable_tickets.rs:174:9
    |
174 |     let left: Snapshot<RegistrationMap> = snapshot!(active_registrations((*pending).insert(*id, *bounds)));
    |         ^^^^ help: if this is intentional, prefix it with an underscore: `_left`

warning: unused variable: `right`
   --> src/../../../../src/ownership_proof/scalable_tickets.rs:175:9
    |
175 |     let right: Snapshot<RegistrationMap> = snapshot!(active_registrations(*pending).insert(*id, Excl(())));
    |         ^^^^^ help: if this is intentional, prefix it with an underscore: `_right`

warning: unused variable: `ticket`
   --> src/../../../../src/ownership_proof/scalable_tickets.rs:188:9
    |
188 |     let ticket: Snapshot<RegistrationMap> = snapshot!(FMap::singleton(*id, Excl(())));
    |         ^^^^^^ help: if this is intentional, prefix it with an underscore: `_ticket`

warning: unused variable: `rest`
   --> src/../../../../src/ownership_proof/scalable_tickets.rs:189:9
    |
189 |     let rest: Snapshot<RegistrationMap> = snapshot!(active_registrations((*pending).remove(*id)));
    |         ^^^^ help: if this is intentional, prefix it with an underscore: `_rest`

warning: unused variable: `whole`
   --> src/../../../../src/ownership_proof/scalable_tickets.rs:190:9
    |
190 |     let whole: Snapshot<RegistrationMap> = snapshot!(active_registrations(*pending));
    |         ^^^^^ help: if this is intentional, prefix it with an underscore: `_whole`

warning: unused variable: `merged`
   --> src/../../../../src/ownership_proof/scalable_tickets.rs:193:9
    |
193 |     let merged: Snapshot<RegistrationMap> = snapshot!((*ticket).total_op(*rest));
    |         ^^^^^^ help: if this is intentional, prefix it with an underscore: `_merged`

warning: unused variable: `returned`
   --> src/../../../../src/ownership_proof/scalable_tickets.rs:206:5
    |
206 |     returned: Snapshot<RegistrationMap>,
    |     ^^^^^^^^ help: if this is intentional, prefix it with an underscore: `_returned`

warning: unused variable: `ticket`
   --> src/../../../../src/ownership_proof/scalable_tickets.rs:207:5
    |
207 |     ticket: Snapshot<RegistrationMap>,
    |     ^^^^^^ help: if this is intentional, prefix it with an underscore: `_ticket`

warning: unused variable: `remaining`
   --> src/../../../../src/ownership_proof/scalable_tickets.rs:208:5
    |
208 |     remaining: Snapshot<RegistrationMap>,
    |     ^^^^^^^^^ help: if this is intentional, prefix it with an underscore: `_remaining`

warning: unused variable: `active`
   --> src/../../../../src/ownership_proof/scalable_tickets.rs:209:5
    |
209 |     active: Snapshot<RegistrationMap>,
    |     ^^^^^^ help: if this is intentional, prefix it with an underscore: `_active`

warning: unused variable: `new_returned`
   --> src/../../../../src/ownership_proof/scalable_tickets.rs:210:5
    |
210 |     new_returned: Snapshot<RegistrationMap>,
    |     ^^^^^^^^^^^^ help: if this is intentional, prefix it with an underscore: `_new_returned`

warning: unused variable: `authority`
   --> src/../../../../src/ownership_proof/scalable_tickets.rs:211:5
    |
211 |     authority: Snapshot<RegistrationMap>,
    |     ^^^^^^^^^ help: if this is intentional, prefix it with an underscore: `_authority`

warning: unused variable: `map`
   --> src/../../../../src/ownership_proof/scalable_tickets.rs:232:5
    |
232 |     map: Snapshot<RegistrationMap>,
    |     ^^^ help: if this is intentional, prefix it with an underscore: `_map`

warning: unused variable: `first`
   --> src/../../../../src/ownership_proof/scalable_tickets.rs:233:5
    |
233 |     first: Snapshot<Int>,
    |     ^^^^^ help: if this is intentional, prefix it with an underscore: `_first`

warning: unused variable: `second`
   --> src/../../../../src/ownership_proof/scalable_tickets.rs:234:5
    |
234 |     second: Snapshot<Int>,
    |     ^^^^^^ help: if this is intentional, prefix it with an underscore: `_second`

warning: unused variable: `first_ticket`
   --> src/../../../../src/ownership_proof/scalable_tickets.rs:236:9
    |
236 |     let first_ticket: Snapshot<RegistrationMap> =
    |         ^^^^^^^^^^^^ help: if this is intentional, prefix it with an underscore: `_first_ticket`

warning: unused variable: `second_ticket`
   --> src/../../../../src/ownership_proof/scalable_tickets.rs:238:9
    |
238 |     let second_ticket: Snapshot<RegistrationMap> =
    |         ^^^^^^^^^^^^^ help: if this is intentional, prefix it with an underscore: `_second_ticket`

warning: unused variable: `after_first`
   --> src/../../../../src/ownership_proof/scalable_tickets.rs:243:9
    |
243 |     let after_first: Snapshot<RegistrationMap> =
    |         ^^^^^^^^^^^ help: if this is intentional, prefix it with an underscore: `_after_first`

warning: unused variable: `returned`
   --> src/../../../../src/ownership_proof/scalable_tickets.rs:262:5
    |
262 |     returned: Snapshot<RegistrationMap>,
    |     ^^^^^^^^ help: if this is intentional, prefix it with an underscore: `_returned`

warning: unused variable: `active`
   --> src/../../../../src/ownership_proof/scalable_tickets.rs:263:5
    |
263 |     active: Snapshot<RegistrationMap>,
    |     ^^^^^^ help: if this is intentional, prefix it with an underscore: `_active`

warning: unused variable: `authority`
   --> src/../../../../src/ownership_proof/scalable_tickets.rs:264:5
    |
264 |     authority: Snapshot<RegistrationMap>,
    |     ^^^^^^^^^ help: if this is intentional, prefix it with an underscore: `_authority`

warning: unused variable: `fresh`
   --> src/../../../../src/ownership_proof/scalable_tickets.rs:265:5
    |
265 |     fresh: Snapshot<Int>,
    |     ^^^^^ help: if this is intentional, prefix it with an underscore: `_fresh`

warning: unused variable: `next_active`
   --> src/../../../../src/ownership_proof/scalable_tickets.rs:267:9
    |
267 |     let next_active: Snapshot<RegistrationMap> = snapshot!((*active).insert(*fresh, Excl(())));
    |         ^^^^^^^^^^^ help: if this is intentional, prefix it with an underscore: `_next_active`

warning: unused variable: `next_authority`
   --> src/../../../../src/ownership_proof/scalable_tickets.rs:268:9
    |
268 |     let next_authority: Snapshot<RegistrationMap> = snapshot!((*authority).insert(*fresh, Excl(())));
    |         ^^^^^^^^^^^^^^ help: if this is intentional, prefix it with an underscore: `_next_authority`

warning: unused variable: `merged`
   --> src/../../../../src/ownership_proof/scalable_tickets.rs:271:9
    |
271 |     let merged: Snapshot<RegistrationMap> = snapshot!((*returned).total_op(*next_active));
    |         ^^^^^^ help: if this is intentional, prefix it with an underscore: `_merged`

warning: unused variable: `parent_id`
   --> src/../../../../src/ownership_proof/scalable_tickets.rs:514:13
    |
514 |         let parent_id = parent.id;
    |             ^^^^^^^^^ help: if this is intentional, prefix it with an underscore: `_parent_id`

warning: unused variable: `next_id`
   --> src/../../../../src/ownership_proof/scalable_tickets.rs:534:33
    |
534 |         let (left_id, right_id, next_id) = ids.into_ghost().into_inner();
    |                                 ^^^^^^^ help: if this is intentional, prefix it with an underscore: `_next_id`

warning: function `pointer_addr_eq` is never used
  --> src/../../../../src/provenance_specs.rs:19:15
   |
19 | pub(crate) fn pointer_addr_eq<T>(left: *const T, right: *const T) -> bool {
   |               ^^^^^^^^^^^^^^^
   |
   = note: `#[warn(dead_code)]` (part of `#[warn(unused)]`) on by default

warning: function `pointer_addr` is never used
  --> src/../../../../src/provenance_specs.rs:59:15
   |
59 | pub(crate) fn pointer_addr<T>(ptr: *const T) -> usize {
   |               ^^^^^^^^^^^^

warning: function `wrapping_offset` is never used
  --> src/../../../../src/provenance_specs.rs:75:15
   |
75 | pub(crate) fn wrapping_offset(ptr: *mut u8, offset: usize) -> *mut u8 {
   |               ^^^^^^^^^^^^^^^

warning: function `pointer_with_address` is never used
  --> src/../../../../src/provenance_specs.rs:86:15
   |
86 | pub(crate) fn pointer_with_address(ptr: *mut u8, new_addr: usize) -> *mut u8 {
   |               ^^^^^^^^^^^^^^^^^^^^

warning: function `metadata_pointer` is never used
  --> src/../../../../src/provenance_specs.rs:96:15
   |
96 | pub(crate) fn metadata_pointer(addr: usize) -> *mut u8 {
   |               ^^^^^^^^^^^^^^^^

warning: method `join` is never used
   --> src/../../../../src/ownership_proof/owned_region.rs:243:19
    |
 95 | impl OwnedRegion {
    | ---------------- method in this implementation
...
243 |     pub(crate) fn join(self, other: Self) -> Self {
    |                   ^^^^

warning: associated items `unbound`, `as_non_null`, `retreat_within`, and `advance_within` are never used
   --> src/../../../../src/ownership_proof/raw_vec.rs:182:19
    |
171 | impl BoundPtr {
    | ------------- associated items in this implementation
...
182 |     pub(crate) fn unbound(pointer: NonNull<u8>) -> Self {
    |                   ^^^^^^^
...
203 |     pub(crate) fn as_non_null(&self) -> NonNull<u8> {
    |                   ^^^^^^^^^^^
...
215 |     pub(crate) fn retreat_within(&self, count: usize) -> Self {
    |                   ^^^^^^^^^^^^^^
...
261 |     pub(crate) fn advance_within(&self, count: usize) -> Self {
    |                   ^^^^^^^^^^^^^^

warning: fields `resource` and `descriptor` are never read
   --> src/../../../../src/ownership_proof/raw_vec.rs:338:5
    |
337 | pub(crate) struct Recovery {
    |                   -------- fields in this struct
338 |     resource: Resource<KernelRA>,
    |     ^^^^^^^^
339 |     descriptor: AllocationDesc,
    |     ^^^^^^^^^^

warning: method `join` is never used
   --> src/../../../../src/ownership_proof/raw_vec.rs:495:19
    |
409 | impl PhysicalRegion {
    | ------------------- method in this implementation
...
495 |     pub(crate) fn join(self, other: Self) -> Self {
    |                   ^^^^

warning: function `resume_vec` is never used
   --> src/../../../../src/ownership_proof/raw_vec.rs:795:22
    |
795 | pub(crate) unsafe fn resume_vec(
    |                      ^^^^^^^^^^

warning: function `deallocate_vec` is never used
   --> src/../../../../src/ownership_proof/raw_vec.rs:831:22
    |
831 | pub(crate) unsafe fn deallocate_vec(
    |                      ^^^^^^^^^^^^^^

warning: function `borrow_mut` is never used
   --> src/../../../../src/ownership_proof/raw_vec.rs:915:22
    |
915 | pub(crate) unsafe fn borrow_mut<'a>(
    |                      ^^^^^^^^^^

warning: function `slot_known_equivalence` is never used
   --> src/../../../../src/ownership_proof/raw_vec.rs:937:15
    |
937 | pub(crate) fn slot_known_equivalence(slot: Option<Option<u8>>) {}
    |               ^^^^^^^^^^^^^^^^^^^^^^

warning: function `borrow_bound_mut` is never used
   --> src/../../../../src/ownership_proof/raw_vec.rs:976:22
    |
976 | pub(crate) unsafe fn borrow_bound_mut<'a>(
    |                      ^^^^^^^^^^^^^^^^

warning: function `borrow_bound_uninit_mut` is never used
    --> src/../../../../src/ownership_proof/raw_vec.rs:1016:22
     |
1016 | pub(crate) unsafe fn borrow_bound_uninit_mut<'a>(
     |                      ^^^^^^^^^^^^^^^^^^^^^^^

warning: function `borrow_bound` is never used
    --> src/../../../../src/ownership_proof/raw_vec.rs:1043:22
     |
1043 | pub(crate) unsafe fn borrow_bound<'a>(
     |                      ^^^^^^^^^^^^

warning: function `borrow_empty_bound` is never used
    --> src/../../../../src/ownership_proof/raw_vec.rs:1057:22
     |
1057 | pub(crate) unsafe fn borrow_empty_bound<'a>(bound: &'a BoundPtr) -> &'a [u8] {
     |                      ^^^^^^^^^^^^^^^^^^

warning: function `borrow_empty_bound_mut` is never used
    --> src/../../../../src/ownership_proof/raw_vec.rs:1066:22
     |
1066 | pub(crate) unsafe fn borrow_empty_bound_mut<'a>(bound: &'a BoundPtr) -> &'a mut [u8] {
     |                      ^^^^^^^^^^^^^^^^^^^^^^

warning: function `borrow_empty_bound_uninit_mut` is never used
    --> src/../../../../src/ownership_proof/raw_vec.rs:1074:22
     |
1074 | pub(crate) unsafe fn borrow_empty_bound_uninit_mut<'a>(
     |                      ^^^^^^^^^^^^^^^^^^^^^^^^^^^^^

warning: fields `capacity`, `allocation`, and `registration` are never read
  --> src/../../../../src/ownership_proof/scalable_tickets.rs:63:16
   |
62 | pub(crate) struct Status {
   |                   ------ fields in this struct
63 |     pub(crate) capacity: Int,
   |                ^^^^^^^^
64 |     pub(crate) allocation: Id,
   |                ^^^^^^^^^^
65 |     pub(crate) registration: Id,
   |                ^^^^^^^^^^^^
   |
   = note: `Status` has a derived impl for the trait `Clone`, but this is intentionally ignored during dead code analysis

warning: `bytes-scalable-tickets` (lib) generated 82 warnings (5 duplicates) (run `cargo fix --lib -p bytes-scalable-tickets` to apply 57 suggestions)
warning: `bytes-scalable-tickets` (lib test) generated 82 warnings (77 duplicates) (run `cargo fix --lib -p bytes-scalable-tickets --tests` to apply 5 suggestions)
    Finished `test` profile [unoptimized + debuginfo] target(s) in 0.42s
     Running unittests src/lib.rs (/workspace/bytes-proof-tools/targets/bytes/debug/deps/bytes_scalable_tickets-de599967dd7737e8)

running 0 tests

test result: ok. 0 passed; 0 failed; 0 ignored; 0 measured; 0 filtered out; finished in 0.00s

     Running tests/native.rs (/workspace/bytes-proof-tools/targets/bytes/debug/deps/native-694b7d201e7b9b36)

running 1 test
test empty_ticket_count_is_independent_of_byte_coverage ... ok

test result: ok. 1 passed; 0 failed; 0 ignored; 0 measured; 0 filtered out; finished in 0.00s
