$ BYTES_TRANSLATE_ONLY=1 cargo creusot --only=coma -- --locked
warning: unused variable: `vector`
  --> /workspace/bytes-proof-tools/bytes-proof-std/src/std/vec.rs:21:40
   |
21 | pub fn capacity_model<T, A: Allocator>(vector: Vec<T, A>) -> Int {
   |                                        ^^^^^^ help: if this is intentional, prefix it with an underscore: `_vector`
   |
   = note: `#[warn(unused_variables)]` (part of `#[warn(unused)]`) on by default

warning: unused variable: `vector`
  --> /workspace/bytes-proof-tools/bytes-proof-std/src/std/vec.rs:32:36
   |
32 | pub fn base_model<T, A: Allocator>(vector: Vec<T, A>) -> Int {
   |                                    ^^^^^^ help: if this is intentional, prefix it with an underscore: `_vector`

warning: `creusot-std` (lib) generated 2 warnings (run `cargo fix --lib -p creusot-std` to apply 2 suggestions)
    Checking bytes-vtable-leaf-extern-getter v0.1.0 (/workspace/rust-crate-proofs/bytes/1.11.1/verification/probes/vtable-leaf-2026-10-08/extern-getter)
error: incorrect function inside `extern` block
  --> src/lib.rs:73:5
   |
71 | unsafe extern "Rust" {
   | -------------------- `extern` blocks define existing foreign functions and functions inside of them cannot have a body
72 |     #[trusted]
73 |     #[requires(true)]
   |     ^^^^^^^^^^^^^^^^^
   |     |
   |     cannot have a body
   |     help: remove the invalid body: `;`
   |
   = help: you might have meant to write a function accessible through FFI, which can be done by writing `extern fn` outside of the `extern` block
   = note: for more information, visit https://doc.rust-lang.org/std/keyword.extern.html
   = note: this error originates in the attribute macro `requires` (in Nightly builds, run with -Z macro-backtrace for more info)

error: incorrect function inside `extern` block
  --> src/lib.rs:74:5
   |
71 | unsafe extern "Rust" {
   | -------------------- `extern` blocks define existing foreign functions and functions inside of them cannot have a body
...
74 |     #[ensures(true)]
   |     ^^^^^^^^^^^^^^^^
   |     |
   |     cannot have a body
   |     help: remove the invalid body: `;`
   |
   = help: you might have meant to write a function accessible through FFI, which can be done by writing `extern fn` outside of the `extern` block
   = note: for more information, visit https://doc.rust-lang.org/std/keyword.extern.html
   = note: this error originates in the attribute macro `ensures` (in Nightly builds, run with -Z macro-backtrace for more info)


thread 'rustc' (819582) panicked at creusot/src/ctx.rs:240:66:
called `Option::unwrap()` on a `None` value
note: run with `RUST_BACKTRACE=1` environment variable to display a backtrace

error: the compiler unexpectedly panicked. This is a bug

note: using internal features is not supported and expected to cause internal compiler errors when used incorrectly

note: please attach the file at `/workspace/rust-crate-proofs/bytes/1.11.1/verification/probes/vtable-leaf-2026-10-08/extern-getter/rustc-ice-2026-10-07T15_41_39-819581.txt` to your bug report

note: rustc 1.98.0-nightly (91fe22da8 2026-06-21) running on x86_64-unknown-linux-gnu

note: compiler flags: --crate-type lib -C embed-bitcode=no -C debuginfo=2

note: some of the compiler flags provided by cargo are hidden

query stack during panic:
end of query stack
error: could not compile `bytes-vtable-leaf-extern-getter` (lib) due to 2 previous errors
Error: Compilation failed
exit status: 1
