$ BYTES_TRANSLATE_ONLY=1 cargo creusot --only=coma -- --locked
warning: unused variable: `vector`
  --> /workspace/bytes-proof-tools/bytes-proof-std/src/std/vec.rs:21:40
   |
21 | pub fn capacity_model<T, A: Allocator>(vector: Vec<T, A>) -> Int {
   |                                        ^^^^^^ help: if this is intentional, prefix it with an underscore: `_vector`
   |
   = note: `#[warn(unused_variables)]` (part of `#[warn(unused)]`) on by default

warning: unused variable: `vector`
  --> /workspace/bytes-proof-tools/bytes-proof-std/src/std/vec.rs:32:36
   |
32 | pub fn base_model<T, A: Allocator>(vector: Vec<T, A>) -> Int {
   |                                    ^^^^^^ help: if this is intentional, prefix it with an underscore: `_vector`

warning: `creusot-std` (lib) generated 2 warnings (run `cargo fix --lib -p creusot-std` to apply 2 suggestions)
    Checking bytes-vtable-leaf-extern-getter v0.1.0 (/workspace/rust-crate-proofs/bytes/1.11.1/verification/probes/vtable-leaf-2026-10-08/extern-getter)
error: expected `fn`
  --> src/lib.rs:75:5
   |
75 |     safe fn shared_vtable() -> &'static Vtable;
   |     ^^^^

error[E0425]: cannot find function `shared_vtable` in this scope
  --> src/lib.rs:91:17
   |
91 |         vtable: shared_vtable(),
   |                 ^^^^^^^^^^^^^ not found in this scope
   |
note: found an item that was configured out
  --> src/lib.rs:80:4
   |
79 | #[cfg(not(creusot))]
   |          --------- the item is gated here
80 | fn shared_vtable() -> &'static Vtable {
   |    ^^^^^^^^^^^^^

For more information about this error, try `rustc --explain E0425`.
error: could not compile `bytes-vtable-leaf-extern-getter` (lib) due to 2 previous errors
Error: Compilation failed
exit status: 1
