Warning, file "/workspace/httparse-tool-rebuild/string-model/creusot-data/share/why3find/packages/creusot/creusot/int.coma", line 166, characters 8-22: axiom extensionality does not contain any local abstract symbol (contains: int, (=), t, to_int)
Warning, file "/workspace/httparse-tool-rebuild/string-model/creusot-data/share/why3find/packages/creusot/creusot/int.coma", line 484, characters 8-22: axiom extensionality does not contain any local abstract symbol (contains: int, (=), t, to_int)
Warning, file "/workspace/httparse-tool-rebuild/string-model/creusot-data/share/why3find/packages/creusot/creusot/int.coma", line 802, characters 8-22: axiom extensionality does not contain any local abstract symbol (contains: int, (=), t, to_int)
Warning, file "/workspace/httparse-tool-rebuild/string-model/creusot-data/share/why3find/packages/creusot/creusot/int.coma", line 1120, characters 8-22: axiom extensionality does not contain any local abstract symbol (contains: int, (=), t, to_int)
Warning, file "/workspace/httparse-tool-rebuild/string-model/creusot-data/share/why3find/packages/creusot/creusot/int.coma", line 1438, characters 8-22: axiom extensionality does not contain any local abstract symbol (contains: int, (=), t, to_int)
{"counterexample": [],
 "prover-result":
  {"answer": "Valid",
   "ce-models": [],
   "status": "exited with status 0",
   "step": 7886,
   "time": 0.012411},
 "term":
  {"explanations": ["complete_line_prefix requires"],
   "goal_name": "vc_complete_line_prefix",
   "loc":
    {"end-char": 61,
     "end-line": 32,
     "file-name":
      "/workspace/httparse-cloud-resume/httparse/1.10.1/verification/probes/empty-lines-harness/string-replay/../src/../../../../src/verification/empty_lines.rs",
     "start-char": 11,
     "start-line": 32}}}
{"counterexample": [],
 "prover-result":
  {"answer": "Valid",
   "ce-models": [],
   "status": "exited with status 0",
   "step": 3417,
   "time": 0.003845},
 "term":
  {"explanations": ["variant decreases"],
   "goal_name": "vc_complete_line_prefix",
   "loc":
    {"end-char": 20,
     "end-line": 42,
     "file-name":
      "/workspace/httparse-cloud-resume/httparse/1.10.1/verification/probes/empty-lines-harness/string-replay/verif/httparse_empty_lines_string_harness_rlib/verification_empty_lines/complete_line_prefix.coma",
     "start-char": 36,
     "start-line": 41}}}
{"counterexample": [],
 "prover-result":
  {"answer": "Valid",
   "ce-models": [],
   "status": "exited with status 0",
   "step": 8559,
   "time": 1e-06},
 "term":
  {"explanations": ["complete_line_prefix requires"],
   "goal_name": "vc_complete_line_prefix",
   "loc":
    {"end-char": 61,
     "end-line": 32,
     "file-name":
      "/workspace/httparse-cloud-resume/httparse/1.10.1/verification/probes/empty-lines-harness/string-replay/../src/../../../../src/verification/empty_lines.rs",
     "start-char": 11,
     "start-line": 32}}}
{"counterexample": [],
 "prover-result":
  {"answer": "Valid",
   "ce-models": [],
   "status": "exited with status 0",
   "step": 3916,
   "time": 0.007872},
 "term":
  {"explanations": ["variant decreases"],
   "goal_name": "vc_complete_line_prefix",
   "loc":
    {"end-char": 58,
     "end-line": 50,
     "file-name":
      "/workspace/httparse-cloud-resume/httparse/1.10.1/verification/probes/empty-lines-harness/string-replay/verif/httparse_empty_lines_string_harness_rlib/verification_empty_lines/complete_line_prefix.coma",
     "start-char": 42,
     "start-line": 49}}}
