Warning, file "/workspace/httparse-tool-rebuild/string-model/creusot-data/share/why3find/packages/creusot/creusot/int.coma", line 166, characters 8-22: axiom extensionality does not contain any local abstract symbol (contains: int, (=), t, to_int)
Warning, file "/workspace/httparse-tool-rebuild/string-model/creusot-data/share/why3find/packages/creusot/creusot/int.coma", line 484, characters 8-22: axiom extensionality does not contain any local abstract symbol (contains: int, (=), t, to_int)
Warning, file "/workspace/httparse-tool-rebuild/string-model/creusot-data/share/why3find/packages/creusot/creusot/int.coma", line 802, characters 8-22: axiom extensionality does not contain any local abstract symbol (contains: int, (=), t, to_int)
Warning, file "/workspace/httparse-tool-rebuild/string-model/creusot-data/share/why3find/packages/creusot/creusot/int.coma", line 1120, characters 8-22: axiom extensionality does not contain any local abstract symbol (contains: int, (=), t, to_int)
Warning, file "/workspace/httparse-tool-rebuild/string-model/creusot-data/share/why3find/packages/creusot/creusot/int.coma", line 1438, characters 8-22: axiom extensionality does not contain any local abstract symbol (contains: int, (=), t, to_int)
{"counterexample": [],
 "prover-result":
  {"answer": "Valid",
   "ce-models": [],
   "status": "exited with status 0",
   "step": 10852,
   "time": 0.00406},
 "term":
  {"explanations": ["complete_line_prefix_end ensures"],
   "goal_name": "vc_complete_line_prefix_end",
   "loc":
    {"end-char": 5,
     "end-line": 95,
     "file-name":
      "/workspace/httparse-cloud-resume/httparse/1.10.1/verification/probes/empty-lines-harness/string-replay/verif/httparse_empty_lines_string_harness_rlib/verification_empty_lines/complete_line_prefix_end.coma",
     "start-char": 81,
     "start-line": 80}}}
{"counterexample": [],
 "prover-result":
  {"answer": "Valid",
   "ce-models": [],
   "status": "exited with status 0",
   "step": 1190,
   "time": 0.007994},
 "term":
  {"explanations": ["complete_line_ending_at requires"],
   "goal_name": "vc_complete_line_prefix_end",
   "loc":
    {"end-char": 61,
     "end-line": 12,
     "file-name":
      "/workspace/httparse-cloud-resume/httparse/1.10.1/verification/probes/empty-lines-harness/string-replay/../src/../../../../src/verification/empty_lines.rs",
     "start-char": 11,
     "start-line": 12}}}
{"counterexample": [],
 "prover-result":
  {"answer": "Valid",
   "ce-models": [],
   "status": "exited with status 0",
   "step": 10329,
   "time": 0.003857},
 "term":
  {"explanations": ["complete_line_prefix_end ensures"],
   "goal_name": "vc_complete_line_prefix_end",
   "loc":
    {"end-char": 7,
     "end-line": 115,
     "file-name":
      "/workspace/httparse-cloud-resume/httparse/1.10.1/verification/probes/empty-lines-harness/string-replay/verif/httparse_empty_lines_string_harness_rlib/verification_empty_lines/complete_line_prefix_end.coma",
     "start-char": 83,
     "start-line": 100}}}
{"counterexample": [],
 "prover-result":
  {"answer": "Valid",
   "ce-models": [],
   "status": "exited with status 0",
   "step": 10302,
   "time": 1e-06},
 "term":
  {"explanations": ["complete_line_prefix_end requires"],
   "goal_name": "vc_complete_line_prefix_end",
   "loc":
    {"end-char": 59,
     "end-line": 51,
     "file-name":
      "/workspace/httparse-cloud-resume/httparse/1.10.1/verification/probes/empty-lines-harness/string-replay/../src/../../../../src/verification/empty_lines.rs",
     "start-char": 11,
     "start-line": 51}}}
{"counterexample": [],
 "prover-result":
  {"answer": "Valid",
   "ce-models": [],
   "status": "exited with status 0",
   "step": 4372,
   "time": 0.004447},
 "term":
  {"explanations": ["variant decreases"],
   "goal_name": "vc_complete_line_prefix_end",
   "loc":
    {"end-char": 24,
     "end-line": 121,
     "file-name":
      "/workspace/httparse-cloud-resume/httparse/1.10.1/verification/probes/empty-lines-harness/string-replay/verif/httparse_empty_lines_string_harness_rlib/verification_empty_lines/complete_line_prefix_end.coma",
     "start-char": 40,
     "start-line": 120}}}
{"counterexample": [],
 "prover-result":
  {"answer": "Valid",
   "ce-models": [],
   "status": "exited with status 0",
   "step": 12157,
   "time": 0.004029},
 "term":
  {"explanations": ["complete_line_prefix_end ensures"],
   "goal_name": "vc_complete_line_prefix_end",
   "loc":
    {"end-char": 9,
     "end-line": 158,
     "file-name":
      "/workspace/httparse-cloud-resume/httparse/1.10.1/verification/probes/empty-lines-harness/string-replay/verif/httparse_empty_lines_string_harness_rlib/verification_empty_lines/complete_line_prefix_end.coma",
     "start-char": 76,
     "start-line": 143}}}
{"counterexample": [],
 "prover-result":
  {"answer": "Valid",
   "ce-models": [],
   "status": "exited with status 0",
   "step": 10349,
   "time": 0.004854},
 "term":
  {"explanations": ["complete_line_prefix_end requires"],
   "goal_name": "vc_complete_line_prefix_end",
   "loc":
    {"end-char": 59,
     "end-line": 51,
     "file-name":
      "/workspace/httparse-cloud-resume/httparse/1.10.1/verification/probes/empty-lines-harness/string-replay/../src/../../../../src/verification/empty_lines.rs",
     "start-char": 11,
     "start-line": 51}}}
{"counterexample": [],
 "prover-result":
  {"answer": "Valid",
   "ce-models": [],
   "status": "exited with status 0",
   "step": 4392,
   "time": 1e-06},
 "term":
  {"explanations": ["variant decreases"],
   "goal_name": "vc_complete_line_prefix_end",
   "loc":
    {"end-char": 24,
     "end-line": 163,
     "file-name":
      "/workspace/httparse-cloud-resume/httparse/1.10.1/verification/probes/empty-lines-harness/string-replay/verif/httparse_empty_lines_string_harness_rlib/verification_empty_lines/complete_line_prefix_end.coma",
     "start-char": 40,
     "start-line": 162}}}
{"counterexample": [],
 "prover-result":
  {"answer": "Valid",
   "ce-models": [],
   "status": "exited with status 0",
   "step": 12245,
   "time": 0.007737},
 "term":
  {"explanations": ["complete_line_prefix_end ensures"],
   "goal_name": "vc_complete_line_prefix_end",
   "loc":
    {"end-char": 9,
     "end-line": 200,
     "file-name":
      "/workspace/httparse-cloud-resume/httparse/1.10.1/verification/probes/empty-lines-harness/string-replay/verif/httparse_empty_lines_string_harness_rlib/verification_empty_lines/complete_line_prefix_end.coma",
     "start-char": 76,
     "start-line": 185}}}
