Warning, file "/workspace/httparse-tool-rebuild/string-model/creusot-data/share/why3find/packages/creusot/creusot/int.coma", line 166, characters 8-22: axiom extensionality does not contain any local abstract symbol (contains: int, (=), t, to_int)
Warning, file "/workspace/httparse-tool-rebuild/string-model/creusot-data/share/why3find/packages/creusot/creusot/int.coma", line 484, characters 8-22: axiom extensionality does not contain any local abstract symbol (contains: int, (=), t, to_int)
Warning, file "/workspace/httparse-tool-rebuild/string-model/creusot-data/share/why3find/packages/creusot/creusot/int.coma", line 802, characters 8-22: axiom extensionality does not contain any local abstract symbol (contains: int, (=), t, to_int)
Warning, file "/workspace/httparse-tool-rebuild/string-model/creusot-data/share/why3find/packages/creusot/creusot/int.coma", line 1120, characters 8-22: axiom extensionality does not contain any local abstract symbol (contains: int, (=), t, to_int)
Warning, file "/workspace/httparse-tool-rebuild/string-model/creusot-data/share/why3find/packages/creusot/creusot/int.coma", line 1438, characters 8-22: axiom extensionality does not contain any local abstract symbol (contains: int, (=), t, to_int)
{"counterexample": [],
 "prover-result":
  {"answer": "Valid",
   "ce-models": [],
   "status": "exited with status 0",
   "step": 9942,
   "time": 0.011151},
 "term":
  {"explanations": ["complete_line_prefix requires"],
   "goal_name": "vc_complete_line_prefix_concat",
   "loc":
    {"end-char": 61,
     "end-line": 32,
     "file-name":
      "/workspace/httparse-cloud-resume/httparse/1.10.1/verification/probes/empty-lines-harness/string-replay/../src/../../../../src/verification/empty_lines.rs",
     "start-char": 11,
     "start-line": 32}}}
{"counterexample": [],
 "prover-result":
  {"answer": "Valid",
   "ce-models": [],
   "status": "exited with status 0",
   "step": 9896,
   "time": 0.005137},
 "term":
  {"explanations": [],
   "goal_name": "vc_complete_line_prefix_concat",
   "loc":
    {"end-char": 51,
     "end-line": 72,
     "file-name":
      "/workspace/httparse-cloud-resume/httparse/1.10.1/verification/probes/empty-lines-harness/string-replay/verif/httparse_empty_lines_string_harness_rlib/verification_empty_lines/complete_line_prefix_concat.coma",
     "start-char": 9,
     "start-line": 72}}}
{"counterexample": [],
 "prover-result":
  {"answer": "Valid",
   "ce-models": [],
   "status": "exited with status 0",
   "step": 10127,
   "time": 0.003952},
 "term":
  {"explanations": ["complete_line_prefix_concat requires"],
   "goal_name": "vc_complete_line_prefix_concat",
   "loc":
    {"end-char": 131,
     "end-line": 79,
     "file-name":
      "/workspace/httparse-cloud-resume/httparse/1.10.1/verification/probes/empty-lines-harness/string-replay/verif/httparse_empty_lines_string_harness_rlib/verification_empty_lines/complete_line_prefix_concat.coma",
     "start-char": 70,
     "start-line": 73}}}
{"counterexample": [],
 "prover-result":
  {"answer": "Valid",
   "ce-models": [],
   "status": "exited with status 0",
   "step": 4127,
   "time": 1e-06},
 "term":
  {"explanations": ["variant decreases"],
   "goal_name": "vc_complete_line_prefix_concat",
   "loc":
    {"end-char": 22,
     "end-line": 81,
     "file-name":
      "/workspace/httparse-cloud-resume/httparse/1.10.1/verification/probes/empty-lines-harness/string-replay/verif/httparse_empty_lines_string_harness_rlib/verification_empty_lines/complete_line_prefix_concat.coma",
     "start-char": 38,
     "start-line": 80}}}
{"counterexample": [],
 "prover-result":
  {"answer": "Valid",
   "ce-models": [],
   "status": "exited with status 0",
   "step": 9691,
   "time": 0.003987},
 "term":
  {"explanations": ["complete_line_prefix requires"],
   "goal_name": "vc_complete_line_prefix_concat",
   "loc":
    {"end-char": 61,
     "end-line": 32,
     "file-name":
      "/workspace/httparse-cloud-resume/httparse/1.10.1/verification/probes/empty-lines-harness/string-replay/../src/../../../../src/verification/empty_lines.rs",
     "start-char": 11,
     "start-line": 32}}}
{"counterexample": [],
 "prover-result":
  {"answer": "Valid",
   "ce-models": [],
   "status": "exited with status 0",
   "step": 10385,
   "time": 0.003189},
 "term":
  {"explanations": [],
   "goal_name": "vc_complete_line_prefix_concat",
   "loc":
    {"end-char": 46,
     "end-line": 90,
     "file-name":
      "/workspace/httparse-cloud-resume/httparse/1.10.1/verification/probes/empty-lines-harness/string-replay/verif/httparse_empty_lines_string_harness_rlib/verification_empty_lines/complete_line_prefix_concat.coma",
     "start-char": 9,
     "start-line": 90}}}
{"counterexample": [],
 "prover-result":
  {"answer": "Valid",
   "ce-models": [],
   "status": "exited with status 0",
   "step": 857,
   "time": 0.008756},
 "term":
  {"explanations": ["complete_line_prefix_concat ensures"],
   "goal_name": "vc_complete_line_prefix_concat",
   "loc":
    {"end-char": 128,
     "end-line": 93,
     "file-name":
      "/workspace/httparse-cloud-resume/httparse/1.10.1/verification/probes/empty-lines-harness/string-replay/verif/httparse_empty_lines_string_harness_rlib/verification_empty_lines/complete_line_prefix_concat.coma",
     "start-char": 68,
     "start-line": 91}}}
{"counterexample": [],
 "prover-result":
  {"answer": "Valid",
   "ce-models": [],
   "status": "exited with status 0",
   "step": 9759,
   "time": 0.007396},
 "term":
  {"explanations": [],
   "goal_name": "vc_complete_line_prefix_concat",
   "loc":
    {"end-char": 46,
     "end-line": 95,
     "file-name":
      "/workspace/httparse-cloud-resume/httparse/1.10.1/verification/probes/empty-lines-harness/string-replay/verif/httparse_empty_lines_string_harness_rlib/verification_empty_lines/complete_line_prefix_concat.coma",
     "start-char": 6,
     "start-line": 95}}}
{"counterexample": [],
 "prover-result":
  {"answer": "Valid",
   "ce-models": [],
   "status": "exited with status 0",
   "step": 10107,
   "time": 0.009746},
 "term":
  {"explanations": [],
   "goal_name": "vc_complete_line_prefix_concat",
   "loc":
    {"end-char": 24,
     "end-line": 96,
     "file-name":
      "/workspace/httparse-cloud-resume/httparse/1.10.1/verification/probes/empty-lines-harness/string-replay/verif/httparse_empty_lines_string_harness_rlib/verification_empty_lines/complete_line_prefix_concat.coma",
     "start-char": 9,
     "start-line": 96}}}
{"counterexample": [],
 "prover-result":
  {"answer": "Valid",
   "ce-models": [],
   "status": "exited with status 0",
   "step": 10410,
   "time": 0.007076},
 "term":
  {"explanations": [],
   "goal_name": "vc_complete_line_prefix_concat",
   "loc":
    {"end-char": 55,
     "end-line": 97,
     "file-name":
      "/workspace/httparse-cloud-resume/httparse/1.10.1/verification/probes/empty-lines-harness/string-replay/verif/httparse_empty_lines_string_harness_rlib/verification_empty_lines/complete_line_prefix_concat.coma",
     "start-char": 9,
     "start-line": 97}}}
{"counterexample": [],
 "prover-result":
  {"answer": "Valid",
   "ce-models": [],
   "status": "exited with status 0",
   "step": 10679,
   "time": 0.007606},
 "term":
  {"explanations": ["complete_line_prefix requires"],
   "goal_name": "vc_complete_line_prefix_concat",
   "loc":
    {"end-char": 61,
     "end-line": 32,
     "file-name":
      "/workspace/httparse-cloud-resume/httparse/1.10.1/verification/probes/empty-lines-harness/string-replay/../src/../../../../src/verification/empty_lines.rs",
     "start-char": 11,
     "start-line": 32}}}
{"counterexample": [],
 "prover-result":
  {"answer": "Valid",
   "ce-models": [],
   "status": "exited with status 0",
   "step": 10664,
   "time": 0.009616},
 "term":
  {"explanations": [],
   "goal_name": "vc_complete_line_prefix_concat",
   "loc":
    {"end-char": 51,
     "end-line": 100,
     "file-name":
      "/workspace/httparse-cloud-resume/httparse/1.10.1/verification/probes/empty-lines-harness/string-replay/verif/httparse_empty_lines_string_harness_rlib/verification_empty_lines/complete_line_prefix_concat.coma",
     "start-char": 9,
     "start-line": 100}}}
{"counterexample": [],
 "prover-result":
  {"answer": "Valid",
   "ce-models": [],
   "status": "exited with status 0",
   "step": 10856,
   "time": 1e-06},
 "term":
  {"explanations": ["complete_line_prefix_concat requires"],
   "goal_name": "vc_complete_line_prefix_concat",
   "loc":
    {"end-char": 131,
     "end-line": 107,
     "file-name":
      "/workspace/httparse-cloud-resume/httparse/1.10.1/verification/probes/empty-lines-harness/string-replay/verif/httparse_empty_lines_string_harness_rlib/verification_empty_lines/complete_line_prefix_concat.coma",
     "start-char": 70,
     "start-line": 101}}}
{"counterexample": [],
 "prover-result":
  {"answer": "Valid",
   "ce-models": [],
   "status": "exited with status 0",
   "step": 4690,
   "time": 1e-06},
 "term":
  {"explanations": ["variant decreases"],
   "goal_name": "vc_complete_line_prefix_concat",
   "loc":
    {"end-char": 22,
     "end-line": 109,
     "file-name":
      "/workspace/httparse-cloud-resume/httparse/1.10.1/verification/probes/empty-lines-harness/string-replay/verif/httparse_empty_lines_string_harness_rlib/verification_empty_lines/complete_line_prefix_concat.coma",
     "start-char": 38,
     "start-line": 108}}}
{"counterexample": [],
 "prover-result":
  {"answer": "Valid",
   "ce-models": [],
   "status": "exited with status 0",
   "step": 10378,
   "time": 0.009065},
 "term":
  {"explanations": ["complete_line_prefix requires"],
   "goal_name": "vc_complete_line_prefix_concat",
   "loc":
    {"end-char": 61,
     "end-line": 32,
     "file-name":
      "/workspace/httparse-cloud-resume/httparse/1.10.1/verification/probes/empty-lines-harness/string-replay/../src/../../../../src/verification/empty_lines.rs",
     "start-char": 11,
     "start-line": 32}}}
{"counterexample": [],
 "prover-result":
  {"answer": "Valid",
   "ce-models": [],
   "status": "exited with status 0",
   "step": 11153,
   "time": 0.007416},
 "term":
  {"explanations": [],
   "goal_name": "vc_complete_line_prefix_concat",
   "loc":
    {"end-char": 46,
     "end-line": 118,
     "file-name":
      "/workspace/httparse-cloud-resume/httparse/1.10.1/verification/probes/empty-lines-harness/string-replay/verif/httparse_empty_lines_string_harness_rlib/verification_empty_lines/complete_line_prefix_concat.coma",
     "start-char": 9,
     "start-line": 118}}}
{"counterexample": [],
 "prover-result":
  {"answer": "Valid",
   "ce-models": [],
   "status": "exited with status 0",
   "step": 902,
   "time": 0.003975},
 "term":
  {"explanations": ["complete_line_prefix_concat ensures"],
   "goal_name": "vc_complete_line_prefix_concat",
   "loc":
    {"end-char": 128,
     "end-line": 121,
     "file-name":
      "/workspace/httparse-cloud-resume/httparse/1.10.1/verification/probes/empty-lines-harness/string-replay/verif/httparse_empty_lines_string_harness_rlib/verification_empty_lines/complete_line_prefix_concat.coma",
     "start-char": 68,
     "start-line": 119}}}
{"counterexample": [],
 "prover-result":
  {"answer": "Valid",
   "ce-models": [],
   "status": "exited with status 0",
   "step": 9169,
   "time": 0.007542},
 "term":
  {"explanations": ["complete_line_prefix requires"],
   "goal_name": "vc_complete_line_prefix_concat",
   "loc":
    {"end-char": 61,
     "end-line": 32,
     "file-name":
      "/workspace/httparse-cloud-resume/httparse/1.10.1/verification/probes/empty-lines-harness/string-replay/../src/../../../../src/verification/empty_lines.rs",
     "start-char": 11,
     "start-line": 32}}}
{"counterexample": [],
 "prover-result":
  {"answer": "Valid",
   "ce-models": [],
   "status": "exited with status 0",
   "step": 9548,
   "time": 0.007682},
 "term":
  {"explanations": [],
   "goal_name": "vc_complete_line_prefix_concat",
   "loc":
    {"end-char": 44,
     "end-line": 126,
     "file-name":
      "/workspace/httparse-cloud-resume/httparse/1.10.1/verification/probes/empty-lines-harness/string-replay/verif/httparse_empty_lines_string_harness_rlib/verification_empty_lines/complete_line_prefix_concat.coma",
     "start-char": 7,
     "start-line": 126}}}
{"counterexample": [],
 "prover-result":
  {"answer": "Valid",
   "ce-models": [],
   "status": "exited with status 0",
   "step": 822,
   "time": 0.008446},
 "term":
  {"explanations": ["complete_line_prefix_concat ensures"],
   "goal_name": "vc_complete_line_prefix_concat",
   "loc":
    {"end-char": 126,
     "end-line": 129,
     "file-name":
      "/workspace/httparse-cloud-resume/httparse/1.10.1/verification/probes/empty-lines-harness/string-replay/verif/httparse_empty_lines_string_harness_rlib/verification_empty_lines/complete_line_prefix_concat.coma",
     "start-char": 66,
     "start-line": 127}}}
