Warning, file "/workspace/httparse-tool-rebuild/string-model/creusot-data/share/why3find/packages/creusot/creusot/int.coma", line 166, characters 8-22: axiom extensionality does not contain any local abstract symbol (contains: int, (=), t, to_int)
Warning, file "/workspace/httparse-tool-rebuild/string-model/creusot-data/share/why3find/packages/creusot/creusot/int.coma", line 484, characters 8-22: axiom extensionality does not contain any local abstract symbol (contains: int, (=), t, to_int)
Warning, file "/workspace/httparse-tool-rebuild/string-model/creusot-data/share/why3find/packages/creusot/creusot/int.coma", line 802, characters 8-22: axiom extensionality does not contain any local abstract symbol (contains: int, (=), t, to_int)
Warning, file "/workspace/httparse-tool-rebuild/string-model/creusot-data/share/why3find/packages/creusot/creusot/int.coma", line 1120, characters 8-22: axiom extensionality does not contain any local abstract symbol (contains: int, (=), t, to_int)
Warning, file "/workspace/httparse-tool-rebuild/string-model/creusot-data/share/why3find/packages/creusot/creusot/int.coma", line 1438, characters 8-22: axiom extensionality does not contain any local abstract symbol (contains: int, (=), t, to_int)
{"counterexample": [],
 "prover-result":
  {"answer": "Valid",
   "ce-models": [],
   "status": "exited with status 0",
   "step": 14963,
   "time": 0.008633},
 "term":
  {"explanations": ["complete_line_prefix requires"],
   "goal_name": "vc_complete_line_prefix_cursor_induction",
   "loc":
    {"end-char": 61,
     "end-line": 32,
     "file-name":
      "/workspace/httparse-cloud-resume/httparse/1.10.1/verification/probes/empty-lines-harness/string-replay/../src/../../../../src/verification/empty_lines.rs",
     "start-char": 11,
     "start-line": 32}}}
{"counterexample": [],
 "prover-result":
  {"answer": "Valid",
   "ce-models": [],
   "status": "exited with status 0",
   "step": 14915,
   "time": 0.007056},
 "term":
  {"explanations": [],
   "goal_name": "vc_complete_line_prefix_cursor_induction",
   "loc":
    {"end-char": 54,
     "end-line": 141,
     "file-name":
      "/workspace/httparse-cloud-resume/httparse/1.10.1/verification/probes/empty-lines-harness/string-replay/verif/httparse_empty_lines_string_harness_rlib/verification_empty_lines/complete_line_prefix_cursor_induction.coma",
     "start-char": 9,
     "start-line": 141}}}
{"counterexample": [],
 "prover-result":
  {"answer": "Valid",
   "ce-models": [],
   "status": "exited with status 0",
   "step": 15134,
   "time": 0.01646},
 "term":
  {"explanations": ["complete_line_prefix_cursor_induction requires"],
   "goal_name": "vc_complete_line_prefix_cursor_induction",
   "loc":
    {"end-char": 22,
     "end-line": 148,
     "file-name":
      "/workspace/httparse-cloud-resume/httparse/1.10.1/verification/probes/empty-lines-harness/string-replay/verif/httparse_empty_lines_string_harness_rlib/verification_empty_lines/complete_line_prefix_cursor_induction.coma",
     "start-char": 80,
     "start-line": 142}}}
{"counterexample": [],
 "prover-result":
  {"answer": "Valid",
   "ce-models": [],
   "status": "exited with status 0",
   "step": 6157,
   "time": 0.006489},
 "term":
  {"explanations": ["variant decreases"],
   "goal_name": "vc_complete_line_prefix_cursor_induction",
   "loc":
    {"end-char": 56,
     "end-line": 150,
     "file-name":
      "/workspace/httparse-cloud-resume/httparse/1.10.1/verification/probes/empty-lines-harness/string-replay/verif/httparse_empty_lines_string_harness_rlib/verification_empty_lines/complete_line_prefix_cursor_induction.coma",
     "start-char": 38,
     "start-line": 149}}}
{"counterexample": [],
 "prover-result":
  {"answer": "Valid",
   "ce-models": [],
   "status": "exited with status 0",
   "step": 15498,
   "time": 0.007769},
 "term":
  {"explanations": ["complete_line_prefix_end requires"],
   "goal_name": "vc_complete_line_prefix_cursor_induction",
   "loc":
    {"end-char": 59,
     "end-line": 51,
     "file-name":
      "/workspace/httparse-cloud-resume/httparse/1.10.1/verification/probes/empty-lines-harness/string-replay/../src/../../../../src/verification/empty_lines.rs",
     "start-char": 11,
     "start-line": 51}}}
{"counterexample": [],
 "prover-result":
  {"answer": "Valid",
   "ce-models": [],
   "status": "exited with status 0",
   "step": 17545,
   "time": 1e-06},
 "term":
  {"explanations": ["complete_line_prefix_end requires"],
   "goal_name": "vc_complete_line_prefix_cursor_induction",
   "loc":
    {"end-char": 59,
     "end-line": 51,
     "file-name":
      "/workspace/httparse-cloud-resume/httparse/1.10.1/verification/probes/empty-lines-harness/string-replay/../src/../../../../src/verification/empty_lines.rs",
     "start-char": 11,
     "start-line": 51}}}
{"counterexample": [],
 "prover-result":
  {"answer": "Valid",
   "ce-models": [],
   "status": "exited with status 0",
   "step": 19347,
   "time": 0.01354},
 "term":
  {"explanations": [],
   "goal_name": "vc_complete_line_prefix_cursor_induction",
   "loc":
    {"end-char": 100,
     "end-line": 202,
     "file-name":
      "/workspace/httparse-cloud-resume/httparse/1.10.1/verification/probes/empty-lines-harness/string-replay/verif/httparse_empty_lines_string_harness_rlib/verification_empty_lines/complete_line_prefix_cursor_induction.coma",
     "start-char": 9,
     "start-line": 202}}}
{"counterexample": [],
 "prover-result":
  {"answer": "Valid",
   "ce-models": [],
   "status": "exited with status 0",
   "step": 20131,
   "time": 0.008517},
 "term":
  {"explanations": ["complete_line_prefix_cursor_induction ensures"],
   "goal_name": "vc_complete_line_prefix_cursor_induction",
   "loc":
    {"end-char": 111,
     "end-line": 210,
     "file-name":
      "/workspace/httparse-cloud-resume/httparse/1.10.1/verification/probes/empty-lines-harness/string-replay/verif/httparse_empty_lines_string_harness_rlib/verification_empty_lines/complete_line_prefix_cursor_induction.coma",
     "start-char": 78,
     "start-line": 203}}}
{"counterexample": [],
 "prover-result":
  {"answer": "Valid",
   "ce-models": [],
   "status": "exited with status 0",
   "step": 14780,
   "time": 0.011798},
 "term":
  {"explanations": [],
   "goal_name": "vc_complete_line_prefix_cursor_induction",
   "loc":
    {"end-char": 46,
     "end-line": 212,
     "file-name":
      "/workspace/httparse-cloud-resume/httparse/1.10.1/verification/probes/empty-lines-harness/string-replay/verif/httparse_empty_lines_string_harness_rlib/verification_empty_lines/complete_line_prefix_cursor_induction.coma",
     "start-char": 6,
     "start-line": 212}}}
{"counterexample": [],
 "prover-result":
  {"answer": "Valid",
   "ce-models": [],
   "status": "exited with status 0",
   "step": 15328,
   "time": 0.008226},
 "term":
  {"explanations": [],
   "goal_name": "vc_complete_line_prefix_cursor_induction",
   "loc":
    {"end-char": 27,
     "end-line": 213,
     "file-name":
      "/workspace/httparse-cloud-resume/httparse/1.10.1/verification/probes/empty-lines-harness/string-replay/verif/httparse_empty_lines_string_harness_rlib/verification_empty_lines/complete_line_prefix_cursor_induction.coma",
     "start-char": 9,
     "start-line": 213}}}
{"counterexample": [],
 "prover-result":
  {"answer": "Valid",
   "ce-models": [],
   "status": "exited with status 0",
   "step": 15631,
   "time": 0.012371},
 "term":
  {"explanations": [],
   "goal_name": "vc_complete_line_prefix_cursor_induction",
   "loc":
    {"end-char": 55,
     "end-line": 214,
     "file-name":
      "/workspace/httparse-cloud-resume/httparse/1.10.1/verification/probes/empty-lines-harness/string-replay/verif/httparse_empty_lines_string_harness_rlib/verification_empty_lines/complete_line_prefix_cursor_induction.coma",
     "start-char": 9,
     "start-line": 214}}}
{"counterexample": [],
 "prover-result":
  {"answer": "Valid",
   "ce-models": [],
   "status": "exited with status 0",
   "step": 15900,
   "time": 0.011698},
 "term":
  {"explanations": ["complete_line_prefix requires"],
   "goal_name": "vc_complete_line_prefix_cursor_induction",
   "loc":
    {"end-char": 61,
     "end-line": 32,
     "file-name":
      "/workspace/httparse-cloud-resume/httparse/1.10.1/verification/probes/empty-lines-harness/string-replay/../src/../../../../src/verification/empty_lines.rs",
     "start-char": 11,
     "start-line": 32}}}
{"counterexample": [],
 "prover-result":
  {"answer": "Valid",
   "ce-models": [],
   "status": "exited with status 0",
   "step": 15883,
   "time": 0.00795},
 "term":
  {"explanations": [],
   "goal_name": "vc_complete_line_prefix_cursor_induction",
   "loc":
    {"end-char": 54,
     "end-line": 217,
     "file-name":
      "/workspace/httparse-cloud-resume/httparse/1.10.1/verification/probes/empty-lines-harness/string-replay/verif/httparse_empty_lines_string_harness_rlib/verification_empty_lines/complete_line_prefix_cursor_induction.coma",
     "start-char": 9,
     "start-line": 217}}}
{"counterexample": [],
 "prover-result":
  {"answer": "Valid",
   "ce-models": [],
   "status": "exited with status 0",
   "step": 16063,
   "time": 0.008055},
 "term":
  {"explanations": ["complete_line_prefix_cursor_induction requires"],
   "goal_name": "vc_complete_line_prefix_cursor_induction",
   "loc":
    {"end-char": 22,
     "end-line": 224,
     "file-name":
      "/workspace/httparse-cloud-resume/httparse/1.10.1/verification/probes/empty-lines-harness/string-replay/verif/httparse_empty_lines_string_harness_rlib/verification_empty_lines/complete_line_prefix_cursor_induction.coma",
     "start-char": 80,
     "start-line": 218}}}
{"counterexample": [],
 "prover-result":
  {"answer": "Valid",
   "ce-models": [],
   "status": "exited with status 0",
   "step": 6920,
   "time": 0.004227},
 "term":
  {"explanations": ["variant decreases"],
   "goal_name": "vc_complete_line_prefix_cursor_induction",
   "loc":
    {"end-char": 56,
     "end-line": 226,
     "file-name":
      "/workspace/httparse-cloud-resume/httparse/1.10.1/verification/probes/empty-lines-harness/string-replay/verif/httparse_empty_lines_string_harness_rlib/verification_empty_lines/complete_line_prefix_cursor_induction.coma",
     "start-char": 38,
     "start-line": 225}}}
{"counterexample": [],
 "prover-result":
  {"answer": "Valid",
   "ce-models": [],
   "status": "exited with status 0",
   "step": 16385,
   "time": 0.008088},
 "term":
  {"explanations": ["complete_line_prefix_end requires"],
   "goal_name": "vc_complete_line_prefix_cursor_induction",
   "loc":
    {"end-char": 59,
     "end-line": 51,
     "file-name":
      "/workspace/httparse-cloud-resume/httparse/1.10.1/verification/probes/empty-lines-harness/string-replay/../src/../../../../src/verification/empty_lines.rs",
     "start-char": 11,
     "start-line": 51}}}
{"counterexample": [],
 "prover-result":
  {"answer": "Valid",
   "ce-models": [],
   "status": "exited with status 0",
   "step": 18452,
   "time": 0.004053},
 "term":
  {"explanations": ["complete_line_prefix_end requires"],
   "goal_name": "vc_complete_line_prefix_cursor_induction",
   "loc":
    {"end-char": 59,
     "end-line": 51,
     "file-name":
      "/workspace/httparse-cloud-resume/httparse/1.10.1/verification/probes/empty-lines-harness/string-replay/../src/../../../../src/verification/empty_lines.rs",
     "start-char": 11,
     "start-line": 51}}}
{"counterexample": [],
 "prover-result":
  {"answer": "Valid",
   "ce-models": [],
   "status": "exited with status 0",
   "step": 19747,
   "time": 0.004083},
 "term":
  {"explanations": [],
   "goal_name": "vc_complete_line_prefix_cursor_induction",
   "loc":
    {"end-char": 100,
     "end-line": 278,
     "file-name":
      "/workspace/httparse-cloud-resume/httparse/1.10.1/verification/probes/empty-lines-harness/string-replay/verif/httparse_empty_lines_string_harness_rlib/verification_empty_lines/complete_line_prefix_cursor_induction.coma",
     "start-char": 9,
     "start-line": 278}}}
{"counterexample": [],
 "prover-result":
  {"answer": "Valid",
   "ce-models": [],
   "status": "exited with status 0",
   "step": 20530,
   "time": 0.004435},
 "term":
  {"explanations": ["complete_line_prefix_cursor_induction ensures"],
   "goal_name": "vc_complete_line_prefix_cursor_induction",
   "loc":
    {"end-char": 111,
     "end-line": 286,
     "file-name":
      "/workspace/httparse-cloud-resume/httparse/1.10.1/verification/probes/empty-lines-harness/string-replay/verif/httparse_empty_lines_string_harness_rlib/verification_empty_lines/complete_line_prefix_cursor_induction.coma",
     "start-char": 78,
     "start-line": 279}}}
{"counterexample": [],
 "prover-result":
  {"answer": "Valid",
   "ce-models": [],
   "status": "exited with status 0",
   "step": 16205,
   "time": 1e-06},
 "term":
  {"explanations": ["complete_line_prefix_cursor_induction ensures"],
   "goal_name": "vc_complete_line_prefix_cursor_induction",
   "loc":
    {"end-char": 109,
     "end-line": 296,
     "file-name":
      "/workspace/httparse-cloud-resume/httparse/1.10.1/verification/probes/empty-lines-harness/string-replay/verif/httparse_empty_lines_string_harness_rlib/verification_empty_lines/complete_line_prefix_cursor_induction.coma",
     "start-char": 72,
     "start-line": 289}}}
