Warning, file "/workspace/httparse-tool-rebuild/string-model/creusot-data/share/why3find/packages/creusot/creusot/int.coma", line 166, characters 8-22: axiom extensionality does not contain any local abstract symbol (contains: int, (=), t, to_int)
Warning, file "/workspace/httparse-tool-rebuild/string-model/creusot-data/share/why3find/packages/creusot/creusot/int.coma", line 484, characters 8-22: axiom extensionality does not contain any local abstract symbol (contains: int, (=), t, to_int)
Warning, file "/workspace/httparse-tool-rebuild/string-model/creusot-data/share/why3find/packages/creusot/creusot/int.coma", line 802, characters 8-22: axiom extensionality does not contain any local abstract symbol (contains: int, (=), t, to_int)
Warning, file "/workspace/httparse-tool-rebuild/string-model/creusot-data/share/why3find/packages/creusot/creusot/int.coma", line 1120, characters 8-22: axiom extensionality does not contain any local abstract symbol (contains: int, (=), t, to_int)
Warning, file "/workspace/httparse-tool-rebuild/string-model/creusot-data/share/why3find/packages/creusot/creusot/int.coma", line 1438, characters 8-22: axiom extensionality does not contain any local abstract symbol (contains: int, (=), t, to_int)
{"counterexample": [],
 "prover-result":
  {"answer": "Valid",
   "ce-models": [],
   "status": "exited with status 0",
   "step": 15299,
   "time": 0.004114},
 "term":
  {"explanations": ["complete_line_prefix_end requires"],
   "goal_name": "vc_skip_empty_lines_model",
   "loc":
    {"end-char": 59,
     "end-line": 51,
     "file-name":
      "/workspace/httparse-cloud-resume/httparse/1.10.1/verification/probes/empty-lines-harness/string-replay/../src/../../../../src/verification/empty_lines.rs",
     "start-char": 11,
     "start-line": 51}}}
{"counterexample": [],
 "prover-result":
  {"answer": "Valid",
   "ce-models": [],
   "status": "exited with status 0",
   "step": 1400,
   "time": 0.00322},
 "term":
  {"explanations": ["skip_empty_lines_model ensures"],
   "goal_name": "vc_skip_empty_lines_model",
   "loc":
    {"end-char": 1,
     "end-line": 291,
     "file-name":
      "/workspace/httparse-cloud-resume/httparse/1.10.1/verification/probes/empty-lines-harness/string-replay/../src/../../../../src/verification/empty_lines.rs",
     "start-char": 10,
     "start-line": 267}}}
{"counterexample": [],
 "prover-result":
  {"answer": "Valid",
   "ce-models": [],
   "status": "exited with status 0",
   "step": 2056,
   "time": 0.008235},
 "term":
  {"explanations": ["skip_empty_lines_model ensures"],
   "goal_name": "vc_skip_empty_lines_model",
   "loc":
    {"end-char": 1,
     "end-line": 291,
     "file-name":
      "/workspace/httparse-cloud-resume/httparse/1.10.1/verification/probes/empty-lines-harness/string-replay/../src/../../../../src/verification/empty_lines.rs",
     "start-char": 10,
     "start-line": 267}}}
{"counterexample": [],
 "prover-result":
  {"answer": "Valid",
   "ce-models": [],
   "status": "exited with status 0",
   "step": 17179,
   "time": 0.00432},
 "term":
  {"explanations": ["skip_empty_lines_model ensures"],
   "goal_name": "vc_skip_empty_lines_model",
   "loc":
    {"end-char": 1,
     "end-line": 291,
     "file-name":
      "/workspace/httparse-cloud-resume/httparse/1.10.1/verification/probes/empty-lines-harness/string-replay/../src/../../../../src/verification/empty_lines.rs",
     "start-char": 10,
     "start-line": 267}}}
{"counterexample": [],
 "prover-result":
  {"answer": "Valid",
   "ce-models": [],
   "status": "exited with status 0",
   "step": 16951,
   "time": 0.008426},
 "term":
  {"explanations": ["skip_empty_lines_model ensures"],
   "goal_name": "vc_skip_empty_lines_model",
   "loc":
    {"end-char": 1,
     "end-line": 291,
     "file-name":
      "/workspace/httparse-cloud-resume/httparse/1.10.1/verification/probes/empty-lines-harness/string-replay/../src/../../../../src/verification/empty_lines.rs",
     "start-char": 10,
     "start-line": 267}}}
