Warning, file "/workspace/httparse-tool-rebuild/string-model/creusot-data/share/why3find/packages/creusot/creusot/int.coma", line 166, characters 8-22: axiom extensionality does not contain any local abstract symbol (contains: int, (=), t, to_int)
Warning, file "/workspace/httparse-tool-rebuild/string-model/creusot-data/share/why3find/packages/creusot/creusot/int.coma", line 484, characters 8-22: axiom extensionality does not contain any local abstract symbol (contains: int, (=), t, to_int)
Warning, file "/workspace/httparse-tool-rebuild/string-model/creusot-data/share/why3find/packages/creusot/creusot/int.coma", line 802, characters 8-22: axiom extensionality does not contain any local abstract symbol (contains: int, (=), t, to_int)
Warning, file "/workspace/httparse-tool-rebuild/string-model/creusot-data/share/why3find/packages/creusot/creusot/int.coma", line 1120, characters 8-22: axiom extensionality does not contain any local abstract symbol (contains: int, (=), t, to_int)
Warning, file "/workspace/httparse-tool-rebuild/string-model/creusot-data/share/why3find/packages/creusot/creusot/int.coma", line 1438, characters 8-22: axiom extensionality does not contain any local abstract symbol (contains: int, (=), t, to_int)
Warning, file "/workspace/httparse-cloud-resume/httparse/1.10.1/verification/probes/empty-lines-harness/string-replay/verif/httparse_empty_lines_string_harness_rlib/iter/impl_Bytes/bump.coma", line 62, characters 6-21: axiom size_of_u8_spec does not contain any local abstract symbol (contains: int, (<=), size_of_u8)
Warning, file "/workspace/httparse-cloud-resume/httparse/1.10.1/verification/probes/empty-lines-harness/string-replay/verif/httparse_empty_lines_string_harness_rlib/iter/impl_Bytes/bump.coma", line 119, characters 6-37: axiom slice_ptr_ext_ptr_slice_u8_spec does not contain any local abstract symbol (contains: (=), ptr, t, len_ptr_slice_u8, thin_ptr_slice_u8)
{"counterexample": [],
 "prover-result":
  {"answer": "Valid",
   "ce-models": [],
   "status": "exited with status 0",
   "step": 39710,
   "time": 0.011193},
 "term":
  {"explanations": ["advance requires"],
   "goal_name": "vc_bump",
   "loc":
    {"end-char": 112,
     "end-line": 192,
     "file-name":
      "/workspace/httparse-cloud-resume/httparse/1.10.1/verification/probes/empty-lines-harness/string-replay/verif/httparse_empty_lines_string_harness_rlib/iter/impl_Bytes/bump.coma",
     "start-char": 42,
     "start-line": 191}}}
{"counterexample": [],
 "prover-result":
  {"answer": "Valid",
   "ce-models": [],
   "status": "exited with status 0",
   "step": 44498,
   "time": 0.012803},
 "term":
  {"explanations": ["bump ensures"],
   "goal_name": "vc_bump",
   "loc":
    {"end-char": 36,
     "end-line": 173,
     "file-name":
      "/workspace/httparse-cloud-resume/httparse/1.10.1/verification/probes/empty-lines-harness/string-replay/../src/../../../../src/iter.rs",
     "start-char": 14,
     "start-line": 170}}}
{"counterexample": [],
 "prover-result":
  {"answer": "Valid",
   "ce-models": [],
   "status": "exited with status 0",
   "step": 4719,
   "time": 0.006616},
 "term":
  {"explanations": ["type invariant"],
   "goal_name": "vc_bump",
   "loc":
    {"end-char": 71,
     "end-line": 223,
     "file-name":
      "/workspace/httparse-cloud-resume/httparse/1.10.1/verification/probes/empty-lines-harness/string-replay/verif/httparse_empty_lines_string_harness_rlib/iter/impl_Bytes/bump.coma",
     "start-char": 50,
     "start-line": 223}}}
{"counterexample": [],
 "prover-result":
  {"answer": "Valid",
   "ce-models": [],
   "status": "exited with status 0",
   "step": 3123,
   "time": 0.004265},
 "term":
  {"explanations": ["type invariant"],
   "goal_name": "vc_bump",
   "loc":
    {"end-char": 64,
     "end-line": 221,
     "file-name":
      "/workspace/httparse-cloud-resume/httparse/1.10.1/verification/probes/empty-lines-harness/string-replay/verif/httparse_empty_lines_string_harness_rlib/iter/impl_Bytes/bump.coma",
     "start-char": 42,
     "start-line": 221}}}
