Warning, file "/workspace/httparse-tool-rebuild/string-model/creusot-data/share/why3find/packages/creusot/creusot/int.coma", line 166, characters 8-22: axiom extensionality does not contain any local abstract symbol (contains: int, (=), t, to_int)
Warning, file "/workspace/httparse-tool-rebuild/string-model/creusot-data/share/why3find/packages/creusot/creusot/int.coma", line 484, characters 8-22: axiom extensionality does not contain any local abstract symbol (contains: int, (=), t, to_int)
Warning, file "/workspace/httparse-tool-rebuild/string-model/creusot-data/share/why3find/packages/creusot/creusot/int.coma", line 802, characters 8-22: axiom extensionality does not contain any local abstract symbol (contains: int, (=), t, to_int)
Warning, file "/workspace/httparse-tool-rebuild/string-model/creusot-data/share/why3find/packages/creusot/creusot/int.coma", line 1120, characters 8-22: axiom extensionality does not contain any local abstract symbol (contains: int, (=), t, to_int)
Warning, file "/workspace/httparse-tool-rebuild/string-model/creusot-data/share/why3find/packages/creusot/creusot/int.coma", line 1438, characters 8-22: axiom extensionality does not contain any local abstract symbol (contains: int, (=), t, to_int)
Warning, file "/workspace/httparse-cloud-resume/httparse/1.10.1/verification/probes/empty-lines-harness/string-replay/verif/httparse_empty_lines_string_harness_rlib/iter/impl_Iterator_for_Bytes/next.coma", line 85, characters 6-21: axiom size_of_u8_spec does not contain any local abstract symbol (contains: int, (<=), size_of_u8)
Warning, file "/workspace/httparse-cloud-resume/httparse/1.10.1/verification/probes/empty-lines-harness/string-replay/verif/httparse_empty_lines_string_harness_rlib/iter/impl_Iterator_for_Bytes/next.coma", line 142, characters 6-37: axiom slice_ptr_ext_ptr_slice_u8_spec does not contain any local abstract symbol (contains: (=), ptr, t, len_ptr_slice_u8, thin_ptr_slice_u8)
Warning, file "/workspace/httparse-cloud-resume/httparse/1.10.1/verification/probes/empty-lines-harness/string-replay/verif/httparse_empty_lines_string_harness_rlib/iter/impl_Iterator_for_Bytes/next.coma", line 274, characters 183-184: unused variable a
Warning, file "/workspace/httparse-cloud-resume/httparse/1.10.1/verification/probes/empty-lines-harness/string-replay/verif/httparse_empty_lines_string_harness_rlib/iter/impl_Iterator_for_Bytes/next.coma", line 274, characters 196-198: unused variable ab
Warning, file "/workspace/httparse-cloud-resume/httparse/1.10.1/verification/probes/empty-lines-harness/string-replay/verif/httparse_empty_lines_string_harness_rlib/iter/impl_Iterator_for_Bytes/next.coma", line 274, characters 218-219: unused variable b
Warning, file "/workspace/httparse-cloud-resume/httparse/1.10.1/verification/probes/empty-lines-harness/string-replay/verif/httparse_empty_lines_string_harness_rlib/iter/impl_Iterator_for_Bytes/next.coma", line 274, characters 231-233: unused variable bc
Warning, file "/workspace/httparse-cloud-resume/httparse/1.10.1/verification/probes/empty-lines-harness/string-replay/verif/httparse_empty_lines_string_harness_rlib/iter/impl_Iterator_for_Bytes/next.coma", line 274, characters 253-254: unused variable c
Warning, file "/workspace/httparse-cloud-resume/httparse/1.10.1/verification/probes/empty-lines-harness/string-replay/verif/httparse_empty_lines_string_harness_rlib/iter/impl_Iterator_for_Bytes/next.coma", line 277, characters 6-31: axiom produces_trans_Bytes_spec does not contain any local abstract symbol (contains: t, seq, (++), t_Bytes, produces_Bytes)
Warning, file "/workspace/httparse-cloud-resume/httparse/1.10.1/verification/probes/empty-lines-harness/string-replay/verif/httparse_empty_lines_string_harness_rlib/iter/impl_Iterator_for_Bytes/next.coma", line 281, characters 182-186: unused variable self
Warning, file "/workspace/httparse-cloud-resume/httparse/1.10.1/verification/probes/empty-lines-harness/string-replay/verif/httparse_empty_lines_string_harness_rlib/iter/impl_Iterator_for_Bytes/next.coma", line 284, characters 6-30: axiom produces_refl_Bytes_spec does not contain any local abstract symbol (contains: t, seq, empty, t_Bytes, produces_Bytes)
{"counterexample": [],
 "prover-result":
  {"answer": "Valid",
   "ce-models": [],
   "status": "exited with status 0",
   "step": 4669,
   "time": 0.005009},
 "term":
  {"explanations": ["peek 'self' type invariant"],
   "goal_name": "vc_next_Bytes",
   "loc":
    {"end-char": 21,
     "end-line": 89,
     "file-name":
      "/workspace/httparse-cloud-resume/httparse/1.10.1/verification/probes/empty-lines-harness/string-replay/../src/../../../../src/iter.rs",
     "start-char": 17,
     "start-line": 89}}}
{"counterexample": [],
 "prover-result":
  {"answer": "Valid",
   "ce-models": [],
   "status": "exited with status 0",
   "step": 66637,
   "time": 0.014787},
 "term":
  {"explanations": ["next_Bytes ensures"],
   "goal_name": "vc_next_Bytes",
   "loc":
    {"end-char": 10,
     "end-line": 348,
     "file-name":
      "/workspace/httparse-cloud-resume/httparse/1.10.1/verification/probes/empty-lines-harness/string-replay/verif/httparse_empty_lines_string_harness_rlib/iter/impl_Iterator_for_Bytes/next.coma",
     "start-char": 44,
     "start-line": 335}}}
{"counterexample": [],
 "prover-result":
  {"answer": "Valid",
   "ce-models": [],
   "status": "exited with status 0",
   "step": 7152,
   "time": 0.00367},
 "term":
  {"explanations": ["type invariant"],
   "goal_name": "vc_next_Bytes",
   "loc":
    {"end-char": 71,
     "end-line": 321,
     "file-name":
      "/workspace/httparse-cloud-resume/httparse/1.10.1/verification/probes/empty-lines-harness/string-replay/verif/httparse_empty_lines_string_harness_rlib/iter/impl_Iterator_for_Bytes/next.coma",
     "start-char": 50,
     "start-line": 321}}}
{"counterexample": [],
 "prover-result":
  {"answer": "Valid",
   "ce-models": [],
   "status": "exited with status 0",
   "step": 71192,
   "time": 0.02187},
 "term":
  {"explanations": ["bytes_subsequence_head requires"],
   "goal_name": "vc_next_Bytes",
   "loc":
    {"end-char": 62,
     "end-line": 8,
     "file-name":
      "/workspace/httparse-cloud-resume/httparse/1.10.1/verification/probes/empty-lines-harness/string-replay/../src/../../../../src/iter.rs",
     "start-char": 11,
     "start-line": 8}}}
{"counterexample": [],
 "prover-result":
  {"answer": "Valid",
   "ce-models": [],
   "status": "exited with status 0",
   "step": 17659,
   "time": 0.003139},
 "term":
  {"explanations": ["bump requires"],
   "goal_name": "vc_next_Bytes",
   "loc":
    {"end-char": 37,
     "end-line": 251,
     "file-name":
      "/workspace/httparse-cloud-resume/httparse/1.10.1/verification/probes/empty-lines-harness/string-replay/verif/httparse_empty_lines_string_harness_rlib/iter/impl_Iterator_for_Bytes/next.coma",
     "start-char": 39,
     "start-line": 249}}}
{"counterexample": [],
 "prover-result":
  {"answer": "Valid",
   "ce-models": [],
   "status": "exited with status 0",
   "step": 100458,
   "time": 0.023615},
 "term":
  {"explanations": ["next_Bytes ensures"],
   "goal_name": "vc_next_Bytes",
   "loc":
    {"end-char": 10,
     "end-line": 348,
     "file-name":
      "/workspace/httparse-cloud-resume/httparse/1.10.1/verification/probes/empty-lines-harness/string-replay/verif/httparse_empty_lines_string_harness_rlib/iter/impl_Iterator_for_Bytes/next.coma",
     "start-char": 44,
     "start-line": 335}}}
{"counterexample": [],
 "prover-result":
  {"answer": "Valid",
   "ce-models": [],
   "status": "exited with status 0",
   "step": 7643,
   "time": 0.007654},
 "term":
  {"explanations": ["type invariant"],
   "goal_name": "vc_next_Bytes",
   "loc":
    {"end-char": 71,
     "end-line": 316,
     "file-name":
      "/workspace/httparse-cloud-resume/httparse/1.10.1/verification/probes/empty-lines-harness/string-replay/verif/httparse_empty_lines_string_harness_rlib/iter/impl_Iterator_for_Bytes/next.coma",
     "start-char": 50,
     "start-line": 316}}}
{"counterexample": [],
 "prover-result":
  {"answer": "Valid",
   "ce-models": [],
   "status": "exited with status 0",
   "step": 5129,
   "time": 0.003364},
 "term":
  {"explanations": ["type invariant"],
   "goal_name": "vc_next_Bytes",
   "loc":
    {"end-char": 64,
     "end-line": 314,
     "file-name":
      "/workspace/httparse-cloud-resume/httparse/1.10.1/verification/probes/empty-lines-harness/string-replay/verif/httparse_empty_lines_string_harness_rlib/iter/impl_Iterator_for_Bytes/next.coma",
     "start-char": 42,
     "start-line": 314}}}
{"counterexample": [],
 "prover-result":
  {"answer": "Valid",
   "ce-models": [],
   "status": "exited with status 0",
   "step": 14611,
   "time": 0.004042},
 "term":
  {"explanations": ["elim Some"],
   "goal_name": "vc_next_Bytes",
   "loc":
    {"end-char": 9,
     "end-line": 224,
     "file-name":
      "/workspace/httparse-cloud-resume/httparse/1.10.1/verification/probes/empty-lines-harness/string-replay/verif/httparse_empty_lines_string_harness_rlib/iter/impl_Iterator_for_Bytes/next.coma",
     "start-char": 34,
     "start-line": 221}}}
