Warning, file "/workspace/httparse-tool-rebuild/string-model/creusot-data/share/why3find/packages/creusot/creusot/int.coma", line 166, characters 8-22: axiom extensionality does not contain any local abstract symbol (contains: int, (=), t, to_int)
Warning, file "/workspace/httparse-tool-rebuild/string-model/creusot-data/share/why3find/packages/creusot/creusot/int.coma", line 484, characters 8-22: axiom extensionality does not contain any local abstract symbol (contains: int, (=), t, to_int)
Warning, file "/workspace/httparse-tool-rebuild/string-model/creusot-data/share/why3find/packages/creusot/creusot/int.coma", line 802, characters 8-22: axiom extensionality does not contain any local abstract symbol (contains: int, (=), t, to_int)
Warning, file "/workspace/httparse-tool-rebuild/string-model/creusot-data/share/why3find/packages/creusot/creusot/int.coma", line 1120, characters 8-22: axiom extensionality does not contain any local abstract symbol (contains: int, (=), t, to_int)
Warning, file "/workspace/httparse-tool-rebuild/string-model/creusot-data/share/why3find/packages/creusot/creusot/int.coma", line 1438, characters 8-22: axiom extensionality does not contain any local abstract symbol (contains: int, (=), t, to_int)
Warning, file "/workspace/httparse-cloud-resume/httparse/1.10.1/verification/probes/empty-lines-harness/string-replay/verif/httparse_empty_lines_string_harness_rlib/iter/impl_Bytes/commit.coma", line 56, characters 6-21: axiom size_of_u8_spec does not contain any local abstract symbol (contains: int, (<=), size_of_u8)
Warning, file "/workspace/httparse-cloud-resume/httparse/1.10.1/verification/probes/empty-lines-harness/string-replay/verif/httparse_empty_lines_string_harness_rlib/iter/impl_Bytes/commit.coma", line 113, characters 6-37: axiom slice_ptr_ext_ptr_slice_u8_spec does not contain any local abstract symbol (contains: (=), ptr, t, len_ptr_slice_u8, thin_ptr_slice_u8)
{"counterexample": [],
 "prover-result":
  {"answer": "Valid",
   "ce-models": [],
   "status": "exited with status 0",
   "step": 36252,
   "time": 0.012676},
 "term":
  {"explanations": ["commit ensures"],
   "goal_name": "vc_commit",
   "loc":
    {"end-char": 73,
     "end-line": 242,
     "file-name":
      "/workspace/httparse-cloud-resume/httparse/1.10.1/verification/probes/empty-lines-harness/string-replay/../src/../../../../src/iter.rs",
     "start-char": 14,
     "start-line": 242}}}
{"counterexample": [],
 "prover-result":
  {"answer": "Valid",
   "ce-models": [],
   "status": "exited with status 0",
   "step": 37793,
   "time": 0.012512},
 "term":
  {"explanations": ["type invariant"],
   "goal_name": "vc_commit",
   "loc":
    {"end-char": 71,
     "end-line": 199,
     "file-name":
      "/workspace/httparse-cloud-resume/httparse/1.10.1/verification/probes/empty-lines-harness/string-replay/verif/httparse_empty_lines_string_harness_rlib/iter/impl_Bytes/commit.coma",
     "start-char": 50,
     "start-line": 199}}}
