Warning, file "/workspace/httparse-tool-rebuild/string-model/creusot-data/share/why3find/packages/creusot/creusot/int.coma", line 166, characters 8-22: axiom extensionality does not contain any local abstract symbol (contains: int, (=), t, to_int)
Warning, file "/workspace/httparse-tool-rebuild/string-model/creusot-data/share/why3find/packages/creusot/creusot/int.coma", line 484, characters 8-22: axiom extensionality does not contain any local abstract symbol (contains: int, (=), t, to_int)
Warning, file "/workspace/httparse-tool-rebuild/string-model/creusot-data/share/why3find/packages/creusot/creusot/int.coma", line 802, characters 8-22: axiom extensionality does not contain any local abstract symbol (contains: int, (=), t, to_int)
Warning, file "/workspace/httparse-tool-rebuild/string-model/creusot-data/share/why3find/packages/creusot/creusot/int.coma", line 1120, characters 8-22: axiom extensionality does not contain any local abstract symbol (contains: int, (=), t, to_int)
Warning, file "/workspace/httparse-tool-rebuild/string-model/creusot-data/share/why3find/packages/creusot/creusot/int.coma", line 1438, characters 8-22: axiom extensionality does not contain any local abstract symbol (contains: int, (=), t, to_int)
Warning, file "/workspace/httparse-cloud-resume/httparse/1.10.1/verification/probes/empty-lines-harness/string-replay/verif/httparse_empty_lines_string_harness_rlib/skip_empty_lines.coma", line 306, characters 183-184: unused variable a
Warning, file "/workspace/httparse-cloud-resume/httparse/1.10.1/verification/probes/empty-lines-harness/string-replay/verif/httparse_empty_lines_string_harness_rlib/skip_empty_lines.coma", line 306, characters 196-198: unused variable ab
Warning, file "/workspace/httparse-cloud-resume/httparse/1.10.1/verification/probes/empty-lines-harness/string-replay/verif/httparse_empty_lines_string_harness_rlib/skip_empty_lines.coma", line 306, characters 218-219: unused variable b
Warning, file "/workspace/httparse-cloud-resume/httparse/1.10.1/verification/probes/empty-lines-harness/string-replay/verif/httparse_empty_lines_string_harness_rlib/skip_empty_lines.coma", line 306, characters 231-233: unused variable bc
Warning, file "/workspace/httparse-cloud-resume/httparse/1.10.1/verification/probes/empty-lines-harness/string-replay/verif/httparse_empty_lines_string_harness_rlib/skip_empty_lines.coma", line 306, characters 253-254: unused variable c
Warning, file "/workspace/httparse-cloud-resume/httparse/1.10.1/verification/probes/empty-lines-harness/string-replay/verif/httparse_empty_lines_string_harness_rlib/skip_empty_lines.coma", line 313, characters 182-186: unused variable self
{"counterexample": [],
 "prover-result":
  {"answer": "Valid",
   "ce-models": [],
   "status": "exited with status 0",
   "step": 5671,
   "time": 0.007182},
 "term":
  {"explanations": ["inferred invariant: type invariant"],
   "goal_name": "vc_skip_empty_lines",
   "loc":
    {"end-char": 87,
     "end-line": 458,
     "file-name":
      "/workspace/httparse-cloud-resume/httparse/1.10.1/verification/probes/empty-lines-harness/string-replay/verif/httparse_empty_lines_string_harness_rlib/skip_empty_lines.coma",
     "start-char": 65,
     "start-line": 458}}}
{"counterexample": [],
 "prover-result":
  {"answer": "Valid",
   "ce-models": [],
   "status": "exited with status 0",
   "step": 3902,
   "time": 1e-06},
 "term":
  {"explanations": ["loop invariant #0"],
   "goal_name": "vc_skip_empty_lines",
   "loc":
    {"end-char": 63,
     "end-line": 34,
     "file-name":
      "/workspace/httparse-cloud-resume/httparse/1.10.1/verification/probes/empty-lines-harness/string-replay/../src/../../../../src/skip_empty_lines.rs",
     "start-char": 16,
     "start-line": 34}}}
{"counterexample": [],
 "prover-result":
  {"answer": "Valid",
   "ce-models": [],
   "status": "exited with status 0",
   "step": 3911,
   "time": 0.014433},
 "term":
  {"explanations": ["loop invariant #4"],
   "goal_name": "vc_skip_empty_lines",
   "loc":
    {"end-char": 46,
     "end-line": 38,
     "file-name":
      "/workspace/httparse-cloud-resume/httparse/1.10.1/verification/probes/empty-lines-harness/string-replay/../src/../../../../src/skip_empty_lines.rs",
     "start-char": 16,
     "start-line": 38}}}
{"counterexample": [],
 "prover-result":
  {"answer": "Valid",
   "ce-models": [],
   "status": "exited with status 0",
   "step": 94265,
   "time": 0.027158},
 "term":
  {"explanations": ["loop invariant #5"],
   "goal_name": "vc_skip_empty_lines",
   "loc":
    {"end-char": 51,
     "end-line": 40,
     "file-name":
      "/workspace/httparse-cloud-resume/httparse/1.10.1/verification/probes/empty-lines-harness/string-replay/../src/../../../../src/skip_empty_lines.rs",
     "start-char": 16,
     "start-line": 39}}}
{"counterexample": [],
 "prover-result":
  {"answer": "Valid",
   "ce-models": [],
   "status": "exited with status 0",
   "step": 43824,
   "time": 0.013511},
 "term":
  {"explanations": ["loop invariant #6"],
   "goal_name": "vc_skip_empty_lines",
   "loc":
    {"end-char": 52,
     "end-line": 43,
     "file-name":
      "/workspace/httparse-cloud-resume/httparse/1.10.1/verification/probes/empty-lines-harness/string-replay/../src/../../../../src/skip_empty_lines.rs",
     "start-char": 16,
     "start-line": 41}}}
{"counterexample": [],
 "prover-result":
  {"answer": "Valid",
   "ce-models": [],
   "status": "exited with status 0",
   "step": 45710,
   "time": 0.013679},
 "term":
  {"explanations": ["complete_line_prefix_at_cursor requires"],
   "goal_name": "vc_skip_empty_lines",
   "loc":
    {"end-char": 134,
     "end-line": 207,
     "file-name":
      "/workspace/httparse-cloud-resume/httparse/1.10.1/verification/probes/empty-lines-harness/string-replay/verif/httparse_empty_lines_string_harness_rlib/skip_empty_lines.coma",
     "start-char": 65,
     "start-line": 203}}}
{"counterexample": [],
 "prover-result":
  {"answer": "Valid",
   "ce-models": [],
   "status": "exited with status 0",
   "step": 4051,
   "time": 0.003209},
 "term":
  {"explanations": ["peek 'self' type invariant"],
   "goal_name": "vc_skip_empty_lines",
   "loc":
    {"end-char": 21,
     "end-line": 89,
     "file-name":
      "/workspace/httparse-cloud-resume/httparse/1.10.1/verification/probes/empty-lines-harness/string-replay/../src/../../../../src/iter.rs",
     "start-char": 17,
     "start-line": 89}}}
{"counterexample": [],
 "prover-result":
  {"answer": "Valid",
   "ce-models": [],
   "status": "exited with status 0",
   "step": 14707,
   "time": 0.003796},
 "term":
  {"explanations": ["bump requires"],
   "goal_name": "vc_skip_empty_lines",
   "loc":
    {"end-char": 35,
     "end-line": 272,
     "file-name":
      "/workspace/httparse-cloud-resume/httparse/1.10.1/verification/probes/empty-lines-harness/string-replay/verif/httparse_empty_lines_string_harness_rlib/skip_empty_lines.coma",
     "start-char": 39,
     "start-line": 270}}}
{"counterexample": [],
 "prover-result":
  {"answer": "Valid",
   "ce-models": [],
   "status": "exited with status 0",
   "step": 6141,
   "time": 0.011277},
 "term":
  {"explanations": ["next 'self' type invariant"],
   "goal_name": "vc_skip_empty_lines",
   "loc":
    {"end-char": 21,
     "end-line": 476,
     "file-name":
      "/workspace/httparse-cloud-resume/httparse/1.10.1/verification/probes/empty-lines-harness/string-replay/../src/../../../../src/iter.rs",
     "start-char": 17,
     "start-line": 476}}}
{"counterexample": [],
 "prover-result":
  {"answer": "Valid",
   "ce-models": [],
   "status": "exited with status 0",
   "step": 68540,
   "time": 0.021859},
 "term":
  {"explanations": ["complete_line_prefix_extend_crlf requires"],
   "goal_name": "vc_skip_empty_lines",
   "loc":
    {"end-char": 7,
     "end-line": 360,
     "file-name":
      "/workspace/httparse-cloud-resume/httparse/1.10.1/verification/probes/empty-lines-harness/string-replay/verif/httparse_empty_lines_string_harness_rlib/skip_empty_lines.coma",
     "start-char": 67,
     "start-line": 350}}}
{"counterexample": [],
 "prover-result":
  {"answer": "Valid",
   "ce-models": [],
   "status": "exited with status 0",
   "step": 68437,
   "time": 0.017494},
 "term":
  {"explanations": ["complete_line_prefix_at_cursor requires"],
   "goal_name": "vc_skip_empty_lines",
   "loc":
    {"end-char": 134,
     "end-line": 207,
     "file-name":
      "/workspace/httparse-cloud-resume/httparse/1.10.1/verification/probes/empty-lines-harness/string-replay/verif/httparse_empty_lines_string_harness_rlib/skip_empty_lines.coma",
     "start-char": 65,
     "start-line": 203}}}
{"counterexample": [],
 "prover-result":
  {"answer": "Valid",
   "ce-models": [],
   "status": "exited with status 0",
   "step": 67143,
   "time": 0.010893},
 "term":
  {"explanations": ["loop variant"],
   "goal_name": "vc_skip_empty_lines",
   "loc":
    {"end-char": 42,
     "end-line": 456,
     "file-name":
      "/workspace/httparse-cloud-resume/httparse/1.10.1/verification/probes/empty-lines-harness/string-replay/verif/httparse_empty_lines_string_harness_rlib/skip_empty_lines.coma",
     "start-char": 34,
     "start-line": 455}}}
{"counterexample": [],
 "prover-result":
  {"answer": "Valid",
   "ce-models": [],
   "status": "exited with status 0",
   "step": 7119,
   "time": 0.004784},
 "term":
  {"explanations": ["inferred invariant: type invariant"],
   "goal_name": "vc_skip_empty_lines",
   "loc":
    {"end-char": 87,
     "end-line": 458,
     "file-name":
      "/workspace/httparse-cloud-resume/httparse/1.10.1/verification/probes/empty-lines-harness/string-replay/verif/httparse_empty_lines_string_harness_rlib/skip_empty_lines.coma",
     "start-char": 65,
     "start-line": 458}}}
{"counterexample": [],
 "prover-result":
  {"answer": "Valid",
   "ce-models": [],
   "status": "exited with status 0",
   "step": 4776,
   "time": 0.004948},
 "term":
  {"explanations": ["inferred invariant: unchanged value"],
   "goal_name": "vc_skip_empty_lines",
   "loc":
    {"end-char": 69,
     "end-line": 459,
     "file-name":
      "/workspace/httparse-cloud-resume/httparse/1.10.1/verification/probes/empty-lines-harness/string-replay/verif/httparse_empty_lines_string_harness_rlib/skip_empty_lines.coma",
     "start-char": 51,
     "start-line": 459}}}
{"counterexample": [],
 "prover-result":
  {"answer": "Valid",
   "ce-models": [],
   "status": "exited with status 0",
   "step": 103681,
   "time": 0.033218},
 "term":
  {"explanations": ["loop invariant #0"],
   "goal_name": "vc_skip_empty_lines",
   "loc":
    {"end-char": 63,
     "end-line": 34,
     "file-name":
      "/workspace/httparse-cloud-resume/httparse/1.10.1/verification/probes/empty-lines-harness/string-replay/../src/../../../../src/skip_empty_lines.rs",
     "start-char": 16,
     "start-line": 34}}}
{"counterexample": [],
 "prover-result":
  {"answer": "Valid",
   "ce-models": [],
   "status": "exited with status 0",
   "step": 71290,
   "time": 0.015399},
 "term":
  {"explanations": ["loop invariant #1"],
   "goal_name": "vc_skip_empty_lines",
   "loc":
    {"end-char": 44,
     "end-line": 35,
     "file-name":
      "/workspace/httparse-cloud-resume/httparse/1.10.1/verification/probes/empty-lines-harness/string-replay/../src/../../../../src/skip_empty_lines.rs",
     "start-char": 16,
     "start-line": 35}}}
{"counterexample": [],
 "prover-result":
  {"answer": "Valid",
   "ce-models": [],
   "status": "exited with status 0",
   "step": 36992,
   "time": 0.007768},
 "term":
  {"explanations": ["loop invariant #2"],
   "goal_name": "vc_skip_empty_lines",
   "loc":
    {"end-char": 42,
     "end-line": 36,
     "file-name":
      "/workspace/httparse-cloud-resume/httparse/1.10.1/verification/probes/empty-lines-harness/string-replay/../src/../../../../src/skip_empty_lines.rs",
     "start-char": 16,
     "start-line": 36}}}
{"counterexample": [],
 "prover-result":
  {"answer": "Valid",
   "ce-models": [],
   "status": "exited with status 0",
   "step": 37052,
   "time": 0.004075},
 "term":
  {"explanations": ["loop invariant #3"],
   "goal_name": "vc_skip_empty_lines",
   "loc":
    {"end-char": 40,
     "end-line": 37,
     "file-name":
      "/workspace/httparse-cloud-resume/httparse/1.10.1/verification/probes/empty-lines-harness/string-replay/../src/../../../../src/skip_empty_lines.rs",
     "start-char": 16,
     "start-line": 37}}}
{"counterexample": [],
 "prover-result":
  {"answer": "Valid",
   "ce-models": [],
   "status": "exited with status 0",
   "step": 65917,
   "time": 0.011185},
 "term":
  {"explanations": ["loop invariant #4"],
   "goal_name": "vc_skip_empty_lines",
   "loc":
    {"end-char": 46,
     "end-line": 38,
     "file-name":
      "/workspace/httparse-cloud-resume/httparse/1.10.1/verification/probes/empty-lines-harness/string-replay/../src/../../../../src/skip_empty_lines.rs",
     "start-char": 16,
     "start-line": 38}}}
{"counterexample": [],
 "prover-result":
  {"answer": "Valid",
   "ce-models": [],
   "status": "exited with status 0",
   "step": 67814,
   "time": 0.014042},
 "term":
  {"explanations": ["loop invariant #5"],
   "goal_name": "vc_skip_empty_lines",
   "loc":
    {"end-char": 51,
     "end-line": 40,
     "file-name":
      "/workspace/httparse-cloud-resume/httparse/1.10.1/verification/probes/empty-lines-harness/string-replay/../src/../../../../src/skip_empty_lines.rs",
     "start-char": 16,
     "start-line": 39}}}
{"counterexample": [],
 "prover-result":
  {"answer": "Valid",
   "ce-models": [],
   "status": "exited with status 0",
   "step": 4819,
   "time": 0.006991},
 "term":
  {"explanations": ["loop invariant #6"],
   "goal_name": "vc_skip_empty_lines",
   "loc":
    {"end-char": 52,
     "end-line": 43,
     "file-name":
      "/workspace/httparse-cloud-resume/httparse/1.10.1/verification/probes/empty-lines-harness/string-replay/../src/../../../../src/skip_empty_lines.rs",
     "start-char": 16,
     "start-line": 41}}}
{"counterexample": [],
 "prover-result":
  {"answer": "Valid",
   "ce-models": [],
   "status": "exited with status 0",
   "step": 14576,
   "time": 0.00774},
 "term":
  {"explanations": ["elim Some"],
   "goal_name": "vc_skip_empty_lines",
   "loc":
    {"end-char": 9,
     "end-line": 266,
     "file-name":
      "/workspace/httparse-cloud-resume/httparse/1.10.1/verification/probes/empty-lines-harness/string-replay/verif/httparse_empty_lines_string_harness_rlib/skip_empty_lines.coma",
     "start-char": 34,
     "start-line": 263}}}
{"counterexample": [],
 "prover-result":
  {"answer": "Valid",
   "ce-models": [],
   "status": "exited with status 0",
   "step": 4194,
   "time": 0.00889},
 "term":
  {"explanations": ["type invariant"],
   "goal_name": "vc_skip_empty_lines",
   "loc":
    {"end-char": 69,
     "end-line": 514,
     "file-name":
      "/workspace/httparse-cloud-resume/httparse/1.10.1/verification/probes/empty-lines-harness/string-replay/verif/httparse_empty_lines_string_harness_rlib/skip_empty_lines.coma",
     "start-char": 46,
     "start-line": 514}}}
{"counterexample": [],
 "prover-result":
  {"answer": "Valid",
   "ce-models": [],
   "status": "exited with status 0",
   "step": 4140,
   "time": 0.007035},
 "term":
  {"explanations": ["type invariant"],
   "goal_name": "vc_skip_empty_lines",
   "loc":
    {"end-char": 69,
     "end-line": 508,
     "file-name":
      "/workspace/httparse-cloud-resume/httparse/1.10.1/verification/probes/empty-lines-harness/string-replay/verif/httparse_empty_lines_string_harness_rlib/skip_empty_lines.coma",
     "start-char": 46,
     "start-line": 508}}}
{"counterexample": [],
 "prover-result":
  {"answer": "Valid",
   "ce-models": [],
   "status": "exited with status 0",
   "step": 14707,
   "time": 0.006291},
 "term":
  {"explanations": ["bump requires"],
   "goal_name": "vc_skip_empty_lines",
   "loc":
    {"end-char": 35,
     "end-line": 272,
     "file-name":
      "/workspace/httparse-cloud-resume/httparse/1.10.1/verification/probes/empty-lines-harness/string-replay/verif/httparse_empty_lines_string_harness_rlib/skip_empty_lines.coma",
     "start-char": 39,
     "start-line": 270}}}
{"counterexample": [],
 "prover-result":
  {"answer": "Valid",
   "ce-models": [],
   "status": "exited with status 0",
   "step": 61176,
   "time": 0.011993},
 "term":
  {"explanations": ["complete_line_prefix_extend_lf requires"],
   "goal_name": "vc_skip_empty_lines",
   "loc":
    {"end-char": 7,
     "end-line": 289,
     "file-name":
      "/workspace/httparse-cloud-resume/httparse/1.10.1/verification/probes/empty-lines-harness/string-replay/verif/httparse_empty_lines_string_harness_rlib/skip_empty_lines.coma",
     "start-char": 65,
     "start-line": 283}}}
{"counterexample": [],
 "prover-result":
  {"answer": "Valid",
   "ce-models": [],
   "status": "exited with status 0",
   "step": 61328,
   "time": 0.018163},
 "term":
  {"explanations": ["complete_line_prefix_at_cursor requires"],
   "goal_name": "vc_skip_empty_lines",
   "loc":
    {"end-char": 134,
     "end-line": 207,
     "file-name":
      "/workspace/httparse-cloud-resume/httparse/1.10.1/verification/probes/empty-lines-harness/string-replay/verif/httparse_empty_lines_string_harness_rlib/skip_empty_lines.coma",
     "start-char": 65,
     "start-line": 203}}}
{"counterexample": [],
 "prover-result":
  {"answer": "Valid",
   "ce-models": [],
   "status": "exited with status 0",
   "step": 59776,
   "time": 0.023312},
 "term":
  {"explanations": ["loop variant"],
   "goal_name": "vc_skip_empty_lines",
   "loc":
    {"end-char": 42,
     "end-line": 456,
     "file-name":
      "/workspace/httparse-cloud-resume/httparse/1.10.1/verification/probes/empty-lines-harness/string-replay/verif/httparse_empty_lines_string_harness_rlib/skip_empty_lines.coma",
     "start-char": 34,
     "start-line": 455}}}
{"counterexample": [],
 "prover-result":
  {"answer": "Valid",
   "ce-models": [],
   "status": "exited with status 0",
   "step": 6411,
   "time": 0.007306},
 "term":
  {"explanations": ["inferred invariant: type invariant"],
   "goal_name": "vc_skip_empty_lines",
   "loc":
    {"end-char": 87,
     "end-line": 458,
     "file-name":
      "/workspace/httparse-cloud-resume/httparse/1.10.1/verification/probes/empty-lines-harness/string-replay/verif/httparse_empty_lines_string_harness_rlib/skip_empty_lines.coma",
     "start-char": 65,
     "start-line": 458}}}
{"counterexample": [],
 "prover-result":
  {"answer": "Valid",
   "ce-models": [],
   "status": "exited with status 0",
   "step": 4328,
   "time": 0.006814},
 "term":
  {"explanations": ["inferred invariant: unchanged value"],
   "goal_name": "vc_skip_empty_lines",
   "loc":
    {"end-char": 69,
     "end-line": 459,
     "file-name":
      "/workspace/httparse-cloud-resume/httparse/1.10.1/verification/probes/empty-lines-harness/string-replay/verif/httparse_empty_lines_string_harness_rlib/skip_empty_lines.coma",
     "start-char": 51,
     "start-line": 459}}}
{"counterexample": [],
 "prover-result":
  {"answer": "Valid",
   "ce-models": [],
   "status": "exited with status 0",
   "step": 62407,
   "time": 0.012609},
 "term":
  {"explanations": ["loop invariant #0"],
   "goal_name": "vc_skip_empty_lines",
   "loc":
    {"end-char": 63,
     "end-line": 34,
     "file-name":
      "/workspace/httparse-cloud-resume/httparse/1.10.1/verification/probes/empty-lines-harness/string-replay/../src/../../../../src/skip_empty_lines.rs",
     "start-char": 16,
     "start-line": 34}}}
{"counterexample": [],
 "prover-result":
  {"answer": "Valid",
   "ce-models": [],
   "status": "exited with status 0",
   "step": 64983,
   "time": 0.011975},
 "term":
  {"explanations": ["loop invariant #1"],
   "goal_name": "vc_skip_empty_lines",
   "loc":
    {"end-char": 44,
     "end-line": 35,
     "file-name":
      "/workspace/httparse-cloud-resume/httparse/1.10.1/verification/probes/empty-lines-harness/string-replay/../src/../../../../src/skip_empty_lines.rs",
     "start-char": 16,
     "start-line": 35}}}
{"counterexample": [],
 "prover-result":
  {"answer": "Valid",
   "ce-models": [],
   "status": "exited with status 0",
   "step": 33711,
   "time": 0.008851},
 "term":
  {"explanations": ["loop invariant #2"],
   "goal_name": "vc_skip_empty_lines",
   "loc":
    {"end-char": 42,
     "end-line": 36,
     "file-name":
      "/workspace/httparse-cloud-resume/httparse/1.10.1/verification/probes/empty-lines-harness/string-replay/../src/../../../../src/skip_empty_lines.rs",
     "start-char": 16,
     "start-line": 36}}}
{"counterexample": [],
 "prover-result":
  {"answer": "Valid",
   "ce-models": [],
   "status": "exited with status 0",
   "step": 33771,
   "time": 0.013471},
 "term":
  {"explanations": ["loop invariant #3"],
   "goal_name": "vc_skip_empty_lines",
   "loc":
    {"end-char": 40,
     "end-line": 37,
     "file-name":
      "/workspace/httparse-cloud-resume/httparse/1.10.1/verification/probes/empty-lines-harness/string-replay/../src/../../../../src/skip_empty_lines.rs",
     "start-char": 16,
     "start-line": 37}}}
{"counterexample": [],
 "prover-result":
  {"answer": "Valid",
   "ce-models": [],
   "status": "exited with status 0",
   "step": 60261,
   "time": 0.012622},
 "term":
  {"explanations": ["loop invariant #4"],
   "goal_name": "vc_skip_empty_lines",
   "loc":
    {"end-char": 46,
     "end-line": 38,
     "file-name":
      "/workspace/httparse-cloud-resume/httparse/1.10.1/verification/probes/empty-lines-harness/string-replay/../src/../../../../src/skip_empty_lines.rs",
     "start-char": 16,
     "start-line": 38}}}
{"counterexample": [],
 "prover-result":
  {"answer": "Valid",
   "ce-models": [],
   "status": "exited with status 0",
   "step": 61448,
   "time": 0.019817},
 "term":
  {"explanations": ["loop invariant #5"],
   "goal_name": "vc_skip_empty_lines",
   "loc":
    {"end-char": 51,
     "end-line": 40,
     "file-name":
      "/workspace/httparse-cloud-resume/httparse/1.10.1/verification/probes/empty-lines-harness/string-replay/../src/../../../../src/skip_empty_lines.rs",
     "start-char": 16,
     "start-line": 39}}}
{"counterexample": [],
 "prover-result":
  {"answer": "Valid",
   "ce-models": [],
   "status": "exited with status 0",
   "step": 4371,
   "time": 1e-06},
 "term":
  {"explanations": ["loop invariant #6"],
   "goal_name": "vc_skip_empty_lines",
   "loc":
    {"end-char": 52,
     "end-line": 43,
     "file-name":
      "/workspace/httparse-cloud-resume/httparse/1.10.1/verification/probes/empty-lines-harness/string-replay/../src/../../../../src/skip_empty_lines.rs",
     "start-char": 16,
     "start-line": 41}}}
{"counterexample": [],
 "prover-result":
  {"answer": "Valid",
   "ce-models": [],
   "status": "exited with status 0",
   "step": 4140,
   "time": 0.009366},
 "term":
  {"explanations": ["type invariant"],
   "goal_name": "vc_skip_empty_lines",
   "loc":
    {"end-char": 69,
     "end-line": 489,
     "file-name":
      "/workspace/httparse-cloud-resume/httparse/1.10.1/verification/probes/empty-lines-harness/string-replay/verif/httparse_empty_lines_string_harness_rlib/skip_empty_lines.coma",
     "start-char": 46,
     "start-line": 489}}}
{"counterexample": [],
 "prover-result":
  {"answer": "Valid",
   "ce-models": [],
   "status": "exited with status 0",
   "step": 12788,
   "time": 0.006717},
 "term":
  {"explanations": ["elim Some"],
   "goal_name": "vc_skip_empty_lines",
   "loc":
    {"end-char": 9,
     "end-line": 266,
     "file-name":
      "/workspace/httparse-cloud-resume/httparse/1.10.1/verification/probes/empty-lines-harness/string-replay/verif/httparse_empty_lines_string_harness_rlib/skip_empty_lines.coma",
     "start-char": 34,
     "start-line": 263}}}
{"counterexample": [],
 "prover-result":
  {"answer": "Valid",
   "ce-models": [],
   "status": "exited with status 0",
   "step": 56643,
   "time": 0.016356},
 "term":
  {"explanations": ["skip_empty_lines ensures"],
   "goal_name": "vc_skip_empty_lines",
   "loc":
    {"end-char": 10,
     "end-line": 614,
     "file-name":
      "/workspace/httparse-cloud-resume/httparse/1.10.1/verification/probes/empty-lines-harness/string-replay/verif/httparse_empty_lines_string_harness_rlib/skip_empty_lines.coma",
     "start-char": 50,
     "start-line": 602}}}
{"counterexample": [],
 "prover-result":
  {"answer": "Valid",
   "ce-models": [],
   "status": "exited with status 0",
   "step": 6093,
   "time": 0.007005},
 "term":
  {"explanations": ["type invariant"],
   "goal_name": "vc_skip_empty_lines",
   "loc":
    {"end-char": 72,
     "end-line": 558,
     "file-name":
      "/workspace/httparse-cloud-resume/httparse/1.10.1/verification/probes/empty-lines-harness/string-replay/verif/httparse_empty_lines_string_harness_rlib/skip_empty_lines.coma",
     "start-char": 50,
     "start-line": 558}}}
{"counterexample": [],
 "prover-result":
  {"answer": "Valid",
   "ce-models": [],
   "status": "exited with status 0",
   "step": 6302,
   "time": 0.007148},
 "term":
  {"explanations": ["slice 'self' type invariant"],
   "goal_name": "vc_skip_empty_lines",
   "loc":
    {"end-char": 26,
     "end-line": 209,
     "file-name":
      "/workspace/httparse-cloud-resume/httparse/1.10.1/verification/probes/empty-lines-harness/string-replay/../src/../../../../src/iter.rs",
     "start-char": 22,
     "start-line": 209}}}
{"counterexample": [],
 "prover-result":
  {"answer": "Valid",
   "ce-models": [],
   "status": "exited with status 0",
   "step": 76855,
   "time": 0.023327},
 "term":
  {"explanations": ["skip_empty_lines ensures"],
   "goal_name": "vc_skip_empty_lines",
   "loc":
    {"end-char": 10,
     "end-line": 614,
     "file-name":
      "/workspace/httparse-cloud-resume/httparse/1.10.1/verification/probes/empty-lines-harness/string-replay/verif/httparse_empty_lines_string_harness_rlib/skip_empty_lines.coma",
     "start-char": 50,
     "start-line": 602}}}
{"counterexample": [],
 "prover-result":
  {"answer": "Valid",
   "ce-models": [],
   "status": "exited with status 0",
   "step": 6458,
   "time": 0.009112},
 "term":
  {"explanations": ["type invariant"],
   "goal_name": "vc_skip_empty_lines",
   "loc":
    {"end-char": 72,
     "end-line": 540,
     "file-name":
      "/workspace/httparse-cloud-resume/httparse/1.10.1/verification/probes/empty-lines-harness/string-replay/verif/httparse_empty_lines_string_harness_rlib/skip_empty_lines.coma",
     "start-char": 50,
     "start-line": 540}}}
{"counterexample": [],
 "prover-result":
  {"answer": "Valid",
   "ce-models": [],
   "status": "exited with status 0",
   "step": 4235,
   "time": 0.004587},
 "term":
  {"explanations": ["type invariant"],
   "goal_name": "vc_skip_empty_lines",
   "loc":
    {"end-char": 65,
     "end-line": 538,
     "file-name":
      "/workspace/httparse-cloud-resume/httparse/1.10.1/verification/probes/empty-lines-harness/string-replay/verif/httparse_empty_lines_string_harness_rlib/skip_empty_lines.coma",
     "start-char": 42,
     "start-line": 538}}}
{"counterexample": [],
 "prover-result":
  {"answer": "Valid",
   "ce-models": [],
   "status": "exited with status 0",
   "step": 74423,
   "time": 0.022753},
 "term":
  {"explanations": ["skip_empty_lines ensures"],
   "goal_name": "vc_skip_empty_lines",
   "loc":
    {"end-char": 10,
     "end-line": 614,
     "file-name":
      "/workspace/httparse-cloud-resume/httparse/1.10.1/verification/probes/empty-lines-harness/string-replay/verif/httparse_empty_lines_string_harness_rlib/skip_empty_lines.coma",
     "start-char": 50,
     "start-line": 602}}}
{"counterexample": [],
 "prover-result":
  {"answer": "Valid",
   "ce-models": [],
   "status": "exited with status 0",
   "step": 34258,
   "time": 0.008019},
 "term":
  {"explanations": ["type invariant"],
   "goal_name": "vc_skip_empty_lines",
   "loc":
    {"end-char": 72,
     "end-line": 552,
     "file-name":
      "/workspace/httparse-cloud-resume/httparse/1.10.1/verification/probes/empty-lines-harness/string-replay/verif/httparse_empty_lines_string_harness_rlib/skip_empty_lines.coma",
     "start-char": 50,
     "start-line": 552}}}
{"counterexample": [],
 "prover-result":
  {"answer": "Valid",
   "ce-models": [],
   "status": "exited with status 0",
   "step": 106503,
   "time": 0.028379},
 "term":
  {"explanations": ["skip_empty_lines ensures"],
   "goal_name": "vc_skip_empty_lines",
   "loc":
    {"end-char": 10,
     "end-line": 614,
     "file-name":
      "/workspace/httparse-cloud-resume/httparse/1.10.1/verification/probes/empty-lines-harness/string-replay/verif/httparse_empty_lines_string_harness_rlib/skip_empty_lines.coma",
     "start-char": 50,
     "start-line": 602}}}
{"counterexample": [],
 "prover-result":
  {"answer": "Valid",
   "ce-models": [],
   "status": "exited with status 0",
   "step": 36599,
   "time": 0.009475},
 "term":
  {"explanations": ["type invariant"],
   "goal_name": "vc_skip_empty_lines",
   "loc":
    {"end-char": 72,
     "end-line": 546,
     "file-name":
      "/workspace/httparse-cloud-resume/httparse/1.10.1/verification/probes/empty-lines-harness/string-replay/verif/httparse_empty_lines_string_harness_rlib/skip_empty_lines.coma",
     "start-char": 50,
     "start-line": 546}}}
