   Compiling bytes v1.11.1 (/workspace/bytes-owner-io-probe)
warning: unused imports: `Acquire`, `HasTimestamp`, and `None as NoStore`
  --> src/verified/scoped.rs:10:65
   |
10 |     std::sync::{atomic::{AtomicUsize as ModelAtomic, ordering::{Acquire,Relaxed,Release,None as NoStore}},
   |                                                                 ^^^^^^^                 ^^^^^^^^^^^^^^^
11 |         committer::Committer, view::{AtView,HasTimestamp,SyncView}}};
   |                                             ^^^^^^^^^^^^
   |
   = note: `#[warn(unused_imports)]` (part of `#[warn(unused)]`) on by default

warning: unused imports: `HasTimestamp` and `logic::FMap`
 --> src/verified/atomic.rs:7:53
  |
7 | use creusot_std::{prelude::*, ghost::{FnGhost,Perm},logic::FMap,
  |                                                     ^^^^^^^^^^^
8 |     std::sync::{atomic::{AtomicUsize as ModelAtomic,ordering::{Acquire,Relaxed,Release,None as NoStore}},
9 |         committer::Committer,view::{HasTimestamp,SyncView}}};
  |                                     ^^^^^^^^^^^^

warning: hidden lifetime parameters in types are deprecated
   --> src/verified/retirement.rs:108:81
    |
108 |     pub fn retire(&self,ticket:Ghost<Ticket>,resource:Ghost<T>,mut tokens:Ghost<Tokens>)->(bool,Ghost<Option<(T,T)>>,Ghost<Receipt>) {
    |                                                                                 ^^^^^^ expected lifetime parameter
    |
note: the lint level is defined here
   --> src/lib.rs:1:54
    |
  1 | #![warn(missing_docs, missing_debug_implementations, rust_2018_idioms)]
    |                                                      ^^^^^^^^^^^^^^^^
    = note: `#[warn(elided_lifetimes_in_paths)]` implied by `#[warn(rust_2018_idioms)]`
help: indicate the anonymous lifetime
    |
108 |     pub fn retire(&self,ticket:Ghost<Ticket>,resource:Ghost<T>,mut tokens:Ghost<Tokens<'_>>)->(bool,Ghost<Option<(T,T)>>,Ghost<Receipt>) {
    |                                                                                       ++++

warning: hidden lifetime parameters in types are deprecated
  --> src/verified/tree.rs:85:67
   |
85 | fn worker(handle:ReadHandle<'_>,parent:&CloseContext,tokens:Ghost<Tokens>,index:usize,leaves:usize)
   |                                                                   ^^^^^^ expected lifetime parameter
   |
help: indicate the anonymous lifetime
   |
85 | fn worker(handle:ReadHandle<'_>,parent:&CloseContext,tokens:Ghost<Tokens<'_>>,index:usize,leaves:usize)
   |                                                                         ++++

warning: hidden lifetime parameters in types are deprecated
  --> src/verified/spawn_failure.rs:13:23
   |
13 |     mut tokens: Ghost<Tokens>,
   |                       ^^^^^^ expected lifetime parameter
   |
help: indicate the anonymous lifetime
   |
13 |     mut tokens: Ghost<Tokens<'_>>,
   |                             ++++

warning: hidden lifetime parameters in types are deprecated
   --> src/verified/scoped.rs:290:58
    |
290 |     pub fn close(self,context:&CloseContext,tokens:Ghost<Tokens>)->Closed {
    |                                                          ^^^^^^ expected lifetime parameter
    |
help: indicate the anonymous lifetime
    |
290 |     pub fn close(self,context:&CloseContext,tokens:Ghost<Tokens<'_>>)->Closed {
    |                                                                ++++

warning: unused import: `RA`
  --> src/ownership_proof/owned_region.rs:11:33
   |
11 |     logic::{FMap, Id, Int, ra::{RA, excl::Excl}},
   |                                 ^^

warning: unused imports: `FMap`, `RA`, `UnitRA`, and `excl::Excl`
  --> src/ownership_proof/raw_vec.rs:25:13
   |
25 |     logic::{FMap, Id, Int, ra::{RA, UnitRA, excl::Excl}},
   |             ^^^^                ^^  ^^^^^^  ^^^^^^^^^^

error[E0614]: type `creusot_std::snapshot::Snapshot<creusot_std::logic::Int>` cannot be dereferenced
   --> src/verified/owner_io.rs:197:12
    |
197 |         if *index + 1 < *end {
    |            ^^^^^^ can't be dereferenced

error[E0614]: type `creusot_std::snapshot::Snapshot<creusot_std::logic::Int>` cannot be dereferenced
   --> src/verified/owner_io.rs:197:25
    |
197 |         if *index + 1 < *end {
    |                         ^^^^ can't be dereferenced

error[E0308]: mismatched types
   --> src/verified/owner_io.rs:196:5
    |
195 |   ) {
    |    - help: try adding a return type: `-> creusot_std::ghost::Ghost<()>`
196 | /     ghost! {
197 | |         if *index + 1 < *end {
198 | |             let shorter = snapshot!(*end - 1);
199 | |             initialized_mut_slices_range_split(slices, start, index, shorter);
...   |
212 | |     }
    | |_____^ expected `()`, found `Ghost<()>`
    |
    = note: expected unit type `()`
                  found struct `creusot_std::ghost::Ghost<()>`
    = note: this error originates in the macro `ghost` (in Nightly builds, run with -Z macro-backtrace for more info)

error[E0308]: mismatched types
   --> src/verified/owner_io.rs:196:5
    |
195 |   ) {
    |    - help: a return type might be missing here: `-> _`
196 | /     ghost! {
197 | |         if *index + 1 < *end {
198 | |             let shorter = snapshot!(*end - 1);
199 | |             initialized_mut_slices_range_split(slices, start, index, shorter);
...   |
212 | |     }
    | |_____^ expected `()`, found `Ghost<_>`
    |
    = note: expected unit type `()`
                  found struct `creusot_std::ghost::Ghost<_>`
    = note: this error originates in the macro `ghost` (in Nightly builds, run with -Z macro-backtrace for more info)

warning: unused variable: `old`
   --> src/verified/exclusive.rs:138:13
    |
138 |         let old = snapshot!(self@);
    |             ^^^ help: if this is intentional, prefix it with an underscore: `_old`
    |
    = note: `#[warn(unused_variables)]` (part of `#[warn(unused)]`) on by default

warning: unused variable: `old`
   --> src/verified/exclusive.rs:216:13
    |
216 |         let old = snapshot!(self@);
    |             ^^^ help: if this is intentional, prefix it with an underscore: `_old`

warning: unused variable: `ok`
  --> src/verified/adapters.rs:70:17
   |
70 |             let ok = self.inner.advance(count);
   |                 ^^ help: if this is intentional, prefix it with an underscore: `_ok`

warning: unused variable: `ok`
  --> src/verified/adapters.rs:88:17
   |
88 |             let ok = self.inner.copy_to_slice(dst);
   |                 ^^ help: if this is intentional, prefix it with an underscore: `_ok`

warning: unused variable: `original`
   --> src/verified/adapters.rs:120:18
    |
120 | fn rejoin_prefix(original: Snapshot<Seq<u8>>, filled: Snapshot<Seq<u8>>, middle: Snapshot<Int>) {
    |                  ^^^^^^^^ help: if this is intentional, prefix it with an underscore: `_original`

warning: unused variable: `filled`
   --> src/verified/adapters.rs:120:47
    |
120 | fn rejoin_prefix(original: Snapshot<Seq<u8>>, filled: Snapshot<Seq<u8>>, middle: Snapshot<Int>) {
    |                                               ^^^^^^ help: if this is intentional, prefix it with an underscore: `_filled`

warning: unused variable: `middle`
   --> src/verified/adapters.rs:120:74
    |
120 | fn rejoin_prefix(original: Snapshot<Seq<u8>>, filled: Snapshot<Seq<u8>>, middle: Snapshot<Int>) {
    |                                                                          ^^^^^^ help: if this is intentional, prefix it with an underscore: `_middle`

warning: unused variable: `ok`
   --> src/verified/adapters.rs:183:21
    |
183 |                 let ok = self.left.advance(left);
    |                     ^^ help: if this is intentional, prefix it with an underscore: `_ok`

warning: unused variable: `ok`
   --> src/verified/adapters.rs:185:21
    |
185 |                 let ok = self.right.advance(rest);
    |                     ^^ help: if this is intentional, prefix it with an underscore: `_ok`

warning: unused variable: `ok`
   --> src/verified/adapters.rs:205:21
    |
205 |                 let ok = self.left.copy_to_slice(a);
    |                     ^^ help: if this is intentional, prefix it with an underscore: `_ok`

warning: unused variable: `ok`
   --> src/verified/adapters.rs:207:21
    |
207 |                 let ok = self.right.copy_to_slice(b);
    |                     ^^ help: if this is intentional, prefix it with an underscore: `_ok`

warning: unused variable: `source`
  --> src/verified/iteration.rs:51:24
   |
51 | fn sequence_drop_first(source: Snapshot<Seq<u8>>, start: Snapshot<Int>, end: Snapshot<Int>) {
   |                        ^^^^^^ help: if this is intentional, prefix it with an underscore: `_source`

warning: unused variable: `start`
  --> src/verified/iteration.rs:51:51
   |
51 | fn sequence_drop_first(source: Snapshot<Seq<u8>>, start: Snapshot<Int>, end: Snapshot<Int>) {
   |                                                   ^^^^^ help: if this is intentional, prefix it with an underscore: `_start`

warning: unused variable: `end`
  --> src/verified/iteration.rs:51:73
   |
51 | fn sequence_drop_first(source: Snapshot<Seq<u8>>, start: Snapshot<Int>, end: Snapshot<Int>) {
   |                                                                         ^^^ help: if this is intentional, prefix it with an underscore: `_end`

warning: unused variable: `range`
  --> src/verified/iteration.rs:52:9
   |
52 |     let range = snapshot!((*source).subsequence(*start, *end));
   |         ^^^^^ help: if this is intentional, prefix it with an underscore: `_range`

warning: unused variable: `shifted`
  --> src/verified/iteration.rs:53:9
   |
53 |     let shifted = snapshot!((*source).subsequence(*start + 1, *end));
   |         ^^^^^^^ help: if this is intentional, prefix it with an underscore: `_shifted`

warning: unused variable: `dropped`
  --> src/verified/iteration.rs:54:9
   |
54 |     let dropped = snapshot!((*source)
   |         ^^^^^^^ help: if this is intentional, prefix it with an underscore: `_dropped`

warning: unused variable: `initial`
   --> src/verified/owner_io.rs:219:13
    |
219 |         let initial = snapshot!(self@);
    |             ^^^^^^^ help: if this is intentional, prefix it with an underscore: `_initial`

warning: unused variable: `input_len`
   --> src/verified/owner_io.rs:245:13
    |
245 |         let input_len = self.remaining();
    |             ^^^^^^^^^ help: if this is intentional, prefix it with an underscore: `_input_len`

warning: unused variable: `input`
   --> src/verified/owner_io.rs:246:13
    |
246 |         let input = snapshot!(self@);
    |             ^^^^^ help: if this is intentional, prefix it with an underscore: `_input`

warning: unused variable: `output`
   --> src/verified/owner_io.rs:247:13
    |
247 |         let output = snapshot!(initialized_mut_slices(destinations@));
    |             ^^^^^^ help: if this is intentional, prefix it with an underscore: `_output`

warning: unused variable: `source`
  --> src/verified/observers.rs:44:16
   |
44 | fn full_prefix(source: Snapshot<Seq<Int>>) {
   |                ^^^^^^ help: if this is intentional, prefix it with an underscore: `_source`

warning: unused variable: `prefix`
  --> src/verified/observers.rs:45:9
   |
45 |     let prefix = snapshot!((*source).subsequence(0, (*source).len()));
   |         ^^^^^^ help: if this is intentional, prefix it with an underscore: `_prefix`

warning: unused variable: `source`
  --> src/verified/observers.rs:57:16
   |
57 | fn prefix_snoc(source: Snapshot<Seq<Int>>, index: Snapshot<Int>) {
   |                ^^^^^^ help: if this is intentional, prefix it with an underscore: `_source`

warning: unused variable: `index`
  --> src/verified/observers.rs:57:44
   |
57 | fn prefix_snoc(source: Snapshot<Seq<Int>>, index: Snapshot<Int>) {
   |                                            ^^^^^ help: if this is intentional, prefix it with an underscore: `_index`

warning: unused variable: `prefix`
  --> src/verified/observers.rs:58:9
   |
58 |     let prefix = snapshot!((*source).subsequence(0, *index));
   |         ^^^^^^ help: if this is intentional, prefix it with an underscore: `_prefix`

warning: unused variable: `longer`
  --> src/verified/observers.rs:59:9
   |
59 |     let longer = snapshot!((*source).subsequence(0, *index + 1));
   |         ^^^^^^ help: if this is intentional, prefix it with an underscore: `_longer`

warning: unused variable: `appended`
  --> src/verified/observers.rs:60:9
   |
60 |     let appended = snapshot!((*prefix).push_back((*source)[*index]));
   |         ^^^^^^^^ help: if this is intentional, prefix it with an underscore: `_appended`

warning: unused variable: `prefix`
   --> src/verified/observers.rs:122:29
    |
122 | fn stable_digest_model_snoc(prefix: Snapshot<Seq<Int>>, byte: Snapshot<Int>) {
    |                             ^^^^^^ help: if this is intentional, prefix it with an underscore: `_prefix`

warning: unused variable: `byte`
   --> src/verified/observers.rs:122:57
    |
122 | fn stable_digest_model_snoc(prefix: Snapshot<Seq<Int>>, byte: Snapshot<Int>) {
    |                                                         ^^^^ help: if this is intentional, prefix it with an underscore: `_byte`

warning: unused variable: `appended`
   --> src/verified/observers.rs:123:9
    |
123 |     let appended = snapshot!((*prefix).push_back(*byte));
    |         ^^^^^^^^ help: if this is intentional, prefix it with an underscore: `_appended`

warning: unused variable: `prefix`
   --> src/verified/observers.rs:180:25
    |
180 | fn hex_bytes_model_snoc(prefix: Snapshot<Seq<Int>>, byte: Snapshot<Int>) {
    |                         ^^^^^^ help: if this is intentional, prefix it with an underscore: `_prefix`

warning: unused variable: `byte`
   --> src/verified/observers.rs:180:53
    |
180 | fn hex_bytes_model_snoc(prefix: Snapshot<Seq<Int>>, byte: Snapshot<Int>) {
    |                                                     ^^^^ help: if this is intentional, prefix it with an underscore: `_byte`

warning: unused variable: `bytes`
   --> src/verified/observers.rs:181:9
    |
181 |     let bytes = snapshot!((*prefix).push_back(*byte));
    |         ^^^^^ help: if this is intentional, prefix it with an underscore: `_bytes`

warning: unused variable: `prior`
   --> src/verified/observers.rs:182:9
    |
182 |     let prior = snapshot!((*bytes).subsequence(0, (*bytes).len() - 1));
    |         ^^^^^ help: if this is intentional, prefix it with an underscore: `_prior`

warning: unused variable: `extended`
   --> src/verified/observers.rs:183:9
    |
183 |     let extended = snapshot!(hex_bytes_model(*bytes));
    |         ^^^^^^^^ help: if this is intentional, prefix it with an underscore: `_extended`

warning: unused variable: `expected`
   --> src/verified/observers.rs:184:9
    |
184 |     let expected = snapshot!(hex_bytes_model(*prefix).concat(hex_byte_model(*byte)));
    |         ^^^^^^^^ help: if this is intentional, prefix it with an underscore: `_expected`

warning: unused variable: `current`
  --> src/verified/atomic.rs:20:24
   |
20 |     pub fn new(n:usize,current:Ghost<&mut SyncView>)->(Self,Ghost<Perm<ModelAtomic>>) {
   |                        ^^^^^^^ help: if this is intentional, prefix it with an underscore: `_current`

warning: unused variable: `f`
  --> src/verified/atomic.rs:32:31
   |
32 |     pub fn decrement<F>(&self,f:Ghost<F>)->usize
   |                               ^ help: if this is intentional, prefix it with an underscore: `_f`

warning: unused variable: `f`
  --> src/verified/atomic.rs:42:29
   |
42 |     pub fn acquire<F>(&self,f:Ghost<F>)->usize
   |                             ^ help: if this is intentional, prefix it with an underscore: `_f`

warning: unused variable: `c`
  --> src/verified/atomic.rs:64:20
   |
64 | pub fn release_rmw(c:&mut Committer<ModelAtomic,usize,Relaxed,Release>,own:&mut Perm<ModelAtomic>,current:&mut SyncView)->Snapshot<S...
   |                    ^ help: if this is intentional, prefix it with an underscore: `_c`

warning: unused variable: `own`
  --> src/verified/atomic.rs:64:72
   |
64 | ...tomic,usize,Relaxed,Release>,own:&mut Perm<ModelAtomic>,current:&mut SyncView)->Snapshot<SyncView> {
   |                                 ^^^ help: if this is intentional, prefix it with an underscore: `_own`

warning: unused variable: `current`
  --> src/verified/atomic.rs:64:99
   |
64 | ...n:&mut Perm<ModelAtomic>,current:&mut SyncView)->Snapshot<SyncView> {
   |                             ^^^^^^^ help: if this is intentional, prefix it with an underscore: `_current`

warning: unused variable: `before`
   --> src/verified/retirement.rs:116:21
    |
116 |                 let before=snapshot!(state.returned@);
    |                     ^^^^^^ help: if this is intentional, prefix it with an underscore: `_before`

warning: unused variable: `published`
   --> src/verified/retirement.rs:122:21
    |
122 |                 let published=primitive::release_rmw(c,&mut state.own,&mut current);
    |                     ^^^^^^^^^ help: if this is intentional, prefix it with an underscore: `_published`

warning: unused variable: `first_last`
   --> src/verified/retirement.rs:169:31
    |
169 |     pub(crate) fn finish(self,first_last:bool,first:Ghost<Receipt>,second_last:bool,second:Ghost<Receipt>) {
    |                               ^^^^^^^^^^ help: if this is intentional, prefix it with an underscore: `_first_last`

warning: unused variable: `second_last`
   --> src/verified/retirement.rs:169:68
    |
169 |     pub(crate) fn finish(self,first_last:bool,first:Ghost<Receipt>,second_last:bool,second:Ghost<Receipt>) {
    |                                                                    ^^^^^^^^^^^ help: if this is intentional, prefix it with an underscore: `_second_last`

warning: unused variable: `flags`
  --> src/verified/callbacks.rs:36:9
   |
36 |     let flags=owner.close(context,left.1,right.1);
   |         ^^^^^ help: if this is intentional, prefix it with an underscore: `_flags`

warning: unused variable: `first_last`
  --> src/verified/callbacks.rs:81:16
   |
81 |     let (bytes,first_last,second_last)=owner.thaw(context,left.1,right.1);
   |                ^^^^^^^^^^ help: if this is intentional, prefix it with an underscore: `_first_last`

warning: unused variable: `second_last`
  --> src/verified/callbacks.rs:81:27
   |
81 |     let (bytes,first_last,second_last)=owner.thaw(context,left.1,right.1);
   |                           ^^^^^^^^^^^ help: if this is intentional, prefix it with an underscore: `_second_last`

warning: unused variable: `flags`
  --> src/verified/ranges.rs:57:9
   |
57 |     let flags=owner.close(context,left.1,right.1);
   |         ^^^^^ help: if this is intentional, prefix it with an underscore: `_flags`

warning: unused variable: `model`
   --> src/verified/scoped.rs:251:13
    |
251 |         let model=self.model;
    |             ^^^^^ help: if this is intentional, prefix it with an underscore: `_model`

warning: unused variable: `left`
  --> src/ownership_proof/owned_region.rs:33:5
   |
33 |     left: Snapshot<SlotMap>,
   |     ^^^^ help: if this is intentional, prefix it with an underscore: `_left`

warning: unused variable: `right`
  --> src/ownership_proof/owned_region.rs:34:5
   |
34 |     right: Snapshot<SlotMap>,
   |     ^^^^^ help: if this is intentional, prefix it with an underscore: `_right`

warning: unused variable: `whole`
  --> src/ownership_proof/owned_region.rs:35:5
   |
35 |     whole: Snapshot<SlotMap>,
   |     ^^^^^ help: if this is intentional, prefix it with an underscore: `_whole`

warning: unused variable: `merged`
  --> src/ownership_proof/owned_region.rs:38:9
   |
38 |     let merged: Snapshot<SlotMap> = snapshot! { (*left).total_op(*right) };
   |         ^^^^^^ help: if this is intentional, prefix it with an underscore: `_merged`

warning: unused variable: `left`
  --> src/ownership_proof/owned_region.rs:48:5
   |
48 |     left: Snapshot<SlotMap>,
   |     ^^^^ help: if this is intentional, prefix it with an underscore: `_left`

warning: unused variable: `right`
  --> src/ownership_proof/owned_region.rs:49:5
   |
49 |     right: Snapshot<SlotMap>,
   |     ^^^^^ help: if this is intentional, prefix it with an underscore: `_right`

warning: unused variable: `whole`
  --> src/ownership_proof/owned_region.rs:50:5
   |
50 |     whole: Snapshot<SlotMap>,
   |     ^^^^^ help: if this is intentional, prefix it with an underscore: `_whole`

warning: unused variable: `merged`
  --> src/ownership_proof/owned_region.rs:52:9
   |
52 |     let merged: Snapshot<SlotMap> = snapshot! { (*left).total_op(*right) };
   |         ^^^^^^ help: if this is intentional, prefix it with an underscore: `_merged`

warning: unused variable: `slots`
   --> src/ownership_proof/raw_vec.rs:109:9
    |
109 |     let slots = snapshot! { slots_grown(capabilities.inner_logic().1.ledger.slots(), old_capacity@, capacity@) };
    |         ^^^^^ help: if this is intentional, prefix it with an underscore: `_slots`

warning: unused variable: `unit`
   --> src/ownership_proof/raw_vec.rs:721:13
    |
721 |         let unit: Snapshot<KernelRA> = snapshot!(KernelRA::unit());
    |             ^^^^ help: if this is intentional, prefix it with an underscore: `_unit`

warning: unused variable: `empty_value`
   --> src/ownership_proof/raw_vec.rs:724:13
    |
724 |         let empty_value: Snapshot<KernelRA> = snapshot!((None, FMap::empty()));
    |             ^^^^^^^^^^^ help: if this is intentional, prefix it with an underscore: `_empty_value`

warning: unused variable: `input_model`
   --> src/ownership_proof/raw_vec.rs:865:9
    |
865 |     let input_model = snapshot!(input@);
    |         ^^^^^^^^^^^ help: if this is intentional, prefix it with an underscore: `_input_model`

warning: unused variable: `slot`
    --> src/ownership_proof/raw_vec.rs:1093:38
     |
1093 | pub(crate) fn slot_known_equivalence(slot: Option<Option<u8>>) {}
     |                                      ^^^^ help: if this is intentional, prefix it with an underscore: `_slot`

warning: unused variable: `len`
   --> src/ownership_proof/frozen_region.rs:107:55
    |
107 |     pub(crate) fn new(bound:BoundPtr, capacity:usize, len:usize,
    |                                                       ^^^ help: if this is intentional, prefix it with an underscore: `_len`

Some errors have detailed explanations: E0308, E0614.
For more information about an error, try `rustc --explain E0308`.
warning: `bytes` (lib test) generated 74 warnings
error: could not compile `bytes` (lib test) due to 4 previous errors; 74 warnings emitted
