   Compiling bytes v1.11.1 (/workspace/bytes-owner-io-probe)
warning: unused imports: `Acquire`, `HasTimestamp`, and `None as NoStore`
  --> src/verified/scoped.rs:10:65
   |
10 |     std::sync::{atomic::{AtomicUsize as ModelAtomic, ordering::{Acquire,Relaxed,Release,None as NoStore}},
   |                                                                 ^^^^^^^                 ^^^^^^^^^^^^^^^
11 |         committer::Committer, view::{AtView,HasTimestamp,SyncView}}};
   |                                             ^^^^^^^^^^^^
   |
   = note: `#[warn(unused_imports)]` (part of `#[warn(unused)]`) on by default

warning: unused imports: `HasTimestamp` and `logic::FMap`
 --> src/verified/atomic.rs:7:53
  |
7 | use creusot_std::{prelude::*, ghost::{FnGhost,Perm},logic::FMap,
  |                                                     ^^^^^^^^^^^
8 |     std::sync::{atomic::{AtomicUsize as ModelAtomic,ordering::{Acquire,Relaxed,Release,None as NoStore}},
9 |         committer::Committer,view::{HasTimestamp,SyncView}}};
  |                                     ^^^^^^^^^^^^

warning: hidden lifetime parameters in types are deprecated
   --> src/verified/retirement.rs:108:81
    |
108 |     pub fn retire(&self,ticket:Ghost<Ticket>,resource:Ghost<T>,mut tokens:Ghost<Tokens>)->(bool,Ghost<Option<(T,T)>>,Ghost<Receipt>) {
    |                                                                                 ^^^^^^ expected lifetime parameter
    |
note: the lint level is defined here
   --> src/lib.rs:1:54
    |
  1 | #![warn(missing_docs, missing_debug_implementations, rust_2018_idioms)]
    |                                                      ^^^^^^^^^^^^^^^^
    = note: `#[warn(elided_lifetimes_in_paths)]` implied by `#[warn(rust_2018_idioms)]`
help: indicate the anonymous lifetime
    |
108 |     pub fn retire(&self,ticket:Ghost<Ticket>,resource:Ghost<T>,mut tokens:Ghost<Tokens<'_>>)->(bool,Ghost<Option<(T,T)>>,Ghost<Receipt>) {
    |                                                                                       ++++

warning: hidden lifetime parameters in types are deprecated
  --> src/verified/tree.rs:85:67
   |
85 | fn worker(handle:ReadHandle<'_>,parent:&CloseContext,tokens:Ghost<Tokens>,index:usize,leaves:usize)
   |                                                                   ^^^^^^ expected lifetime parameter
   |
help: indicate the anonymous lifetime
   |
85 | fn worker(handle:ReadHandle<'_>,parent:&CloseContext,tokens:Ghost<Tokens<'_>>,index:usize,leaves:usize)
   |                                                                         ++++

warning: hidden lifetime parameters in types are deprecated
  --> src/verified/spawn_failure.rs:13:23
   |
13 |     mut tokens: Ghost<Tokens>,
   |                       ^^^^^^ expected lifetime parameter
   |
help: indicate the anonymous lifetime
   |
13 |     mut tokens: Ghost<Tokens<'_>>,
   |                             ++++

warning: hidden lifetime parameters in types are deprecated
   --> src/verified/scoped.rs:290:58
    |
290 |     pub fn close(self,context:&CloseContext,tokens:Ghost<Tokens>)->Closed {
    |                                                          ^^^^^^ expected lifetime parameter
    |
help: indicate the anonymous lifetime
    |
290 |     pub fn close(self,context:&CloseContext,tokens:Ghost<Tokens<'_>>)->Closed {
    |                                                                ++++

warning: unused import: `RA`
  --> src/ownership_proof/owned_region.rs:11:33
   |
11 |     logic::{FMap, Id, Int, ra::{RA, excl::Excl}},
   |                                 ^^

warning: unused imports: `FMap`, `RA`, `UnitRA`, and `excl::Excl`
  --> src/ownership_proof/raw_vec.rs:25:13
   |
25 |     logic::{FMap, Id, Int, ra::{RA, UnitRA, excl::Excl}},
   |             ^^^^                ^^  ^^^^^^  ^^^^^^^^^^

warning: unused variable: `old`
   --> src/verified/exclusive.rs:138:13
    |
138 |         let old = snapshot!(self@);
    |             ^^^ help: if this is intentional, prefix it with an underscore: `_old`
    |
    = note: `#[warn(unused_variables)]` (part of `#[warn(unused)]`) on by default

warning: unused variable: `old`
   --> src/verified/exclusive.rs:216:13
    |
216 |         let old = snapshot!(self@);
    |             ^^^ help: if this is intentional, prefix it with an underscore: `_old`

warning: unused variable: `ok`
  --> src/verified/adapters.rs:70:17
   |
70 |             let ok = self.inner.advance(count);
   |                 ^^ help: if this is intentional, prefix it with an underscore: `_ok`

warning: unused variable: `ok`
  --> src/verified/adapters.rs:88:17
   |
88 |             let ok = self.inner.copy_to_slice(dst);
   |                 ^^ help: if this is intentional, prefix it with an underscore: `_ok`

warning: unused variable: `original`
   --> src/verified/adapters.rs:120:18
    |
120 | fn rejoin_prefix(original: Snapshot<Seq<u8>>, filled: Snapshot<Seq<u8>>, middle: Snapshot<Int>) {
    |                  ^^^^^^^^ help: if this is intentional, prefix it with an underscore: `_original`

warning: unused variable: `filled`
   --> src/verified/adapters.rs:120:47
    |
120 | fn rejoin_prefix(original: Snapshot<Seq<u8>>, filled: Snapshot<Seq<u8>>, middle: Snapshot<Int>) {
    |                                               ^^^^^^ help: if this is intentional, prefix it with an underscore: `_filled`

warning: unused variable: `middle`
   --> src/verified/adapters.rs:120:74
    |
120 | fn rejoin_prefix(original: Snapshot<Seq<u8>>, filled: Snapshot<Seq<u8>>, middle: Snapshot<Int>) {
    |                                                                          ^^^^^^ help: if this is intentional, prefix it with an underscore: `_middle`

warning: unused variable: `ok`
   --> src/verified/adapters.rs:183:21
    |
183 |                 let ok = self.left.advance(left);
    |                     ^^ help: if this is intentional, prefix it with an underscore: `_ok`

warning: unused variable: `ok`
   --> src/verified/adapters.rs:185:21
    |
185 |                 let ok = self.right.advance(rest);
    |                     ^^ help: if this is intentional, prefix it with an underscore: `_ok`

warning: unused variable: `ok`
   --> src/verified/adapters.rs:205:21
    |
205 |                 let ok = self.left.copy_to_slice(a);
    |                     ^^ help: if this is intentional, prefix it with an underscore: `_ok`

warning: unused variable: `ok`
   --> src/verified/adapters.rs:207:21
    |
207 |                 let ok = self.right.copy_to_slice(b);
    |                     ^^ help: if this is intentional, prefix it with an underscore: `_ok`

warning: unused variable: `source`
  --> src/verified/iteration.rs:51:24
   |
51 | fn sequence_drop_first(source: Snapshot<Seq<u8>>, start: Snapshot<Int>, end: Snapshot<Int>) {
   |                        ^^^^^^ help: if this is intentional, prefix it with an underscore: `_source`

warning: unused variable: `start`
  --> src/verified/iteration.rs:51:51
   |
51 | fn sequence_drop_first(source: Snapshot<Seq<u8>>, start: Snapshot<Int>, end: Snapshot<Int>) {
   |                                                   ^^^^^ help: if this is intentional, prefix it with an underscore: `_start`

warning: unused variable: `end`
  --> src/verified/iteration.rs:51:73
   |
51 | fn sequence_drop_first(source: Snapshot<Seq<u8>>, start: Snapshot<Int>, end: Snapshot<Int>) {
   |                                                                         ^^^ help: if this is intentional, prefix it with an underscore: `_end`

warning: unused variable: `range`
  --> src/verified/iteration.rs:52:9
   |
52 |     let range = snapshot!((*source).subsequence(*start, *end));
   |         ^^^^^ help: if this is intentional, prefix it with an underscore: `_range`

warning: unused variable: `shifted`
  --> src/verified/iteration.rs:53:9
   |
53 |     let shifted = snapshot!((*source).subsequence(*start + 1, *end));
   |         ^^^^^^^ help: if this is intentional, prefix it with an underscore: `_shifted`

warning: unused variable: `dropped`
  --> src/verified/iteration.rs:54:9
   |
54 |     let dropped = snapshot!((*source)
   |         ^^^^^^^ help: if this is intentional, prefix it with an underscore: `_dropped`

warning: unused variable: `initial`
   --> src/verified/owner_io.rs:159:13
    |
159 |         let initial = snapshot!(self@);
    |             ^^^^^^^ help: if this is intentional, prefix it with an underscore: `_initial`

warning: unused variable: `input`
   --> src/verified/owner_io.rs:185:13
    |
185 |         let input = snapshot!(self@);
    |             ^^^^^ help: if this is intentional, prefix it with an underscore: `_input`

warning: unused variable: `output`
   --> src/verified/owner_io.rs:186:13
    |
186 |         let output = snapshot!(initialized_mut_slices(destinations@));
    |             ^^^^^^ help: if this is intentional, prefix it with an underscore: `_output`

warning: unused variable: `source`
  --> src/verified/observers.rs:44:16
   |
44 | fn full_prefix(source: Snapshot<Seq<Int>>) {
   |                ^^^^^^ help: if this is intentional, prefix it with an underscore: `_source`

warning: unused variable: `prefix`
  --> src/verified/observers.rs:45:9
   |
45 |     let prefix = snapshot!((*source).subsequence(0, (*source).len()));
   |         ^^^^^^ help: if this is intentional, prefix it with an underscore: `_prefix`

warning: unused variable: `source`
  --> src/verified/observers.rs:57:16
   |
57 | fn prefix_snoc(source: Snapshot<Seq<Int>>, index: Snapshot<Int>) {
   |                ^^^^^^ help: if this is intentional, prefix it with an underscore: `_source`

warning: unused variable: `index`
  --> src/verified/observers.rs:57:44
   |
57 | fn prefix_snoc(source: Snapshot<Seq<Int>>, index: Snapshot<Int>) {
   |                                            ^^^^^ help: if this is intentional, prefix it with an underscore: `_index`

warning: unused variable: `prefix`
  --> src/verified/observers.rs:58:9
   |
58 |     let prefix = snapshot!((*source).subsequence(0, *index));
   |         ^^^^^^ help: if this is intentional, prefix it with an underscore: `_prefix`

warning: unused variable: `longer`
  --> src/verified/observers.rs:59:9
   |
59 |     let longer = snapshot!((*source).subsequence(0, *index + 1));
   |         ^^^^^^ help: if this is intentional, prefix it with an underscore: `_longer`

warning: unused variable: `appended`
  --> src/verified/observers.rs:60:9
   |
60 |     let appended = snapshot!((*prefix).push_back((*source)[*index]));
   |         ^^^^^^^^ help: if this is intentional, prefix it with an underscore: `_appended`

warning: unused variable: `prefix`
   --> src/verified/observers.rs:122:29
    |
122 | fn stable_digest_model_snoc(prefix: Snapshot<Seq<Int>>, byte: Snapshot<Int>) {
    |                             ^^^^^^ help: if this is intentional, prefix it with an underscore: `_prefix`

warning: unused variable: `byte`
   --> src/verified/observers.rs:122:57
    |
122 | fn stable_digest_model_snoc(prefix: Snapshot<Seq<Int>>, byte: Snapshot<Int>) {
    |                                                         ^^^^ help: if this is intentional, prefix it with an underscore: `_byte`

warning: unused variable: `appended`
   --> src/verified/observers.rs:123:9
    |
123 |     let appended = snapshot!((*prefix).push_back(*byte));
    |         ^^^^^^^^ help: if this is intentional, prefix it with an underscore: `_appended`

warning: unused variable: `prefix`
   --> src/verified/observers.rs:180:25
    |
180 | fn hex_bytes_model_snoc(prefix: Snapshot<Seq<Int>>, byte: Snapshot<Int>) {
    |                         ^^^^^^ help: if this is intentional, prefix it with an underscore: `_prefix`

warning: unused variable: `byte`
   --> src/verified/observers.rs:180:53
    |
180 | fn hex_bytes_model_snoc(prefix: Snapshot<Seq<Int>>, byte: Snapshot<Int>) {
    |                                                     ^^^^ help: if this is intentional, prefix it with an underscore: `_byte`

warning: unused variable: `bytes`
   --> src/verified/observers.rs:181:9
    |
181 |     let bytes = snapshot!((*prefix).push_back(*byte));
    |         ^^^^^ help: if this is intentional, prefix it with an underscore: `_bytes`

warning: unused variable: `prior`
   --> src/verified/observers.rs:182:9
    |
182 |     let prior = snapshot!((*bytes).subsequence(0, (*bytes).len() - 1));
    |         ^^^^^ help: if this is intentional, prefix it with an underscore: `_prior`

warning: unused variable: `extended`
   --> src/verified/observers.rs:183:9
    |
183 |     let extended = snapshot!(hex_bytes_model(*bytes));
    |         ^^^^^^^^ help: if this is intentional, prefix it with an underscore: `_extended`

warning: unused variable: `expected`
   --> src/verified/observers.rs:184:9
    |
184 |     let expected = snapshot!(hex_bytes_model(*prefix).concat(hex_byte_model(*byte)));
    |         ^^^^^^^^ help: if this is intentional, prefix it with an underscore: `_expected`

warning: unused variable: `current`
  --> src/verified/atomic.rs:20:24
   |
20 |     pub fn new(n:usize,current:Ghost<&mut SyncView>)->(Self,Ghost<Perm<ModelAtomic>>) {
   |                        ^^^^^^^ help: if this is intentional, prefix it with an underscore: `_current`

warning: unused variable: `f`
  --> src/verified/atomic.rs:32:31
   |
32 |     pub fn decrement<F>(&self,f:Ghost<F>)->usize
   |                               ^ help: if this is intentional, prefix it with an underscore: `_f`

warning: unused variable: `f`
  --> src/verified/atomic.rs:42:29
   |
42 |     pub fn acquire<F>(&self,f:Ghost<F>)->usize
   |                             ^ help: if this is intentional, prefix it with an underscore: `_f`

warning: unused variable: `c`
  --> src/verified/atomic.rs:64:20
   |
64 | pub fn release_rmw(c:&mut Committer<ModelAtomic,usize,Relaxed,Release>,own:&mut Perm<ModelAtomic>,current:&mut SyncView)->Snapshot<S...
   |                    ^ help: if this is intentional, prefix it with an underscore: `_c`

warning: unused variable: `own`
  --> src/verified/atomic.rs:64:72
   |
64 | ...tomic,usize,Relaxed,Release>,own:&mut Perm<ModelAtomic>,current:&mut SyncView)->Snapshot<SyncView> {
   |                                 ^^^ help: if this is intentional, prefix it with an underscore: `_own`

warning: unused variable: `current`
  --> src/verified/atomic.rs:64:99
   |
64 | ...n:&mut Perm<ModelAtomic>,current:&mut SyncView)->Snapshot<SyncView> {
   |                             ^^^^^^^ help: if this is intentional, prefix it with an underscore: `_current`

warning: unused variable: `before`
   --> src/verified/retirement.rs:116:21
    |
116 |                 let before=snapshot!(state.returned@);
    |                     ^^^^^^ help: if this is intentional, prefix it with an underscore: `_before`

warning: unused variable: `published`
   --> src/verified/retirement.rs:122:21
    |
122 |                 let published=primitive::release_rmw(c,&mut state.own,&mut current);
    |                     ^^^^^^^^^ help: if this is intentional, prefix it with an underscore: `_published`

warning: unused variable: `first_last`
   --> src/verified/retirement.rs:169:31
    |
169 |     pub(crate) fn finish(self,first_last:bool,first:Ghost<Receipt>,second_last:bool,second:Ghost<Receipt>) {
    |                               ^^^^^^^^^^ help: if this is intentional, prefix it with an underscore: `_first_last`

warning: unused variable: `second_last`
   --> src/verified/retirement.rs:169:68
    |
169 |     pub(crate) fn finish(self,first_last:bool,first:Ghost<Receipt>,second_last:bool,second:Ghost<Receipt>) {
    |                                                                    ^^^^^^^^^^^ help: if this is intentional, prefix it with an underscore: `_second_last`

warning: unused variable: `flags`
  --> src/verified/callbacks.rs:36:9
   |
36 |     let flags=owner.close(context,left.1,right.1);
   |         ^^^^^ help: if this is intentional, prefix it with an underscore: `_flags`

warning: unused variable: `first_last`
  --> src/verified/callbacks.rs:81:16
   |
81 |     let (bytes,first_last,second_last)=owner.thaw(context,left.1,right.1);
   |                ^^^^^^^^^^ help: if this is intentional, prefix it with an underscore: `_first_last`

warning: unused variable: `second_last`
  --> src/verified/callbacks.rs:81:27
   |
81 |     let (bytes,first_last,second_last)=owner.thaw(context,left.1,right.1);
   |                           ^^^^^^^^^^^ help: if this is intentional, prefix it with an underscore: `_second_last`

warning: unused variable: `flags`
  --> src/verified/ranges.rs:57:9
   |
57 |     let flags=owner.close(context,left.1,right.1);
   |         ^^^^^ help: if this is intentional, prefix it with an underscore: `_flags`

warning: unused variable: `model`
   --> src/verified/scoped.rs:251:13
    |
251 |         let model=self.model;
    |             ^^^^^ help: if this is intentional, prefix it with an underscore: `_model`

warning: unused variable: `left`
  --> src/ownership_proof/owned_region.rs:33:5
   |
33 |     left: Snapshot<SlotMap>,
   |     ^^^^ help: if this is intentional, prefix it with an underscore: `_left`

warning: unused variable: `right`
  --> src/ownership_proof/owned_region.rs:34:5
   |
34 |     right: Snapshot<SlotMap>,
   |     ^^^^^ help: if this is intentional, prefix it with an underscore: `_right`

warning: unused variable: `whole`
  --> src/ownership_proof/owned_region.rs:35:5
   |
35 |     whole: Snapshot<SlotMap>,
   |     ^^^^^ help: if this is intentional, prefix it with an underscore: `_whole`

warning: unused variable: `merged`
  --> src/ownership_proof/owned_region.rs:38:9
   |
38 |     let merged: Snapshot<SlotMap> = snapshot! { (*left).total_op(*right) };
   |         ^^^^^^ help: if this is intentional, prefix it with an underscore: `_merged`

warning: unused variable: `left`
  --> src/ownership_proof/owned_region.rs:48:5
   |
48 |     left: Snapshot<SlotMap>,
   |     ^^^^ help: if this is intentional, prefix it with an underscore: `_left`

warning: unused variable: `right`
  --> src/ownership_proof/owned_region.rs:49:5
   |
49 |     right: Snapshot<SlotMap>,
   |     ^^^^^ help: if this is intentional, prefix it with an underscore: `_right`

warning: unused variable: `whole`
  --> src/ownership_proof/owned_region.rs:50:5
   |
50 |     whole: Snapshot<SlotMap>,
   |     ^^^^^ help: if this is intentional, prefix it with an underscore: `_whole`

warning: unused variable: `merged`
  --> src/ownership_proof/owned_region.rs:52:9
   |
52 |     let merged: Snapshot<SlotMap> = snapshot! { (*left).total_op(*right) };
   |         ^^^^^^ help: if this is intentional, prefix it with an underscore: `_merged`

warning: unused variable: `slots`
   --> src/ownership_proof/raw_vec.rs:109:9
    |
109 |     let slots = snapshot! { slots_grown(capabilities.inner_logic().1.ledger.slots(), old_capacity@, capacity@) };
    |         ^^^^^ help: if this is intentional, prefix it with an underscore: `_slots`

warning: unused variable: `unit`
   --> src/ownership_proof/raw_vec.rs:721:13
    |
721 |         let unit: Snapshot<KernelRA> = snapshot!(KernelRA::unit());
    |             ^^^^ help: if this is intentional, prefix it with an underscore: `_unit`

warning: unused variable: `empty_value`
   --> src/ownership_proof/raw_vec.rs:724:13
    |
724 |         let empty_value: Snapshot<KernelRA> = snapshot!((None, FMap::empty()));
    |             ^^^^^^^^^^^ help: if this is intentional, prefix it with an underscore: `_empty_value`

warning: unused variable: `input_model`
   --> src/ownership_proof/raw_vec.rs:865:9
    |
865 |     let input_model = snapshot!(input@);
    |         ^^^^^^^^^^^ help: if this is intentional, prefix it with an underscore: `_input_model`

warning: unused variable: `slot`
    --> src/ownership_proof/raw_vec.rs:1093:38
     |
1093 | pub(crate) fn slot_known_equivalence(slot: Option<Option<u8>>) {}
     |                                      ^^^^ help: if this is intentional, prefix it with an underscore: `_slot`

warning: unused variable: `len`
   --> src/ownership_proof/frozen_region.rs:107:55
    |
107 |     pub(crate) fn new(bound:BoundPtr, capacity:usize, len:usize,
    |                                                       ^^^ help: if this is intentional, prefix it with an underscore: `_len`

warning: function `pointer_addr_eq` is never used
  --> src/provenance_specs.rs:19:15
   |
19 | pub(crate) fn pointer_addr_eq<T>(left: *const T, right: *const T) -> bool {
   |               ^^^^^^^^^^^^^^^
   |
   = note: `#[warn(dead_code)]` (part of `#[warn(unused)]`) on by default

warning: function `wrapping_offset` is never used
  --> src/provenance_specs.rs:77:15
   |
77 | pub(crate) fn wrapping_offset(ptr: *mut u8, offset: usize) -> *mut u8 {
   |               ^^^^^^^^^^^^^^^

warning: function `pointer_with_address` is never used
  --> src/provenance_specs.rs:88:15
   |
88 | pub(crate) fn pointer_with_address(ptr: *mut u8, new_addr: usize) -> *mut u8 {
   |               ^^^^^^^^^^^^^^^^^^^^

warning: function `metadata_pointer` is never used
  --> src/provenance_specs.rs:98:15
   |
98 | pub(crate) fn metadata_pointer(addr: usize) -> *mut u8 {
   |               ^^^^^^^^^^^^^^^^

warning: function `map_op_get` is never used
  --> src/ownership_proof/owned_region.rs:47:15
   |
47 | pub(crate) fn map_op_get(
   |               ^^^^^^^^^^

warning: fields `lo`, `hi`, and `resource` are never read
  --> src/ownership_proof/owned_region.rs:67:5
   |
66 | pub(crate) struct OwnedRegion {
   |                   ----------- fields in this struct
67 |     lo: Int,
   |     ^^
68 |     hi: Int,
   |     ^^
69 |     resource: Resource<KernelRA>,
   |     ^^^^^^^^

warning: methods `into_parts`, `split_at`, and `join` are never used
   --> src/ownership_proof/owned_region.rs:125:19
    |
 95 | impl OwnedRegion {
    | ---------------- methods in this implementation
...
125 |     pub(crate) fn into_parts(self) -> (Int, Int, Resource<KernelRA>) {
    |                   ^^^^^^^^^^
...
192 |     pub(crate) fn split_at(self, at: Int) -> (Self, Self) {
    |                   ^^^^^^^^
...
243 |     pub(crate) fn join(self, other: Self) -> Self {
    |                   ^^^^

warning: fields `capacity` and `namespace` are never read
  --> src/ownership_proof/raw_vec.rs:35:5
   |
34 | struct AllocationDesc {
   |        -------------- fields in this struct
35 |     capacity: Int,
   |     ^^^^^^^^
36 |     namespace: Id,
   |     ^^^^^^^^^
   |
   = note: `AllocationDesc` has a derived impl for the trait `Clone`, but this is intentionally ignored during dead code analysis

warning: function `reallocate_bound` is never used
   --> src/ownership_proof/raw_vec.rs:103:22
    |
103 | pub(crate) unsafe fn reallocate_bound(base: BoundPtr, old_capacity: usize, capacity: usize,
    |                      ^^^^^^^^^^^^^^^^

warning: associated items `unbound`, `as_non_null`, `offset_from_bound_base`, `retreat_within`, and `advance_within` are never used
   --> src/ownership_proof/raw_vec.rs:301:19
    |
280 | impl BoundPtr {
    | ------------- associated items in this implementation
...
301 |     pub(crate) fn unbound(pointer: NonNull<u8>) -> Self {
    |                   ^^^^^^^
...
323 |     pub(crate) fn as_non_null(&self) -> NonNull<u8> {
    |                   ^^^^^^^^^^^
...
346 |     pub(crate) fn offset_from_bound_base(&self, base: Self) -> usize {
    |                   ^^^^^^^^^^^^^^^^^^^^^^
...
358 |     pub(crate) fn retreat_within(&self, count: usize) -> Self {
    |                   ^^^^^^^^^^^^^^
...
404 |     pub(crate) fn advance_within(&self, count: usize) -> Self {
    |                   ^^^^^^^^^^^^^^

warning: fields `resource` and `descriptor` are never read
   --> src/ownership_proof/raw_vec.rs:482:5
    |
481 | pub(crate) struct Recovery {
    |                   -------- fields in this struct
482 |     resource: Resource<KernelRA>,
    |     ^^^^^^^^
483 |     descriptor: AllocationDesc,
    |     ^^^^^^^^^^

warning: fields `ledger` and `descriptor` are never read
   --> src/ownership_proof/raw_vec.rs:524:5
    |
523 | pub(crate) struct PhysicalRegion {
    |                   -------------- fields in this struct
524 |     ledger: OwnedRegion,
    |     ^^^^^^
525 |     descriptor: AllocationDesc,
    |     ^^^^^^^^^^

warning: methods `split_at` and `join` are never used
   --> src/ownership_proof/raw_vec.rs:609:19
    |
553 | impl PhysicalRegion {
    | ------------------- methods in this implementation
...
609 |     pub(crate) fn split_at(self, at: Int) -> (Self, Self) {
    |                   ^^^^^^^^
...
639 |     pub(crate) fn join(self, other: Self) -> Self {
    |                   ^^^^

warning: struct `PhysicalPool` is never constructed
   --> src/ownership_proof/raw_vec.rs:653:19
    |
653 | pub(crate) struct PhysicalPool {
    |                   ^^^^^^^^^^^^

warning: associated items `kernel_unit_is_empty`, `empty_from`, `retire`, and `finish` are never used
   --> src/ownership_proof/raw_vec.rs:720:8
    |
684 | impl PhysicalPool {
    | ----------------- associated items in this implementation
...
720 |     fn kernel_unit_is_empty() {
    |        ^^^^^^^^^^^^^^^^^^^^
...
746 |     pub(crate) fn empty_from(region: &PhysicalRegion) -> Self {
    |                   ^^^^^^^^^^
...
779 |     pub(crate) fn retire(self, region: PhysicalRegion) -> Self {
    |                   ^^^^^^
...
815 |     pub(crate) fn finish(self, lo: Int) -> PhysicalRegion {
    |                   ^^^^^^

warning: function `borrow_mut` is never used
    --> src/ownership_proof/raw_vec.rs:1071:22
     |
1071 | pub(crate) unsafe fn borrow_mut<'a>(
     |                      ^^^^^^^^^^

warning: function `slot_known_equivalence` is never used
    --> src/ownership_proof/raw_vec.rs:1093:15
     |
1093 | pub(crate) fn slot_known_equivalence(slot: Option<Option<u8>>) {}
     |               ^^^^^^^^^^^^^^^^^^^^^^

warning: function `borrow_bound_mut` is never used
    --> src/ownership_proof/raw_vec.rs:1132:22
     |
1132 | pub(crate) unsafe fn borrow_bound_mut<'a>(
     |                      ^^^^^^^^^^^^^^^^

warning: function `borrow_bound_uninit_mut` is never used
    --> src/ownership_proof/raw_vec.rs:1172:22
     |
1172 | pub(crate) unsafe fn borrow_bound_uninit_mut<'a>(
     |                      ^^^^^^^^^^^^^^^^^^^^^^^

warning: function `borrow_spare_preserving_prefix` is never used
    --> src/ownership_proof/raw_vec.rs:1210:22
     |
1210 | pub(crate) unsafe fn borrow_spare_preserving_prefix<'a>(
     |                      ^^^^^^^^^^^^^^^^^^^^^^^^^^^^^^

warning: function `borrow_empty_bound` is never used
    --> src/ownership_proof/raw_vec.rs:1256:22
     |
1256 | pub(crate) unsafe fn borrow_empty_bound<'a>(bound: &'a BoundPtr) -> &'a [u8] {
     |                      ^^^^^^^^^^^^^^^^^^

warning: function `borrow_empty_bound_mut` is never used
    --> src/ownership_proof/raw_vec.rs:1265:22
     |
1265 | pub(crate) unsafe fn borrow_empty_bound_mut<'a>(bound: &'a BoundPtr) -> &'a mut [u8] {
     |                      ^^^^^^^^^^^^^^^^^^^^^^

warning: function `borrow_empty_bound_uninit_mut` is never used
    --> src/ownership_proof/raw_vec.rs:1273:22
     |
1273 | pub(crate) unsafe fn borrow_empty_bound_uninit_mut<'a>(
     |                      ^^^^^^^^^^^^^^^^^^^^^^^^^^^^^

warning: function `reallocate_u8` is never used
  --> src/ownership_proof/../allocation_ops.rs:25:22
   |
25 | pub(crate) unsafe fn reallocate_u8(base: *mut u8, old_capacity: usize, capacity: usize) -> core::ptr::NonNull<u8> {
   |                      ^^^^^^^^^^^^^

warning: function `borrow_frozen` is never used
  --> src/ownership_proof/frozen_region.rs:28:15
   |
28 | pub(crate) fn borrow_frozen<'a>(
   |               ^^^^^^^^^^^^^

warning: struct `FrozenReader` is never constructed
  --> src/ownership_proof/frozen_region.rs:43:19
   |
43 | pub(crate) struct FrozenReader {
   |                   ^^^^^^^^^^^^

warning: associated items `new` and `reclaim` are never used
   --> src/ownership_proof/frozen_region.rs:107:19
    |
 76 | impl FrozenOwner {
    | ---------------- associated items in this implementation
...
107 |     pub(crate) fn new(bound:BoundPtr, capacity:usize, len:usize,
    |                   ^^^
...
119 |     pub(crate) fn reclaim(self,ticket:LifetimeToken) {
    |                   ^^^^^^^

warning: missing documentation for a struct
 --> src/verified/adapters.rs:7:1
  |
7 | pub struct LimitedCursor<'a> {
  | ^^^^^^^^^^^^^^^^^^^^^^^^^^^^
  |
note: the lint level is defined here
 --> src/lib.rs:1:9
  |
1 | #![warn(missing_docs, missing_debug_implementations, rust_2018_idioms)]
  |         ^^^^^^^^^^^^

warning: missing documentation for an associated function
  --> src/verified/adapters.rs:30:5
   |
30 |     pub fn new(inner: Cursor<'a>, limit: usize) -> Self {
   |     ^^^^^^^^^^^^^^^^^^^^^^^^^^^^^^^^^^^^^^^^^^^^^^^^^^^

warning: missing documentation for a method
  --> src/verified/adapters.rs:34:5
   |
34 |     pub fn limit(&self) -> usize {
   |     ^^^^^^^^^^^^^^^^^^^^^^^^^^^^

warning: missing documentation for a method
  --> src/verified/adapters.rs:40:5
   |
40 |     pub fn set_limit(&mut self, limit: usize) {
   |     ^^^^^^^^^^^^^^^^^^^^^^^^^^^^^^^^^^^^^^^^^

warning: missing documentation for a method
  --> src/verified/adapters.rs:44:5
   |
44 |     pub fn into_inner(self) -> Cursor<'a> {
   |     ^^^^^^^^^^^^^^^^^^^^^^^^^^^^^^^^^^^^^

warning: missing documentation for a method
  --> src/verified/adapters.rs:48:5
   |
48 |     pub fn remaining(&self) -> usize {
   |     ^^^^^^^^^^^^^^^^^^^^^^^^^^^^^^^^

warning: missing documentation for a method
  --> src/verified/adapters.rs:57:5
   |
57 |     pub fn chunk(&self) -> &'a [u8] {
   |     ^^^^^^^^^^^^^^^^^^^^^^^^^^^^^^^

warning: missing documentation for a method
  --> src/verified/adapters.rs:66:5
   |
66 |     pub fn advance(&mut self, count: usize) -> bool {
   |     ^^^^^^^^^^^^^^^^^^^^^^^^^^^^^^^^^^^^^^^^^^^^^^^

warning: missing documentation for a method
  --> src/verified/adapters.rs:83:5
   |
83 |     pub fn copy_to_slice(&mut self, dst: &mut [u8]) -> bool {
   |     ^^^^^^^^^^^^^^^^^^^^^^^^^^^^^^^^^^^^^^^^^^^^^^^^^^^^^^^

warning: missing documentation for a method
   --> src/verified/adapters.rs:102:5
    |
102 |     pub fn try_get_u16_be(&mut self) -> Option<u16> {
    |     ^^^^^^^^^^^^^^^^^^^^^^^^^^^^^^^^^^^^^^^^^^^^^^^

warning: missing documentation for a struct
   --> src/verified/adapters.rs:132:1
    |
132 | pub struct ChainedCursor<'a> {
    | ^^^^^^^^^^^^^^^^^^^^^^^^^^^^

warning: missing documentation for an associated function
   --> src/verified/adapters.rs:145:5
    |
145 |     pub fn new(left: Cursor<'a>, right: Cursor<'a>) -> Self {
    |     ^^^^^^^^^^^^^^^^^^^^^^^^^^^^^^^^^^^^^^^^^^^^^^^^^^^^^^^

warning: missing documentation for a method
   --> src/verified/adapters.rs:149:5
    |
149 |     pub fn into_inner(self) -> (Cursor<'a>, Cursor<'a>) {
    |     ^^^^^^^^^^^^^^^^^^^^^^^^^^^^^^^^^^^^^^^^^^^^^^^^^^^

warning: missing documentation for a method
   --> src/verified/adapters.rs:165:5
    |
165 |     pub fn chunk(&self) -> &'a [u8] {
    |     ^^^^^^^^^^^^^^^^^^^^^^^^^^^^^^^

warning: missing documentation for a method
   --> src/verified/adapters.rs:174:5
    |
174 |     pub fn advance(&mut self, count: usize) -> bool {
    |     ^^^^^^^^^^^^^^^^^^^^^^^^^^^^^^^^^^^^^^^^^^^^^^^

warning: missing documentation for a method
   --> src/verified/adapters.rs:194:5
    |
194 |     pub fn copy_to_slice(&mut self, dst: &mut [u8]) -> bool {
    |     ^^^^^^^^^^^^^^^^^^^^^^^^^^^^^^^^^^^^^^^^^^^^^^^^^^^^^^^

warning: missing documentation for a method
   --> src/verified/adapters.rs:219:5
    |
219 |     pub fn try_get_u16_be(&mut self) -> Option<u16> {
    |     ^^^^^^^^^^^^^^^^^^^^^^^^^^^^^^^^^^^^^^^^^^^^^^^

warning: missing documentation for a function
   --> src/verified/adapters.rs:234:1
    |
234 | pub fn scoped_limited_read(input: Vec<u8>, limit: usize) -> (Option<u16>, usize) {
    | ^^^^^^^^^^^^^^^^^^^^^^^^^^^^^^^^^^^^^^^^^^^^^^^^^^^^^^^^^^^^^^^^^^^^^^^^^^^^^^^^

warning: missing documentation for a function
   --> src/verified/adapters.rs:253:1
    |
253 | pub fn scoped_chained_read(input: Vec<u8>, split: usize) -> Option<(Option<u16>, usize)> {
    | ^^^^^^^^^^^^^^^^^^^^^^^^^^^^^^^^^^^^^^^^^^^^^^^^^^^^^^^^^^^^^^^^^^^^^^^^^^^^^^^^^^^^^^^^

warning: missing documentation for a function
  --> src/verified/spawn_failure.rs:9:1
   |
 9 | / pub fn parent_retained_builder_attempt(
10 | |     input: Vec<u8>,
11 | |     index: usize,
12 | |     force_builder_error: bool,
13 | |     mut tokens: Ghost<Tokens>,
14 | | ) -> (Option<u8>, bool, bool, bool) {
   | |___________________________________^

warning: `bytes` (lib test) generated 120 warnings (run `cargo fix --lib -p bytes --tests` to apply 69 suggestions)
    Finished `test` profile [unoptimized + debuginfo] target(s) in 0.54s
     Running unittests src/lib.rs (cache/native/debug/deps/bytes-d916ad1cd64158e5)

running 0 tests

test result: ok. 0 passed; 0 failed; 0 ignored; 0 measured; 55 filtered out; finished in 0.00s

