   Compiling proc-macro2 v1.0.107
   Compiling autocfg v1.5.1
   Compiling libc v0.2.190
   Compiling unicode-ident v1.0.26
   Compiling quote v1.0.47
   Compiling getrandom v0.4.3
   Compiling num-traits v0.2.19
   Compiling cfg-if v1.0.5
   Compiling syn v2.0.119
    Checking num-integer v0.1.47
    Checking num-bigint v0.4.8
   Compiling uuid v1.27.0
    Checking num-rational v0.4.2
   Compiling pearlite-syn v0.11.0-dev (/workspace/httparse-tool-rebuild/string-model/creusot-libs/pearlite-syn)
   Compiling creusot-std-proc v0.11.0-dev (/workspace/httparse-tool-rebuild/string-model/creusot-libs/creusot-std-proc)
    Checking creusot-std v0.11.0-dev (/workspace/httparse-tool-rebuild/string-model/creusot-libs/creusot-std)
    Checking httparse-method-utf8-harness v0.1.0 (/workspace/httparse-tool-rebuild/string-model/method-utf8-harness)
error[E0659]: `Clone` is ambiguous
 --> /workspace/httparse-cloud-resume/httparse/1.10.1/verification/probes/method-utf8/src/lib.rs:8:10
  |
8 | #[derive(Clone, Copy)]
  |          ^^^^^ ambiguous name
  |
  = note: ambiguous because of a conflict between a name from a glob import and an outer scope during import or macro resolution
note: `Clone` could refer to the derive macro imported here
 --> /workspace/httparse-cloud-resume/httparse/1.10.1/verification/probes/method-utf8/src/lib.rs:3:5
  |
3 | use creusot_std::prelude::*;
  |     ^^^^^^^^^^^^^^^^^^^^^^^
  = help: consider adding an explicit import of `Clone` to disambiguate
  = help: or use `crate::Clone` to refer to this derive macro unambiguously
note: `Clone` could also refer to a derive macro from prelude
 --> /rustc/6a979b3e32522049d0acb4a47f7ae44b7c8abfd5/library/std/src/prelude/mod.rs:133:12

For more information about this error, try `rustc --explain E0659`.
error: could not compile `httparse-method-utf8-harness` (lib) due to 1 previous error
