$ scripts/verify-bytes.sh raw-vec-negative --no-default-features --features wrong_half_region
bytes proof: /workspace/bytes-runtime-verification/bytes/1.11.1/verification/probes/raw-vec-negative; one prover; 1024 MiB; native Ordering; sc-drf disabled
     Removed 0 files
    Checking bytes-raw-vec-negative v0.1.0 (/workspace/bytes-runtime-verification/bytes/1.11.1/verification/probes/raw-vec-negative)
warning: function `wrong_half_region_recovery` is never used
  --> src/lib.rs:33:22
   |
33 | pub(crate) unsafe fn wrong_half_region_recovery(
   |                      ^^^^^^^^^^^^^^^^^^^^^^^^^^
   |
   = note: `#[warn(dead_code)]` (part of `#[warn(unused)]`) on by default

warning: type alias `KernelRA` is never used
  --> src/../../../../src/ownership_proof/owned_region.rs:20:17
   |
20 | pub(crate) type KernelRA = (Option<Excl<()>>, FMap<Int, Excl<Option<u8>>>);
   |                 ^^^^^^^^

warning: type alias `SlotMap` is never used
  --> src/../../../../src/ownership_proof/owned_region.rs:23:17
   |
23 | pub(crate) type SlotMap = FMap<Int, Excl<Option<u8>>>;
   |                 ^^^^^^^

warning: function `map_compose_eq` is never used
  --> src/../../../../src/ownership_proof/owned_region.rs:32:15
   |
32 | pub(crate) fn map_compose_eq(
   |               ^^^^^^^^^^^^^^

warning: struct `OwnedRegion` is never constructed
  --> src/../../../../src/ownership_proof/owned_region.rs:47:19
   |
47 | pub(crate) struct OwnedRegion {
   |                   ^^^^^^^^^^^

warning: multiple associated items are never used
   --> src/../../../../src/ownership_proof/owned_region.rs:89:19
    |
 76 | impl OwnedRegion {
    | ---------------- associated items in this implementation
...
 89 |     pub(crate) fn from_model_ledger(lo: Int, hi: Int, resource: Resource<KernelRA>) -> Self {
    |                   ^^^^^^^^^^^^^^^^^
...
 95 |     pub(crate) fn lo(self) -> Int {
    |                   ^^
...
101 |     pub(crate) fn hi(self) -> Int {
    |                   ^^
...
107 |     pub(crate) fn resource_id(self) -> Id {
    |                   ^^^^^^^^^^^
...
113 |     pub(crate) fn slots(self) -> FMap<Int, Excl<Option<u8>>> {
    |                   ^^^^^
...
120 |     pub(crate) fn slot(self, index: Int) -> Option<Option<u8>> {
    |                   ^^^^
...
131 |     fn restrict(
    |        ^^^^^^^^
...
156 |     pub(crate) fn split_at(self, at: Int) -> (Self, Self) {
    |                   ^^^^^^^^
...
207 |     pub(crate) fn join(self, other: Self) -> Self {
    |                   ^^^^

warning: struct `AllocationDesc` is never constructed
  --> src/../../../../src/ownership_proof/raw_vec.rs:30:8
   |
30 | struct AllocationDesc {
   |        ^^^^^^^^^^^^^^

warning: function `slots_from_vec` is never used
  --> src/../../../../src/ownership_proof/raw_vec.rs:46:4
   |
46 | fn slots_from_vec(contents: Seq<u8>, capacity: Int) -> SlotMap {
   |    ^^^^^^^^^^^^^^

warning: struct `RawAllocation` is never constructed
  --> src/../../../../src/ownership_proof/raw_vec.rs:66:19
   |
66 | pub(crate) struct RawAllocation {
   |                   ^^^^^^^^^^^^^

warning: methods `capacity` and `namespace` are never used
  --> src/../../../../src/ownership_proof/raw_vec.rs:92:19
   |
89 | impl RawAllocation {
   | ------------------ methods in this implementation
...
92 |     pub(crate) fn capacity(self) -> Int {
   |                   ^^^^^^^^
...
98 |     pub(crate) fn namespace(self) -> Id {
   |                   ^^^^^^^^^

warning: struct `Recovery` is never constructed
   --> src/../../../../src/ownership_proof/raw_vec.rs:106:19
    |
106 | pub(crate) struct Recovery {
    |                   ^^^^^^^^

warning: methods `namespace`, `capacity`, and `invariant` are never used
   --> src/../../../../src/ownership_proof/raw_vec.rs:126:19
    |
124 | impl Recovery {
    | ------------- methods in this implementation
125 |     #[logic(open)]
126 |     pub(crate) fn namespace(self) -> Id {
    |                   ^^^^^^^^^
...
131 |     pub(crate) fn capacity(self) -> Int {
    |                   ^^^^^^^^
...
136 |     pub(crate) fn invariant(self) -> bool {
    |                   ^^^^^^^^^

warning: struct `PhysicalRegion` is never constructed
   --> src/../../../../src/ownership_proof/raw_vec.rs:148:19
    |
148 | pub(crate) struct PhysicalRegion {
    |                   ^^^^^^^^^^^^^^

warning: multiple methods are never used
   --> src/../../../../src/ownership_proof/raw_vec.rs:180:19
    |
178 | impl PhysicalRegion {
    | ------------------- methods in this implementation
179 |     #[logic(open)]
180 |     pub(crate) fn lo(self) -> Int {
    |                   ^^
...
185 |     pub(crate) fn hi(self) -> Int {
    |                   ^^
...
190 |     pub(crate) fn namespace(self) -> Id {
    |                   ^^^^^^^^^
...
195 |     pub(crate) fn capacity(self) -> Int {
    |                   ^^^^^^^^
...
200 |     pub(crate) fn resource_id(self) -> Id {
    |                   ^^^^^^^^^^^
...
205 |     pub(crate) fn slot(self, index: Int) -> Option<Option<u8>> {
    |                   ^^^^
...
234 |     pub(crate) fn split_at(self, at: Int) -> (Self, Self) {
    |                   ^^^^^^^^
...
264 |     pub(crate) fn join(self, other: Self) -> Self {
    |                   ^^^^

warning: function `detach_vec` is never used
   --> src/../../../../src/ownership_proof/raw_vec.rs:299:15
    |
299 | pub(crate) fn detach_vec(
    |               ^^^^^^^^^^

warning: function `resume_vec` is never used
   --> src/../../../../src/ownership_proof/raw_vec.rs:379:22
    |
379 | pub(crate) unsafe fn resume_vec(
    |                      ^^^^^^^^^^

warning: function `borrow_mut` is never used
   --> src/../../../../src/ownership_proof/raw_vec.rs:427:22
    |
427 | pub(crate) unsafe fn borrow_mut<'a>(
    |                      ^^^^^^^^^^

warning: `bytes-raw-vec-negative` (lib) generated 17 warnings
    Finished `dev` profile [unoptimized + debuginfo] target(s) in 0.55s
No dangling files found
Goal Coma.vc_wrong_half_region_recovery: ✘ (13/14)
Error: 1 unproved file
Error: 'why3find prove' failed

exit status: 1
