   Compiling creusot-std-proc v0.13.0
   Compiling bytes-original-constructor-probe v0.1.0 (/workspace/rust-crate-proofs/bytes/1.11.1/verification/probes/original-constructor-2026-10-08)
warning: unused import: `Path`
 --> build.rs:4:17
  |
4 | use std::path::{Path, PathBuf};
  |                 ^^^^
  |
  = note: `#[warn(unused_imports)]` (part of `#[warn(unused)]`) on by default

warning: variable does not need to be mutable
   --> build.rs:143:9
    |
143 |     let mut fragments = vec![
    |         ----^^^^^^^^^
    |         |
    |         help: remove this `mut`
    |
    = note: `#[warn(unused_mut)]` (part of `#[warn(unused)]`) on by default

warning: `bytes-original-constructor-probe` (build script) generated 2 warnings
warning: bytes-original-constructor-probe@0.1.0: original-constructor extraction: snapshot=cd4dd691c3ecfedfa7cbf8db095bb1d6eebefbcdc71c67f0304e467a2d45e29d; live_source_matches=true
    Checking creusot-std v0.13.0 (/workspace/bytes-proof-tools/bytes-proof-std)
warning: unused variable: `vector`
  --> /workspace/bytes-proof-tools/bytes-proof-std/src/std/vec.rs:21:40
   |
21 | pub fn capacity_model<T, A: Allocator>(vector: Vec<T, A>) -> Int {
   |                                        ^^^^^^ help: if this is intentional, prefix it with an underscore: `_vector`
   |
   = note: `#[warn(unused_variables)]` (part of `#[warn(unused)]`) on by default

warning: unused variable: `vector`
  --> /workspace/bytes-proof-tools/bytes-proof-std/src/std/vec.rs:32:36
   |
32 | pub fn base_model<T, A: Allocator>(vector: Vec<T, A>) -> Int {
   |                                    ^^^^^^ help: if this is intentional, prefix it with an underscore: `_vector`

warning: `creusot-std` (lib) generated 2 warnings (run `cargo fix --lib -p creusot-std` to apply 2 suggestions)
error: The `creusot_std` crate is not loaded. You will not be able to verify any code using Creusot until you do so.
  |
  = note: Don't forget to actually use creusot_std: `use creusot_std::prelude::*;`

warning: bytes-original-constructor-probe@0.1.0: original-constructor extraction: snapshot=cd4dd691c3ecfedfa7cbf8db095bb1d6eebefbcdc71c67f0304e467a2d45e29d; live_source_matches=true
error: could not compile `bytes-original-constructor-probe` (lib) due to 1 previous error
Error: Compilation failed
