   Compiling bytes-unsafe-affine-dispatch-diagnostic v0.1.0 (/workspace/rust-crate-proofs/bytes/1.11.1/verification/probes/unsafe-affine-dispatch-2026-10-08)
warning: unused import: `std::ops::FnExt`
 --> src/lib.rs:4:31
  |
4 | use creusot_std::{prelude::*, std::ops::FnExt};
  |                               ^^^^^^^^^^^^^^^
  |
  = note: `#[warn(unused_imports)]` (part of `#[warn(unused)]`) on by default

warning: unused variable: `spec`
  --> src/lib.rs:55:54
   |
55 | pub fn invoke<A, R>(native: unsafe fn(A) -> R, x: A, spec: Ghost<fn(A) -> R>) -> R {
   |                                                      ^^^^ help: if this is intentional, prefix it with an underscore: `_spec`
   |
   = note: `#[warn(unused_variables)]` (part of `#[warn(unused)]`) on by default

error[E0433]: cannot find `Ghost` in `creusot_std`
   --> src/lib.rs:101:71
    |
101 |             assert_eq!(super::invoke_forward(f, x, spec, creusot_std::Ghost::new(())).0, x);
    |                                                                       ^^^^^ could not find `Ghost` in `creusot_std`
    |
help: consider importing one of these structs
    |
 97 +     use crate::Ghost;
    |
 97 +     use creusot_std::prelude::Ghost;
    |
help: if you import `Ghost`, refer to it directly
    |
101 -             assert_eq!(super::invoke_forward(f, x, spec, creusot_std::Ghost::new(())).0, x);
101 +             assert_eq!(super::invoke_forward(f, x, spec, Ghost::new(())).0, x);
    |

warning: feature `unboxed_closures` is declared but not used
 --> src/lib.rs:2:23
  |
2 | #![feature(fn_traits, unboxed_closures)]
  |                       ^^^^^^^^^^^^^^^^
  |
  = note: `#[warn(unused_features)]` (part of `#[warn(unused)]`) on by default

warning: feature `fn_traits` is declared but not used
 --> src/lib.rs:2:12
  |
2 | #![feature(fn_traits, unboxed_closures)]
  |            ^^^^^^^^^

warning: `bytes-unsafe-affine-dispatch-diagnostic` (lib) generated 4 warnings (run `cargo fix --lib -p bytes-unsafe-affine-dispatch-diagnostic` to apply 2 suggestions)
For more information about this error, try `rustc --explain E0433`.
warning: `bytes-unsafe-affine-dispatch-diagnostic` (lib test) generated 2 warnings (2 duplicates)
error: could not compile `bytes-unsafe-affine-dispatch-diagnostic` (lib test) due to 1 previous error; 2 warnings emitted
