Traceback (most recent call last):
  File "/workspace/bytes-work/bytes/1.11.1/verification/probes/original-owned-view-clone-2026-10-09/check_checker_controls.py", line 45, in expect_reject
    result = action()
             ^^^^^^^^
  File "/workspace/bytes-work/bytes/1.11.1/verification/probes/original-owned-view-clone-2026-10-09/check_checker_controls.py", line 355, in <lambda>
    lambda r=changed_receipt, a=changed_artifacts: compiled_check(r, a),
                                                   ^^^^^^^^^^^^^^^^^^^^
  File "/workspace/bytes-work/bytes/1.11.1/verification/probes/original-owned-view-clone-2026-10-09/check_checker_controls.py", line 326, in compiled_check
    return C.assert_compiled_capture(r, artifacts, stored, expected_record,
           ^^^^^^^^^^^^^^^^^^^^^^^^^^^^^^^^^^^^^^^^^^^^^^^^^^^^^^^^^^^^^^^^
  File "/workspace/bytes-work/bytes/1.11.1/verification/probes/original-owned-view-clone-2026-10-09/check_correspondence.py", line 756, in assert_compiled_capture
    require(target.resolve() == TARGET_DIR and receipt.get("cargo_target_dir") == str(TARGET_DIR) and
  File "/workspace/bytes-work/bytes/1.11.1/verification/probes/original-owned-view-clone-2026-10-09/check_correspondence.py", line 138, in require
    raise CheckError(message)
at_checker_controls_target.CheckError: AT Cargo package, fingerprint, target and build-output paths do not join

The above exception was the direct cause of the following exception:

Traceback (most recent call last):
  File "/workspace/bytes-work/bytes/1.11.1/verification/probes/original-owned-view-clone-2026-10-09/check_checker_controls.py", line 509, in <module>
    result = run()
             ^^^^^
  File "/workspace/bytes-work/bytes/1.11.1/verification/probes/original-owned-view-clone-2026-10-09/check_checker_controls.py", line 454, in run
    rows = [expect_reject(identifier, actions[identifier][0], actions[identifier][1])
            ^^^^^^^^^^^^^^^^^^^^^^^^^^^^^^^^^^^^^^^^^^^^^^^^^^^^^^^^^^^^^^^^^^^^^^^^^
  File "/workspace/bytes-work/bytes/1.11.1/verification/probes/original-owned-view-clone-2026-10-09/check_checker_controls.py", line 49, in expect_reject
    raise RuntimeError(
RuntimeError: compiled_fingerprint_output_redirect_fresh_hashes: rejected at the wrong gate; expected 'AT Cargo fingerprint does not bind', got 'AT Cargo package, fingerprint, target and build-output paths do not join'
