bytes proof: /workspace/bytes-runtime-verification/bytes/1.11.1/verification/probes/unique-growing-reserve; one prover; 1024 MiB; native Ordering; sc-drf disabled
     Removed 22 files, 9.7MiB total
   Compiling bytes-unique-growing-reserve v0.1.0 (/workspace/bytes-runtime-verification/bytes/1.11.1/verification/probes/unique-growing-reserve)
warning: unused import: `owned_region`
  --> src/lib.rs:28:28
   |
28 |     pub(crate) use crate::{owned_region, raw_vec, sequential_counter, shared_protocol, bound_ptr, boxed_alignment};
   |                            ^^^^^^^^^^^^
   |
   = note: `#[warn(unused_imports)]` (part of `#[warn(unused)]`) on by default

warning: unused import: `ManuallyDrop`
 --> /workspace/bytes-proof-tools/targets/bytes/debug/build/bytes-unique-growing-reserve-db6a0aa2d42eb679/out/actual_split.rs:3:23
  |
3 | use core::mem::{self, ManuallyDrop, MaybeUninit};
  |                       ^^^^^^^^^^^^

warning: unused import: `self`
 --> /workspace/bytes-proof-tools/targets/bytes/debug/build/bytes-unique-growing-reserve-db6a0aa2d42eb679/out/actual_split.rs:4:17
  |
4 | use core::ptr::{self,NonNull};
  |                 ^^^^

warning: unused imports: `AtomicUsize` and `Ordering`
 --> /workspace/bytes-proof-tools/targets/bytes/debug/build/bytes-unique-growing-reserve-db6a0aa2d42eb679/out/actual_split.rs:6:26
  |
6 | use core::sync::atomic::{AtomicUsize,Ordering};
  |                          ^^^^^^^^^^^ ^^^^^^^^

warning: unreachable expression
    --> /workspace/bytes-proof-tools/targets/bytes/debug/build/bytes-unique-growing-reserve-db6a0aa2d42eb679/out/actual_split.rs:1090:13
     |
1080 |             panic!("ARC clone is outside the first sequential split gate");
     |             -------------------------------------------------------------- any code following this expression is unreachable
...
1090 |             { self.pending_descriptor_copy() }
     |             ^^^^^^^^^^^^^^^^^^^^^^^^^^^^^^^^^^ unreachable expression
     |
     = note: `#[warn(unreachable_code)]` (part of `#[warn(unused)]`) on by default

warning: unused import: `prelude`
  --> /workspace/bytes-proof-tools/targets/bytes/debug/build/bytes-unique-growing-reserve-db6a0aa2d42eb679/out/actual_split.rs:90:53
   |
90 |     use creusot_std::{ghost::perm::Perm, logic::Id, prelude::*};
   |                                                     ^^^^^^^

warning: unused variable: `base`
   --> src/../../../../src/ownership_proof/raw_vec.rs:905:25
    |
905 |     let RawAllocation { base, capacity, namespace: _, _not_objective: _ } = raw;
    |                         ^^^^ help: try ignoring the field: `base: _`
    |
    = note: `#[warn(unused_variables)]` (part of `#[warn(unused)]`) on by default

warning: unused variable: `capacity`
   --> src/../../../../src/ownership_proof/raw_vec.rs:905:31
    |
905 |     let RawAllocation { base, capacity, namespace: _, _not_objective: _ } = raw;
    |                               ^^^^^^^^ help: try ignoring the field: `capacity: _`

warning: unused variable: `base`
   --> src/../../../../src/ownership_proof/raw_vec.rs:941:9
    |
941 |     let base = bound.as_ptr();
    |         ^^^^ help: if this is intentional, prefix it with an underscore: `_base`

warning: unused variable: `off`
    --> /workspace/bytes-proof-tools/targets/bytes/debug/build/bytes-unique-growing-reserve-db6a0aa2d42eb679/out/actual_split.rs:1002:13
     |
1002 |         let off = crate::capacity_ops::vec_pos_from_data(
     |             ^^^ help: if this is intentional, prefix it with an underscore: `_off`

warning: function `pointer_addr_eq` is never used
  --> src/../../../../src/provenance_specs.rs:19:15
   |
19 | pub(crate) fn pointer_addr_eq<T>(left: *const T, right: *const T) -> bool {
   |               ^^^^^^^^^^^^^^^
   |
   = note: `#[warn(dead_code)]` (part of `#[warn(unused)]`) on by default

warning: function `pointer_with_address` is never used
  --> src/../../../../src/provenance_specs.rs:86:15
   |
86 | pub(crate) fn pointer_with_address(ptr: *mut u8, new_addr: usize) -> *mut u8 {
   |               ^^^^^^^^^^^^^^^^^^^^

warning: method `join` is never used
   --> src/../../../../src/ownership_proof/owned_region.rs:243:19
    |
 95 | impl OwnedRegion {
    | ---------------- method in this implementation
...
243 |     pub(crate) fn join(self, other: Self) -> Self {
    |                   ^^^^

warning: method `as_non_null` is never used
   --> src/../../../../src/ownership_proof/raw_vec.rs:273:19
    |
241 | impl BoundPtr {
    | ------------- method in this implementation
...
273 |     pub(crate) fn as_non_null(&self) -> NonNull<u8> {
    |                   ^^^^^^^^^^^

warning: method `join` is never used
   --> src/../../../../src/ownership_proof/raw_vec.rs:565:19
    |
479 | impl PhysicalRegion {
    | ------------------- method in this implementation
...
565 |     pub(crate) fn join(self, other: Self) -> Self {
    |                   ^^^^

warning: function `resume_vec` is never used
   --> src/../../../../src/ownership_proof/raw_vec.rs:865:22
    |
865 | pub(crate) unsafe fn resume_vec(
    |                      ^^^^^^^^^^

warning: function `deallocate_vec` is never used
   --> src/../../../../src/ownership_proof/raw_vec.rs:901:22
    |
901 | pub(crate) unsafe fn deallocate_vec(
    |                      ^^^^^^^^^^^^^^

warning: function `borrow_mut` is never used
   --> src/../../../../src/ownership_proof/raw_vec.rs:985:22
    |
985 | pub(crate) unsafe fn borrow_mut<'a>(
    |                      ^^^^^^^^^^

warning: function `slot_known_equivalence` is never used
    --> src/../../../../src/ownership_proof/raw_vec.rs:1007:15
     |
1007 | pub(crate) fn slot_known_equivalence(slot: Option<Option<u8>>) {}
     |               ^^^^^^^^^^^^^^^^^^^^^^

warning: function `borrow_empty_bound` is never used
    --> src/../../../../src/ownership_proof/raw_vec.rs:1164:22
     |
1164 | pub(crate) unsafe fn borrow_empty_bound<'a>(bound: &'a BoundPtr) -> &'a [u8] {
     |                      ^^^^^^^^^^^^^^^^^^

warning: function `borrow_empty_bound_mut` is never used
    --> src/../../../../src/ownership_proof/raw_vec.rs:1173:22
     |
1173 | pub(crate) unsafe fn borrow_empty_bound_mut<'a>(bound: &'a BoundPtr) -> &'a mut [u8] {
     |                      ^^^^^^^^^^^^^^^^^^^^^^

warning: function `borrow_empty_bound_uninit_mut` is never used
    --> src/../../../../src/ownership_proof/raw_vec.rs:1181:22
     |
1181 | pub(crate) unsafe fn borrow_empty_bound_uninit_mut<'a>(
     |                      ^^^^^^^^^^^^^^^^^^^^^^^^^^^^^

warning: method `fetch_add_relaxed` is never used
  --> src/../../../../src/ownership_proof/sequential_counter.rs:66:19
   |
43 | impl SequentialCounter {
   | ---------------------- method in this implementation
...
66 |     pub(crate) fn fetch_add_relaxed(&self, amount: usize, own: Ghost<&mut CounterOwn>) -> usize {
   |                   ^^^^^^^^^^^^^^^^^

warning: field `original_capacity_repr` is never read
  --> /workspace/bytes-proof-tools/targets/bytes/debug/build/bytes-unique-growing-reserve-db6a0aa2d42eb679/out/actual_split.rs:59:5
   |
57 | struct Shared {
   |        ------ field in this struct
58 |     buffer: SharedBuffer,
59 |     original_capacity_repr: usize,
   |     ^^^^^^^^^^^^^^^^^^^^^^

warning: method `proof_empty_valid` is never used
    --> /workspace/bytes-proof-tools/targets/bytes/debug/build/bytes-unique-growing-reserve-db6a0aa2d42eb679/out/actual_split.rs:1146:8
     |
 355 | impl BytesMut {
     | ------------- method in this implementation
...
1146 |     fn proof_empty_valid(self) -> bool {
     |        ^^^^^^^^^^^^^^^^^

warning: function `new` is never used
   --> /workspace/bytes-proof-tools/targets/bytes/debug/build/bytes-unique-growing-reserve-db6a0aa2d42eb679/out/actual_split.rs:243:8
    |
243 |     fn new(input: Vec<u8>, split: usize) -> (ControlPtr, Ghost<ControlContext>, Ghost<Packet>, Ghost<Packet>) {
    |        ^^^

warning: function `release_left_then_right` is never used
   --> /workspace/bytes-proof-tools/targets/bytes/debug/build/bytes-unique-growing-reserve-db6a0aa2d42eb679/out/actual_split.rs:324:19
    |
324 |     pub(crate) fn release_left_then_right(input: Vec<u8>, split: usize) {
    |                   ^^^^^^^^^^^^^^^^^^^^^^^

warning: function `release_right_then_left` is never used
   --> /workspace/bytes-proof-tools/targets/bytes/debug/build/bytes-unique-growing-reserve-db6a0aa2d42eb679/out/actual_split.rs:333:19
    |
333 |     pub(crate) fn release_right_then_left(input: Vec<u8>, split: usize) {
    |                   ^^^^^^^^^^^^^^^^^^^^^^^

warning: `bytes-unique-growing-reserve` (lib) generated 28 warnings (run `cargo fix --lib -p bytes-unique-growing-reserve` to apply 8 suggestions)
    Finished `dev` profile [unoptimized + debuginfo] target(s) in 3.62s
No dangling files found
Proved (115 files) ✔
./scripts/verify-bytes.sh: line 38: 0: command not found
