$ BYTES_TRANSLATE_ONLY=1 scripts/verify-bytes.sh vtable-feasibility --no-default-features --features accessor-cycle
bytes proof: /workspace/bytes-runtime-verification/bytes/1.11.1/verification/probes/vtable-feasibility; one prover; 1024 MiB; native Ordering; sc-drf disabled
     Removed 2 files, 12.3KiB total
    Checking bytes-vtable-feasibility v0.1.0 (/workspace/bytes-runtime-verification/bytes/1.11.1/verification/probes/vtable-feasibility)
warning: unused import: `creusot_std::prelude::*`
 --> src/lib.rs:5:5
  |
5 | use creusot_std::prelude::*;
  |     ^^^^^^^^^^^^^^^^^^^^^^^
  |
  = note: `#[warn(unused_imports)]` (part of `#[warn(unused)]`) on by default

warning: struct `Vtable` is never constructed
  --> src/lib.rs:89:16
   |
89 |     pub struct Vtable {
   |                ^^^^^^
   |
   = note: `#[warn(dead_code)]` (part of `#[warn(unused)]`) on by default

warning: struct `Bytes` is never constructed
  --> src/lib.rs:93:16
   |
93 |     pub struct Bytes {
   |                ^^^^^

warning: static `STATIC_VTABLE` is never used
  --> src/lib.rs:97:12
   |
97 |     static STATIC_VTABLE: Vtable = Vtable {
   |            ^^^^^^^^^^^^^

warning: function `static_vtable` is never used
   --> src/lib.rs:101:8
    |
101 |     fn static_vtable() -> &'static Vtable {
    |        ^^^^^^^^^^^^^

warning: function `from_static` is never used
   --> src/lib.rs:105:8
    |
105 |     fn from_static() -> Bytes {
    |        ^^^^^^^^^^^

warning: function `static_clone` is never used
   --> src/lib.rs:117:15
    |
117 |     unsafe fn static_clone() -> Bytes {
    |               ^^^^^^^^^^^^

warning: function `clone_static` is never used
   --> src/lib.rs:122:12
    |
122 |     pub fn clone_static() -> Bytes {
    |            ^^^^^^^^^^^^

error: unsupported definition kind DefId(0:9 ~ bytes_vtable_feasibility[00df]::accessor_cycle::STATIC_VTABLE) Static { safety: Safe, mutability: Not, nested: false }
  --> src/lib.rs:97:5
   |
97 |     static STATIC_VTABLE: Vtable = Vtable {
   |     ^^^^^^^^^^^^^^^^^^^^^^^^^^^^

warning: `bytes-vtable-feasibility` (lib) generated 8 warnings
error: could not compile `bytes-vtable-feasibility` (lib) due to 1 previous error; 8 warnings emitted
Error: Compilation failed

exit status: 1
