$ BYTES_TRANSLATE_ONLY=1 scripts/verify-bytes.sh vtable-feasibility --no-default-features --features passed-vtable
bytes proof: /workspace/bytes-runtime-verification/bytes/1.11.1/verification/probes/vtable-feasibility; one prover; 1024 MiB; native Ordering; sc-drf disabled
     Removed 2 files, 13.3KiB total
    Checking bytes-vtable-feasibility v0.1.0 (/workspace/bytes-runtime-verification/bytes/1.11.1/verification/probes/vtable-feasibility)
warning: unused import: `creusot_std::prelude::*`
 --> src/lib.rs:5:5
  |
5 | use creusot_std::prelude::*;
  |     ^^^^^^^^^^^^^^^^^^^^^^^
  |
  = note: `#[warn(unused_imports)]` (part of `#[warn(unused)]`) on by default

warning: struct `Vtable` is never constructed
   --> src/lib.rs:133:16
    |
133 |     pub struct Vtable {
    |                ^^^^^^
    |
    = note: `#[warn(dead_code)]` (part of `#[warn(unused)]`) on by default

warning: struct `Bytes` is never constructed
   --> src/lib.rs:137:16
    |
137 |     pub struct Bytes {
    |                ^^^^^

warning: constant `STATIC_VTABLE` is never used
   --> src/lib.rs:150:11
    |
150 |     const STATIC_VTABLE: Vtable = Vtable {
    |           ^^^^^^^^^^^^^

warning: function `static_clone` is never used
   --> src/lib.rs:154:15
    |
154 |     unsafe fn static_clone(
    |               ^^^^^^^^^^^^

warning: struct `Owned` is never constructed
   --> src/lib.rs:168:12
    |
168 |     struct Owned<T>(PhantomData<T>);
    |            ^^^^^

warning: associated constant `VTABLE` is never used
   --> src/lib.rs:171:15
    |
170 |     impl<T> Owned<T> {
    |     ---------------- associated constant in this implementation
171 |         const VTABLE: Vtable = Vtable {
    |               ^^^^^^

warning: function `owned_clone` is never used
   --> src/lib.rs:176:15
    |
176 |     unsafe fn owned_clone<T>(
    |               ^^^^^^^^^^^

warning: function `from_static` is never used
   --> src/lib.rs:190:8
    |
190 |     fn from_static() -> Bytes {
    |        ^^^^^^^^^^^

warning: function `from_owned` is never used
   --> src/lib.rs:199:8
    |
199 |     fn from_owned<T>() -> Bytes {
    |        ^^^^^^^^^^

warning: function `clone_static` is never used
   --> src/lib.rs:209:12
    |
209 |     pub fn clone_static() -> Bytes {
    |            ^^^^^^^^^^^^

warning: function `clone_owned` is never used
   --> src/lib.rs:214:12
    |
214 |     pub fn clone_owned() -> Bytes {
    |            ^^^^^^^^^^^

error: unsupported function call type
   --> src/lib.rs:146:22
    |
146 |             unsafe { (self.vtable.clone)(self.vtable, &self.data, self.ptr, self.len) }
    |                      ^^^^^^^^^^^^^^^^^^^^^^^^^^^^^^^^^^^^^^^^^^^^^^^^^^^^^^^^^^^^^^^^

warning: `bytes-vtable-feasibility` (lib) generated 12 warnings
error: could not compile `bytes-vtable-feasibility` (lib) due to 1 previous error; 12 warnings emitted
Error: Compilation failed

exit status: 1
