$ BYTES_TRANSLATE_ONLY=1 scripts/verify-bytes.sh vtable-feasibility --no-default-features --features static-cycle
bytes proof: /workspace/bytes-runtime-verification/bytes/1.11.1/verification/probes/vtable-feasibility; one prover; 1024 MiB; native Ordering; sc-drf disabled
     Removed 2 files, 13.3KiB total
    Checking bytes-vtable-feasibility v0.1.0 (/workspace/bytes-runtime-verification/bytes/1.11.1/verification/probes/vtable-feasibility)
warning: unused import: `creusot_std::prelude::*`
 --> src/lib.rs:5:5
  |
5 | use creusot_std::prelude::*;
  |     ^^^^^^^^^^^^^^^^^^^^^^^
  |
  = note: `#[warn(unused_imports)]` (part of `#[warn(unused)]`) on by default

warning: struct `Vtable` is never constructed
 --> src/lib.rs:9:16
  |
9 |     pub struct Vtable {
  |                ^^^^^^
  |
  = note: `#[warn(dead_code)]` (part of `#[warn(unused)]`) on by default

warning: struct `Bytes` is never constructed
  --> src/lib.rs:13:16
   |
13 |     pub struct Bytes {
   |                ^^^^^

warning: constant `STATIC_VTABLE` is never used
  --> src/lib.rs:17:11
   |
17 |     const STATIC_VTABLE: Vtable = Vtable {
   |           ^^^^^^^^^^^^^

warning: associated function `from_static` is never used
  --> src/lib.rs:22:12
   |
21 |     impl Bytes {
   |     ---------- associated function in this implementation
22 |         fn from_static() -> Bytes {
   |            ^^^^^^^^^^^

warning: function `static_clone` is never used
  --> src/lib.rs:35:15
   |
35 |     unsafe fn static_clone() -> Bytes {
   |               ^^^^^^^^^^^^

warning: function `clone_static` is never used
  --> src/lib.rs:40:12
   |
40 |     pub fn clone_static() -> Bytes {
   |            ^^^^^^^^^^^^

error: Mutually recursive functions: when calling `static_cycle::Bytes::from_static`...
  --> src/lib.rs:22:9
   |
22 |         fn from_static() -> Bytes {
   |         ^^^^^^^^^^^^^^^^^^^^^^^^^
   |
note: `static_cycle::Bytes::from_static` calls `static_cycle::STATIC_VTABLE`...
  --> src/lib.rs:24:26
   |
24 |                 vtable: &STATIC_VTABLE,
   |                          ^^^^^^^^^^^^^
note: then `static_cycle::STATIC_VTABLE` uses `static_cycle::static_clone`...
  --> src/lib.rs:18:16
   |
18 |         clone: static_clone,
   |                ^^^^^^^^^^^^
note: finally `static_cycle::static_clone` calls `static_cycle::Bytes::from_static`.
  --> src/lib.rs:36:9
   |
36 |         Bytes::from_static()
   |         ^^^^^^^^^^^^^^^^^^

warning: `bytes-vtable-feasibility` (lib) generated 7 warnings
error: could not compile `bytes-vtable-feasibility` (lib) due to 1 previous error; 7 warnings emitted
Error: Compilation failed

exit status: 1
