     Removed 12 files, 132.0KiB total
    Checking static-atomic-gate-b-fixture v0.1.0 (/workspace/rust-crate-proofs/tools/creusot-toolpatch/static-atomic-gate-b/fixture)
warning: unexpected `cfg` condition name: `creusot`
  --> src/lib.rs:88:11
   |
88 |     #[cfg(creusot)]
   |           ^^^^^^^
   |
   = help: expected names are: `docsrs`, `feature`, and `test` and 31 more
   = help: consider using a Cargo feature instead
   = help: or consider adding in `Cargo.toml` the `check-cfg` lint config for the lint:
            [lints.rust]
            unexpected_cfgs = { level = "warn", check-cfg = ['cfg(creusot)'] }
   = help: or consider adding `println!("cargo::rustc-check-cfg=cfg(creusot)");` to the top of the `build.rs`
   = note: see <https://doc.rust-lang.org/nightly/rustc/check-cfg/cargo-specifics.html> for more information about checking conditional configuration
   = note: `#[warn(unexpected_cfgs)]` on by default

warning: unexpected `cfg` condition name: `creusot`
  --> src/lib.rs:90:15
   |
90 |     #[cfg(not(creusot))]
   |               ^^^^^^^
   |
   = help: consider using a Cargo feature instead
   = help: or consider adding in `Cargo.toml` the `check-cfg` lint config for the lint:
            [lints.rust]
            unexpected_cfgs = { level = "warn", check-cfg = ['cfg(creusot)'] }
   = help: or consider adding `println!("cargo::rustc-check-cfg=cfg(creusot)");` to the top of the `build.rs`
   = note: see <https://doc.rust-lang.org/nightly/rustc/check-cfg/cargo-specifics.html> for more information about checking conditional configuration

error: Gate B normal/proof executable MIR and access inventories differ

warning: `static-atomic-gate-b-fixture` (lib) generated 2 warnings
error: could not compile `static-atomic-gate-b-fixture` (lib) due to 1 previous error; 2 warnings emitted
