Warning, file "/workspace/scratch/httparse-string-model/creusot-data/share/why3find/packages/creusot/creusot/int.coma", line 166, characters 8-22: axiom extensionality does not contain any local abstract symbol (contains: int, (=), t, to_int)
Warning, file "/workspace/scratch/httparse-string-model/creusot-data/share/why3find/packages/creusot/creusot/int.coma", line 484, characters 8-22: axiom extensionality does not contain any local abstract symbol (contains: int, (=), t, to_int)
Warning, file "/workspace/scratch/httparse-string-model/creusot-data/share/why3find/packages/creusot/creusot/int.coma", line 802, characters 8-22: axiom extensionality does not contain any local abstract symbol (contains: int, (=), t, to_int)
Warning, file "/workspace/scratch/httparse-string-model/creusot-data/share/why3find/packages/creusot/creusot/int.coma", line 1120, characters 8-22: axiom extensionality does not contain any local abstract symbol (contains: int, (=), t, to_int)
Warning, file "/workspace/scratch/httparse-string-model/creusot-data/share/why3find/packages/creusot/creusot/int.coma", line 1438, characters 8-22: axiom extensionality does not contain any local abstract symbol (contains: int, (=), t, to_int)
{"counterexample": [],
 "prover-result":
  {"answer": "Valid",
   "ce-models": [],
   "status": "exited with status 0",
   "step": 751,
   "time": 0.00772},
 "term":
  {"explanations": ["assertion"],
   "goal_name": "vc_base256_head_injective",
   "loc":
    {"end-char": 43,
     "end-line": 273,
     "file-name":
      "/workspace/rust-crate-proofs/httparse/1.10.1/verification/probes/version-harness/src/../../../../src/verification/version.rs",
     "start-char": 18,
     "start-line": 273}}}
{"counterexample": [],
 "prover-result":
  {"answer": "Valid",
   "ce-models": [],
   "status": "exited with status 0",
   "step": 519,
   "time": 0.005841},
 "term":
  {"explanations": ["assertion"],
   "goal_name": "vc_base256_head_injective",
   "loc":
    {"end-char": 43,
     "end-line": 274,
     "file-name":
      "/workspace/rust-crate-proofs/httparse/1.10.1/verification/probes/version-harness/src/../../../../src/verification/version.rs",
     "start-char": 18,
     "start-line": 274}}}
{"counterexample": [],
 "prover-result":
  {"answer": "Valid",
   "ce-models": [],
   "status": "exited with status 0",
   "step": 131,
   "time": 0.005123},
 "term":
  {"explanations": ["base256_head_injective ensures"],
   "goal_name": "vc_base256_head_injective",
   "loc":
    {"end-char": 102,
     "end-line": 40,
     "file-name":
      "/workspace/rust-crate-proofs/httparse/1.10.1/verification/probes/version-harness/evidence/direct-why3-helpers-20261005T060000Z/context/string/verif/httparse_version_harness_rlib/verification_version/base256_head_injective.coma",
     "start-char": 56,
     "start-line": 38}}}
