Warning, file "/workspace/scratch/httparse-string-model/creusot-data/share/why3find/packages/creusot/creusot/int.coma", line 166, characters 8-22: axiom extensionality does not contain any local abstract symbol (contains: int, (=), t, to_int)
Warning, file "/workspace/scratch/httparse-string-model/creusot-data/share/why3find/packages/creusot/creusot/int.coma", line 484, characters 8-22: axiom extensionality does not contain any local abstract symbol (contains: int, (=), t, to_int)
Warning, file "/workspace/scratch/httparse-string-model/creusot-data/share/why3find/packages/creusot/creusot/int.coma", line 802, characters 8-22: axiom extensionality does not contain any local abstract symbol (contains: int, (=), t, to_int)
Warning, file "/workspace/scratch/httparse-string-model/creusot-data/share/why3find/packages/creusot/creusot/int.coma", line 1120, characters 8-22: axiom extensionality does not contain any local abstract symbol (contains: int, (=), t, to_int)
Warning, file "/workspace/scratch/httparse-string-model/creusot-data/share/why3find/packages/creusot/creusot/int.coma", line 1438, characters 8-22: axiom extensionality does not contain any local abstract symbol (contains: int, (=), t, to_int)
{"counterexample": [],
 "prover-result":
  {"answer": "Valid",
   "ce-models": [],
   "status": "exited with status 0",
   "step": 25643,
   "time": 0.011396},
 "term":
  {"explanations": ["unfold_native_pack_tail ensures"],
   "goal_name": "vc_unfold_native_pack_tail",
   "loc":
    {"end-char": 82,
     "end-line": 283,
     "file-name":
      "/workspace/rust-crate-proofs/httparse/1.10.1/verification/probes/version-harness/src/../../../../src/verification/version.rs",
     "start-char": 10,
     "start-line": 281}}}
