Warning, file "/workspace/scratch/httparse-string-model/creusot-data/share/why3find/packages/creusot/creusot/int.coma", line 166, characters 8-22: axiom extensionality does not contain any local abstract symbol (contains: int, (=), t, to_int)
Warning, file "/workspace/scratch/httparse-string-model/creusot-data/share/why3find/packages/creusot/creusot/int.coma", line 484, characters 8-22: axiom extensionality does not contain any local abstract symbol (contains: int, (=), t, to_int)
Warning, file "/workspace/scratch/httparse-string-model/creusot-data/share/why3find/packages/creusot/creusot/int.coma", line 802, characters 8-22: axiom extensionality does not contain any local abstract symbol (contains: int, (=), t, to_int)
Warning, file "/workspace/scratch/httparse-string-model/creusot-data/share/why3find/packages/creusot/creusot/int.coma", line 1120, characters 8-22: axiom extensionality does not contain any local abstract symbol (contains: int, (=), t, to_int)
Warning, file "/workspace/scratch/httparse-string-model/creusot-data/share/why3find/packages/creusot/creusot/int.coma", line 1438, characters 8-22: axiom extensionality does not contain any local abstract symbol (contains: int, (=), t, to_int)
{"counterexample": [],
 "prover-result":
  {"answer": "Valid",
   "ce-models": [],
   "status": "exited with status 0",
   "step": 1052,
   "time": 0.008293},
 "term":
  {"explanations": ["unfold_native_pack_tail requires"],
   "goal_name": "vc_native_pack8_injective",
   "loc":
    {"end-char": 106,
     "end-line": 188,
     "file-name":
      "/workspace/rust-crate-proofs/httparse/1.10.1/verification/probes/version-harness/evidence/direct-why3-helpers-20261005T060000Z/context/string/verif/httparse_version_harness_rlib/verification_version/native_pack8_injective.coma",
     "start-char": 58,
     "start-line": 186}}}
{"counterexample": [],
 "prover-result":
  {"answer": "Valid",
   "ce-models": [],
   "status": "exited with status 0",
   "step": 1079,
   "time": 0.00372},
 "term":
  {"explanations": ["unfold_native_pack_tail requires"],
   "goal_name": "vc_native_pack8_injective",
   "loc":
    {"end-char": 106,
     "end-line": 188,
     "file-name":
      "/workspace/rust-crate-proofs/httparse/1.10.1/verification/probes/version-harness/evidence/direct-why3-helpers-20261005T060000Z/context/string/verif/httparse_version_harness_rlib/verification_version/native_pack8_injective.coma",
     "start-char": 58,
     "start-line": 186}}}
{"counterexample": [],
 "prover-result":
  {"answer": "Valid",
   "ce-models": [],
   "status": "exited with status 0",
   "step": 14214,
   "time": 0.021836},
 "term":
  {"explanations": ["base256_head_injective requires"],
   "goal_name": "vc_native_pack8_injective",
   "loc":
    {"end-char": 34,
     "end-line": 201,
     "file-name":
      "/workspace/rust-crate-proofs/httparse/1.10.1/verification/probes/version-harness/evidence/direct-why3-helpers-20261005T060000Z/context/string/verif/httparse_version_harness_rlib/verification_version/native_pack8_injective.coma",
     "start-char": 57,
     "start-line": 196}}}
{"counterexample": [],
 "prover-result":
  {"answer": "Valid",
   "ce-models": [],
   "status": "exited with status 0",
   "step": 1127,
   "time": 0.009449},
 "term":
  {"explanations": ["unfold_native_pack_tail requires"],
   "goal_name": "vc_native_pack8_injective",
   "loc":
    {"end-char": 106,
     "end-line": 188,
     "file-name":
      "/workspace/rust-crate-proofs/httparse/1.10.1/verification/probes/version-harness/evidence/direct-why3-helpers-20261005T060000Z/context/string/verif/httparse_version_harness_rlib/verification_version/native_pack8_injective.coma",
     "start-char": 58,
     "start-line": 186}}}
{"counterexample": [],
 "prover-result":
  {"answer": "Valid",
   "ce-models": [],
   "status": "exited with status 0",
   "step": 1152,
   "time": 0.017101},
 "term":
  {"explanations": ["unfold_native_pack_tail requires"],
   "goal_name": "vc_native_pack8_injective",
   "loc":
    {"end-char": 106,
     "end-line": 188,
     "file-name":
      "/workspace/rust-crate-proofs/httparse/1.10.1/verification/probes/version-harness/evidence/direct-why3-helpers-20261005T060000Z/context/string/verif/httparse_version_harness_rlib/verification_version/native_pack8_injective.coma",
     "start-char": 58,
     "start-line": 186}}}
{"counterexample": [],
 "prover-result":
  {"answer": "Valid",
   "ce-models": [],
   "status": "exited with status 0",
   "step": 15183,
   "time": 0.007855},
 "term":
  {"explanations": ["base256_head_injective requires"],
   "goal_name": "vc_native_pack8_injective",
   "loc":
    {"end-char": 34,
     "end-line": 201,
     "file-name":
      "/workspace/rust-crate-proofs/httparse/1.10.1/verification/probes/version-harness/evidence/direct-why3-helpers-20261005T060000Z/context/string/verif/httparse_version_harness_rlib/verification_version/native_pack8_injective.coma",
     "start-char": 57,
     "start-line": 196}}}
{"counterexample": [],
 "prover-result":
  {"answer": "Valid",
   "ce-models": [],
   "status": "exited with status 0",
   "step": 1198,
   "time": 1e-06},
 "term":
  {"explanations": ["unfold_native_pack_tail requires"],
   "goal_name": "vc_native_pack8_injective",
   "loc":
    {"end-char": 106,
     "end-line": 188,
     "file-name":
      "/workspace/rust-crate-proofs/httparse/1.10.1/verification/probes/version-harness/evidence/direct-why3-helpers-20261005T060000Z/context/string/verif/httparse_version_harness_rlib/verification_version/native_pack8_injective.coma",
     "start-char": 58,
     "start-line": 186}}}
{"counterexample": [],
 "prover-result":
  {"answer": "Valid",
   "ce-models": [],
   "status": "exited with status 0",
   "step": 1223,
   "time": 1e-06},
 "term":
  {"explanations": ["unfold_native_pack_tail requires"],
   "goal_name": "vc_native_pack8_injective",
   "loc":
    {"end-char": 106,
     "end-line": 188,
     "file-name":
      "/workspace/rust-crate-proofs/httparse/1.10.1/verification/probes/version-harness/evidence/direct-why3-helpers-20261005T060000Z/context/string/verif/httparse_version_harness_rlib/verification_version/native_pack8_injective.coma",
     "start-char": 58,
     "start-line": 186}}}
{"counterexample": [],
 "prover-result":
  {"answer": "Valid",
   "ce-models": [],
   "status": "exited with status 0",
   "step": 16139,
   "time": 0.003557},
 "term":
  {"explanations": ["base256_head_injective requires"],
   "goal_name": "vc_native_pack8_injective",
   "loc":
    {"end-char": 34,
     "end-line": 201,
     "file-name":
      "/workspace/rust-crate-proofs/httparse/1.10.1/verification/probes/version-harness/evidence/direct-why3-helpers-20261005T060000Z/context/string/verif/httparse_version_harness_rlib/verification_version/native_pack8_injective.coma",
     "start-char": 57,
     "start-line": 196}}}
{"counterexample": [],
 "prover-result":
  {"answer": "Valid",
   "ce-models": [],
   "status": "exited with status 0",
   "step": 1269,
   "time": 0.004205},
 "term":
  {"explanations": ["unfold_native_pack_tail requires"],
   "goal_name": "vc_native_pack8_injective",
   "loc":
    {"end-char": 106,
     "end-line": 188,
     "file-name":
      "/workspace/rust-crate-proofs/httparse/1.10.1/verification/probes/version-harness/evidence/direct-why3-helpers-20261005T060000Z/context/string/verif/httparse_version_harness_rlib/verification_version/native_pack8_injective.coma",
     "start-char": 58,
     "start-line": 186}}}
{"counterexample": [],
 "prover-result":
  {"answer": "Valid",
   "ce-models": [],
   "status": "exited with status 0",
   "step": 1294,
   "time": 1e-06},
 "term":
  {"explanations": ["unfold_native_pack_tail requires"],
   "goal_name": "vc_native_pack8_injective",
   "loc":
    {"end-char": 106,
     "end-line": 188,
     "file-name":
      "/workspace/rust-crate-proofs/httparse/1.10.1/verification/probes/version-harness/evidence/direct-why3-helpers-20261005T060000Z/context/string/verif/httparse_version_harness_rlib/verification_version/native_pack8_injective.coma",
     "start-char": 58,
     "start-line": 186}}}
{"counterexample": [],
 "prover-result":
  {"answer": "Valid",
   "ce-models": [],
   "status": "exited with status 0",
   "step": 17098,
   "time": 0.011594},
 "term":
  {"explanations": ["base256_head_injective requires"],
   "goal_name": "vc_native_pack8_injective",
   "loc":
    {"end-char": 34,
     "end-line": 201,
     "file-name":
      "/workspace/rust-crate-proofs/httparse/1.10.1/verification/probes/version-harness/evidence/direct-why3-helpers-20261005T060000Z/context/string/verif/httparse_version_harness_rlib/verification_version/native_pack8_injective.coma",
     "start-char": 57,
     "start-line": 196}}}
{"counterexample": [],
 "prover-result":
  {"answer": "Valid",
   "ce-models": [],
   "status": "exited with status 0",
   "step": 1340,
   "time": 1e-06},
 "term":
  {"explanations": ["unfold_native_pack_tail requires"],
   "goal_name": "vc_native_pack8_injective",
   "loc":
    {"end-char": 106,
     "end-line": 188,
     "file-name":
      "/workspace/rust-crate-proofs/httparse/1.10.1/verification/probes/version-harness/evidence/direct-why3-helpers-20261005T060000Z/context/string/verif/httparse_version_harness_rlib/verification_version/native_pack8_injective.coma",
     "start-char": 58,
     "start-line": 186}}}
{"counterexample": [],
 "prover-result":
  {"answer": "Valid",
   "ce-models": [],
   "status": "exited with status 0",
   "step": 1365,
   "time": 0.00386},
 "term":
  {"explanations": ["unfold_native_pack_tail requires"],
   "goal_name": "vc_native_pack8_injective",
   "loc":
    {"end-char": 106,
     "end-line": 188,
     "file-name":
      "/workspace/rust-crate-proofs/httparse/1.10.1/verification/probes/version-harness/evidence/direct-why3-helpers-20261005T060000Z/context/string/verif/httparse_version_harness_rlib/verification_version/native_pack8_injective.coma",
     "start-char": 58,
     "start-line": 186}}}
{"counterexample": [],
 "prover-result":
  {"answer": "Valid",
   "ce-models": [],
   "status": "exited with status 0",
   "step": 18056,
   "time": 0.007927},
 "term":
  {"explanations": ["base256_head_injective requires"],
   "goal_name": "vc_native_pack8_injective",
   "loc":
    {"end-char": 34,
     "end-line": 201,
     "file-name":
      "/workspace/rust-crate-proofs/httparse/1.10.1/verification/probes/version-harness/evidence/direct-why3-helpers-20261005T060000Z/context/string/verif/httparse_version_harness_rlib/verification_version/native_pack8_injective.coma",
     "start-char": 57,
     "start-line": 196}}}
{"counterexample": [],
 "prover-result":
  {"answer": "Valid",
   "ce-models": [],
   "status": "exited with status 0",
   "step": 1411,
   "time": 1e-06},
 "term":
  {"explanations": ["unfold_native_pack_tail requires"],
   "goal_name": "vc_native_pack8_injective",
   "loc":
    {"end-char": 106,
     "end-line": 188,
     "file-name":
      "/workspace/rust-crate-proofs/httparse/1.10.1/verification/probes/version-harness/evidence/direct-why3-helpers-20261005T060000Z/context/string/verif/httparse_version_harness_rlib/verification_version/native_pack8_injective.coma",
     "start-char": 58,
     "start-line": 186}}}
{"counterexample": [],
 "prover-result":
  {"answer": "Valid",
   "ce-models": [],
   "status": "exited with status 0",
   "step": 1436,
   "time": 0.011787},
 "term":
  {"explanations": ["unfold_native_pack_tail requires"],
   "goal_name": "vc_native_pack8_injective",
   "loc":
    {"end-char": 106,
     "end-line": 188,
     "file-name":
      "/workspace/rust-crate-proofs/httparse/1.10.1/verification/probes/version-harness/evidence/direct-why3-helpers-20261005T060000Z/context/string/verif/httparse_version_harness_rlib/verification_version/native_pack8_injective.coma",
     "start-char": 58,
     "start-line": 186}}}
{"counterexample": [],
 "prover-result":
  {"answer": "Valid",
   "ce-models": [],
   "status": "exited with status 0",
   "step": 19016,
   "time": 0.01144},
 "term":
  {"explanations": ["base256_head_injective requires"],
   "goal_name": "vc_native_pack8_injective",
   "loc":
    {"end-char": 34,
     "end-line": 201,
     "file-name":
      "/workspace/rust-crate-proofs/httparse/1.10.1/verification/probes/version-harness/evidence/direct-why3-helpers-20261005T060000Z/context/string/verif/httparse_version_harness_rlib/verification_version/native_pack8_injective.coma",
     "start-char": 57,
     "start-line": 196}}}
{"counterexample": [],
 "prover-result":
  {"answer": "Valid",
   "ce-models": [],
   "status": "exited with status 0",
   "step": 1482,
   "time": 0.004452},
 "term":
  {"explanations": ["unfold_native_pack_tail requires"],
   "goal_name": "vc_native_pack8_injective",
   "loc":
    {"end-char": 106,
     "end-line": 188,
     "file-name":
      "/workspace/rust-crate-proofs/httparse/1.10.1/verification/probes/version-harness/evidence/direct-why3-helpers-20261005T060000Z/context/string/verif/httparse_version_harness_rlib/verification_version/native_pack8_injective.coma",
     "start-char": 58,
     "start-line": 186}}}
{"counterexample": [],
 "prover-result":
  {"answer": "Valid",
   "ce-models": [],
   "status": "exited with status 0",
   "step": 1507,
   "time": 0.007503},
 "term":
  {"explanations": ["unfold_native_pack_tail requires"],
   "goal_name": "vc_native_pack8_injective",
   "loc":
    {"end-char": 106,
     "end-line": 188,
     "file-name":
      "/workspace/rust-crate-proofs/httparse/1.10.1/verification/probes/version-harness/evidence/direct-why3-helpers-20261005T060000Z/context/string/verif/httparse_version_harness_rlib/verification_version/native_pack8_injective.coma",
     "start-char": 58,
     "start-line": 186}}}
{"counterexample": [],
 "prover-result":
  {"answer": "Valid",
   "ce-models": [],
   "status": "exited with status 0",
   "step": 19974,
   "time": 0.008593},
 "term":
  {"explanations": ["base256_head_injective requires"],
   "goal_name": "vc_native_pack8_injective",
   "loc":
    {"end-char": 34,
     "end-line": 201,
     "file-name":
      "/workspace/rust-crate-proofs/httparse/1.10.1/verification/probes/version-harness/evidence/direct-why3-helpers-20261005T060000Z/context/string/verif/httparse_version_harness_rlib/verification_version/native_pack8_injective.coma",
     "start-char": 57,
     "start-line": 196}}}
{"counterexample": [],
 "prover-result":
  {"answer": "Valid",
   "ce-models": [],
   "status": "exited with status 0",
   "step": 1553,
   "time": 0.004356},
 "term":
  {"explanations": ["unfold_native_pack_tail requires"],
   "goal_name": "vc_native_pack8_injective",
   "loc":
    {"end-char": 106,
     "end-line": 188,
     "file-name":
      "/workspace/rust-crate-proofs/httparse/1.10.1/verification/probes/version-harness/evidence/direct-why3-helpers-20261005T060000Z/context/string/verif/httparse_version_harness_rlib/verification_version/native_pack8_injective.coma",
     "start-char": 58,
     "start-line": 186}}}
{"counterexample": [],
 "prover-result":
  {"answer": "Valid",
   "ce-models": [],
   "status": "exited with status 0",
   "step": 1578,
   "time": 0.008811},
 "term":
  {"explanations": ["unfold_native_pack_tail requires"],
   "goal_name": "vc_native_pack8_injective",
   "loc":
    {"end-char": 106,
     "end-line": 188,
     "file-name":
      "/workspace/rust-crate-proofs/httparse/1.10.1/verification/probes/version-harness/evidence/direct-why3-helpers-20261005T060000Z/context/string/verif/httparse_version_harness_rlib/verification_version/native_pack8_injective.coma",
     "start-char": 58,
     "start-line": 186}}}
{"counterexample": [],
 "prover-result":
  {"answer": "Valid",
   "ce-models": [],
   "status": "exited with status 0",
   "step": 22425,
   "time": 0.004054},
 "term":
  {"explanations": ["base256_head_injective requires"],
   "goal_name": "vc_native_pack8_injective",
   "loc":
    {"end-char": 34,
     "end-line": 201,
     "file-name":
      "/workspace/rust-crate-proofs/httparse/1.10.1/verification/probes/version-harness/evidence/direct-why3-helpers-20261005T060000Z/context/string/verif/httparse_version_harness_rlib/verification_version/native_pack8_injective.coma",
     "start-char": 57,
     "start-line": 196}}}
{"counterexample": [],
 "prover-result":
  {"answer": "Valid",
   "ce-models": [],
   "status": "exited with status 0",
   "step": 1600,
   "time": 0.004703},
 "term":
  {"explanations": ["native_pack_tail_end requires"],
   "goal_name": "vc_native_pack8_injective",
   "loc":
    {"end-char": 27,
     "end-line": 288,
     "file-name":
      "/workspace/rust-crate-proofs/httparse/1.10.1/verification/probes/version-harness/src/../../../../src/verification/version.rs",
     "start-char": 11,
     "start-line": 288}}}
{"counterexample": [],
 "prover-result":
  {"answer": "Valid",
   "ce-models": [],
   "status": "exited with status 0",
   "step": 1605,
   "time": 0.01141},
 "term":
  {"explanations": ["native_pack_tail_end requires"],
   "goal_name": "vc_native_pack8_injective",
   "loc":
    {"end-char": 27,
     "end-line": 288,
     "file-name":
      "/workspace/rust-crate-proofs/httparse/1.10.1/verification/probes/version-harness/src/../../../../src/verification/version.rs",
     "start-char": 11,
     "start-line": 288}}}
{"counterexample": [],
 "prover-result":
  {"answer": "Valid",
   "ce-models": [],
   "status": "exited with status 0",
   "step": 22410,
   "time": 0.008152},
 "term":
  {"explanations": ["native_pack8_injective ensures"],
   "goal_name": "vc_native_pack8_injective",
   "loc":
    {"end-char": 38,
     "end-line": 320,
     "file-name":
      "/workspace/rust-crate-proofs/httparse/1.10.1/verification/probes/version-harness/evidence/direct-why3-helpers-20261005T060000Z/context/string/verif/httparse_version_harness_rlib/verification_version/native_pack8_injective.coma",
     "start-char": 56,
     "start-line": 305}}}
