     Removed 20 files, 8.6MiB total
   Compiling bytes-actual-uninit-slice v0.1.0 (/workspace/rust-crate-proofs/bytes/1.11.1/verification/probes/actual-uninit-slice)
    Finished `dev` profile [unoptimized + debuginfo] target(s) in 0.42s
No dangling files found
Theory verif.bytes_actual_uninit_slice_rlib.buf.uninit_slice.impl_From_for_refmut_UninitSlice.from.Coma: ✔ (2)
Theory verif.bytes_actual_uninit_slice_rlib.buf.uninit_slice.impl_From_for_refmut_UninitSlice_0.from.Coma: ✔ (2)
Theory verif.bytes_actual_uninit_slice_rlib.buf.uninit_slice.impl_IndexMut_for_UninitSlice.index_mut.Coma: ✔ (3)
Theory verif.bytes_actual_uninit_slice_rlib.buf.uninit_slice.impl_Index_for_UninitSlice.index.Coma: ✔ (3)
Theory verif.bytes_actual_uninit_slice_rlib.buf.uninit_slice.impl_UninitSlice.as_mut_ptr.Coma: ✔ (2)
Theory verif.bytes_actual_uninit_slice_rlib.buf.uninit_slice.impl_UninitSlice.as_uninit_slice_mut.Coma: ✔ (1)
Theory verif.bytes_actual_uninit_slice_rlib.buf.uninit_slice.impl_UninitSlice.copy_from_slice.Coma: ✔ (4)
Theory verif.bytes_actual_uninit_slice_rlib.buf.uninit_slice.impl_UninitSlice.len.Coma: ✔ (2)
Theory verif.bytes_actual_uninit_slice_rlib.buf.uninit_slice.impl_UninitSlice.write_byte.Coma: ✔ (3)
Theory verif.bytes_actual_uninit_slice_rlib.copy_through_initialized_slice.Coma: ✔ (4)
Theory verif.bytes_actual_uninit_slice_rlib.copy_through_uninitialized_slice.Coma: ✔ (4)
Theory verif.bytes_actual_uninit_slice_rlib.write_through_initialized_slice.Coma: ✔ (4)
Goal Coma.vc_bad_deinitialize_initialized_byte: ✘ (6/7)
Theory verif.bytes_actual_uninit_slice_rlib.bad_deinitialize_initialized_byte.Coma: ✘ (10/11)
Error: 1 unproved file
Error: 'why3find prove' failed
