   Compiling bytes-original-public-constructor-gate v0.1.0 (/workspace/bytes-work/bytes/1.11.1/verification/probes/original-public-constructor-gate-2026-10-09)
warning: unused import: `RA`
  --> src/../../../../src/ownership_proof/owned_region.rs:11:33
   |
11 |     logic::{FMap, Id, Int, ra::{RA, excl::Excl}},
   |                                 ^^
   |
   = note: `#[warn(unused_imports)]` (part of `#[warn(unused)]`) on by default

warning: unused imports: `FMap`, `RA`, `UnitRA`, and `excl::Excl`
  --> src/../../../../src/ownership_proof/raw_vec.rs:25:13
   |
25 |     logic::{FMap, Id, Int, ra::{RA, UnitRA, excl::Excl}},
   |             ^^^^                ^^  ^^^^^^  ^^^^^^^^^^

warning: `bytes-original-public-constructor-gate` (lib) generated 2 warnings (run `cargo fix --lib -p bytes-original-public-constructor-gate` to apply 2 suggestions)
warning: `bytes-original-public-constructor-gate` (lib test) generated 2 warnings (2 duplicates)
    Finished `test` profile [unoptimized + debuginfo] target(s) in 0.15s
     Running unittests src/lib.rs (/workspace/bytes-proof-tools/targets/bytes/debug/deps/bytes_original_public_constructor_gate-515bf14a678156fd)

running 3 tests
test native_b1box::tests::equal_capacity_vec_conversion_reaches_exact_boxed_b1_extent ... ok
test native_b1box::tests::boxed_b1_empty_and_nonempty_keep_exact_base_and_content ... ok
test native_b1box::tests::equal_content_boxes_keep_distinct_live_native_allocations ... ok

test result: ok. 3 passed; 0 failed; 0 ignored; 0 measured; 0 filtered out; finished in 0.00s

   Doc-tests bytes_original_public_constructor_gate

running 0 tests

test result: ok. 0 passed; 0 failed; 0 ignored; 0 measured; 0 filtered out; finished in 0.00s

