     Removed 6 files, 144.4KiB total
warning: unused variable: `vector`
  --> /workspace/bytes-proof-tools/bytes-proof-std/src/std/vec.rs:21:40
   |
21 | pub fn capacity_model<T, A: Allocator>(vector: Vec<T, A>) -> Int {
   |                                        ^^^^^^ help: if this is intentional, prefix it with an underscore: `_vector`
   |
   = note: `#[warn(unused_variables)]` (part of `#[warn(unused)]`) on by default

warning: unused variable: `vector`
  --> /workspace/bytes-proof-tools/bytes-proof-std/src/std/vec.rs:32:36
   |
32 | pub fn base_model<T, A: Allocator>(vector: Vec<T, A>) -> Int {
   |                                    ^^^^^^ help: if this is intentional, prefix it with an underscore: `_vector`

warning: unused variable: `vector`
  --> /workspace/bytes-proof-tools/bytes-proof-std/src/std/vec.rs:42:39
   |
42 | pub fn pointer_model<T, A: Allocator>(vector: Vec<T, A>) -> *mut T {
   |                                       ^^^^^^ help: if this is intentional, prefix it with an underscore: `_vector`

warning: `creusot-std` (lib) generated 3 warnings (run `cargo fix --lib -p creusot-std` to apply 3 suggestions)
    Checking bytes-shared-quota-free-registration v0.1.0 (/workspace/rust-crate-proofs/bytes/1.11.1/verification/probes/shared-quota-free-registration-2026-10-08)
error[E0382]: use of moved value: `ticket`
   --> src/lib.rs:407:14
    |
406 | fn duplicate_ticket(ticket: Ticket) -> (Ticket, Ticket) {
    |                     ------ move occurs because `ticket` has type `Ticket`, which does not implement the `Copy` trait
407 |     (ticket, ticket)
    |      ------  ^^^^^^ value used here after move
    |      |
    |      value moved here
    |
note: if `Ticket` implemented `Clone`, you could clone the value
   --> src/lib.rs:70:1
    |
 70 | struct Ticket {
    | ^^^^^^^^^^^^^ consider implementing `Clone` for this type
...
407 |     (ticket, ticket)
    |      ------ you could clone this value

For more information about this error, try `rustc --explain E0382`.
error: could not compile `bytes-shared-quota-free-registration` (lib) due to 1 previous error
Error: Compilation failed
