bytes proof: /workspace/bytes-runtime-verification/bytes/1.11.1/verification/probes/slice-read-ops; one prover; 1024 MiB; native Ordering; sc-drf disabled
     Removed 7 files, 32.8KiB total
    Checking bytes-runtime-slice-read-ops v0.1.0 (/workspace/bytes-runtime-verification/bytes/1.11.1/verification/probes/slice-read-ops)
warning: function `copy_to_slice` is never used
  --> src/../../../../src/slice_ops.rs:27:15
   |
27 | pub(crate) fn copy_to_slice(input: &mut &[u8], dst: &mut [u8]) {
   |               ^^^^^^^^^^^^^
   |
   = note: `#[warn(dead_code)]` (part of `#[warn(unused)]`) on by default

warning: function `encode_be_u16` is never used
  --> src/../../../../src/byte_codec_ops.rs:21:15
   |
21 | pub(crate) fn encode_be_u16(value: u16) -> [u8; 2] {
   |               ^^^^^^^^^^^^^

warning: function `encode_be_u32` is never used
  --> src/../../../../src/byte_codec_ops.rs:41:15
   |
41 | pub(crate) fn encode_be_u32(value: u32) -> [u8; 4] {
   |               ^^^^^^^^^^^^^

warning: `bytes-runtime-slice-read-ops` (lib) generated 3 warnings
    Finished `dev` profile [unoptimized + debuginfo] target(s) in 0.19s
Warning: found dangling files and directories:
  verif/bytes_runtime_slice_read_ops_rlib/wrong_value
Run 'cargo creusot clean' to remove them
Goal Coma.vc_consumes_short_u16: ✘ (8/9)
Error: 1 unproved file
Error: 'why3find prove' failed
