$ /workspace/bytes-runtime-verification/bytes/1.11.1/scripts/verify-bytes.sh raw-vec-negative --no-default-features --features wrong_namespace_deallocate
bytes proof: /workspace/bytes-runtime-verification/bytes/1.11.1/verification/probes/raw-vec-negative; one prover; 1024 MiB; native Ordering; sc-drf disabled
     Removed 2 files, 8.3KiB total
    Checking bytes-raw-vec-negative v0.1.0 (/workspace/bytes-runtime-verification/bytes/1.11.1/verification/probes/raw-vec-negative)
warning: unused import: `alloc::vec::Vec`
 --> src/lib.rs:6:5
  |
6 | use alloc::vec::Vec;
  |     ^^^^^^^^^^^^^^^
  |
  = note: `#[warn(unused_imports)]` (part of `#[warn(unused)]`) on by default

warning: unused imports: `borrow_mut` and `resume_vec`
  --> src/lib.rs:15:46
   |
15 |     PhysicalRegion, RawAllocation, Recovery, borrow_mut, deallocate_vec, resume_vec,
   |                                              ^^^^^^^^^^                  ^^^^^^^^^^

error[E0690]: transparent struct needs at most one non-trivial field, but has 2
   --> src/../../../../src/ownership_proof/raw_vec.rs:119:1
    |
119 | pub(crate) struct BoundPtr {
    | ^^^^^^^^^^^^^^^^^^^^^^^^^^ needs at most one non-trivial field, but has 2
120 |     pointer: NonNull<u8>,
    |     -------------------- this field has non-zero size
121 |     #[cfg(creusot)]
122 |     binding: Ghost<Option<BoundPtrBinding>>,
    |     --------------------------------------- this field contains `creusot_std::ghost::Ghost<std::option::Option<raw_vec::BoundPtrBinding>>`, which has private fields, so it could become non-zero-sized in the future

For more information about this error, try `rustc --explain E0690`.
warning: `bytes-raw-vec-negative` (lib) generated 2 warnings
error: could not compile `bytes-raw-vec-negative` (lib) due to 1 previous error; 2 warnings emitted
Error: Compilation failed

exit status: 1
