Goal Coma.vc_actual_from_vec_then_release: ✘
Theory verif.bytes_bound_vec_constructor_rlib.actual_from_vec.constructor_then_release.Coma: ✔ (3)
Theory verif.bytes_bound_vec_constructor_rlib.actual_from_vec.impl_BytesMut.from_vec.Coma: ✔ (7)
Theory verif.bytes_bound_vec_constructor_rlib.actual_from_vec.impl_BytesMut.proof_release_unique_at_zero.Coma: ✔ (8)
Theory verif.bytes_bound_vec_constructor_rlib.actual_from_vec.invalid_ptr.Coma: ✔ (4)
Theory verif.bytes_bound_vec_constructor_rlib.actual_from_vec_then_release.Coma: ✘ (1/2)
Theory verif.bytes_bound_vec_constructor_rlib.bound_ptr.detach_bound_vec.Coma: ✔ (3)
Theory verif.bytes_bound_vec_constructor_rlib.capacity_ops.original_capacity_from_repr.Coma: ✔ (1)
Theory verif.bytes_bound_vec_constructor_rlib.capacity_ops.original_capacity_repr_from_data.Coma: ✔ (1)
Theory verif.bytes_bound_vec_constructor_rlib.capacity_ops.original_capacity_to_repr.Coma: ✔ (3)
Theory verif.bytes_bound_vec_constructor_rlib.capacity_ops.pack_vec_metadata.Coma: ✔ (1)
Theory verif.bytes_bound_vec_constructor_rlib.capacity_ops.reconstructed_original_capacity.Coma: ✔ (3)
Theory verif.bytes_bound_vec_constructor_rlib.capacity_ops.set_vec_pos_in_data.Coma: ✔ (2)
Theory verif.bytes_bound_vec_constructor_rlib.capacity_ops.vec_pos_from_data.Coma: ✔ (1)
Theory verif.bytes_bound_vec_constructor_rlib.detach_then_explicitly_deallocate.Coma: ✔ (3)
Theory verif.bytes_bound_vec_constructor_rlib.owned_region.impl_OwnedRegion.from_model_ledger.Coma: ✔ (1)
Theory verif.bytes_bound_vec_constructor_rlib.owned_region.impl_OwnedRegion.join.Coma: ✔ (2)
Theory verif.bytes_bound_vec_constructor_rlib.owned_region.map_compose_eq.Coma: ✔ (1)
Theory verif.bytes_bound_vec_constructor_rlib.provenance_specs.metadata_pointer.Coma: ✔ (3)
Theory verif.bytes_bound_vec_constructor_rlib.provenance_specs.pointer_addr.Coma: ✔ (2)
Theory verif.bytes_bound_vec_constructor_rlib.provenance_specs.pointer_addr_eq.Coma: ✔ (2)
Theory verif.bytes_bound_vec_constructor_rlib.provenance_specs.pointer_with_address.Coma: ✔ (4)
Theory verif.bytes_bound_vec_constructor_rlib.provenance_specs.wrapping_offset.Coma: ✔ (2)
Theory verif.bytes_bound_vec_constructor_rlib.raw_vec.impl_BoundPtr.as_non_null.Coma: ✔ (1)
Theory verif.bytes_bound_vec_constructor_rlib.raw_vec.impl_BoundPtr.as_ptr.Coma: ✔ (2)
Theory verif.bytes_bound_vec_constructor_rlib.raw_vec.impl_BoundPtr.unbound.Coma: ✔ (2)
Theory verif.bytes_bound_vec_constructor_rlib.raw_vec.impl_Clone_for_AllocationDesc.clone.Coma: ✔ (1)
Theory verif.bytes_bound_vec_constructor_rlib.raw_vec.impl_Clone_for_BoundPtr.clone.Coma: ✔ (1)
Theory verif.bytes_bound_vec_constructor_rlib.raw_vec.impl_Clone_for_BoundPtr.clone__refines.Coma: ✔ (1)
Theory verif.bytes_bound_vec_constructor_rlib.raw_vec.impl_Clone_for_BoundPtrBinding.clone.Coma: ✔ (1)
Theory verif.bytes_bound_vec_constructor_rlib.raw_vec.impl_PhysicalRegion.join.Coma: ✔ (2)
Theory verif.bytes_bound_vec_constructor_rlib.raw_vec.impl_PhysicalRegion.split_at.Coma: ✔ (2)
Theory verif.bytes_bound_vec_constructor_rlib.raw_vec.slots_from_vec.Coma: ✔ (1)
Goal Coma.vc_vptr: ✘ (3/4)
--------------------------- Local Context ---------------------------

type t_NonNull_u8

type t_Option_NonNull_u8 =
  | None
  | Some t_NonNull_u8

function view_NonNull_u8 t_NonNull_u8 : ptr

function addr_NonNull_u8 (self:t_NonNull_u8) : t =
  addr_logic_u64 (view_NonNull_u8 self)

predicate is_null_NonNull_u8 (self:t_NonNull_u8) =
  addr_NonNull_u8 self = (0:t)

predicate invariant_NonNull_u8 (self:t_NonNull_u8) =
  not is_null_NonNull_u8 self

predicate inv_NonNull_u8 t_NonNull_u8

axiom inv_axiom :
  forall x:t_NonNull_u8 [inv_NonNull_u8 x].
   inv_NonNull_u8 x -> invariant_NonNull_u8 x

predicate inv_Option_NonNull_u8 t_Option_NonNull_u8

axiom inv_axiom'0 :
  forall x:t_Option_NonNull_u8 [inv_Option_NonNull_u8 x].
   inv_Option_NonNull_u8 x <->
   match x with
   | None -> true
   | Some f0 -> inv_NonNull_u8 f0
   end

predicate is_null_ptr_u8 (self:ptr) = addr_logic_u64 self = (0:t)

type t_BoundPtr

type t_Id

type tup3_Id_Int_Int =
  | Tup3_Id_Int_Int'mk (f0:t_Id) (f1:int) (f2:int)

type t_Option_tup3_Id_Int_Int =
  | None'0
  | Some'0 tup3_Id_Int_Int

function view_BoundPtr t_BoundPtr : t_Option_tup3_Id_Int_Int

constant const_MAX : t1 = (9223372036854775807:t1)

predicate invariant_BoundPtr (self:t_BoundPtr) =
  match view_BoundPtr self with
  | None'0 -> true
  | Some'0 (Tup3_Id_Int_Int'mk _ allocation_capacity absolute_offset) ->
      0 <= absolute_offset /\
      absolute_offset <= allocation_capacity /\
      allocation_capacity <= to_int const_MAX
  end

predicate inv_BoundPtr t_BoundPtr

axiom inv_axiom'1 :
  forall x:t_BoundPtr [inv_BoundPtr x].
   inv_BoundPtr x -> invariant_BoundPtr x

constant ptr : ptr

constant pointer : t_NonNull_u8

constant _4 : t_Option_NonNull_u8

constant _7 : string

constant result : t_Option_NonNull_u8

axiom H : match result with
  | None -> true
  | Some x -> inv_NonNull_u8 x
  end

axiom H1 :
  match result with
  | None -> is_null_ptr_u8 ptr
  | Some x -> view_NonNull_u8 x = ptr
  end

------------------------------- Goal --------------------------------

goal vc_vptr : not result = None

---------------------------------------------------------------------
Theory verif.bytes_bound_vec_constructor_rlib.actual_from_vec.vptr.Coma: ✘ (7/8)
Theory verif.bytes_bound_vec_constructor_rlib.owned_region.impl_OwnedRegion.split_at.Coma: ✔ (16)
Error: 2 unproved files
Error: 'why3find prove' failed
