bytes proof: /workspace/bytes-runtime-verification/bytes/1.11.1/verification/probes/bound-vec-constructor; one prover; 1024 MiB; native Ordering; sc-drf disabled
     Removed 22 files, 8.8MiB total
   Compiling bytes-bound-vec-constructor v0.1.0 (/workspace/bytes-runtime-verification/bytes/1.11.1/verification/probes/bound-vec-constructor)
warning: associated items `slots`, `slot`, `restrict`, `split_at`, and `join` are never used
   --> src/../../../../src/ownership_proof/owned_region.rs:113:19
    |
 76 | impl OwnedRegion {
    | ---------------- associated items in this implementation
...
113 |     pub(crate) fn slots(self) -> FMap<Int, Excl<Option<u8>>> {
    |                   ^^^^^
...
120 |     pub(crate) fn slot(self, index: Int) -> Option<Option<u8>> {
    |                   ^^^^
...
131 |     fn restrict(
    |        ^^^^^^^^
...
156 |     pub(crate) fn split_at(self, at: Int) -> (Self, Self) {
    |                   ^^^^^^^^
...
207 |     pub(crate) fn join(self, other: Self) -> Self {
    |                   ^^^^
    |
    = note: `#[warn(dead_code)]` (part of `#[warn(unused)]`) on by default

warning: methods `split_at` and `join` are never used
   --> src/../../../../src/ownership_proof/raw_vec.rs:365:19
    |
309 | impl PhysicalRegion {
    | ------------------- methods in this implementation
...
365 |     pub(crate) fn split_at(self, at: Int) -> (Self, Self) {
    |                   ^^^^^^^^
...
395 |     pub(crate) fn join(self, other: Self) -> Self {
    |                   ^^^^

warning: function `resume_vec` is never used
   --> src/../../../../src/ownership_proof/raw_vec.rs:513:22
    |
513 | pub(crate) unsafe fn resume_vec(
    |                      ^^^^^^^^^^

warning: function `deallocate_vec` is never used
   --> src/../../../../src/ownership_proof/raw_vec.rs:549:22
    |
549 | pub(crate) unsafe fn deallocate_vec(
    |                      ^^^^^^^^^^^^^^

warning: function `borrow_mut` is never used
   --> src/../../../../src/ownership_proof/raw_vec.rs:633:22
    |
633 | pub(crate) unsafe fn borrow_mut<'a>(
    |                      ^^^^^^^^^^

warning: `bytes-bound-vec-constructor` (lib) generated 5 warnings
    Finished `dev` profile [unoptimized + debuginfo] target(s) in 0.90s
No dangling files found
Goal Coma.vc_negative_unbound_cleanup: ✘ (13/14)
Error: 1 unproved file
Error: 'why3find prove' failed
