   Compiling bytes v1.11.1 (/workspace/bytes-runtime-verification/bytes/1.11.1)
warning: unused variable: `len`
  --> src/cursor_ops.rs:44:45
   |
44 | pub(crate) fn cursor_position_after_advance(len: usize, pos: u64, cnt: usize) -> u64 {
   |                                             ^^^ help: if this is intentional, prefix it with an underscore: `_len`
   |
   = note: `#[warn(unused_variables)]` (part of `#[warn(unused)]`) on by default

warning: function `wrapping_offset` is never used
  --> src/provenance_specs.rs:75:15
   |
75 | pub(crate) fn wrapping_offset(ptr: *mut u8, offset: usize) -> *mut u8 {
   |               ^^^^^^^^^^^^^^^
   |
   = note: `#[warn(dead_code)]` (part of `#[warn(unused)]`) on by default

warning: function `pointer_with_address` is never used
  --> src/provenance_specs.rs:86:15
   |
86 | pub(crate) fn pointer_with_address(ptr: *mut u8, new_addr: usize) -> *mut u8 {
   |               ^^^^^^^^^^^^^^^^^^^^

warning: `bytes` (lib) generated 3 warnings (run `cargo fix --lib -p bytes` to apply 1 suggestion)
    Finished `test` profile [unoptimized + debuginfo] target(s) in 0.53s
     Running tests/test_explicit_cleanup_alloc.rs (/workspace/bytes-proof-tools/targets/bytes/debug/deps/test_explicit_cleanup_alloc-0ccea7b72cebeae8)

running 4 tests
test ordinary_unique_advance_releases_the_original_allocation_after_spare_writes ... ok
test zero_capacity_shared_splits_free_only_the_control_block ... ok
test shared_endpoint_splits_free_buffer_and_control_once_in_each_drop_order ... ok
test zero_capacity_unique_drop_does_not_free_a_dangling_pointer ... ok

test result: ok. 4 passed; 0 failed; 0 ignored; 0 measured; 0 filtered out; finished in 0.00s

