    Checking bytes-architecture-thread-transport v0.1.0 (/workspace/rust-crate-proofs/bytes/1.11.1/verification/probes/architecture-thread-transport)
warning: unused imports: `Acquire`, `None as NoStore`, and `invariant::Tokens`
 --> src/lib.rs:5:45
  |
5 | use creusot_std::{prelude::*, ghost::{Perm, invariant::Tokens},
  |                                             ^^^^^^^^^^^^^^^^^
6 |     std::sync::{atomic::{AtomicUsize as ModelAtomic, ordering::{Acquire,Relaxed,Release,None as NoStore}},
  |                                                                 ^^^^^^^                 ^^^^^^^^^^^^^^^
  |
  = note: `#[warn(unused_imports)]` (part of `#[warn(unused)]`) on by default

warning: unnecessary parentheses around function argument
  --> src/../../weak-native-publication/src/primitive.rs:24:9
   |
24 |         (if c.val_load() == 0usize { c.val_store() == usize::MAX } else { c.val_store()@ + 1 == c.val_load()@ }) ==>
   |         ^                                                                                                      ^
   |
   = note: `#[warn(unused_parens)]` (part of `#[warn(unused)]`) on by default
help: remove these parentheses
   |
24 -         (if c.val_load() == 0usize { c.val_store() == usize::MAX } else { c.val_store()@ + 1 == c.val_load()@ }) ==>
24 +         if c.val_load() == 0usize { c.val_store() == usize::MAX } else { c.val_store()@ + 1 == c.val_load()@ } ==>
   |

warning: unused import: `Ticket`
  --> src/lib.rs:12:35
   |
12 | use concurrent::{SharedRetirement,Ticket};
   |                                   ^^^^^^

error[E0277]: the trait bound `std::marker::PhantomData<(RetiredPart, RetiredPart)>: creusot_std::ghost::Objective` is not satisfied in `concurrent::State<RetiredPart>`
   --> src/lib.rs:69:31
    |
 69 |         let first=scope.spawn(move |tokens| machine.retire(first_ticket,first,tokens));
    |                         ----- ^^^^^^^^^^^^^^^^^^^^^^^^^^^^^^^^^^^^^^^^^^^^^^^^^^^^^^^ unsatisfied trait bound
    |                         |
    |                         required by a bound introduced by this call
    |
    = help: within `concurrent::State<RetiredPart>`, the trait `creusot_std::ghost::Objective` is not implemented for `std::marker::PhantomData<(RetiredPart, RetiredPart)>`
note: required because it appears within the type `creusot_std::snapshot::Snapshot<(RetiredPart, RetiredPart)>`
   --> /workspace/bytes-proof-tools/cargo/registry/src/index.crates.io-1949cf8c6b5b557f/creusot-std-0.13.0/src/snapshot.rs:30:12
    |
 30 | pub struct Snapshot<T: ?Sized>(PhantomData<T>);
    |            ^^^^^^^^
note: required because it appears within the type `concurrent::State<RetiredPart>`
   --> src/../../weak-physical-retirement/src/concurrent.rs:7:8
    |
  7 | struct State<T> {
    |        ^^^^^
    = note: required for `creusot_std::ghost::invariant::AtomicInvariant<concurrent::State<RetiredPart>>` to implement `std::marker::Sync`
note: required because it appears within the type `PhantomData<AtomicInvariant<State<RetiredPart>>>`
   --> /workspace/proof-tools/rustup/toolchains/nightly-2026-06-22-x86_64-unknown-linux-gnu/lib/rustlib/src/rust/library/core/src/marker.rs:811:12
    |
811 | pub struct PhantomData<T: PointeeSized>;
    |            ^^^^^^^^^^^
note: required because it appears within the type `Ghost<AtomicInvariant<State<RetiredPart>>>`
   --> /workspace/bytes-proof-tools/cargo/registry/src/index.crates.io-1949cf8c6b5b557f/creusot-std-0.13.0/src/ghost.rs:60:12
    |
 60 | pub struct Ghost<T: ?Sized>(PhantomData<T>);
    |            ^^^^^
note: required because it appears within the type `concurrent::SharedRetirement<RetiredPart>`
   --> src/../../weak-physical-retirement/src/concurrent.rs:31:12
    |
 31 | pub struct SharedRetirement<T> { atomic:NativeAtomic, invariant:Ghost<AtomicInvariant<State<T>>> }
    |            ^^^^^^^^^^^^^^^^
    = note: required for `&concurrent::SharedRetirement<RetiredPart>` to implement `std::marker::Send`
note: required because it's used within this closure
   --> src/lib.rs:69:31
    |
 69 |         let first=scope.spawn(move |tokens| machine.retire(first_ticket,first,tokens));
    |                               ^^^^^^^^^^^^^
note: required by a bound in `creusot_std::std::thread::Scope::<'scope, 'env>::spawn`
   --> /workspace/bytes-proof-tools/cargo/registry/src/index.crates.io-1949cf8c6b5b557f/creusot-std-0.13.0/src/std/thread.rs:83:41
    |
 81 |     pub fn spawn<F, T>(&mut self, f: F) -> ScopedJoinHandle<'scope, T>
    |            ----- required by a bound in this associated function
 82 |     where
 83 |         F: FnOnce(Ghost<Tokens>) -> T + Send + 'scope,
    |                                         ^^^^ required by this bound in `Scope::<'scope, 'env>::spawn`
    = note: the full name for the type has been written to '/workspace/bytes-proof-tools/targets/bytes/debug/deps/bytes_architecture_thread_transport-ce5f3045af896579.long-type-9812947631875261841.txt'
    = note: consider using `--verbose` to print the full type name to the console

error[E0277]: the trait bound `std::marker::PhantomData<(RetiredPart, RetiredPart)>: creusot_std::ghost::Objective` is not satisfied in `concurrent::State<RetiredPart>`
   --> src/lib.rs:70:32
    |
 70 |         let second=scope.spawn(move |tokens| machine.retire(second_ticket,second,tokens));
    |                          ----- ^^^^^^^^^^^^^^^^^^^^^^^^^^^^^^^^^^^^^^^^^^^^^^^^^^^^^^^^^ unsatisfied trait bound
    |                          |
    |                          required by a bound introduced by this call
    |
    = help: within `concurrent::State<RetiredPart>`, the trait `creusot_std::ghost::Objective` is not implemented for `std::marker::PhantomData<(RetiredPart, RetiredPart)>`
note: required because it appears within the type `creusot_std::snapshot::Snapshot<(RetiredPart, RetiredPart)>`
   --> /workspace/bytes-proof-tools/cargo/registry/src/index.crates.io-1949cf8c6b5b557f/creusot-std-0.13.0/src/snapshot.rs:30:12
    |
 30 | pub struct Snapshot<T: ?Sized>(PhantomData<T>);
    |            ^^^^^^^^
note: required because it appears within the type `concurrent::State<RetiredPart>`
   --> src/../../weak-physical-retirement/src/concurrent.rs:7:8
    |
  7 | struct State<T> {
    |        ^^^^^
    = note: required for `creusot_std::ghost::invariant::AtomicInvariant<concurrent::State<RetiredPart>>` to implement `std::marker::Sync`
note: required because it appears within the type `PhantomData<AtomicInvariant<State<RetiredPart>>>`
   --> /workspace/proof-tools/rustup/toolchains/nightly-2026-06-22-x86_64-unknown-linux-gnu/lib/rustlib/src/rust/library/core/src/marker.rs:811:12
    |
811 | pub struct PhantomData<T: PointeeSized>;
    |            ^^^^^^^^^^^
note: required because it appears within the type `Ghost<AtomicInvariant<State<RetiredPart>>>`
   --> /workspace/bytes-proof-tools/cargo/registry/src/index.crates.io-1949cf8c6b5b557f/creusot-std-0.13.0/src/ghost.rs:60:12
    |
 60 | pub struct Ghost<T: ?Sized>(PhantomData<T>);
    |            ^^^^^
note: required because it appears within the type `concurrent::SharedRetirement<RetiredPart>`
   --> src/../../weak-physical-retirement/src/concurrent.rs:31:12
    |
 31 | pub struct SharedRetirement<T> { atomic:NativeAtomic, invariant:Ghost<AtomicInvariant<State<T>>> }
    |            ^^^^^^^^^^^^^^^^
    = note: required for `&concurrent::SharedRetirement<RetiredPart>` to implement `std::marker::Send`
note: required because it's used within this closure
   --> src/lib.rs:70:32
    |
 70 |         let second=scope.spawn(move |tokens| machine.retire(second_ticket,second,tokens));
    |                                ^^^^^^^^^^^^^
note: required by a bound in `creusot_std::std::thread::Scope::<'scope, 'env>::spawn`
   --> /workspace/bytes-proof-tools/cargo/registry/src/index.crates.io-1949cf8c6b5b557f/creusot-std-0.13.0/src/std/thread.rs:83:41
    |
 81 |     pub fn spawn<F, T>(&mut self, f: F) -> ScopedJoinHandle<'scope, T>
    |            ----- required by a bound in this associated function
 82 |     where
 83 |         F: FnOnce(Ghost<Tokens>) -> T + Send + 'scope,
    |                                         ^^^^ required by this bound in `Scope::<'scope, 'env>::spawn`
    = note: the full name for the type has been written to '/workspace/bytes-proof-tools/targets/bytes/debug/deps/bytes_architecture_thread_transport-ce5f3045af896579.long-type-9812947631875261841.txt'
    = note: consider using `--verbose` to print the full type name to the console

For more information about this error, try `rustc --explain E0277`.
warning: `bytes-architecture-thread-transport` (lib) generated 3 warnings
error: could not compile `bytes-architecture-thread-transport` (lib) due to 2 previous errors; 3 warnings emitted
Error: Compilation failed
