   Compiling autocfg v1.5.1
   Compiling proc-macro2 v1.0.107
   Compiling libc v0.2.190
   Compiling quote v1.0.47
   Compiling unicode-ident v1.0.26
   Compiling getrandom v0.4.3
   Compiling num-traits v0.2.19
   Compiling cfg-if v1.0.5
    Checking bytes v1.11.1
    Checking num-integer v0.1.47
   Compiling syn v2.0.119
    Checking num-bigint v0.4.8
   Compiling uuid v1.27.0
    Checking num-rational v0.4.2
   Compiling pearlite-syn v0.11.0-dev (/workspace/rust-crate-proofs/creusot-libs/pearlite-syn)
   Compiling creusot-std-proc v0.11.0-dev (/workspace/rust-crate-proofs/creusot-libs/creusot-std-proc)
    Checking creusot-std v0.11.0-dev (/workspace/rust-crate-proofs/creusot-libs/creusot-std)
    Checking itoa-proof v1.0.18 (/workspace/rust-crate-proofs/itoa/1.0.18)
warning: unnecessary parentheses around function argument
   --> /workspace/rust-crate-proofs/itoa/1.0.18/src/ascii.rs:190:17
    |
190 |                 (if i == 0 {
    |                 ^
...
194 |                 }));
    |                  ^
    |
    = note: `#[warn(unused_parens)]` (part of `#[warn(unused)]`) on by default
help: remove these parentheses
    |
190 ~                 if i == 0 {
191 |                     joined[i] == first
192 |                 } else {
193 |                     joined[i] == tail[i - 1]
194 ~                 } );
    |

warning: unnecessary parentheses around function argument
   --> /workspace/rust-crate-proofs/itoa/1.0.18/src/ascii.rs:197:17
    |
197 |                 (if i == 0 {
    |                 ^
...
201 |                 }));
    |                  ^
    |
help: remove these parentheses
    |
197 ~                 if i == 0 {
198 |                     bytes[i] == first
199 |                 } else {
200 |                     tail[i - 1] == bytes[i]
201 ~                 } );
    |

warning: unused import: `proof_assert`
 --> /workspace/rust-crate-proofs/itoa/1.0.18/src/math.rs:1:35
  |
1 | use creusot_std::prelude::{logic, proof_assert, requires, ensures, Int};
  |                                   ^^^^^^^^^^^^
  |
  = note: `#[warn(unused_imports)]` (part of `#[warn(unused)]`) on by default

warning: unused import: `creusot_std::prelude::View`
 --> /workspace/rust-crate-proofs/itoa/1.0.18/src/signed_primitive_models.rs:2:5
  |
2 | use creusot_std::prelude::View;
  |     ^^^^^^^^^^^^^^^^^^^^^^^^^^

warning: function `check_u16_fmt_call_site` is never used
   --> /workspace/rust-crate-proofs/itoa/1.0.18/src/runtime.rs:978:4
    |
978 | fn check_u16_fmt_call_site(n: u16) {
    |    ^^^^^^^^^^^^^^^^^^^^^^^
    |
    = note: `#[warn(dead_code)]` (part of `#[warn(unused)]`) on by default

warning: function `check_signed_i8_write` is never used
    --> /workspace/rust-crate-proofs/itoa/1.0.18/src/runtime.rs:1729:4
     |
1729 | fn check_signed_i8_write(value: i8) {
     |    ^^^^^^^^^^^^^^^^^^^^^

warning: function `check_signed_i16_write` is never used
    --> /workspace/rust-crate-proofs/itoa/1.0.18/src/runtime.rs:1915:55
     |
1915 |     i16, u16, signed_write_i16, write_u16_suffix_i16, check_signed_i16_write,
     |                                                       ^^^^^^^^^^^^^^^^^^^^^^
     |
     = note: this warning originates in the macro `impl_small_signed_formatter` (in Nightly builds, run with -Z macro-backtrace for more info)

warning: function `check_signed_i32_write` is never used
    --> /workspace/rust-crate-proofs/itoa/1.0.18/src/runtime.rs:1920:55
     |
1920 |     i32, u32, signed_write_i32, write_u32_suffix_i32, check_signed_i32_write,
     |                                                       ^^^^^^^^^^^^^^^^^^^^^^
     |
     = note: this warning originates in the macro `impl_small_signed_formatter` (in Nightly builds, run with -Z macro-backtrace for more info)

warning: function `check_signed_i64_write` is never used
    --> /workspace/rust-crate-proofs/itoa/1.0.18/src/runtime.rs:1925:55
     |
1925 |     i64, u64, signed_write_i64, write_u64_suffix_i64, check_signed_i64_write,
     |                                                       ^^^^^^^^^^^^^^^^^^^^^^
     |
     = note: this warning originates in the macro `impl_small_signed_formatter` (in Nightly builds, run with -Z macro-backtrace for more info)

warning: function `i128_min_formatted_output_witness` is never used
    --> /workspace/rust-crate-proofs/itoa/1.0.18/src/runtime.rs:1954:4
     |
1954 | fn i128_min_formatted_output_witness() -> [MaybeUninit<u8>; 40] {
     |    ^^^^^^^^^^^^^^^^^^^^^^^^^^^^^^^^^

warning: function `mulhi_limb_reconstruction` is never used
  --> /workspace/rust-crate-proofs/itoa/1.0.18/src/u128_ext.rs:76:4
   |
76 | fn mulhi_limb_reconstruction(
   |    ^^^^^^^^^^^^^^^^^^^^^^^^^

warning: function `limb_at_most_max` is never used
   --> /workspace/rust-crate-proofs/itoa/1.0.18/src/u128_ext.rs:197:4
    |
197 | fn limb_at_most_max(x: Int) {
    |    ^^^^^^^^^^^^^^^^

warning: function `quotient_half_fits` is never used
   --> /workspace/rust-crate-proofs/itoa/1.0.18/src/u128_ext.rs:207:4
    |
207 | fn quotient_half_fits(n: Int) {
    |    ^^^^^^^^^^^^^^^^^^

warning: function `cross_product_plus_carry_fits` is never used
   --> /workspace/rust-crate-proofs/itoa/1.0.18/src/u128_ext.rs:227:4
    |
227 | fn cross_product_plus_carry_fits(x_lo: Int, y_lo: Int, y_hi: Int) {
    |    ^^^^^^^^^^^^^^^^^^^^^^^^^^^^^

warning: function `mulhi_product_congruence` is never used
   --> /workspace/rust-crate-proofs/itoa/1.0.18/src/u128_ext.rs:285:4
    |
285 | fn mulhi_product_congruence(x: Int, y: Int, a: Int, b: Int) -> Int {
    |    ^^^^^^^^^^^^^^^^^^^^^^^^

warning: function `computer_division_matches_shift51` is never used
   --> /workspace/rust-crate-proofs/itoa/1.0.18/src/u128_ext.rs:662:15
    |
662 | pub(super) fn computer_division_matches_shift51(n: Int) -> bool {
    |               ^^^^^^^^^^^^^^^^^^^^^^^^^^^^^^^^^

warning: function `write_model` is never used
   --> /workspace/rust-crate-proofs/itoa/1.0.18/src/verification.rs:424:8
    |
424 | pub fn write_model(values: Seq<Int>, n: Int, end: Int) -> Seq<Int> {
    |        ^^^^^^^^^^^

warning: function `write_model_unfold` is never used
   --> /workspace/rust-crate-proofs/itoa/1.0.18/src/verification.rs:441:4
    |
441 | fn write_model_unfold(values: Seq<Int>, n: Int, end: Int) {}
    |    ^^^^^^^^^^^^^^^^^^

warning: function `write_model_preserves_len` is never used
   --> /workspace/rust-crate-proofs/itoa/1.0.18/src/verification.rs:449:4
    |
449 | fn write_model_preserves_len(values: Seq<Int>, n: Int, end: Int) {
    |    ^^^^^^^^^^^^^^^^^^^^^^^^^

warning: function `write_model_is_decimal` is never used
   --> /workspace/rust-crate-proofs/itoa/1.0.18/src/verification.rs:465:4
    |
465 | fn write_model_is_decimal(values: Seq<Int>, n: Int, end: Int) {
    |    ^^^^^^^^^^^^^^^^^^^^^^

warning: struct `Buffer` is never constructed
   --> /workspace/rust-crate-proofs/itoa/1.0.18/src/verification.rs:770:12
    |
770 | pub struct Buffer {
    |            ^^^^^^

warning: associated items `new` and `format` are never used
   --> /workspace/rust-crate-proofs/itoa/1.0.18/src/verification.rs:775:12
    |
774 | impl Buffer {
    | ----------- associated items in this implementation
775 |     pub fn new() -> Buffer {
    |            ^^^
...
781 |     pub fn format<I: Integer>(&mut self, i: I) -> &str {
    |            ^^^^^^

warning: function `write_byte` is never used
   --> /workspace/rust-crate-proofs/itoa/1.0.18/src/verification.rs:864:4
    |
864 | fn write_byte(buf: &mut [u8], index: usize, byte: u8) {
    |    ^^^^^^^^^^

warning: function `write_unsigned` is never used
   --> /workspace/rust-crate-proofs/itoa/1.0.18/src/verification.rs:883:4
    |
883 | fn write_unsigned(n: u128, buf: &mut [u8], end: usize) -> usize {
    |    ^^^^^^^^^^^^^^

warning: function `decimal_slice_to_str` is never used
   --> /workspace/rust-crate-proofs/itoa/1.0.18/src/verification.rs:939:11
    |
939 | unsafe fn decimal_slice_to_str(buf: &[u8], start: usize) -> &str {
    |           ^^^^^^^^^^^^^^^^^^^^

warning: function `fixed_width_decimal_values_split_width` is never used
    --> /workspace/rust-crate-proofs/itoa/1.0.18/src/verification.rs:1328:15
     |
1328 | pub(crate) fn fixed_width_decimal_values_split_width(
     |               ^^^^^^^^^^^^^^^^^^^^^^^^^^^^^^^^^^^^^^

warning: function `fixed_width_decimal_values_split_16x16` is never used
    --> /workspace/rust-crate-proofs/itoa/1.0.18/src/verification.rs:1524:15
     |
1524 | pub(crate) fn fixed_width_decimal_values_split_16x16(n: Int) {
     |               ^^^^^^^^^^^^^^^^^^^^^^^^^^^^^^^^^^^^^^

warning: function `decimal_values_len_ge_39` is never used
    --> /workspace/rust-crate-proofs/itoa/1.0.18/src/verification.rs:1576:15
     |
1576 | pub(crate) fn decimal_values_len_ge_39(n: Int) {
     |               ^^^^^^^^^^^^^^^^^^^^^^^^

warning: function `decimal_values_len_ge_7` is never used
    --> /workspace/rust-crate-proofs/itoa/1.0.18/src/verification.rs:1623:15
     |
1623 | pub(crate) fn decimal_values_len_ge_7(n: Int) {
     |               ^^^^^^^^^^^^^^^^^^^^^^^

warning: function `i128_min_magnitude_model` is never used
    --> /workspace/rust-crate-proofs/itoa/1.0.18/src/verification.rs:1633:15
     |
1633 | pub(crate) fn i128_min_magnitude_model() -> Int {
     |               ^^^^^^^^^^^^^^^^^^^^^^^^

warning: function `i128_min_unsigned_magnitude` is never used
    --> /workspace/rust-crate-proofs/itoa/1.0.18/src/verification.rs:1638:15
     |
1638 | pub(crate) fn i128_min_unsigned_magnitude() -> u128 {
     |               ^^^^^^^^^^^^^^^^^^^^^^^^^^^

warning: function `i128_min_unsigned_decimal_len` is never used
    --> /workspace/rust-crate-proofs/itoa/1.0.18/src/verification.rs:1648:15
     |
1648 | pub(crate) fn i128_min_unsigned_decimal_len() -> u128 {
     |               ^^^^^^^^^^^^^^^^^^^^^^^^^^^^^

warning: function `i128_min_signed_decimal_model` is never used
    --> /workspace/rust-crate-proofs/itoa/1.0.18/src/verification.rs:1708:15
     |
1708 | pub(crate) fn i128_min_signed_decimal_model() {
     |               ^^^^^^^^^^^^^^^^^^^^^^^^^^^^^

warning: `itoa-proof` (lib) generated 33 warnings (run `cargo fix --lib -p itoa-proof` to apply 4 suggestions)
    Checking http-headers-proof v0.1.0 (/workspace/rust-crate-proofs/http/1.5.0/verification/headers)
warning: unused macro definition: `if_downcast_into`
 --> src/../../../src/convert.rs:1:14
  |
1 | macro_rules! if_downcast_into {
  |              ^^^^^^^^^^^^^^^^
  |
  = note: `#[warn(unused_macros)]` (part of `#[warn(unused)]`) on by default

warning: associated functions `new` and `from_utf8` are never used
   --> src/../../../src/byte_str.rs:97:12
    |
 94 | impl ByteStr {
    | ------------ associated functions in this implementation
...
 97 |     pub fn new() -> ByteStr {
    |            ^^^
...
145 |     pub(crate) fn from_utf8(bytes: Bytes) -> Result<ByteStr, std::str::Utf8Error> {
    |                   ^^^^^^^^^
    |
    = note: `#[warn(dead_code)]` (part of `#[warn(unused)]`) on by default

warning: function `selected_standard_header_comparator_consumer` is never used
    --> src/../../../src/header/name.rs:1378:4
     |
1378 | fn selected_standard_header_comparator_consumer(name_bytes: &[u8]) -> bool {
     |    ^^^^^^^^^^^^^^^^^^^^^^^^^^^^^^^^^^^^^^^^^^^^

warning: method `into_bytes` is never used
    --> src/../../../src/header/name.rs:2167:19
     |
1941 | impl HeaderName {
     | --------------- method in this implementation
...
2167 |     pub(super) fn into_bytes(self) -> Bytes {
     |                   ^^^^^^^^^^

warning: `http-headers-proof` (lib) generated 4 warnings
    Finished `dev` profile [unoptimized + debuginfo] target(s) in 27.96s
