bytes proof: /workspace/bytes-runtime-verification/bytes/1.11.1/verification/probes/bound-vec-constructor; one prover; 1024 MiB; native Ordering; sc-drf disabled
     Removed 110 files, 28.9MiB total
   Compiling bytes-bound-vec-constructor v0.1.0 (/workspace/bytes-runtime-verification/bytes/1.11.1/verification/probes/bound-vec-constructor)
warning: unused import: `owned_region`
  --> src/lib.rs:18:39
   |
18 |     pub(crate) use crate::{bound_ptr, owned_region, raw_vec};
   |                                       ^^^^^^^^^^^^
   |
   = note: `#[warn(unused_imports)]` (part of `#[warn(unused)]`) on by default

warning: unused import: `ManuallyDrop`
 --> /workspace/bytes-proof-tools/targets/bytes/debug/build/bytes-bound-vec-constructor-b9b2c4f89f44b410/out/actual_from_vec.rs:3:23
  |
3 | use core::mem::{self, ManuallyDrop};
  |                       ^^^^^^^^^^^^

warning: function `map_op_get` is never used
  --> src/../../../../src/ownership_proof/owned_region.rs:47:15
   |
47 | pub(crate) fn map_op_get(
   |               ^^^^^^^^^^
   |
   = note: `#[warn(dead_code)]` (part of `#[warn(unused)]`) on by default

warning: associated items `into_parts`, `slots`, `slot`, `restrict`, `split_at`, and `join` are never used
   --> src/../../../../src/ownership_proof/owned_region.rs:125:19
    |
 95 | impl OwnedRegion {
    | ---------------- associated items in this implementation
...
125 |     pub(crate) fn into_parts(self) -> (Int, Int, Resource<KernelRA>) {
    |                   ^^^^^^^^^^
...
149 |     pub(crate) fn slots(self) -> FMap<Int, Excl<Option<u8>>> {
    |                   ^^^^^
...
156 |     pub(crate) fn slot(self, index: Int) -> Option<Option<u8>> {
    |                   ^^^^
...
167 |     fn restrict(
    |        ^^^^^^^^
...
192 |     pub(crate) fn split_at(self, at: Int) -> (Self, Self) {
    |                   ^^^^^^^^
...
243 |     pub(crate) fn join(self, other: Self) -> Self {
    |                   ^^^^

warning: associated items `unbound` and `as_non_null` are never used
   --> src/../../../../src/ownership_proof/raw_vec.rs:163:19
    |
159 | impl BoundPtr {
    | ------------- associated items in this implementation
...
163 |     pub(crate) fn unbound(pointer: NonNull<u8>) -> Self {
    |                   ^^^^^^^
...
184 |     pub(crate) fn as_non_null(&self) -> NonNull<u8> {
    |                   ^^^^^^^^^^^

warning: methods `split_at` and `join` are never used
   --> src/../../../../src/ownership_proof/raw_vec.rs:365:19
    |
309 | impl PhysicalRegion {
    | ------------------- methods in this implementation
...
365 |     pub(crate) fn split_at(self, at: Int) -> (Self, Self) {
    |                   ^^^^^^^^
...
395 |     pub(crate) fn join(self, other: Self) -> Self {
    |                   ^^^^

warning: struct `PhysicalPool` is never constructed
   --> src/../../../../src/ownership_proof/raw_vec.rs:409:19
    |
409 | pub(crate) struct PhysicalPool {
    |                   ^^^^^^^^^^^^

warning: multiple associated items are never used
   --> src/../../../../src/ownership_proof/raw_vec.rs:442:19
    |
440 | impl PhysicalPool {
    | ----------------- associated items in this implementation
441 |     #[logic(open)]
442 |     pub(crate) fn capacity(self) -> Int {
    |                   ^^^^^^^^
...
447 |     pub(crate) fn namespace(self) -> Id {
    |                   ^^^^^^^^^
...
452 |     pub(crate) fn resource_id(self) -> Id {
    |                   ^^^^^^^^^^^
...
457 |     pub(crate) fn contains(self, index: Int) -> bool {
    |                   ^^^^^^^^
...
462 |     pub(crate) fn slot(self, index: Int) -> Option<Option<u8>> {
    |                   ^^^^
...
476 |     fn kernel_unit_is_empty() {
    |        ^^^^^^^^^^^^^^^^^^^^
...
502 |     pub(crate) fn empty_from(region: &PhysicalRegion) -> Self {
    |                   ^^^^^^^^^^
...
535 |     pub(crate) fn retire(self, region: PhysicalRegion) -> Self {
    |                   ^^^^^^
...
571 |     pub(crate) fn finish(self, lo: Int) -> PhysicalRegion {
    |                   ^^^^^^

warning: function `resume_vec` is never used
   --> src/../../../../src/ownership_proof/raw_vec.rs:692:22
    |
692 | pub(crate) unsafe fn resume_vec(
    |                      ^^^^^^^^^^

warning: function `deallocate_vec` is never used
   --> src/../../../../src/ownership_proof/raw_vec.rs:728:22
    |
728 | pub(crate) unsafe fn deallocate_vec(
    |                      ^^^^^^^^^^^^^^

warning: function `borrow_mut` is never used
   --> src/../../../../src/ownership_proof/raw_vec.rs:812:22
    |
812 | pub(crate) unsafe fn borrow_mut<'a>(
    |                      ^^^^^^^^^^

warning: constant `NOT_VEC_POS_MASK` is never used
  --> src/../../../../src/capacity_ops.rs:29:18
   |
29 | pub(crate) const NOT_VEC_POS_MASK: usize = 0b11111;
   |                  ^^^^^^^^^^^^^^^^

warning: constant `MAX_VEC_POS` is never used
  --> src/../../../../src/capacity_ops.rs:30:18
   |
30 | pub(crate) const MAX_VEC_POS: usize = usize::MAX >> VEC_POS_OFFSET;
   |                  ^^^^^^^^^^^

warning: function `original_capacity_repr_from_data` is never used
   --> src/../../../../src/capacity_ops.rs:125:15
    |
125 | pub(crate) fn original_capacity_repr_from_data(data: usize) -> usize {
    |               ^^^^^^^^^^^^^^^^^^^^^^^^^^^^^^^^

warning: function `vec_pos_from_data` is never used
   --> src/../../../../src/capacity_ops.rs:132:15
    |
132 | pub(crate) fn vec_pos_from_data(data: usize) -> usize {
    |               ^^^^^^^^^^^^^^^^^

warning: function `set_vec_pos_in_data` is never used
   --> src/../../../../src/capacity_ops.rs:143:15
    |
143 | pub(crate) fn set_vec_pos_in_data(data: usize, pos: usize) -> usize {
    |               ^^^^^^^^^^^^^^^^^^^

warning: function `pointer_addr_eq` is never used
  --> src/../../../../src/provenance_specs.rs:19:15
   |
19 | pub(crate) fn pointer_addr_eq<T>(left: *const T, right: *const T) -> bool {
   |               ^^^^^^^^^^^^^^^

warning: function `wrapping_offset` is never used
  --> src/../../../../src/provenance_specs.rs:75:15
   |
75 | pub(crate) fn wrapping_offset(ptr: *mut u8, offset: usize) -> *mut u8 {
   |               ^^^^^^^^^^^^^^^

warning: function `pointer_with_address` is never used
  --> src/../../../../src/provenance_specs.rs:86:15
   |
86 | pub(crate) fn pointer_with_address(ptr: *mut u8, new_addr: usize) -> *mut u8 {
   |               ^^^^^^^^^^^^^^^^^^^^

warning: fields `buffer`, `original_capacity_repr`, and `ref_count` are never read
  --> /workspace/bytes-proof-tools/targets/bytes/debug/build/bytes-bound-vec-constructor-b9b2c4f89f44b410/out/actual_from_vec.rs:27:5
   |
26 | struct Shared {
   |        ------ fields in this struct
27 |     buffer: SharedBuffer,
   |     ^^^^^^
28 |     original_capacity_repr: usize,
   |     ^^^^^^^^^^^^^^^^^^^^^^
29 |     ref_count: AtomicUsize,
   |     ^^^^^^^^^

warning: fields `base` and `capacity` are never read
  --> /workspace/bytes-proof-tools/targets/bytes/debug/build/bytes-bound-vec-constructor-b9b2c4f89f44b410/out/actual_from_vec.rs:33:5
   |
32 | struct SharedBuffer {
   |        ------------ fields in this struct
33 |     base: NonNull<u8>,
   |     ^^^^
34 |     capacity: usize,
   |     ^^^^^^^^

warning: function `vptr` is never used
  --> /workspace/bytes-proof-tools/targets/bytes/debug/build/bytes-bound-vec-constructor-b9b2c4f89f44b410/out/actual_from_vec.rs:56:4
   |
56 | fn vptr(ptr: *mut u8) -> crate::ownership_proof::raw_vec::BoundPtr {
   |    ^^^^

warning: `bytes-bound-vec-constructor` (lib) generated 22 warnings (run `cargo fix --lib -p bytes-bound-vec-constructor` to apply 2 suggestions)
    Finished `dev` profile [unoptimized + debuginfo] target(s) in 1.05s
No dangling files found
Proved (41 files) ✔
