Warning, file "/workspace/proof-tools/creusot-data/share/why3find/packages/creusot/creusot/int.coma", line 166, characters 8-22: axiom extensionality does not contain any local abstract symbol (contains: int, (=), t, to_int)
Warning, file "/workspace/proof-tools/creusot-data/share/why3find/packages/creusot/creusot/int.coma", line 484, characters 8-22: axiom extensionality does not contain any local abstract symbol (contains: int, (=), t, to_int)
Warning, file "/workspace/proof-tools/creusot-data/share/why3find/packages/creusot/creusot/int.coma", line 802, characters 8-22: axiom extensionality does not contain any local abstract symbol (contains: int, (=), t, to_int)
Warning, file "/workspace/proof-tools/creusot-data/share/why3find/packages/creusot/creusot/int.coma", line 1120, characters 8-22: axiom extensionality does not contain any local abstract symbol (contains: int, (=), t, to_int)
Warning, file "/workspace/proof-tools/creusot-data/share/why3find/packages/creusot/creusot/int.coma", line 1438, characters 8-22: axiom extensionality does not contain any local abstract symbol (contains: int, (=), t, to_int)
Warning, file "/workspace/rust-crate-proofs/http/1.5.0/verification/headers/evidence/name_standard_comparators_81_current_2026-10-05/emission/verif/http_headers_proof_rlib/header/name/impl_HdrName/from_bytes.coma", line 508, characters 6-23: axiom to_utf8_char_spec does not contain any local abstract symbol (contains: int, (<=), t, seq, length, t, to_utf8_char)
Warning, file "/workspace/rust-crate-proofs/http/1.5.0/verification/headers/evidence/name_standard_comparators_81_current_2026-10-05/emission/verif/http_headers_proof_rlib/header/name/impl_HdrName/from_bytes.coma", line 543, characters 12-16: unused variable f0'0
Warning, file "/workspace/rust-crate-proofs/http/1.5.0/verification/headers/evidence/name_standard_comparators_81_current_2026-10-05/emission/verif/http_headers_proof_rlib/header/name/impl_HdrName/from_bytes.coma", line 635, characters 14-18: unused variable f0'0
Warning, file "/workspace/rust-crate-proofs/http/1.5.0/verification/headers/evidence/name_standard_comparators_81_current_2026-10-05/emission/verif/http_headers_proof_rlib/header/name/impl_HdrName/from_bytes.coma", line 690, characters 14-18: unused variable f0'0
Warning, file "/workspace/rust-crate-proofs/http/1.5.0/verification/headers/evidence/name_standard_comparators_81_current_2026-10-05/emission/verif/http_headers_proof_rlib/header/name/impl_HdrName/from_bytes.coma", line 697, characters 53-57: unused variable self
Warning, file "/workspace/rust-crate-proofs/http/1.5.0/verification/headers/evidence/name_standard_comparators_81_current_2026-10-05/emission/verif/http_headers_proof_rlib/header/name/impl_HdrName/from_bytes.coma", line 706, characters 52-56: unused variable self
Warning, file "/workspace/rust-crate-proofs/http/1.5.0/verification/headers/evidence/name_standard_comparators_81_current_2026-10-05/emission/verif/http_headers_proof_rlib/header/name/impl_HdrName/from_bytes.coma", line 706, characters 91-103: unused variable result_state
Warning, file "/workspace/rust-crate-proofs/http/1.5.0/verification/headers/evidence/name_standard_comparators_81_current_2026-10-05/emission/verif/http_headers_proof_rlib/header/name/impl_HdrName/from_bytes.coma", line 713, characters 6-27: axiom fn_mut_once_from_spec does not contain any local abstract symbol (contains: tuple0, t_InvalidHeaderName, postcondition_once_from, resolve_from, postcondition_mut_from)
Warning, file "/workspace/rust-crate-proofs/http/1.5.0/verification/headers/evidence/name_standard_comparators_81_current_2026-10-05/emission/verif/http_headers_proof_rlib/header/name/impl_HdrName/from_bytes.coma", line 717, characters 43-47: unused variable self
Warning, file "/workspace/rust-crate-proofs/http/1.5.0/verification/headers/evidence/name_standard_comparators_81_current_2026-10-05/emission/verif/http_headers_proof_rlib/header/name/impl_HdrName/from_bytes.coma", line 717, characters 54-66: unused variable result_state
Warning, file "/workspace/rust-crate-proofs/http/1.5.0/verification/headers/evidence/name_standard_comparators_81_current_2026-10-05/emission/verif/http_headers_proof_rlib/header/name/impl_HdrName/from_bytes.coma", line 723, characters 6-30: axiom hist_inv_trans_from_spec does not contain any local abstract symbol (contains: tuple0, hist_inv_from)
Warning, file "/workspace/rust-crate-proofs/http/1.5.0/verification/headers/evidence/name_standard_comparators_81_current_2026-10-05/emission/verif/http_headers_proof_rlib/header/name/impl_HdrName/from_bytes.coma", line 728, characters 6-29: axiom hist_inv_refl_from_spec does not contain any local abstract symbol (contains: tuple0, hist_inv_from)
Warning, file "/workspace/rust-crate-proofs/http/1.5.0/verification/headers/evidence/name_standard_comparators_81_current_2026-10-05/emission/verif/http_headers_proof_rlib/header/name/impl_HdrName/from_bytes.coma", line 732, characters 6-42: axiom postcondition_mut_hist_inv_from_spec does not contain any local abstract symbol (contains: tuple0, t_InvalidHeaderName, postcondition_mut_from, hist_inv_from)
Warning, file "/workspace/rust-crate-proofs/http/1.5.0/verification/headers/evidence/name_standard_comparators_81_current_2026-10-05/emission/verif/http_headers_proof_rlib/header/name/impl_HdrName/from_bytes.coma", line 738, characters 6-27: axiom fn_hist_inv_from_spec does not contain any local abstract symbol (contains: (=), tuple0, hist_inv_from)
Warning, file "/workspace/rust-crate-proofs/http/1.5.0/verification/headers/evidence/name_standard_comparators_81_current_2026-10-05/emission/verif/http_headers_proof_rlib/header/name/impl_HdrName/from_bytes.coma", line 741, characters 48-52: unused variable self
Warning, file "/workspace/rust-crate-proofs/http/1.5.0/verification/headers/evidence/name_standard_comparators_81_current_2026-10-05/emission/verif/http_headers_proof_rlib/header/name/impl_HdrName/from_bytes.coma", line 748, characters 6-23: axiom fn_once_from_spec does not contain any local abstract symbol (contains: tuple0, t_InvalidHeaderName, postcondition_once_from, resolve_from, postcondition_from)
Warning, file "/workspace/rust-crate-proofs/http/1.5.0/verification/headers/evidence/name_standard_comparators_81_current_2026-10-05/emission/verif/http_headers_proof_rlib/header/name/impl_HdrName/from_bytes.coma", line 754, characters 6-22: axiom fn_mut_from_spec does not contain any local abstract symbol (contains: (=), tuple0, t_InvalidHeaderName, postcondition_mut_from, postcondition_from)
