Atomic event: one prover; 1024 MiB; native weak orderings; sc-drf disabled
     Removed 2 files, 58.2KiB total
warning: unused variable: `vector`
  --> /workspace/bytes-proof-tools/bytes-proof-std/src/std/vec.rs:21:40
   |
21 | pub fn capacity_model<T, A: Allocator>(vector: Vec<T, A>) -> Int {
   |                                        ^^^^^^ help: if this is intentional, prefix it with an underscore: `_vector`
   |
   = note: `#[warn(unused_variables)]` (part of `#[warn(unused)]`) on by default

warning: unused variable: `vector`
  --> /workspace/bytes-proof-tools/bytes-proof-std/src/std/vec.rs:32:36
   |
32 | pub fn base_model<T, A: Allocator>(vector: Vec<T, A>) -> Int {
   |                                    ^^^^^^ help: if this is intentional, prefix it with an underscore: `_vector`

warning: unused variable: `vector`
  --> /workspace/bytes-proof-tools/bytes-proof-std/src/std/vec.rs:42:39
   |
42 | pub fn pointer_model<T, A: Allocator>(vector: Vec<T, A>) -> *mut T {
   |                                       ^^^^^^ help: if this is intentional, prefix it with an underscore: `_vector`

warning: `creusot-std` (lib) generated 3 warnings (run `cargo fix --lib -p creusot-std` to apply 3 suggestions)
    Checking bytes-original-public-shared-gate v0.1.0 (/workspace/rust-crate-proofs/bytes/1.11.1/verification/probes/original-public-shared-gate-2026-10-08)
error: called program function `std::option::Option::<T>::is_some` in logic context
 --> src/../../../../src/ref_count_limit.rs:7:36
  |
7 | #[cfg_attr(creusot, ensures(result.is_some() == (old <= MAX_REF_COUNT)))]
  |                                    ^^^^^^^

error: could not compile `bytes-original-public-shared-gate` (lib) due to 1 previous error
Error: Compilation failed
