Atomic event: one prover; 1024 MiB; native weak orderings; sc-drf disabled
     Removed 2 files, 1.3KiB total
warning: unused variable: `vector`
  --> /workspace/bytes-proof-tools/bytes-proof-std/src/std/vec.rs:21:40
   |
21 | pub fn capacity_model<T, A: Allocator>(vector: Vec<T, A>) -> Int {
   |                                        ^^^^^^ help: if this is intentional, prefix it with an underscore: `_vector`
   |
   = note: `#[warn(unused_variables)]` (part of `#[warn(unused)]`) on by default

warning: unused variable: `vector`
  --> /workspace/bytes-proof-tools/bytes-proof-std/src/std/vec.rs:32:36
   |
32 | pub fn base_model<T, A: Allocator>(vector: Vec<T, A>) -> Int {
   |                                    ^^^^^^ help: if this is intentional, prefix it with an underscore: `_vector`

warning: unused variable: `vector`
  --> /workspace/bytes-proof-tools/bytes-proof-std/src/std/vec.rs:42:39
   |
42 | pub fn pointer_model<T, A: Allocator>(vector: Vec<T, A>) -> *mut T {
   |                                       ^^^^^^ help: if this is intentional, prefix it with an underscore: `_vector`

warning: `creusot-std` (lib) generated 3 warnings (run `cargo fix --lib -p creusot-std` to apply 3 suggestions)
    Checking bytes-original-public-shared-gate v0.1.0 (/workspace/rust-crate-proofs/bytes/1.11.1/verification/probes/original-public-shared-gate-2026-10-08)
    Finished `dev` profile [unoptimized + debuginfo] target(s) in 0.28s
No dangling files found
Goal Coma.vc_cannot_use_wrong_field: ✘ (1/2)
Goal Coma.vc_cannot_issue_on_refusal: ✘ (2/3)
Goal Coma.vc_cannot_commit_twice: ✘ (2/3)
Goal Coma.vc_retain_payload_publication: ✘ (2/3)
Error: 4 unproved files
Error: 'why3find prove' failed
