   Compiling bytes-advanced-transactional v0.1.0 (/workspace/bytes-runtime-verification/bytes/1.11.1/verification/probes/advanced-transactional)
warning: unused import: `RA`
  --> src/../../../../src/ownership_proof/owned_region.rs:11:33
   |
11 |     logic::{FMap, Id, Int, ra::{RA, excl::Excl}},
   |                                 ^^
   |
   = note: `#[warn(unused_imports)]` (part of `#[warn(unused)]`) on by default

warning: unused imports: `FMap`, `RA`, `UnitRA`, and `excl::Excl`
  --> src/../../../../src/ownership_proof/raw_vec.rs:25:13
   |
25 |     logic::{FMap, Id, Int, ra::{RA, UnitRA, excl::Excl}},
   |             ^^^^                ^^  ^^^^^^  ^^^^^^^^^^

warning: unused imports: `bound_ptr`, `boxed_alignment`, and `owned_region`
  --> src/lib.rs:23:28
   |
23 |     pub(crate) use crate::{bound_ptr, boxed_alignment, owned_region, raw_vec, sequential_counter, shared_protocol};
   |                            ^^^^^^^^^  ^^^^^^^^^^^^^^^  ^^^^^^^^^^^^

warning: unused imports: `AtomicUsize` and `Ordering`
 --> /tmp/bytes-advanced-check-target/debug/build/bytes-advanced-transactional-16454ff90572b5f4/out/actual_advanced.rs:4:26
  |
4 | use core::sync::atomic::{AtomicUsize, Ordering};
  |                          ^^^^^^^^^^^  ^^^^^^^^

warning: unused imports: `MAX_VEC_POS` and `original_capacity_to_repr`
 --> /tmp/bytes-advanced-check-target/debug/build/bytes-advanced-transactional-16454ff90572b5f4/out/actual_advanced.rs:6:27
  |
6 | use crate::capacity_ops::{original_capacity_to_repr, MAX_VEC_POS};
  |                           ^^^^^^^^^^^^^^^^^^^^^^^^^  ^^^^^^^^^^^

warning: unused import: `prelude::*`
   --> /tmp/bytes-advanced-check-target/debug/build/bytes-advanced-transactional-16454ff90572b5f4/out/actual_advanced.rs:238:53
    |
238 |     use creusot_std::{ghost::perm::Perm, logic::Id, prelude::*};
    |                                                     ^^^^^^^^^^

warning: unused variable: `left`
  --> src/../../../../src/ownership_proof/owned_region.rs:33:5
   |
33 |     left: Snapshot<SlotMap>,
   |     ^^^^ help: if this is intentional, prefix it with an underscore: `_left`
   |
   = note: `#[warn(unused_variables)]` (part of `#[warn(unused)]`) on by default

warning: unused variable: `right`
  --> src/../../../../src/ownership_proof/owned_region.rs:34:5
   |
34 |     right: Snapshot<SlotMap>,
   |     ^^^^^ help: if this is intentional, prefix it with an underscore: `_right`

warning: unused variable: `whole`
  --> src/../../../../src/ownership_proof/owned_region.rs:35:5
   |
35 |     whole: Snapshot<SlotMap>,
   |     ^^^^^ help: if this is intentional, prefix it with an underscore: `_whole`

warning: unused variable: `merged`
  --> src/../../../../src/ownership_proof/owned_region.rs:38:9
   |
38 |     let merged: Snapshot<SlotMap> = snapshot! { (*left).total_op(*right) };
   |         ^^^^^^ help: if this is intentional, prefix it with an underscore: `_merged`

warning: unused variable: `left`
  --> src/../../../../src/ownership_proof/owned_region.rs:48:5
   |
48 |     left: Snapshot<SlotMap>,
   |     ^^^^ help: if this is intentional, prefix it with an underscore: `_left`

warning: unused variable: `right`
  --> src/../../../../src/ownership_proof/owned_region.rs:49:5
   |
49 |     right: Snapshot<SlotMap>,
   |     ^^^^^ help: if this is intentional, prefix it with an underscore: `_right`

warning: unused variable: `whole`
  --> src/../../../../src/ownership_proof/owned_region.rs:50:5
   |
50 |     whole: Snapshot<SlotMap>,
   |     ^^^^^ help: if this is intentional, prefix it with an underscore: `_whole`

warning: unused variable: `merged`
  --> src/../../../../src/ownership_proof/owned_region.rs:52:9
   |
52 |     let merged: Snapshot<SlotMap> = snapshot! { (*left).total_op(*right) };
   |         ^^^^^^ help: if this is intentional, prefix it with an underscore: `_merged`

warning: unused variable: `slots`
   --> src/../../../../src/ownership_proof/raw_vec.rs:109:9
    |
109 |     let slots = snapshot! { slots_grown(capabilities.inner_logic().1.ledger.slots(), old_capacity@, capacity@) };
    |         ^^^^^ help: if this is intentional, prefix it with an underscore: `_slots`

warning: unused variable: `unit`
   --> src/../../../../src/ownership_proof/raw_vec.rs:647:13
    |
647 |         let unit: Snapshot<KernelRA> = snapshot!(KernelRA::unit());
    |             ^^^^ help: if this is intentional, prefix it with an underscore: `_unit`

warning: unused variable: `empty_value`
   --> src/../../../../src/ownership_proof/raw_vec.rs:650:13
    |
650 |         let empty_value: Snapshot<KernelRA> = snapshot!((None, FMap::empty()));
    |             ^^^^^^^^^^^ help: if this is intentional, prefix it with an underscore: `_empty_value`

warning: unused variable: `input_model`
   --> src/../../../../src/ownership_proof/raw_vec.rs:785:9
    |
785 |     let input_model = snapshot!(input@);
    |         ^^^^^^^^^^^ help: if this is intentional, prefix it with an underscore: `_input_model`

warning: unused variable: `slot`
    --> src/../../../../src/ownership_proof/raw_vec.rs:1007:38
     |
1007 | pub(crate) fn slot_known_equivalence(slot: Option<Option<u8>>) {}
     |                                      ^^^^ help: if this is intentional, prefix it with an underscore: `_slot`

warning: unused variable: `own`
  --> src/../../../../src/ownership_proof/sequential_counter.rs:89:39
   |
89 |     pub(crate) fn load_acquire(&self, own: Ghost<&CounterOwn>) -> usize {
   |                                       ^^^ help: if this is intentional, prefix it with an underscore: `_own`

warning: variable does not need to be mutable
   --> src/../../../../src/ownership_proof/shared_protocol.rs:203:5
    |
203 |     mut packet: Ghost<&'a mut Packet>,
    |     ----^^^^^^
    |     |
    |     help: remove this `mut`
    |
    = note: `#[warn(unused_mut)]` (part of `#[warn(unused)]`) on by default

warning: variable does not need to be mutable
   --> src/../../../../src/ownership_proof/shared_protocol.rs:241:5
    |
241 |     mut packet: Ghost<&'a mut Packet>,
    |     ----^^^^^^
    |     |
    |     help: remove this `mut`

warning: unused variable: `address`
  --> src/../../../../src/ownership_proof/boxed_alignment.rs:23:49
   |
23 | pub(crate) fn aligned_address_has_clear_low_bit(address: usize, alignment: usize) {}
   |                                                 ^^^^^^^ help: if this is intentional, prefix it with an underscore: `_address`

warning: unused variable: `alignment`
  --> src/../../../../src/ownership_proof/boxed_alignment.rs:23:65
   |
23 | pub(crate) fn aligned_address_has_clear_low_bit(address: usize, alignment: usize) {}
   |                                                                 ^^^^^^^^^ help: if this is intentional, prefix it with an underscore: `_alignment`

warning: unused variable: `base`
   --> /tmp/bytes-advanced-check-target/debug/build/bytes-advanced-transactional-16454ff90572b5f4/out/actual_advanced.rs:362:50
    |
362 |     pub(super) fn activate(pointer: *mut Shared, base: BoundPtr, capacity: usize, split: usize,
    |                                                  ^^^^ help: if this is intentional, prefix it with an underscore: `_base`

warning: constant `MAX_VEC_POS` is never used
  --> src/../../../../src/capacity_ops.rs:30:18
   |
30 | pub(crate) const MAX_VEC_POS: usize = usize::MAX >> VEC_POS_OFFSET;
   |                  ^^^^^^^^^^^
   |
   = note: `#[warn(dead_code)]` (part of `#[warn(unused)]`) on by default

warning: function `pack_vec_metadata` is never used
   --> src/../../../../src/capacity_ops.rs:117:15
    |
117 | pub(crate) fn pack_vec_metadata(repr: usize) -> usize {
    |               ^^^^^^^^^^^^^^^^^

warning: function `original_capacity_repr_from_data` is never used
   --> src/../../../../src/capacity_ops.rs:125:15
    |
125 | pub(crate) fn original_capacity_repr_from_data(data: usize) -> usize {
    |               ^^^^^^^^^^^^^^^^^^^^^^^^^^^^^^^^

warning: function `pointer_addr_eq` is never used
  --> src/../../../../src/provenance_specs.rs:19:15
   |
19 | pub(crate) fn pointer_addr_eq<T>(left: *const T, right: *const T) -> bool {
   |               ^^^^^^^^^^^^^^^

warning: function `pointer_with_address` is never used
  --> src/../../../../src/provenance_specs.rs:86:15
   |
86 | pub(crate) fn pointer_with_address(ptr: *mut u8, new_addr: usize) -> *mut u8 {
   |               ^^^^^^^^^^^^^^^^^^^^

warning: type alias `SlotMap` is never used
  --> src/../../../../src/ownership_proof/owned_region.rs:23:17
   |
23 | pub(crate) type SlotMap = FMap<Int, Excl<Option<u8>>>;
   |                 ^^^^^^^

warning: function `map_compose_eq` is never used
  --> src/../../../../src/ownership_proof/owned_region.rs:32:15
   |
32 | pub(crate) fn map_compose_eq(
   |               ^^^^^^^^^^^^^^

warning: function `map_op_get` is never used
  --> src/../../../../src/ownership_proof/owned_region.rs:47:15
   |
47 | pub(crate) fn map_op_get(
   |               ^^^^^^^^^^

warning: fields `lo`, `hi`, and `resource` are never read
  --> src/../../../../src/ownership_proof/owned_region.rs:67:5
   |
66 | pub(crate) struct OwnedRegion {
   |                   ----------- fields in this struct
67 |     lo: Int,
   |     ^^
68 |     hi: Int,
   |     ^^
69 |     resource: Resource<KernelRA>,
   |     ^^^^^^^^

warning: associated items `from_model_ledger`, `into_parts`, `split_at`, and `join` are never used
   --> src/../../../../src/ownership_proof/owned_region.rs:108:19
    |
 95 | impl OwnedRegion {
    | ---------------- associated items in this implementation
...
108 |     pub(crate) fn from_model_ledger(lo: Int, hi: Int, resource: Resource<KernelRA>) -> Self {
    |                   ^^^^^^^^^^^^^^^^^
...
125 |     pub(crate) fn into_parts(self) -> (Int, Int, Resource<KernelRA>) {
    |                   ^^^^^^^^^^
...
192 |     pub(crate) fn split_at(self, at: Int) -> (Self, Self) {
    |                   ^^^^^^^^
...
243 |     pub(crate) fn join(self, other: Self) -> Self {
    |                   ^^^^

warning: fields `capacity` and `namespace` are never read
  --> src/../../../../src/ownership_proof/raw_vec.rs:35:5
   |
34 | struct AllocationDesc {
   |        -------------- fields in this struct
35 |     capacity: Int,
   |     ^^^^^^^^
36 |     namespace: Id,
   |     ^^^^^^^^^
   |
   = note: `AllocationDesc` has a derived impl for the trait `Clone`, but this is intentionally ignored during dead code analysis

warning: function `reallocate_bound` is never used
   --> src/../../../../src/ownership_proof/raw_vec.rs:103:22
    |
103 | pub(crate) unsafe fn reallocate_bound(base: BoundPtr, old_capacity: usize, capacity: usize,
    |                      ^^^^^^^^^^^^^^^^

warning: struct `RawAllocation` is never constructed
   --> src/../../../../src/ownership_proof/raw_vec.rs:136:19
    |
136 | pub(crate) struct RawAllocation {
    |                   ^^^^^^^^^^^^^

warning: methods `as_ptr`, `as_non_null`, and `retreat_within` are never used
   --> src/../../../../src/ownership_proof/raw_vec.rs:266:19
    |
241 | impl BoundPtr {
    | ------------- methods in this implementation
...
266 |     pub(crate) fn as_ptr(&self) -> *mut u8 {
    |                   ^^^^^^
...
273 |     pub(crate) fn as_non_null(&self) -> NonNull<u8> {
    |                   ^^^^^^^^^^^
...
285 |     pub(crate) fn retreat_within(&self, count: usize) -> Self {
    |                   ^^^^^^^^^^^^^^

warning: method `into_bound_ptr_at_zero` is never used
   --> src/../../../../src/ownership_proof/raw_vec.rs:379:19
    |
368 | impl RawAllocation {
    | ------------------ method in this implementation
...
379 |     pub(crate) fn into_bound_ptr_at_zero(self) -> (BoundPtr, usize) {
    |                   ^^^^^^^^^^^^^^^^^^^^^^

warning: fields `resource` and `descriptor` are never read
   --> src/../../../../src/ownership_proof/raw_vec.rs:408:5
    |
407 | pub(crate) struct Recovery {
    |                   -------- fields in this struct
408 |     resource: Resource<KernelRA>,
    |     ^^^^^^^^
409 |     descriptor: AllocationDesc,
    |     ^^^^^^^^^^

warning: fields `ledger` and `descriptor` are never read
   --> src/../../../../src/ownership_proof/raw_vec.rs:450:5
    |
449 | pub(crate) struct PhysicalRegion {
    |                   -------------- fields in this struct
450 |     ledger: OwnedRegion,
    |     ^^^^^^
451 |     descriptor: AllocationDesc,
    |     ^^^^^^^^^^

warning: methods `split_at` and `join` are never used
   --> src/../../../../src/ownership_proof/raw_vec.rs:535:19
    |
479 | impl PhysicalRegion {
    | ------------------- methods in this implementation
...
535 |     pub(crate) fn split_at(self, at: Int) -> (Self, Self) {
    |                   ^^^^^^^^
...
565 |     pub(crate) fn join(self, other: Self) -> Self {
    |                   ^^^^

warning: fields `descriptor` and `resource` are never read
   --> src/../../../../src/ownership_proof/raw_vec.rs:580:5
    |
579 | pub(crate) struct PhysicalPool {
    |                   ------------ fields in this struct
580 |     descriptor: AllocationDesc,
    |     ^^^^^^^^^^
581 |     resource: Resource<KernelRA>,
    |     ^^^^^^^^

warning: associated items `kernel_unit_is_empty`, `empty_from`, `retire`, and `finish` are never used
   --> src/../../../../src/ownership_proof/raw_vec.rs:646:8
    |
610 | impl PhysicalPool {
    | ----------------- associated items in this implementation
...
646 |     fn kernel_unit_is_empty() {
    |        ^^^^^^^^^^^^^^^^^^^^
...
672 |     pub(crate) fn empty_from(region: &PhysicalRegion) -> Self {
    |                   ^^^^^^^^^^
...
705 |     pub(crate) fn retire(self, region: PhysicalRegion) -> Self {
    |                   ^^^^^^
...
741 |     pub(crate) fn finish(self, lo: Int) -> PhysicalRegion {
    |                   ^^^^^^

warning: function `detach_vec` is never used
   --> src/../../../../src/ownership_proof/raw_vec.rs:782:15
    |
782 | pub(crate) fn detach_vec(
    |               ^^^^^^^^^^

warning: function `resume_vec` is never used
   --> src/../../../../src/ownership_proof/raw_vec.rs:865:22
    |
865 | pub(crate) unsafe fn resume_vec(
    |                      ^^^^^^^^^^

warning: function `deallocate_vec` is never used
   --> src/../../../../src/ownership_proof/raw_vec.rs:901:22
    |
901 | pub(crate) unsafe fn deallocate_vec(
    |                      ^^^^^^^^^^^^^^

warning: function `deallocate_bound_vec` is never used
   --> src/../../../../src/ownership_proof/raw_vec.rs:936:22
    |
936 | pub(crate) unsafe fn deallocate_bound_vec(
    |                      ^^^^^^^^^^^^^^^^^^^^

warning: function `borrow_mut` is never used
   --> src/../../../../src/ownership_proof/raw_vec.rs:985:22
    |
985 | pub(crate) unsafe fn borrow_mut<'a>(
    |                      ^^^^^^^^^^

warning: function `slot_known_equivalence` is never used
    --> src/../../../../src/ownership_proof/raw_vec.rs:1007:15
     |
1007 | pub(crate) fn slot_known_equivalence(slot: Option<Option<u8>>) {}
     |               ^^^^^^^^^^^^^^^^^^^^^^

warning: function `borrow_bound_mut` is never used
    --> src/../../../../src/ownership_proof/raw_vec.rs:1046:22
     |
1046 | pub(crate) unsafe fn borrow_bound_mut<'a>(
     |                      ^^^^^^^^^^^^^^^^

warning: function `borrow_bound_uninit_mut` is never used
    --> src/../../../../src/ownership_proof/raw_vec.rs:1086:22
     |
1086 | pub(crate) unsafe fn borrow_bound_uninit_mut<'a>(
     |                      ^^^^^^^^^^^^^^^^^^^^^^^

warning: function `borrow_spare_preserving_prefix` is never used
    --> src/../../../../src/ownership_proof/raw_vec.rs:1124:22
     |
1124 | pub(crate) unsafe fn borrow_spare_preserving_prefix<'a>(
     |                      ^^^^^^^^^^^^^^^^^^^^^^^^^^^^^^

warning: function `borrow_bound` is never used
    --> src/../../../../src/ownership_proof/raw_vec.rs:1150:22
     |
1150 | pub(crate) unsafe fn borrow_bound<'a>(
     |                      ^^^^^^^^^^^^

warning: function `borrow_empty_bound` is never used
    --> src/../../../../src/ownership_proof/raw_vec.rs:1164:22
     |
1164 | pub(crate) unsafe fn borrow_empty_bound<'a>(bound: &'a BoundPtr) -> &'a [u8] {
     |                      ^^^^^^^^^^^^^^^^^^

warning: function `borrow_empty_bound_mut` is never used
    --> src/../../../../src/ownership_proof/raw_vec.rs:1173:22
     |
1173 | pub(crate) unsafe fn borrow_empty_bound_mut<'a>(bound: &'a BoundPtr) -> &'a mut [u8] {
     |                      ^^^^^^^^^^^^^^^^^^^^^^

warning: function `borrow_empty_bound_uninit_mut` is never used
    --> src/../../../../src/ownership_proof/raw_vec.rs:1181:22
     |
1181 | pub(crate) unsafe fn borrow_empty_bound_uninit_mut<'a>(
     |                      ^^^^^^^^^^^^^^^^^^^^^^^^^^^^^

warning: function `deallocate_u8` is never used
  --> src/../../../../src/ownership_proof/../allocation_ops.rs:10:22
   |
10 | pub(crate) unsafe fn deallocate_u8(base: *mut u8, capacity: usize) {
   |                      ^^^^^^^^^^^^^

warning: function `reallocate_u8` is never used
  --> src/../../../../src/ownership_proof/../allocation_ops.rs:25:22
   |
25 | pub(crate) unsafe fn reallocate_u8(base: *mut u8, old_capacity: usize, capacity: usize) -> core::ptr::NonNull<u8> {
   |                      ^^^^^^^^^^^^^

warning: field `resource` is never read
  --> src/../../../../src/ownership_proof/sequential_counter.rs:27:5
   |
26 | pub(crate) struct CounterOwn {
   |                   ---------- field in this struct
27 |     resource: Resource<Excl<usize>>,
   |     ^^^^^^^^

warning: associated items `new`, `fetch_add_relaxed`, `fetch_sub_release`, and `load_acquire` are never used
  --> src/../../../../src/ownership_proof/sequential_counter.rs:48:19
   |
43 | impl SequentialCounter {
   | ---------------------- associated items in this implementation
...
48 |     pub(crate) fn new(value: usize) -> (Self, Ghost<CounterOwn>) {
   |                   ^^^
...
66 |     pub(crate) fn fetch_add_relaxed(&self, amount: usize, own: Ghost<&mut CounterOwn>) -> usize {
   |                   ^^^^^^^^^^^^^^^^^
...
79 |     pub(crate) fn fetch_sub_release(&self, amount: usize, own: Ghost<&mut CounterOwn>) -> usize {
   |                   ^^^^^^^^^^^^^^^^^
...
89 |     pub(crate) fn load_acquire(&self, own: Ghost<&CounterOwn>) -> usize {
   |                   ^^^^^^^^^^^^

warning: field `resource` is never read
  --> src/../../../../src/ownership_proof/shared_protocol.rs:12:5
   |
11 | pub(crate) struct Ticket {
   |                   ------ field in this struct
12 |     resource: Resource<RegistrationRA>,
   |     ^^^^^^^^

warning: fields `capacity`, `allocation`, `split`, `registration`, `left_pending`, and `right_pending` are never read
  --> src/../../../../src/ownership_proof/shared_protocol.rs:18:16
   |
17 | pub(crate) struct Status {
   |                   ------ fields in this struct
18 |     pub(crate) capacity: Int,
   |                ^^^^^^^^
19 |     pub(crate) allocation: Id,
   |                ^^^^^^^^^^
20 |     pub(crate) split: Int,
   |                ^^^^^
21 |     pub(crate) registration: Id,
   |                ^^^^^^^^^^^^
22 |     pub(crate) left_pending: bool,
   |                ^^^^^^^^^^^^
23 |     pub(crate) right_pending: bool,
   |                ^^^^^^^^^^^^^
   |
   = note: `Status` has a derived impl for the trait `Clone`, but this is intentionally ignored during dead code analysis

warning: fields `status`, `recovery`, `pool`, and `returned` are never read
  --> src/../../../../src/ownership_proof/shared_protocol.rs:27:5
   |
26 | pub(crate) struct State {
   |                   ----- fields in this struct
27 |     status: Status,
   |     ^^^^^^
28 |     recovery: Option<Recovery>,
   |     ^^^^^^^^
29 |     pool: Option<PhysicalPool>,
   |     ^^^^
30 |     returned: Option<Resource<RegistrationRA>>,
   |     ^^^^^^^^

warning: function `initialize` is never used
   --> src/../../../../src/ownership_proof/shared_protocol.rs:103:15
    |
103 | pub(crate) fn initialize(capacity: usize, split: usize, caps: Ghost<(Recovery, PhysicalRegion)>) -> Ghost<(Coordinator, Packet, Pac...
    |               ^^^^^^^^^^

warning: function `retire` is never used
   --> src/../../../../src/ownership_proof/shared_protocol.rs:135:15
    |
135 | pub(crate) fn retire(coordinator: Ghost<&mut Coordinator>, packet: Ghost<Packet>, left: bool) {
    |               ^^^^^^

warning: function `finish` is never used
   --> src/../../../../src/ownership_proof/shared_protocol.rs:162:15
    |
162 | pub(crate) fn finish(coordinator: Ghost<Coordinator>) -> Ghost<(Recovery, PhysicalRegion)> {
    |               ^^^^^^

warning: function `borrow_packet_mut` is never used
   --> src/../../../../src/ownership_proof/shared_protocol.rs:200:22
    |
200 | pub(crate) unsafe fn borrow_packet_mut<'a>(
    |                      ^^^^^^^^^^^^^^^^^

warning: function `borrow_packet_uninit_mut` is never used
   --> src/../../../../src/ownership_proof/shared_protocol.rs:237:22
    |
237 | pub(crate) unsafe fn borrow_packet_uninit_mut<'a>(
    |                      ^^^^^^^^^^^^^^^^^^^^^^^^

warning: function `borrow_packet` is never used
   --> src/../../../../src/ownership_proof/shared_protocol.rs:264:22
    |
264 | pub(crate) unsafe fn borrow_packet<'a>(
    |                      ^^^^^^^^^^^^^

warning: function `detach_bound_vec` is never used
  --> src/../../../../src/ownership_proof/bound_ptr.rs:43:15
   |
43 | pub(crate) fn detach_bound_vec(
   |               ^^^^^^^^^^^^^^^^

warning: function `into_raw_aligned` is never used
  --> src/../../../../src/ownership_proof/boxed_alignment.rs:13:15
   |
13 | pub(crate) fn into_raw_aligned<T>(value: Box<T>) -> (*mut T, Ghost<Box<Perm<*const T>>>) {
   |               ^^^^^^^^^^^^^^^^

warning: function `aligned_address_has_clear_low_bit` is never used
  --> src/../../../../src/ownership_proof/boxed_alignment.rs:23:15
   |
23 | pub(crate) fn aligned_address_has_clear_low_bit(address: usize, alignment: usize) {}
   |               ^^^^^^^^^^^^^^^^^^^^^^^^^^^^^^^^^

warning: fields `buffer`, `original_capacity_repr`, and `ref_count` are never read
  --> /tmp/bytes-advanced-check-target/debug/build/bytes-advanced-transactional-16454ff90572b5f4/out/actual_advanced.rs:30:5
   |
29 | struct Shared {
   |        ------ fields in this struct
30 |     buffer: SharedBuffer,
   |     ^^^^^^
31 |     original_capacity_repr: usize,
   |     ^^^^^^^^^^^^^^^^^^^^^^
...
35 |     ref_count: crate::ownership_proof::sequential_counter::SequentialCounter,
   |     ^^^^^^^^^

warning: fields `base` and `capacity` are never read
  --> /tmp/bytes-advanced-check-target/debug/build/bytes-advanced-transactional-16454ff90572b5f4/out/actual_advanced.rs:41:5
   |
37 | struct SharedBuffer {
   |        ------------ fields in this struct
...
41 |     base: crate::ownership_proof::raw_vec::BoundPtr,
   |     ^^^^
42 |     capacity: usize,
   |     ^^^^^^^^

warning: constant `KIND_ARC` is never used
  --> /tmp/bytes-advanced-check-target/debug/build/bytes-advanced-transactional-16454ff90572b5f4/out/actual_advanced.rs:44:7
   |
44 | const KIND_ARC: usize = 0b0;
   |       ^^^^^^^^

warning: constant `KIND_VEC` is never used
  --> /tmp/bytes-advanced-check-target/debug/build/bytes-advanced-transactional-16454ff90572b5f4/out/actual_advanced.rs:45:7
   |
45 | const KIND_VEC: usize = 0b1;
   |       ^^^^^^^^

warning: constant `KIND_MASK` is never used
  --> /tmp/bytes-advanced-check-target/debug/build/bytes-advanced-transactional-16454ff90572b5f4/out/actual_advanced.rs:46:7
   |
46 | const KIND_MASK: usize = 0b1;
   |       ^^^^^^^^^

warning: fields `pointer` and `identity` are never read
   --> /tmp/bytes-advanced-check-target/debug/build/bytes-advanced-transactional-16454ff90572b5f4/out/actual_advanced.rs:243:20
    |
242 |     pub(crate) struct ControlPtr {
    |                       ---------- fields in this struct
243 |         pub(super) pointer: *mut Shared,
    |                    ^^^^^^^
244 |         pub(super) identity: Ghost<Id>,
    |                    ^^^^^^^^
    |
    = note: `ControlPtr` has a derived impl for the trait `Clone`, but this is intentionally ignored during dead code analysis

warning: fields `registry`, `counter`, `owner`, and `status` are never read
   --> /tmp/bytes-advanced-check-target/debug/build/bytes-advanced-transactional-16454ff90572b5f4/out/actual_advanced.rs:247:20
    |
246 |     pub(crate) struct ControlContext {
    |                       -------------- fields in this struct
247 |         pub(super) registry: Option<Coordinator>,
    |                    ^^^^^^^^
248 |         pub(super) counter: Option<CounterOwn>,
    |                    ^^^^^^^
249 |         pub(super) owner: Option<Box<Perm<*const Shared>>>,
    |                    ^^^^^
250 |         pub(super) status: Snapshot<Status>,
    |                    ^^^^^^

warning: fields `counter`, `owner`, and `caps` are never read
   --> /tmp/bytes-advanced-check-target/debug/build/bytes-advanced-transactional-16454ff90572b5f4/out/actual_advanced.rs:278:20
    |
277 |     pub(super) struct PendingControl {
    |                       -------------- fields in this struct
278 |         pub(super) counter: CounterOwn,
    |                    ^^^^^^^
279 |         pub(super) owner: Box<Perm<*const Shared>>,
    |                    ^^^^^
280 |         pub(super) caps: (raw_vec::Recovery, raw_vec::PhysicalRegion),
    |                    ^^^^

warning: fields `control`, `status`, `packet`, and `left` are never read
   --> /tmp/bytes-advanced-check-target/debug/build/bytes-advanced-transactional-16454ff90572b5f4/out/actual_advanced.rs:300:20
    |
299 |     pub(super) struct HandleRegistration {
    |                       ------------------ fields in this struct
300 |         pub(super) control: ControlPtr,
    |                    ^^^^^^^
301 |         pub(super) status: Snapshot<Status>,
    |                    ^^^^^^
302 |         pub(super) packet: Packet,
    |                    ^^^^^^
303 |         pub(super) left: bool,
    |                    ^^^^

warning: function `activate` is never used
   --> /tmp/bytes-advanced-check-target/debug/build/bytes-advanced-transactional-16454ff90572b5f4/out/actual_advanced.rs:362:19
    |
362 |     pub(super) fn activate(pointer: *mut Shared, base: BoundPtr, capacity: usize, split: usize,
    |                   ^^^^^^^^

warning: function `new` is never used
   --> /tmp/bytes-advanced-check-target/debug/build/bytes-advanced-transactional-16454ff90572b5f4/out/actual_advanced.rs:391:8
    |
391 |     fn new(input: Vec<u8>, split: usize) -> (ControlPtr, Ghost<ControlContext>, Ghost<Packet>, Ghost<Packet>) {
    |        ^^^

warning: function `release` is never used
   --> /tmp/bytes-advanced-check-target/debug/build/bytes-advanced-transactional-16454ff90572b5f4/out/actual_advanced.rs:428:19
    |
428 |     pub(super) fn release(control: ControlPtr, mut context: Ghost<&mut ControlContext>, packet: Ghost<Packet>, left: bool) -> bool {
    |                   ^^^^^^^

warning: function `release_left_then_right` is never used
   --> /tmp/bytes-advanced-check-target/debug/build/bytes-advanced-transactional-16454ff90572b5f4/out/actual_advanced.rs:472:19
    |
472 |     pub(crate) fn release_left_then_right(input: Vec<u8>, split: usize) {
    |                   ^^^^^^^^^^^^^^^^^^^^^^^

warning: function `release_right_then_left` is never used
   --> /tmp/bytes-advanced-check-target/debug/build/bytes-advanced-transactional-16454ff90572b5f4/out/actual_advanced.rs:481:19
    |
481 |     pub(crate) fn release_right_then_left(input: Vec<u8>, split: usize) {
    |                   ^^^^^^^^^^^^^^^^^^^^^^^

warning: `bytes-advanced-transactional` (lib) generated 88 warnings (run `cargo fix --lib -p bytes-advanced-transactional` to apply 25 suggestions)
    Finished `dev` profile [unoptimized + debuginfo] target(s) in 0.36s
