     Removed 22 files, 9.5MiB total
   Compiling bytes-advanced-transactional v0.1.0 (/workspace/rust-crate-proofs/bytes/1.11.1/verification/probes/advanced-transactional)
warning: unused imports: `bound_ptr`, `boxed_alignment`, and `owned_region`
  --> src/lib.rs:23:28
   |
23 |     pub(crate) use crate::{bound_ptr, boxed_alignment, owned_region, raw_vec, sequential_counter, shared_protocol};
   |                            ^^^^^^^^^  ^^^^^^^^^^^^^^^  ^^^^^^^^^^^^
   |
   = note: `#[warn(unused_imports)]` (part of `#[warn(unused)]`) on by default

warning: unused imports: `AtomicUsize` and `Ordering`
 --> /workspace/bytes-proof-tools/targets/bytes/debug/build/bytes-advanced-transactional-11baaa04359f0295/out/actual_advanced.rs:4:26
  |
4 | use core::sync::atomic::{AtomicUsize, Ordering};
  |                          ^^^^^^^^^^^  ^^^^^^^^

warning: unused import: `original_capacity_to_repr`
 --> /workspace/bytes-proof-tools/targets/bytes/debug/build/bytes-advanced-transactional-11baaa04359f0295/out/actual_advanced.rs:6:27
  |
6 | use crate::capacity_ops::{original_capacity_to_repr, MAX_VEC_POS};
  |                           ^^^^^^^^^^^^^^^^^^^^^^^^^

warning: unused import: `prelude`
   --> /workspace/bytes-proof-tools/targets/bytes/debug/build/bytes-advanced-transactional-11baaa04359f0295/out/actual_advanced.rs:336:53
    |
336 |     use creusot_std::{ghost::perm::Perm, logic::Id, prelude::*};
    |                                                     ^^^^^^^

warning: unused variable: `base`
   --> src/../../../../src/ownership_proof/raw_vec.rs:928:25
    |
928 |     let RawAllocation { base, capacity, namespace: _, _not_objective: _ } = raw;
    |                         ^^^^ help: try ignoring the field: `base: _`
    |
    = note: `#[warn(unused_variables)]` (part of `#[warn(unused)]`) on by default

warning: unused variable: `capacity`
   --> src/../../../../src/ownership_proof/raw_vec.rs:928:31
    |
928 |     let RawAllocation { base, capacity, namespace: _, _not_objective: _ } = raw;
    |                               ^^^^^^^^ help: try ignoring the field: `capacity: _`

warning: unused variable: `base`
   --> src/../../../../src/ownership_proof/raw_vec.rs:964:9
    |
964 |     let base = bound.as_ptr();
    |         ^^^^ help: if this is intentional, prefix it with an underscore: `_base`

warning: constant `KIND_VEC` is never used
  --> src/../../../../src/capacity_ops.rs:25:18
   |
25 | pub(crate) const KIND_VEC: usize = 0b1;
   |                  ^^^^^^^^
   |
   = note: `#[warn(dead_code)]` (part of `#[warn(unused)]`) on by default

warning: constant `VEC_POS_OFFSET` is never used
  --> src/../../../../src/capacity_ops.rs:28:18
   |
28 | pub(crate) const VEC_POS_OFFSET: usize = 5;
   |                  ^^^^^^^^^^^^^^

warning: constant `NOT_VEC_POS_MASK` is never used
  --> src/../../../../src/capacity_ops.rs:29:18
   |
29 | pub(crate) const NOT_VEC_POS_MASK: usize = 0b11111;
   |                  ^^^^^^^^^^^^^^^^

warning: constant `MAX_VEC_POS` is never used
  --> src/../../../../src/capacity_ops.rs:30:18
   |
30 | pub(crate) const MAX_VEC_POS: usize = usize::MAX >> VEC_POS_OFFSET;
   |                  ^^^^^^^^^^^

warning: function `pack_vec_metadata` is never used
   --> src/../../../../src/capacity_ops.rs:117:15
    |
117 | pub(crate) fn pack_vec_metadata(repr: usize) -> usize {
    |               ^^^^^^^^^^^^^^^^^

warning: function `original_capacity_repr_from_data` is never used
   --> src/../../../../src/capacity_ops.rs:125:15
    |
125 | pub(crate) fn original_capacity_repr_from_data(data: usize) -> usize {
    |               ^^^^^^^^^^^^^^^^^^^^^^^^^^^^^^^^

warning: function `vec_pos_from_data` is never used
   --> src/../../../../src/capacity_ops.rs:132:15
    |
132 | pub(crate) fn vec_pos_from_data(data: usize) -> usize {
    |               ^^^^^^^^^^^^^^^^^

warning: function `set_vec_pos_in_data` is never used
   --> src/../../../../src/capacity_ops.rs:143:15
    |
143 | pub(crate) fn set_vec_pos_in_data(data: usize, pos: usize) -> usize {
    |               ^^^^^^^^^^^^^^^^^^^

warning: function `pointer_addr_eq` is never used
  --> src/../../../../src/provenance_specs.rs:19:15
   |
19 | pub(crate) fn pointer_addr_eq<T>(left: *const T, right: *const T) -> bool {
   |               ^^^^^^^^^^^^^^^

warning: function `pointer_addr` is never used
  --> src/../../../../src/provenance_specs.rs:51:15
   |
51 | pub(crate) fn pointer_addr<T>(ptr: *const T) -> usize {
   |               ^^^^^^^^^^^^

warning: function `wrapping_offset` is never used
  --> src/../../../../src/provenance_specs.rs:75:15
   |
75 | pub(crate) fn wrapping_offset(ptr: *mut u8, offset: usize) -> *mut u8 {
   |               ^^^^^^^^^^^^^^^

warning: function `pointer_with_address` is never used
  --> src/../../../../src/provenance_specs.rs:86:15
   |
86 | pub(crate) fn pointer_with_address(ptr: *mut u8, new_addr: usize) -> *mut u8 {
   |               ^^^^^^^^^^^^^^^^^^^^

warning: function `metadata_pointer` is never used
  --> src/../../../../src/provenance_specs.rs:96:15
   |
96 | pub(crate) fn metadata_pointer(addr: usize) -> *mut u8 {
   |               ^^^^^^^^^^^^^^^^

warning: type alias `KernelRA` is never used
  --> src/../../../../src/ownership_proof/owned_region.rs:20:17
   |
20 | pub(crate) type KernelRA = (Option<Excl<()>>, FMap<Int, Excl<Option<u8>>>);
   |                 ^^^^^^^^

warning: type alias `SlotMap` is never used
  --> src/../../../../src/ownership_proof/owned_region.rs:23:17
   |
23 | pub(crate) type SlotMap = FMap<Int, Excl<Option<u8>>>;
   |                 ^^^^^^^

warning: function `map_compose_eq` is never used
  --> src/../../../../src/ownership_proof/owned_region.rs:32:15
   |
32 | pub(crate) fn map_compose_eq(
   |               ^^^^^^^^^^^^^^

warning: function `map_op_get` is never used
  --> src/../../../../src/ownership_proof/owned_region.rs:47:15
   |
47 | pub(crate) fn map_op_get(
   |               ^^^^^^^^^^

warning: struct `OwnedRegion` is never constructed
  --> src/../../../../src/ownership_proof/owned_region.rs:66:19
   |
66 | pub(crate) struct OwnedRegion {
   |                   ^^^^^^^^^^^

warning: multiple associated items are never used
   --> src/../../../../src/ownership_proof/owned_region.rs:108:19
    |
 95 | impl OwnedRegion {
    | ---------------- associated items in this implementation
...
108 |     pub(crate) fn from_model_ledger(lo: Int, hi: Int, resource: Resource<KernelRA>) -> Self {
    |                   ^^^^^^^^^^^^^^^^^
...
125 |     pub(crate) fn into_parts(self) -> (Int, Int, Resource<KernelRA>) {
    |                   ^^^^^^^^^^
...
131 |     pub(crate) fn lo(self) -> Int {
    |                   ^^
...
137 |     pub(crate) fn hi(self) -> Int {
    |                   ^^
...
143 |     pub(crate) fn resource_id(self) -> Id {
    |                   ^^^^^^^^^^^
...
149 |     pub(crate) fn slots(self) -> FMap<Int, Excl<Option<u8>>> {
    |                   ^^^^^
...
156 |     pub(crate) fn slot(self, index: Int) -> Option<Option<u8>> {
    |                   ^^^^
...
167 |     fn restrict(
    |        ^^^^^^^^
...
192 |     pub(crate) fn split_at(self, at: Int) -> (Self, Self) {
    |                   ^^^^^^^^
...
243 |     pub(crate) fn join(self, other: Self) -> Self {
    |                   ^^^^

warning: struct `AllocationDesc` is never constructed
  --> src/../../../../src/ownership_proof/raw_vec.rs:34:8
   |
34 | struct AllocationDesc {
   |        ^^^^^^^^^^^^^^

warning: function `slots_from_vec` is never used
  --> src/../../../../src/ownership_proof/raw_vec.rs:50:4
   |
50 | fn slots_from_vec(contents: Seq<u8>, capacity: Int) -> SlotMap {
   |    ^^^^^^^^^^^^^^

warning: function `slots_grown` is never used
  --> src/../../../../src/ownership_proof/raw_vec.rs:72:4
   |
72 | fn slots_grown(old: SlotMap, old_capacity: Int, capacity: Int) -> SlotMap {
   |    ^^^^^^^^^^^

warning: function `reallocate_bound` is never used
   --> src/../../../../src/ownership_proof/raw_vec.rs:103:22
    |
103 | pub(crate) unsafe fn reallocate_bound(base: BoundPtr, old_capacity: usize, capacity: usize,
    |                      ^^^^^^^^^^^^^^^^

warning: struct `RawAllocation` is never constructed
   --> src/../../../../src/ownership_proof/raw_vec.rs:136:19
    |
136 | pub(crate) struct RawAllocation {
    |                   ^^^^^^^^^^^^^

warning: methods `base_address`, `capacity`, and `namespace` are never used
   --> src/../../../../src/ownership_proof/raw_vec.rs:165:12
    |
162 | impl RawAllocation {
    | ------------------ methods in this implementation
...
165 |     pub fn base_address(self) -> Int {
    |            ^^^^^^^^^^^^
...
171 |     pub(crate) fn capacity(self) -> Int {
    |                   ^^^^^^^^
...
177 |     pub(crate) fn namespace(self) -> Id {
    |                   ^^^^^^^^^

warning: struct `BoundPtrBinding` is never constructed
   --> src/../../../../src/ownership_proof/raw_vec.rs:186:8
    |
186 | struct BoundPtrBinding {
    |        ^^^^^^^^^^^^^^^

warning: struct `BoundPtr` is never constructed
   --> src/../../../../src/ownership_proof/raw_vec.rs:198:19
    |
198 | pub(crate) struct BoundPtr {
    |                   ^^^^^^^^

warning: multiple associated items are never used
   --> src/../../../../src/ownership_proof/raw_vec.rs:245:12
    |
241 | impl BoundPtr {
    | ------------- associated items in this implementation
...
245 |     pub fn current_address(self) -> Int {
    |            ^^^^^^^^^^^^^^^
...
252 |     pub(crate) fn unbound(pointer: NonNull<u8>) -> Self {
    |                   ^^^^^^^
...
266 |     pub(crate) fn as_ptr(&self) -> *mut u8 {
    |                   ^^^^^^
...
273 |     pub(crate) fn as_non_null(&self) -> NonNull<u8> {
    |                   ^^^^^^^^^^^
...
296 |     pub(crate) fn offset_from_bound_base(&self, base: Self) -> usize {
    |                   ^^^^^^^^^^^^^^^^^^^^^^
...
308 |     pub(crate) fn retreat_within(&self, count: usize) -> Self {
    |                   ^^^^^^^^^^^^^^
...
354 |     pub(crate) fn advance_within(&self, count: usize) -> Self {
    |                   ^^^^^^^^^^^^^^

warning: method `into_bound_ptr_at_zero` is never used
   --> src/../../../../src/ownership_proof/raw_vec.rs:402:19
    |
391 | impl RawAllocation {
    | ------------------ method in this implementation
...
402 |     pub(crate) fn into_bound_ptr_at_zero(self) -> (BoundPtr, usize) {
    |                   ^^^^^^^^^^^^^^^^^^^^^^

warning: struct `Recovery` is never constructed
   --> src/../../../../src/ownership_proof/raw_vec.rs:430:19
    |
430 | pub(crate) struct Recovery {
    |                   ^^^^^^^^

warning: methods `namespace`, `capacity`, and `invariant` are never used
   --> src/../../../../src/ownership_proof/raw_vec.rs:450:19
    |
448 | impl Recovery {
    | ------------- methods in this implementation
449 |     #[logic(open)]
450 |     pub(crate) fn namespace(self) -> Id {
    |                   ^^^^^^^^^
...
455 |     pub(crate) fn capacity(self) -> Int {
    |                   ^^^^^^^^
...
460 |     pub(crate) fn invariant(self) -> bool {
    |                   ^^^^^^^^^

warning: struct `PhysicalRegion` is never constructed
   --> src/../../../../src/ownership_proof/raw_vec.rs:472:19
    |
472 | pub(crate) struct PhysicalRegion {
    |                   ^^^^^^^^^^^^^^

warning: multiple methods are never used
   --> src/../../../../src/ownership_proof/raw_vec.rs:504:19
    |
502 | impl PhysicalRegion {
    | ------------------- methods in this implementation
503 |     #[logic(open)]
504 |     pub(crate) fn lo(self) -> Int {
    |                   ^^
...
509 |     pub(crate) fn hi(self) -> Int {
    |                   ^^
...
514 |     pub(crate) fn namespace(self) -> Id {
    |                   ^^^^^^^^^
...
519 |     pub(crate) fn capacity(self) -> Int {
    |                   ^^^^^^^^
...
524 |     pub(crate) fn resource_id(self) -> Id {
    |                   ^^^^^^^^^^^
...
529 |     pub(crate) fn slot(self, index: Int) -> Option<Option<u8>> {
    |                   ^^^^
...
558 |     pub(crate) fn split_at(self, at: Int) -> (Self, Self) {
    |                   ^^^^^^^^
...
588 |     pub(crate) fn join(self, other: Self) -> Self {
    |                   ^^^^

warning: struct `PhysicalPool` is never constructed
   --> src/../../../../src/ownership_proof/raw_vec.rs:602:19
    |
602 | pub(crate) struct PhysicalPool {
    |                   ^^^^^^^^^^^^

warning: multiple associated items are never used
   --> src/../../../../src/ownership_proof/raw_vec.rs:635:19
    |
633 | impl PhysicalPool {
    | ----------------- associated items in this implementation
634 |     #[logic(open)]
635 |     pub(crate) fn capacity(self) -> Int {
    |                   ^^^^^^^^
...
640 |     pub(crate) fn namespace(self) -> Id {
    |                   ^^^^^^^^^
...
645 |     pub(crate) fn resource_id(self) -> Id {
    |                   ^^^^^^^^^^^
...
650 |     pub(crate) fn contains(self, index: Int) -> bool {
    |                   ^^^^^^^^
...
655 |     pub(crate) fn slot(self, index: Int) -> Option<Option<u8>> {
    |                   ^^^^
...
669 |     fn kernel_unit_is_empty() {
    |        ^^^^^^^^^^^^^^^^^^^^
...
695 |     pub(crate) fn empty_from(region: &PhysicalRegion) -> Self {
    |                   ^^^^^^^^^^
...
728 |     pub(crate) fn retire(self, region: PhysicalRegion) -> Self {
    |                   ^^^^^^
...
764 |     pub(crate) fn finish(self, lo: Int) -> PhysicalRegion {
    |                   ^^^^^^

warning: function `detach_vec` is never used
   --> src/../../../../src/ownership_proof/raw_vec.rs:805:15
    |
805 | pub(crate) fn detach_vec(
    |               ^^^^^^^^^^

warning: function `resume_vec` is never used
   --> src/../../../../src/ownership_proof/raw_vec.rs:888:22
    |
888 | pub(crate) unsafe fn resume_vec(
    |                      ^^^^^^^^^^

warning: function `deallocate_vec` is never used
   --> src/../../../../src/ownership_proof/raw_vec.rs:924:22
    |
924 | pub(crate) unsafe fn deallocate_vec(
    |                      ^^^^^^^^^^^^^^

warning: function `deallocate_bound_vec` is never used
   --> src/../../../../src/ownership_proof/raw_vec.rs:959:22
    |
959 | pub(crate) unsafe fn deallocate_bound_vec(
    |                      ^^^^^^^^^^^^^^^^^^^^

warning: function `borrow_mut` is never used
    --> src/../../../../src/ownership_proof/raw_vec.rs:1008:22
     |
1008 | pub(crate) unsafe fn borrow_mut<'a>(
     |                      ^^^^^^^^^^

warning: function `slot_known` is never used
    --> src/../../../../src/ownership_proof/raw_vec.rs:1024:15
     |
1024 | pub(crate) fn slot_known(slot: Option<Option<u8>>) -> bool {
     |               ^^^^^^^^^^

warning: function `slot_known_equivalence` is never used
    --> src/../../../../src/ownership_proof/raw_vec.rs:1030:15
     |
1030 | pub(crate) fn slot_known_equivalence(slot: Option<Option<u8>>) {}
     |               ^^^^^^^^^^^^^^^^^^^^^^

warning: function `borrow_bound_mut` is never used
    --> src/../../../../src/ownership_proof/raw_vec.rs:1069:22
     |
1069 | pub(crate) unsafe fn borrow_bound_mut<'a>(
     |                      ^^^^^^^^^^^^^^^^

warning: function `borrow_bound_uninit_mut` is never used
    --> src/../../../../src/ownership_proof/raw_vec.rs:1109:22
     |
1109 | pub(crate) unsafe fn borrow_bound_uninit_mut<'a>(
     |                      ^^^^^^^^^^^^^^^^^^^^^^^

warning: function `borrow_spare_preserving_prefix` is never used
    --> src/../../../../src/ownership_proof/raw_vec.rs:1147:22
     |
1147 | pub(crate) unsafe fn borrow_spare_preserving_prefix<'a>(
     |                      ^^^^^^^^^^^^^^^^^^^^^^^^^^^^^^

warning: function `borrow_bound` is never used
    --> src/../../../../src/ownership_proof/raw_vec.rs:1173:22
     |
1173 | pub(crate) unsafe fn borrow_bound<'a>(
     |                      ^^^^^^^^^^^^

warning: function `borrow_empty_bound` is never used
    --> src/../../../../src/ownership_proof/raw_vec.rs:1187:22
     |
1187 | pub(crate) unsafe fn borrow_empty_bound<'a>(bound: &'a BoundPtr) -> &'a [u8] {
     |                      ^^^^^^^^^^^^^^^^^^

warning: function `borrow_empty_bound_mut` is never used
    --> src/../../../../src/ownership_proof/raw_vec.rs:1196:22
     |
1196 | pub(crate) unsafe fn borrow_empty_bound_mut<'a>(bound: &'a BoundPtr) -> &'a mut [u8] {
     |                      ^^^^^^^^^^^^^^^^^^^^^^

warning: function `borrow_empty_bound_uninit_mut` is never used
    --> src/../../../../src/ownership_proof/raw_vec.rs:1204:22
     |
1204 | pub(crate) unsafe fn borrow_empty_bound_uninit_mut<'a>(
     |                      ^^^^^^^^^^^^^^^^^^^^^^^^^^^^^

warning: struct `SequentialCounter` is never constructed
  --> src/../../../../src/ownership_proof/sequential_counter.rs:20:19
   |
20 | pub(crate) struct SequentialCounter {
   |                   ^^^^^^^^^^^^^^^^^

warning: struct `CounterOwn` is never constructed
  --> src/../../../../src/ownership_proof/sequential_counter.rs:26:19
   |
26 | pub(crate) struct CounterOwn {
   |                   ^^^^^^^^^^

warning: associated items `new`, `fetch_add_relaxed`, `fetch_sub_release`, and `load_acquire` are never used
  --> src/../../../../src/ownership_proof/sequential_counter.rs:48:19
   |
43 | impl SequentialCounter {
   | ---------------------- associated items in this implementation
...
48 |     pub(crate) fn new(value: usize) -> (Self, Ghost<CounterOwn>) {
   |                   ^^^
...
66 |     pub(crate) fn fetch_add_relaxed(&self, amount: usize, own: Ghost<&mut CounterOwn>) -> usize {
   |                   ^^^^^^^^^^^^^^^^^
...
79 |     pub(crate) fn fetch_sub_release(&self, amount: usize, own: Ghost<&mut CounterOwn>) -> usize {
   |                   ^^^^^^^^^^^^^^^^^
...
89 |     pub(crate) fn load_acquire(&self, own: Ghost<&CounterOwn>) -> usize {
   |                   ^^^^^^^^^^^^

warning: type alias `RegistrationRA` is never used
 --> src/../../../../src/ownership_proof/shared_protocol.rs:9:6
  |
9 | type RegistrationRA = (Option<Excl<()>>, Option<Excl<()>>);
  |      ^^^^^^^^^^^^^^

warning: struct `Ticket` is never constructed
  --> src/../../../../src/ownership_proof/shared_protocol.rs:11:19
   |
11 | pub(crate) struct Ticket {
   |                   ^^^^^^

warning: struct `Status` is never constructed
  --> src/../../../../src/ownership_proof/shared_protocol.rs:17:19
   |
17 | pub(crate) struct Status {
   |                   ^^^^^^

warning: struct `State` is never constructed
  --> src/../../../../src/ownership_proof/shared_protocol.rs:26:19
   |
26 | pub(crate) struct State {
   |                   ^^^^^

warning: type alias `Coordinator` is never used
  --> src/../../../../src/ownership_proof/shared_protocol.rs:33:17
   |
33 | pub(crate) type Coordinator = NonAtomicInvariant<State>;
   |                 ^^^^^^^^^^^

warning: type alias `Packet` is never used
  --> src/../../../../src/ownership_proof/shared_protocol.rs:34:17
   |
34 | pub(crate) type Packet = (Ticket, PhysicalRegion);
   |                 ^^^^^^

warning: function `ticket_value` is never used
  --> src/../../../../src/ownership_proof/shared_protocol.rs:37:4
   |
37 | fn ticket_value(left: bool) -> RegistrationRA {
   |    ^^^^^^^^^^^^

warning: function `packet_matches` is never used
  --> src/../../../../src/ownership_proof/shared_protocol.rs:42:15
   |
42 | pub(crate) fn packet_matches(packet: Packet, allocation: Id, capacity: Int, split: Int, registration: Id, left: bool) -> bool {
   |               ^^^^^^^^^^^^^^

warning: function `initialize` is never used
   --> src/../../../../src/ownership_proof/shared_protocol.rs:103:15
    |
103 | pub(crate) fn initialize(capacity: usize, split: usize, caps: Ghost<(Recovery, PhysicalRegion)>) -> Ghost<(Coordinator, Packet, Pac...
    |               ^^^^^^^^^^

warning: function `retire` is never used
   --> src/../../../../src/ownership_proof/shared_protocol.rs:135:15
    |
135 | pub(crate) fn retire(coordinator: Ghost<&mut Coordinator>, packet: Ghost<Packet>, left: bool) {
    |               ^^^^^^

warning: function `finish` is never used
   --> src/../../../../src/ownership_proof/shared_protocol.rs:162:15
    |
162 | pub(crate) fn finish(coordinator: Ghost<Coordinator>) -> Ghost<(Recovery, PhysicalRegion)> {
    |               ^^^^^^

warning: function `borrow_packet_mut` is never used
   --> src/../../../../src/ownership_proof/shared_protocol.rs:200:22
    |
200 | pub(crate) unsafe fn borrow_packet_mut<'a>(
    |                      ^^^^^^^^^^^^^^^^^

warning: function `borrow_packet_uninit_mut` is never used
   --> src/../../../../src/ownership_proof/shared_protocol.rs:237:22
    |
237 | pub(crate) unsafe fn borrow_packet_uninit_mut<'a>(
    |                      ^^^^^^^^^^^^^^^^^^^^^^^^

warning: function `borrow_packet` is never used
   --> src/../../../../src/ownership_proof/shared_protocol.rs:264:22
    |
264 | pub(crate) unsafe fn borrow_packet<'a>(
    |                      ^^^^^^^^^^^^^

warning: function `detach_bound_vec` is never used
  --> src/../../../../src/ownership_proof/bound_ptr.rs:43:15
   |
43 | pub(crate) fn detach_bound_vec(
   |               ^^^^^^^^^^^^^^^^

warning: function `into_raw_aligned` is never used
  --> src/../../../../src/ownership_proof/boxed_alignment.rs:13:15
   |
13 | pub(crate) fn into_raw_aligned<T>(value: Box<T>) -> (*mut T, Ghost<Box<Perm<*const T>>>) {
   |               ^^^^^^^^^^^^^^^^

warning: function `aligned_address_has_clear_low_bit` is never used
  --> src/../../../../src/ownership_proof/boxed_alignment.rs:23:15
   |
23 | pub(crate) fn aligned_address_has_clear_low_bit(address: usize, alignment: usize) {}
   |               ^^^^^^^^^^^^^^^^^^^^^^^^^^^^^^^^^

warning: struct `BytesMut` is never constructed
 --> /workspace/bytes-proof-tools/targets/bytes/debug/build/bytes-advanced-transactional-11baaa04359f0295/out/actual_advanced.rs:7:12
  |
7 | pub struct BytesMut {
  |            ^^^^^^^^

warning: struct `Shared` is never constructed
  --> /workspace/bytes-proof-tools/targets/bytes/debug/build/bytes-advanced-transactional-11baaa04359f0295/out/actual_advanced.rs:29:8
   |
29 | struct Shared {
   |        ^^^^^^

warning: struct `SharedBuffer` is never constructed
  --> /workspace/bytes-proof-tools/targets/bytes/debug/build/bytes-advanced-transactional-11baaa04359f0295/out/actual_advanced.rs:37:8
   |
37 | struct SharedBuffer {
   |        ^^^^^^^^^^^^

warning: constant `KIND_ARC` is never used
  --> /workspace/bytes-proof-tools/targets/bytes/debug/build/bytes-advanced-transactional-11baaa04359f0295/out/actual_advanced.rs:44:7
   |
44 | const KIND_ARC: usize = 0b0;
   |       ^^^^^^^^

warning: constant `KIND_VEC` is never used
  --> /workspace/bytes-proof-tools/targets/bytes/debug/build/bytes-advanced-transactional-11baaa04359f0295/out/actual_advanced.rs:45:7
   |
45 | const KIND_VEC: usize = 0b1;
   |       ^^^^^^^^

warning: constant `KIND_MASK` is never used
  --> /workspace/bytes-proof-tools/targets/bytes/debug/build/bytes-advanced-transactional-11baaa04359f0295/out/actual_advanced.rs:46:7
   |
46 | const KIND_MASK: usize = 0b1;
   |       ^^^^^^^^^

warning: function `invalid_ptr` is never used
  --> /workspace/bytes-proof-tools/targets/bytes/debug/build/bytes-advanced-transactional-11baaa04359f0295/out/actual_advanced.rs:49:4
   |
49 | fn invalid_ptr<T>(addr: usize) -> *mut T {
   |    ^^^^^^^^^^^

warning: multiple methods are never used
   --> /workspace/bytes-proof-tools/targets/bytes/debug/build/bytes-advanced-transactional-11baaa04359f0295/out/actual_advanced.rs:67:19
    |
 64 | impl BytesMut {
    | ------------- methods in this implementation
...
 67 |     pub(crate) fn proof_view_slot(self, index: Int) -> Option<Option<u8>> {
    |                   ^^^^^^^^^^^^^^^
...
 80 |     pub(crate) fn proof_owned_slot(self, index: Int) -> Option<Option<u8>> {
    |                   ^^^^^^^^^^^^^^^^
...
 93 |     pub(crate) fn proof_unique_slot(self, index: Int) -> Option<Option<u8>> {
    |                   ^^^^^^^^^^^^^^^^^
...
103 |     fn proof_empty_valid(self) -> bool {
    |        ^^^^^^^^^^^^^^^^^
...
113 |     fn proof_owned_valid(self) -> bool {
    |        ^^^^^^^^^^^^^^^^^
...
120 |     fn proof_initialized(self) -> bool {
    |        ^^^^^^^^^^^^^^^^^
...
129 |     fn proof_registered_valid(self) -> bool {
    |        ^^^^^^^^^^^^^^^^^^^^^^
...
149 |     fn proof_unique_owned(self) -> bool {
    |        ^^^^^^^^^^^^^^^^^^
...
184 |     pub(crate) fn advance_transactionally(&mut self, count: usize) {
    |                   ^^^^^^^^^^^^^^^^^^^^^^^

warning: struct `RawTransition` is never constructed
   --> /workspace/bytes-proof-tools/targets/bytes/debug/build/bytes-advanced-transactional-11baaa04359f0295/out/actual_advanced.rs:203:8
    |
203 | struct RawTransition {
    |        ^^^^^^^^^^^^^

warning: associated items `proof_view_slot`, `proof_owned_slot`, `proof_unique_owned`, `proof_initialized`, `from_valid`, and `advance_to_valid` are never used
   --> /workspace/bytes-proof-tools/targets/bytes/debug/build/bytes-advanced-transactional-11baaa04359f0295/out/actual_advanced.rs:217:8
    |
214 | impl RawTransition {
    | ------------------ associated items in this implementation
...
217 |     fn proof_view_slot(self, index: Int) -> Option<Option<u8>> {
    |        ^^^^^^^^^^^^^^^
...
231 |     fn proof_owned_slot(self, index: Int) -> Option<Option<u8>> {
    |        ^^^^^^^^^^^^^^^^
...
245 |     fn proof_unique_owned(self) -> bool {
    |        ^^^^^^^^^^^^^^^^^^
...
271 |     fn proof_initialized(self) -> bool {
    |        ^^^^^^^^^^^^^^^^^
...
285 |     fn from_valid(value: BytesMut) -> Self {
    |        ^^^^^^^^^^
...
316 |     fn advance_to_valid(self, count: usize) -> BytesMut {
    |        ^^^^^^^^^^^^^^^^

warning: struct `ControlPtr` is never constructed
   --> /workspace/bytes-proof-tools/targets/bytes/debug/build/bytes-advanced-transactional-11baaa04359f0295/out/actual_advanced.rs:340:23
    |
340 |     pub(crate) struct ControlPtr {
    |                       ^^^^^^^^^^

warning: struct `ControlContext` is never constructed
   --> /workspace/bytes-proof-tools/targets/bytes/debug/build/bytes-advanced-transactional-11baaa04359f0295/out/actual_advanced.rs:344:23
    |
344 |     pub(crate) struct ControlContext {
    |                       ^^^^^^^^^^^^^^

warning: methods `valid` and `active` are never used
   --> /workspace/bytes-proof-tools/targets/bytes/debug/build/bytes-advanced-transactional-11baaa04359f0295/out/actual_advanced.rs:352:23
    |
350 |     impl ControlContext {
    |     ------------------- methods in this implementation
351 |         #[logic(open(super), prophetic)]
352 |         pub(super) fn valid(self, control: ControlPtr) -> bool {
    |                       ^^^^^
...
370 |         pub(super) fn active(self) -> bool { pearlite! { self.registry != None } }
    |                       ^^^^^^

warning: struct `PendingControl` is never constructed
   --> /workspace/bytes-proof-tools/targets/bytes/debug/build/bytes-advanced-transactional-11baaa04359f0295/out/actual_advanced.rs:375:23
    |
375 |     pub(super) struct PendingControl {
    |                       ^^^^^^^^^^^^^^

warning: method `valid` is never used
   --> /workspace/bytes-proof-tools/targets/bytes/debug/build/bytes-advanced-transactional-11baaa04359f0295/out/actual_advanced.rs:382:23
    |
380 |     impl PendingControl {
    |     ------------------- method in this implementation
381 |         #[logic(open(super), prophetic)]
382 |         pub(super) fn valid(self, pointer: *mut Shared, base: BoundPtr, capacity: usize) -> bool {
    |                       ^^^^^

warning: struct `HandleRegistration` is never constructed
   --> /workspace/bytes-proof-tools/targets/bytes/debug/build/bytes-advanced-transactional-11baaa04359f0295/out/actual_advanced.rs:397:23
    |
397 |     pub(super) struct HandleRegistration {
    |                       ^^^^^^^^^^^^^^^^^^

warning: methods `view_lo`, `view_hi`, `valid`, `same_registration`, and `matches` are never used
   --> /workspace/bytes-proof-tools/targets/bytes/debug/build/bytes-advanced-transactional-11baaa04359f0295/out/actual_advanced.rs:405:23
    |
403 |     impl HandleRegistration {
    |     ----------------------- methods in this implementation
404 |         #[logic(open(super))]
405 |         pub(super) fn view_lo(self) -> Int {
    |                       ^^^^^^^
...
409 |         pub(super) fn view_hi(self) -> Int {
    |                       ^^^^^^^
...
414 |         pub(super) fn valid(self) -> bool {
    |                       ^^^^^
...
419 |         pub(super) fn same_registration(self, other: Self) -> bool {
    |                       ^^^^^^^^^^^^^^^^^
...
429 |         pub(super) fn matches(self, context: ControlContext) -> bool {
    |                       ^^^^^^^

warning: function `activate` is never used
   --> /workspace/bytes-proof-tools/targets/bytes/debug/build/bytes-advanced-transactional-11baaa04359f0295/out/actual_advanced.rs:460:19
    |
460 |     pub(super) fn activate(pointer: *mut Shared, base: BoundPtr, capacity: usize, split: usize,
    |                   ^^^^^^^^

warning: function `new` is never used
   --> /workspace/bytes-proof-tools/targets/bytes/debug/build/bytes-advanced-transactional-11baaa04359f0295/out/actual_advanced.rs:489:8
    |
489 |     fn new(input: Vec<u8>, split: usize) -> (ControlPtr, Ghost<ControlContext>, Ghost<Packet>, Ghost<Packet>) {
    |        ^^^

warning: function `release` is never used
   --> /workspace/bytes-proof-tools/targets/bytes/debug/build/bytes-advanced-transactional-11baaa04359f0295/out/actual_advanced.rs:526:19
    |
526 |     pub(super) fn release(control: ControlPtr, mut context: Ghost<&mut ControlContext>, packet: Ghost<Packet>, left: bool) -> bool {
    |                   ^^^^^^^

warning: function `release_left_then_right` is never used
   --> /workspace/bytes-proof-tools/targets/bytes/debug/build/bytes-advanced-transactional-11baaa04359f0295/out/actual_advanced.rs:570:19
    |
570 |     pub(crate) fn release_left_then_right(input: Vec<u8>, split: usize) {
    |                   ^^^^^^^^^^^^^^^^^^^^^^^

warning: function `release_right_then_left` is never used
   --> /workspace/bytes-proof-tools/targets/bytes/debug/build/bytes-advanced-transactional-11baaa04359f0295/out/actual_advanced.rs:579:19
    |
579 |     pub(crate) fn release_right_then_left(input: Vec<u8>, split: usize) {
    |                   ^^^^^^^^^^^^^^^^^^^^^^^

warning: `bytes-advanced-transactional` (lib) generated 98 warnings (run `cargo fix --lib -p bytes-advanced-transactional` to apply 6 suggestions)
    Finished `dev` profile [unoptimized + debuginfo] target(s) in 2.37s
No dangling files found
Proved (3 files) ✔
