Bytes truncate/clear non-promotable metadata subset: one prover; no sc-drf
     Removed 19 files, 8.8MiB total
   Compiling bytes-truncate-nonpromotable v0.1.0 (/workspace/rust-crate-proofs/bytes/1.11.1/verification/probes/bytes-truncate-nonpromotable)
warning: unused import: `creusot_std::prelude::*`
 --> src/lib.rs:4:5
  |
4 | use creusot_std::prelude::*;
  |     ^^^^^^^^^^^^^^^^^^^^^^^
  |
  = note: `#[warn(unused_imports)]` (part of `#[warn(unused)]`) on by default

warning: unused import: `slice`
 --> /workspace/bytes-proof-tools/targets/bytes/debug/build/bytes-truncate-nonpromotable-910bf4b6ea388b94/out/actual_bytes_truncate.rs:3:17
  |
3 | use core::{ptr, slice};
  |                 ^^^^^

error: Unsupported expression kind RawBorrow { mutability: Not, arg: e10 }
  --> /workspace/bytes-proof-tools/targets/bytes/debug/build/bytes-truncate-nonpromotable-910bf4b6ea388b94/out/actual_bytes_truncate.rs:54:58
   |
54 | ...   #[cfg_attr(creusot, requires(!core::ptr::addr_eq(self.vtable, &PROMOTABLE_EVEN_VTABLE) && !core::ptr::addr_eq(self.vtable, &PR...
   |                                                        ^^^^^^^^^^^

warning: `bytes-truncate-nonpromotable` (lib) generated 2 warnings
error: could not compile `bytes-truncate-nonpromotable` (lib) due to 1 previous error; 2 warnings emitted
Error: Compilation failed
