     Locking 26 packages to latest compatible versions
     Removed 6 files, 9.0KiB total
warning: unused variable: `vector`
  --> /workspace/bytes-proof-tools/bytes-pointer-model-std-candidate/src/std/vec.rs:21:40
   |
21 | pub fn capacity_model<T, A: Allocator>(vector: Vec<T, A>) -> Int {
   |                                        ^^^^^^ help: if this is intentional, prefix it with an underscore: `_vector`
   |
   = note: `#[warn(unused_variables)]` (part of `#[warn(unused)]`) on by default

warning: unused variable: `vector`
  --> /workspace/bytes-proof-tools/bytes-pointer-model-std-candidate/src/std/vec.rs:32:36
   |
32 | pub fn base_model<T, A: Allocator>(vector: Vec<T, A>) -> Int {
   |                                    ^^^^^^ help: if this is intentional, prefix it with an underscore: `_vector`

warning: unused variable: `vector`
  --> /workspace/bytes-proof-tools/bytes-pointer-model-std-candidate/src/std/vec.rs:42:39
   |
42 | pub fn pointer_model<T, A: Allocator>(vector: Vec<T, A>) -> *mut T {
   |                                       ^^^^^^ help: if this is intentional, prefix it with an underscore: `_vector`

warning: `creusot-std` (lib) generated 3 warnings (run `cargo fix --lib -p creusot-std` to apply 3 suggestions)
    Checking bytes-vec-pointer-correspondence v0.1.0 (/workspace/rust-crate-proofs/bytes/1.11.1/verification/probes/vec-pointer-correspondence-2026-10-08)
    Finished `dev` profile [unoptimized + debuginfo] target(s) in 0.14s
No dangling files found
Proved (verif/bytes_vec_pointer_correspondence_rlib/observe_pointer.coma) ✔
