   Compiling bytes-sequential-bytesmut-split v0.1.0 (/workspace/bytes-runtime-verification/bytes/1.11.1/verification/probes/sequential-bytesmut-split)
warning: unused import: `RA`
  --> src/../../../../src/ownership_proof/owned_region.rs:11:33
   |
11 |     logic::{FMap, Id, Int, ra::{RA, excl::Excl}},
   |                                 ^^
   |
   = note: `#[warn(unused_imports)]` (part of `#[warn(unused)]`) on by default

warning: unused imports: `FMap`, `RA`, `UnitRA`, and `excl::Excl`
  --> src/../../../../src/ownership_proof/raw_vec.rs:21:13
   |
21 |     logic::{FMap, Id, Int, ra::{RA, UnitRA, excl::Excl}},
   |             ^^^^                ^^  ^^^^^^  ^^^^^^^^^^

warning: unused import: `owned_region`
  --> src/lib.rs:23:28
   |
23 |     pub(crate) use crate::{owned_region, raw_vec, sequential_counter, shared_protocol, bound_ptr, boxed_alignment};
   |                            ^^^^^^^^^^^^

warning: unused import: `ManuallyDrop`
 --> /workspace/bytes-proof-tools/targets/bytes/debug/build/bytes-sequential-bytesmut-split-09e1680b1bddf56a/out/actual_split.rs:3:23
  |
3 | use core::mem::{self, ManuallyDrop, MaybeUninit};
  |                       ^^^^^^^^^^^^

warning: unused import: `self`
 --> /workspace/bytes-proof-tools/targets/bytes/debug/build/bytes-sequential-bytesmut-split-09e1680b1bddf56a/out/actual_split.rs:4:17
  |
4 | use core::ptr::{self,NonNull};
  |                 ^^^^

warning: unused imports: `AtomicUsize` and `Ordering`
 --> /workspace/bytes-proof-tools/targets/bytes/debug/build/bytes-sequential-bytesmut-split-09e1680b1bddf56a/out/actual_split.rs:6:26
  |
6 | use core::sync::atomic::{AtomicUsize,Ordering};
  |                          ^^^^^^^^^^^ ^^^^^^^^

warning: unused import: `prelude::*`
  --> /workspace/bytes-proof-tools/targets/bytes/debug/build/bytes-sequential-bytesmut-split-09e1680b1bddf56a/out/actual_split.rs:64:53
   |
64 |     use creusot_std::{ghost::perm::Perm, logic::Id, prelude::*};
   |                                                     ^^^^^^^^^^

warning: unreachable expression
   --> /workspace/bytes-proof-tools/targets/bytes/debug/build/bytes-sequential-bytesmut-split-09e1680b1bddf56a/out/actual_split.rs:801:13
    |
797 |             panic!("ARC clone is outside the first sequential split gate");
    |             -------------------------------------------------------------- any code following this expression is unreachable
...
801 |             { self.pending_descriptor_copy() }
    |             ^^^^^^^^^^^^^^^^^^^^^^^^^^^^^^^^^^ unreachable expression
    |
    = note: `#[warn(unreachable_code)]` (part of `#[warn(unused)]`) on by default

warning: unused variable: `left`
  --> src/../../../../src/ownership_proof/owned_region.rs:33:5
   |
33 |     left: Snapshot<SlotMap>,
   |     ^^^^ help: if this is intentional, prefix it with an underscore: `_left`
   |
   = note: `#[warn(unused_variables)]` (part of `#[warn(unused)]`) on by default

warning: unused variable: `right`
  --> src/../../../../src/ownership_proof/owned_region.rs:34:5
   |
34 |     right: Snapshot<SlotMap>,
   |     ^^^^^ help: if this is intentional, prefix it with an underscore: `_right`

warning: unused variable: `whole`
  --> src/../../../../src/ownership_proof/owned_region.rs:35:5
   |
35 |     whole: Snapshot<SlotMap>,
   |     ^^^^^ help: if this is intentional, prefix it with an underscore: `_whole`

warning: unused variable: `merged`
  --> src/../../../../src/ownership_proof/owned_region.rs:38:9
   |
38 |     let merged: Snapshot<SlotMap> = snapshot! { (*left).total_op(*right) };
   |         ^^^^^^ help: if this is intentional, prefix it with an underscore: `_merged`

warning: unused variable: `left`
  --> src/../../../../src/ownership_proof/owned_region.rs:48:5
   |
48 |     left: Snapshot<SlotMap>,
   |     ^^^^ help: if this is intentional, prefix it with an underscore: `_left`

warning: unused variable: `right`
  --> src/../../../../src/ownership_proof/owned_region.rs:49:5
   |
49 |     right: Snapshot<SlotMap>,
   |     ^^^^^ help: if this is intentional, prefix it with an underscore: `_right`

warning: unused variable: `whole`
  --> src/../../../../src/ownership_proof/owned_region.rs:50:5
   |
50 |     whole: Snapshot<SlotMap>,
   |     ^^^^^ help: if this is intentional, prefix it with an underscore: `_whole`

warning: unused variable: `merged`
  --> src/../../../../src/ownership_proof/owned_region.rs:52:9
   |
52 |     let merged: Snapshot<SlotMap> = snapshot! { (*left).total_op(*right) };
   |         ^^^^^^ help: if this is intentional, prefix it with an underscore: `_merged`

warning: unused variable: `unit`
   --> src/../../../../src/ownership_proof/raw_vec.rs:545:13
    |
545 |         let unit: Snapshot<KernelRA> = snapshot!(KernelRA::unit());
    |             ^^^^ help: if this is intentional, prefix it with an underscore: `_unit`

warning: unused variable: `empty_value`
   --> src/../../../../src/ownership_proof/raw_vec.rs:548:13
    |
548 |         let empty_value: Snapshot<KernelRA> = snapshot!((None, FMap::empty()));
    |             ^^^^^^^^^^^ help: if this is intentional, prefix it with an underscore: `_empty_value`

warning: unused variable: `input_model`
   --> src/../../../../src/ownership_proof/raw_vec.rs:683:9
    |
683 |     let input_model = snapshot!(input@);
    |         ^^^^^^^^^^^ help: if this is intentional, prefix it with an underscore: `_input_model`

warning: unused variable: `slot`
   --> src/../../../../src/ownership_proof/raw_vec.rs:905:38
    |
905 | pub(crate) fn slot_known_equivalence(slot: Option<Option<u8>>) {}
    |                                      ^^^^ help: if this is intentional, prefix it with an underscore: `_slot`

warning: unused variable: `own`
  --> src/../../../../src/ownership_proof/sequential_counter.rs:89:39
   |
89 |     pub(crate) fn load_acquire(&self, own: Ghost<&CounterOwn>) -> usize {
   |                                       ^^^ help: if this is intentional, prefix it with an underscore: `_own`

warning: variable does not need to be mutable
   --> src/../../../../src/ownership_proof/shared_protocol.rs:203:5
    |
203 |     mut packet: Ghost<&'a mut Packet>,
    |     ----^^^^^^
    |     |
    |     help: remove this `mut`
    |
    = note: `#[warn(unused_mut)]` (part of `#[warn(unused)]`) on by default

warning: variable does not need to be mutable
   --> src/../../../../src/ownership_proof/shared_protocol.rs:235:5
    |
235 |     mut packet: Ghost<&'a mut Packet>,
    |     ----^^^^^^
    |     |
    |     help: remove this `mut`

warning: unused variable: `address`
  --> src/../../../../src/ownership_proof/boxed_alignment.rs:23:49
   |
23 | pub(crate) fn aligned_address_has_clear_low_bit(address: usize, alignment: usize) {}
   |                                                 ^^^^^^^ help: if this is intentional, prefix it with an underscore: `_address`

warning: unused variable: `alignment`
  --> src/../../../../src/ownership_proof/boxed_alignment.rs:23:65
   |
23 | pub(crate) fn aligned_address_has_clear_low_bit(address: usize, alignment: usize) {}
   |                                                                 ^^^^^^^^^ help: if this is intentional, prefix it with an underscore: `_alignment`

warning: unused variable: `base`
   --> /workspace/bytes-proof-tools/targets/bytes/debug/build/bytes-sequential-bytesmut-split-09e1680b1bddf56a/out/actual_split.rs:179:50
    |
179 |     pub(super) fn activate(pointer: *mut Shared, base: BoundPtr, capacity: usize, split: usize,
    |                                                  ^^^^ help: if this is intentional, prefix it with an underscore: `_base`

warning: unused variable: `off`
   --> /workspace/bytes-proof-tools/targets/bytes/debug/build/bytes-sequential-bytesmut-split-09e1680b1bddf56a/out/actual_split.rs:731:13
    |
731 |         let off = crate::capacity_ops::vec_pos_from_data(
    |             ^^^ help: if this is intentional, prefix it with an underscore: `_off`

warning: unused variable: `left_before`
    --> /workspace/bytes-proof-tools/targets/bytes/debug/build/bytes-sequential-bytesmut-split-09e1680b1bddf56a/out/actual_split.rs:1168:13
     |
1168 |         let left_before = snapshot!(left);
     |             ^^^^^^^^^^^ help: if this is intentional, prefix it with an underscore: `_left_before`

warning: unused variable: `right_before`
    --> /workspace/bytes-proof-tools/targets/bytes/debug/build/bytes-sequential-bytesmut-split-09e1680b1bddf56a/out/actual_split.rs:1169:13
     |
1169 |         let right_before = snapshot!(right);
     |             ^^^^^^^^^^^^ help: if this is intentional, prefix it with an underscore: `_right_before`

warning: constant `NOT_VEC_POS_MASK` is never used
  --> src/../../../../src/capacity_ops.rs:29:18
   |
29 | pub(crate) const NOT_VEC_POS_MASK: usize = 0b11111;
   |                  ^^^^^^^^^^^^^^^^
   |
   = note: `#[warn(dead_code)]` (part of `#[warn(unused)]`) on by default

warning: constant `MAX_VEC_POS` is never used
  --> src/../../../../src/capacity_ops.rs:30:18
   |
30 | pub(crate) const MAX_VEC_POS: usize = usize::MAX >> VEC_POS_OFFSET;
   |                  ^^^^^^^^^^^

warning: function `set_vec_pos_in_data` is never used
   --> src/../../../../src/capacity_ops.rs:143:15
    |
143 | pub(crate) fn set_vec_pos_in_data(data: usize, pos: usize) -> usize {
    |               ^^^^^^^^^^^^^^^^^^^

warning: function `pointer_addr_eq` is never used
  --> src/../../../../src/provenance_specs.rs:19:15
   |
19 | pub(crate) fn pointer_addr_eq<T>(left: *const T, right: *const T) -> bool {
   |               ^^^^^^^^^^^^^^^

warning: function `pointer_with_address` is never used
  --> src/../../../../src/provenance_specs.rs:86:15
   |
86 | pub(crate) fn pointer_with_address(ptr: *mut u8, new_addr: usize) -> *mut u8 {
   |               ^^^^^^^^^^^^^^^^^^^^

warning: method `join` is never used
   --> src/../../../../src/ownership_proof/owned_region.rs:243:19
    |
 95 | impl OwnedRegion {
    | ---------------- method in this implementation
...
243 |     pub(crate) fn join(self, other: Self) -> Self {
    |                   ^^^^

warning: method `as_non_null` is never used
   --> src/../../../../src/ownership_proof/raw_vec.rs:202:19
    |
170 | impl BoundPtr {
    | ------------- method in this implementation
...
202 |     pub(crate) fn as_non_null(&self) -> NonNull<u8> {
    |                   ^^^^^^^^^^^

warning: fields `resource` and `descriptor` are never read
   --> src/../../../../src/ownership_proof/raw_vec.rs:306:5
    |
305 | pub(crate) struct Recovery {
    |                   -------- fields in this struct
306 |     resource: Resource<KernelRA>,
    |     ^^^^^^^^
307 |     descriptor: AllocationDesc,
    |     ^^^^^^^^^^

warning: method `join` is never used
   --> src/../../../../src/ownership_proof/raw_vec.rs:463:19
    |
377 | impl PhysicalRegion {
    | ------------------- method in this implementation
...
463 |     pub(crate) fn join(self, other: Self) -> Self {
    |                   ^^^^

warning: function `resume_vec` is never used
   --> src/../../../../src/ownership_proof/raw_vec.rs:763:22
    |
763 | pub(crate) unsafe fn resume_vec(
    |                      ^^^^^^^^^^

warning: function `deallocate_vec` is never used
   --> src/../../../../src/ownership_proof/raw_vec.rs:799:22
    |
799 | pub(crate) unsafe fn deallocate_vec(
    |                      ^^^^^^^^^^^^^^

warning: function `borrow_mut` is never used
   --> src/../../../../src/ownership_proof/raw_vec.rs:883:22
    |
883 | pub(crate) unsafe fn borrow_mut<'a>(
    |                      ^^^^^^^^^^

warning: function `slot_known_equivalence` is never used
   --> src/../../../../src/ownership_proof/raw_vec.rs:905:15
    |
905 | pub(crate) fn slot_known_equivalence(slot: Option<Option<u8>>) {}
    |               ^^^^^^^^^^^^^^^^^^^^^^

warning: method `fetch_add_relaxed` is never used
  --> src/../../../../src/ownership_proof/sequential_counter.rs:66:19
   |
43 | impl SequentialCounter {
   | ---------------------- method in this implementation
...
66 |     pub(crate) fn fetch_add_relaxed(&self, amount: usize, own: Ghost<&mut CounterOwn>) -> usize {
   |                   ^^^^^^^^^^^^^^^^^

warning: fields `capacity`, `allocation`, `split`, and `registration` are never read
  --> src/../../../../src/ownership_proof/shared_protocol.rs:18:16
   |
17 | pub(crate) struct Status {
   |                   ------ fields in this struct
18 |     pub(crate) capacity: Int,
   |                ^^^^^^^^
19 |     pub(crate) allocation: Id,
   |                ^^^^^^^^^^
20 |     pub(crate) split: Int,
   |                ^^^^^
21 |     pub(crate) registration: Id,
   |                ^^^^^^^^^^^^
   |
   = note: `Status` has a derived impl for the trait `Clone`, but this is intentionally ignored during dead code analysis

warning: field `original_capacity_repr` is never read
  --> /workspace/bytes-proof-tools/targets/bytes/debug/build/bytes-sequential-bytesmut-split-09e1680b1bddf56a/out/actual_split.rs:33:5
   |
31 | struct Shared {
   |        ------ field in this struct
32 |     buffer: SharedBuffer,
33 |     original_capacity_repr: usize,
   |     ^^^^^^^^^^^^^^^^^^^^^^

warning: function `new` is never used
   --> /workspace/bytes-proof-tools/targets/bytes/debug/build/bytes-sequential-bytesmut-split-09e1680b1bddf56a/out/actual_split.rs:208:8
    |
208 |     fn new(input: Vec<u8>, split: usize) -> (ControlPtr, Ghost<ControlContext>, Ghost<Packet>, Ghost<Packet>) {
    |        ^^^

warning: function `release_left_then_right` is never used
   --> /workspace/bytes-proof-tools/targets/bytes/debug/build/bytes-sequential-bytesmut-split-09e1680b1bddf56a/out/actual_split.rs:289:19
    |
289 |     pub(crate) fn release_left_then_right(input: Vec<u8>, split: usize) {
    |                   ^^^^^^^^^^^^^^^^^^^^^^^

warning: function `release_right_then_left` is never used
   --> /workspace/bytes-proof-tools/targets/bytes/debug/build/bytes-sequential-bytesmut-split-09e1680b1bddf56a/out/actual_split.rs:298:19
    |
298 |     pub(crate) fn release_right_then_left(input: Vec<u8>, split: usize) {
    |                   ^^^^^^^^^^^^^^^^^^^^^^^

warning: `bytes-sequential-bytesmut-split` (lib test) generated 48 warnings (run `cargo fix --lib -p bytes-sequential-bytesmut-split --tests` to apply 28 suggestions)
warning: `bytes-sequential-bytesmut-split` (lib) generated 48 warnings (48 duplicates)
    Finished `test` profile [unoptimized + debuginfo] target(s) in 1.40s
     Running unittests src/lib.rs (/workspace/bytes-proof-tools/targets/bytes/debug/deps/bytes_sequential_bytesmut_split-dc0eeb421eed84f5)

running 0 tests

test result: ok. 0 passed; 0 failed; 0 ignored; 0 measured; 0 filtered out; finished in 0.00s

     Running tests/advance_native.rs (/workspace/bytes-proof-tools/targets/bytes/debug/deps/advance_native-c84cc6fe9dd27022)

running 1 test
test split_off_advances_cover_visible_and_spare_capacity_in_both_orders ... ok

test result: ok. 1 passed; 0 failed; 0 ignored; 0 measured; 0 filtered out; finished in 0.00s

     Running tests/allocations.rs (/workspace/bytes-proof-tools/targets/bytes/debug/deps/allocations-a04dc9249ebf51f5)

running 8 tests
test mutable_views_preserve_exact_allocation_recovery ... ok
test initializing_spare_bytes_preserves_exact_recovery ... ok
test advanced_views_retain_prefix_for_complete_recovery ... ok
test shared_reads_and_disjoint_writes_preserve_recovery ... ok
test shrinking_lengths_retains_allocation_recovery ... ok
test split_off_spare_ranges_recover_without_reallocation ... ok
test unique_access_has_no_control_allocation ... ok
test explicit_release_frees_buffer_and_control_in_both_orders ... ok

test result: ok. 8 passed; 0 failed; 0 ignored; 0 measured; 0 filtered out; finished in 0.00s

     Running tests/native.rs (/workspace/bytes-proof-tools/targets/bytes/debug/deps/native-a0909a38ede7e02d)

running 2 tests
test actual_shared_control_both_orders ... ok
test simultaneous_mutations_and_empty_views ... ok

test result: ok. 2 passed; 0 failed; 0 ignored; 0 measured; 0 filtered out; finished in 0.00s

     Running tests/readonly_native.rs (/workspace/bytes-proof-tools/targets/bytes/debug/deps/readonly_native-f7336fe4bc4081a7)

running 1 test
test initialized_left_reads_survive_disjoint_right_mutation ... ok

test result: ok. 1 passed; 0 failed; 0 ignored; 0 measured; 0 filtered out; finished in 0.00s

     Running tests/spare_native.rs (/workspace/bytes-proof-tools/targets/bytes/debug/deps/spare_native-63387613dab77c98)

running 2 tests
test nonempty_prefix_can_be_reinitialized_after_becoming_unknown ... ok
test split_initializes_spare_slots_at_allocation_edges_in_both_orders ... ok

test result: ok. 2 passed; 0 failed; 0 ignored; 0 measured; 0 filtered out; finished in 0.00s

     Running tests/split_off_native.rs (/workspace/bytes-proof-tools/targets/bytes/debug/deps/split_off_native-75c4179dfa7c0e9c)

running 1 test
test split_off_edge_matrix_preserves_geometry_and_releases_in_both_orders ... ok

test result: ok. 1 passed; 0 failed; 0 ignored; 0 measured; 0 filtered out; finished in 0.00s

     Running tests/unique_native.rs (/workspace/bytes-proof-tools/targets/bytes/debug/deps/unique_native-9035747f762fd031)

running 1 test
test unique_known_spare_and_empty_access ... ok

test result: ok. 1 passed; 0 failed; 0 ignored; 0 measured; 0 filtered out; finished in 0.00s
