concrete IntoIter: one prover; 1024 MiB; no sc-drf
     Removed 23 files, 8.6MiB total
   Compiling bytes-concrete-into-iter v0.1.0 (/workspace/bytes-runtime-verification/bytes/1.11.1/verification/probes/handle-comparison/iterator)
warning: function `generate` is never used
 --> ../build_iter.rs:4:8
  |
4 | pub fn generate() {
  |        ^^^^^^^^
  |
  = note: `#[warn(dead_code)]` (part of `#[warn(unused)]`) on by default

warning: `bytes-concrete-into-iter` (build script) generated 1 warning
warning: function `copy_to_slice` is never used
  --> src/../../../../../src/slice_ops.rs:27:15
   |
27 | pub(crate) fn copy_to_slice(input: &mut &[u8], dst: &mut [u8]) {
   |               ^^^^^^^^^^^^^
   |
   = note: `#[warn(dead_code)]` (part of `#[warn(unused)]`) on by default

warning: `bytes-concrete-into-iter` (lib) generated 1 warning
    Finished `dev` profile [unoptimized + debuginfo] target(s) in 0.38s
No dangling files found
File "verif/bytes_concrete_into_iter_rlib/impl_Iterator_for_IntoIter_ref_slice_u8/next__refines.coma", line 63, characters 6-13: proof failed
Goal Coma.refines: ✘ (1/2)
Error: 1 unproved file
Error: 'why3find prove' failed
