{"counterexample": [],
 "prover-result":
  {"answer": "Valid",
   "ce-models": [],
   "status": "exited with status 0",
   "step": 28661,
   "time": 0.015774},
 "term":
  {"explanations": ["assertion"],
   "goal_name": "vc_utf8_u00e9",
   "loc":
    {"end-char": 36,
     "end-line": 9,
     "file-name":
      "/workspace/rust-crate-proofs/httparse/1.10.1/verification/probes/utf8-lemmas/src/lib.rs",
     "start-char": 18,
     "start-line": 9}}}
{"counterexample": [],
 "prover-result":
  {"answer": "Valid",
   "ce-models": [],
   "status": "exited with status 0",
   "step": 30641,
   "time": 0.004813},
 "term":
  {"explanations": ["assertion"],
   "goal_name": "vc_utf8_u00e9",
   "loc":
    {"end-char": 36,
     "end-line": 10,
     "file-name":
      "/workspace/rust-crate-proofs/httparse/1.10.1/verification/probes/utf8-lemmas/src/lib.rs",
     "start-char": 18,
     "start-line": 10}}}
{"counterexample": [],
 "prover-result":
  {"answer": "Valid",
   "ce-models": [],
   "status": "exited with status 0",
   "step": 47892,
   "time": 0.015266},
 "term":
  {"explanations": ["assertion"],
   "goal_name": "vc_utf8_u00e9",
   "loc":
    {"end-char": 36,
     "end-line": 11,
     "file-name":
      "/workspace/rust-crate-proofs/httparse/1.10.1/verification/probes/utf8-lemmas/src/lib.rs",
     "start-char": 18,
     "start-line": 11}}}
{"counterexample": [],
 "prover-result":
  {"answer": "Valid",
   "ce-models": [],
   "status": "exited with status 0",
   "step": 47786,
   "time": 0.011879},
 "term":
  {"explanations": ["assertion"],
   "goal_name": "vc_utf8_u00e9",
   "loc":
    {"end-char": 36,
     "end-line": 12,
     "file-name":
      "/workspace/rust-crate-proofs/httparse/1.10.1/verification/probes/utf8-lemmas/src/lib.rs",
     "start-char": 18,
     "start-line": 12}}}
{"counterexample": [],
 "prover-result":
  {"answer": "Valid",
   "ce-models": [],
   "status": "exited with status 0",
   "step": 52884,
   "time": 0.021589},
 "term":
  {"explanations": ["assertion"],
   "goal_name": "vc_utf8_u00e9",
   "loc":
    {"end-char": 54,
     "end-line": 13,
     "file-name":
      "/workspace/rust-crate-proofs/httparse/1.10.1/verification/probes/utf8-lemmas/src/lib.rs",
     "start-char": 18,
     "start-line": 13}}}
{"counterexample": [],
 "prover-result":
  {"answer": "Valid",
   "ce-models": [],
   "status": "exited with status 0",
   "step": 52097,
   "time": 0.018998},
 "term":
  {"explanations": ["utf8_u00e9 ensures"],
   "goal_name": "vc_utf8_u00e9",
   "loc":
    {"end-char": 53,
     "end-line": 6,
     "file-name":
      "/workspace/rust-crate-proofs/httparse/1.10.1/verification/probes/utf8-lemmas/src/lib.rs",
     "start-char": 10,
     "start-line": 6}}}
