bytes proof: /workspace/bytes-runtime-verification/bytes/1.11.1/verification/probes/comparison-runtime; one prover; 1024 MiB; native Ordering; sc-drf disabled
     Removed 2 files, 7.7KiB total
    Checking bytes v1.11.1 (/workspace/bytes-runtime-verification/bytes/1.11.1)
warning: unused import: `string::String`
 --> /workspace/bytes-runtime-verification/bytes/1.11.1/src/bytes_mut.rs:9:5
  |
9 |     string::String,
  |     ^^^^^^^^^^^^^^
  |
  = note: `#[warn(unused_imports)]` (part of `#[warn(unused)]`) on by default

warning: associated function `new` is never used
  --> /workspace/bytes-runtime-verification/bytes/1.11.1/src/buf/chain.rs:42:19
   |
38 | impl<T, U> Chain<T, U> {
   | ---------------------- associated function in this implementation
...
42 |     pub(crate) fn new(a: T, b: U) -> Chain<T, U> {
   |                   ^^^
   |
   = note: `#[warn(dead_code)]` (part of `#[warn(unused)]`) on by default

warning: function `chain` is never used
  --> /workspace/bytes-runtime-verification/bytes/1.11.1/src/buf/proof_convenience.rs:22:15
   |
22 | pub(crate) fn chain<T: Buf, U: Buf>(first: T, second: U) -> Chain<T, U> {
   |               ^^^^^

warning: function `reader` is never used
  --> /workspace/bytes-runtime-verification/bytes/1.11.1/src/buf/proof_convenience.rs:32:15
   |
32 | pub(crate) fn reader<T: Buf>(inner: T) -> super::Reader<T> {
   |               ^^^^^^

warning: function `writer` is never used
  --> /workspace/bytes-runtime-verification/bytes/1.11.1/src/buf/proof_convenience.rs:42:15
   |
42 | pub(crate) fn writer<T: BufMut>(inner: T) -> super::Writer<T> {
   |               ^^^^^^

warning: function `chain_mut` is never used
  --> /workspace/bytes-runtime-verification/bytes/1.11.1/src/buf/proof_convenience.rs:51:15
   |
51 | pub(crate) fn chain_mut<T: BufMut, U: BufMut>(first: T, second: U) -> Chain<T, U> {
   |               ^^^^^^^^^

warning: function `new` is never used
  --> /workspace/bytes-runtime-verification/bytes/1.11.1/src/buf/reader.rs:19:8
   |
19 | pub fn new<B>(buf: B) -> Reader<B> {
   |        ^^^

warning: function `new` is never used
  --> /workspace/bytes-runtime-verification/bytes/1.11.1/src/buf/writer.rs:19:8
   |
19 | pub fn new<B>(buf: B) -> Writer<B> {
   |        ^^^

error: Mutually recursive functions: when calling `bytes::static_clone`...
    --> /workspace/bytes-runtime-verification/bytes/1.11.1/src/bytes.rs:1143:1
     |
1143 | unsafe fn static_clone(_: &AtomicPtr<()>, ptr: *const u8, len: usize) -> Bytes {
     | ^^^^^^^^^^^^^^^^^^^^^^^^^^^^^^^^^^^^^^^^^^^^^^^^^^^^^^^^^^^^^^^^^^^^^^^^^^^^^^
     |
note: `bytes::static_clone` calls `bytes::Bytes::from_static`...
    --> /workspace/bytes-runtime-verification/bytes/1.11.1/src/bytes.rs:1145:5
     |
1145 |     Bytes::from_static(slice)
     |     ^^^^^^^^^^^^^^^^^^
note: then `bytes::Bytes::from_static` calls `bytes::STATIC_VTABLE`...
    --> /workspace/bytes-runtime-verification/bytes/1.11.1/src/bytes.rs:172:22
     |
 172 |             vtable: &STATIC_VTABLE,
     |                      ^^^^^^^^^^^^^
note: finally `bytes::STATIC_VTABLE` uses `bytes::static_clone`.
    --> /workspace/bytes-runtime-verification/bytes/1.11.1/src/bytes.rs:1136:12
     |
1136 |     clone: static_clone,
     |            ^^^^^^^^^^^^

error: Mutually recursive functions: when calling `bytes::owned_clone`...
    --> /workspace/bytes-runtime-verification/bytes/1.11.1/src/bytes.rs:1184:1
     |
1184 | unsafe fn owned_clone<T>(data: &AtomicPtr<()>, ptr: *const u8, len: usize) -> Bytes {
     | ^^^^^^^^^^^^^^^^^^^^^^^^^^^^^^^^^^^^^^^^^^^^^^^^^^^^^^^^^^^^^^^^^^^^^^^^^^^^^^^^^^^
     |
note: `bytes::owned_clone` calls `bytes::Owned::<T>::VTABLE`...
    --> /workspace/bytes-runtime-verification/bytes/1.11.1/src/bytes.rs:1195:18
     |
1195 |         vtable: &Owned::<T>::VTABLE,
     |                  ^^^^^^^^^^^^^^^^^^
note: finally `bytes::Owned::<T>::VTABLE` uses `bytes::owned_clone`.
    --> /workspace/bytes-runtime-verification/bytes/1.11.1/src/bytes.rs:1176:16
     |
1176 |         clone: owned_clone::<T>,
     |                ^^^^^^^^^^^^^^^^

warning: `bytes` (lib) generated 8 warnings
error: could not compile `bytes` (lib) due to 2 previous errors; 8 warnings emitted
Error: Compilation failed

runner_exit=1
