Atomic event: one prover; 1024 MiB; native weak orderings; sc-drf disabled
{"feature": "", "active_sha256": "f90628886be724b7d9afe92cc24925c5054539b44f6703fa13eb7d33e076fa6d", "extension_sha256": "ab4db891fe01a08ece28dd3cbdff1ff5b1b1ec3bab356abbff09f955f972077f", "native_mir_ready": true}
     Removed 0 files
   Compiling bytes-original-promotable-suffix-promotion v0.1.0 (/workspace/bytes-work/bytes/1.11.1/verification/probes/original-promotable-suffix-promotion-2026-10-09)
warning: unused variable: `vector`
  --> /workspace/bytes-proof-tools/bytes-proof-std/src/std/vec.rs:21:40
   |
21 | pub fn capacity_model<T, A: Allocator>(vector: Vec<T, A>) -> Int {
   |                                        ^^^^^^ help: if this is intentional, prefix it with an underscore: `_vector`
   |
   = note: `#[warn(unused_variables)]` (part of `#[warn(unused)]`) on by default

warning: unused variable: `vector`
  --> /workspace/bytes-proof-tools/bytes-proof-std/src/std/vec.rs:32:36
   |
32 | pub fn base_model<T, A: Allocator>(vector: Vec<T, A>) -> Int {
   |                                    ^^^^^^ help: if this is intentional, prefix it with an underscore: `_vector`

warning: unused variable: `vector`
  --> /workspace/bytes-proof-tools/bytes-proof-std/src/std/vec.rs:42:39
   |
42 | pub fn pointer_model<T, A: Allocator>(vector: Vec<T, A>) -> *mut T {
   |                                       ^^^^^^ help: if this is intentional, prefix it with an underscore: `_vector`

warning: `creusot-std` (lib) generated 3 warnings (run `cargo fix --lib -p creusot-std` to apply 3 suggestions)
error: expected one of `(`, `.`, `::`, `;`, `?`, `}`, or an operator, found `@`
    --> src/../generated/active.rs:2260:18
     |
2260 |         self.view@.unwrap_logic().2+len@==self.scope.descriptor.capacity@ &&
     |                  ^ expected one of 7 possible tokens

error: expected one of `(`, `)`, `,`, `.`, `::`, `?`, or an operator, found `@`
    --> src/../generated/active.rs:2268:64
     |
2268 |         (*self.scope.descriptor.expected).subsequence(self.view@.unwrap_logic().2,self.scope.descriptor.capacity@)
     |                                                                ^ expected one of 7 possible tokens

warning: unused import: `Real`
 --> src/lib.rs:5:49
  |
5 |     logic::{FMap, Id, Int, real::{PositiveReal, Real}, ra::{RA, excl::Excl}},
  |                                                 ^^^^
  |
  = note: `#[warn(unused_imports)]` (part of `#[warn(unused)]`) on by default

warning: unused imports: `Layout` and `dealloc`
 --> src/public_shared.rs:2:21
  |
2 | use alloc::{alloc::{dealloc,Layout},boxed::Box,vec::Vec};
  |                     ^^^^^^^ ^^^^^^

warning: unused import: `event::ScopedProtocol`
  --> src/public_shared.rs:11:13
   |
11 | use crate::{event::ScopedProtocol,free_effect};
   |             ^^^^^^^^^^^^^^^^^^^^^

warning: unused imports: `Layout` and `dealloc`
 --> src/../generated/active.rs:3:21
  |
3 | use alloc::{alloc::{dealloc,Layout},boxed::Box,vec::Vec};
  |                     ^^^^^^^ ^^^^^^

warning: unused import: `event::ScopedProtocol`
  --> src/../generated/active.rs:13:13
   |
13 | use crate::{event::ScopedProtocol,free_effect,owned_pointer,promotion_tags as tag_specs};
   |             ^^^^^^^^^^^^^^^^^^^^^

warning: `bytes-original-promotable-suffix-promotion` (lib) generated 5 warnings
error: could not compile `bytes-original-promotable-suffix-promotion` (lib) due to 2 previous errors; 5 warnings emitted
Error: Compilation failed
