Warning, file "/workspace/scratch/httparse-string-model/creusot-data/share/why3find/packages/creusot/creusot/int.coma", line 166, characters 8-22: axiom extensionality does not contain any local abstract symbol (contains: int, (=), t, to_int)
Warning, file "/workspace/scratch/httparse-string-model/creusot-data/share/why3find/packages/creusot/creusot/int.coma", line 484, characters 8-22: axiom extensionality does not contain any local abstract symbol (contains: int, (=), t, to_int)
Warning, file "/workspace/scratch/httparse-string-model/creusot-data/share/why3find/packages/creusot/creusot/int.coma", line 802, characters 8-22: axiom extensionality does not contain any local abstract symbol (contains: int, (=), t, to_int)
Warning, file "/workspace/scratch/httparse-string-model/creusot-data/share/why3find/packages/creusot/creusot/int.coma", line 1120, characters 8-22: axiom extensionality does not contain any local abstract symbol (contains: int, (=), t, to_int)
Warning, file "/workspace/scratch/httparse-string-model/creusot-data/share/why3find/packages/creusot/creusot/int.coma", line 1438, characters 8-22: axiom extensionality does not contain any local abstract symbol (contains: int, (=), t, to_int)
{"counterexample": [],
 "prover-result":
  {"answer": "Valid",
   "ce-models": [],
   "status": "exited with status 0",
   "step": 713,
   "time": 0.00807},
 "term":
  {"explanations": ["short_version_model ensures"],
   "goal_name": "vc_short_version_model",
   "loc":
    {"end-char": 29,
     "end-line": 59,
     "file-name":
      "/workspace/rust-crate-proofs/httparse/1.10.1/verification/probes/version-harness/evidence/direct-why3-model-20261005T055500Z/context/string/verif/httparse_version_harness_rlib/verification_version/short_version_model.coma",
     "start-char": 88,
     "start-line": 56}}}
{"counterexample": [],
 "prover-result":
  {"answer": "Valid",
   "ce-models": [],
   "status": "exited with status 0",
   "step": 705,
   "time": 0.003997},
 "term":
  {"explanations": ["version_prefix_byte requires"],
   "goal_name": "vc_short_version_model",
   "loc":
    {"end-char": 36,
     "end-line": 39,
     "file-name":
      "/workspace/rust-crate-proofs/httparse/1.10.1/verification/probes/version-harness/src/../../../../src/verification/version.rs",
     "start-char": 11,
     "start-line": 39}}}
{"counterexample": [],
 "prover-result":
  {"answer": "Valid",
   "ce-models": [],
   "status": "exited with status 0",
   "step": 8965,
   "time": 0.007119},
 "term":
  {"explanations": ["short_version_model ensures"],
   "goal_name": "vc_short_version_model",
   "loc":
    {"end-char": 31,
     "end-line": 69,
     "file-name":
      "/workspace/rust-crate-proofs/httparse/1.10.1/verification/probes/version-harness/evidence/direct-why3-model-20261005T055500Z/context/string/verif/httparse_version_harness_rlib/verification_version/short_version_model.coma",
     "start-char": 80,
     "start-line": 66}}}
{"counterexample": [],
 "prover-result":
  {"answer": "Valid",
   "ce-models": [],
   "status": "exited with status 0",
   "step": 837,
   "time": 0.003448},
 "term":
  {"explanations": ["short_version_model ensures"],
   "goal_name": "vc_short_version_model",
   "loc":
    {"end-char": 33,
     "end-line": 77,
     "file-name":
      "/workspace/rust-crate-proofs/httparse/1.10.1/verification/probes/version-harness/evidence/direct-why3-model-20261005T055500Z/context/string/verif/httparse_version_harness_rlib/verification_version/short_version_model.coma",
     "start-char": 92,
     "start-line": 74}}}
{"counterexample": [],
 "prover-result":
  {"answer": "Valid",
   "ce-models": [],
   "status": "exited with status 0",
   "step": 829,
   "time": 1e-06},
 "term":
  {"explanations": ["version_prefix_byte requires"],
   "goal_name": "vc_short_version_model",
   "loc":
    {"end-char": 36,
     "end-line": 39,
     "file-name":
      "/workspace/rust-crate-proofs/httparse/1.10.1/verification/probes/version-harness/src/../../../../src/verification/version.rs",
     "start-char": 11,
     "start-line": 39}}}
{"counterexample": [],
 "prover-result":
  {"answer": "Valid",
   "ce-models": [],
   "status": "exited with status 0",
   "step": 9603,
   "time": 0.006675},
 "term":
  {"explanations": ["short_version_model ensures"],
   "goal_name": "vc_short_version_model",
   "loc":
    {"end-char": 35,
     "end-line": 87,
     "file-name":
      "/workspace/rust-crate-proofs/httparse/1.10.1/verification/probes/version-harness/evidence/direct-why3-model-20261005T055500Z/context/string/verif/httparse_version_harness_rlib/verification_version/short_version_model.coma",
     "start-char": 84,
     "start-line": 84}}}
{"counterexample": [],
 "prover-result":
  {"answer": "Valid",
   "ce-models": [],
   "status": "exited with status 0",
   "step": 867,
   "time": 0.00408},
 "term":
  {"explanations": ["short_version_model ensures"],
   "goal_name": "vc_short_version_model",
   "loc":
    {"end-char": 37,
     "end-line": 95,
     "file-name":
      "/workspace/rust-crate-proofs/httparse/1.10.1/verification/probes/version-harness/evidence/direct-why3-model-20261005T055500Z/context/string/verif/httparse_version_harness_rlib/verification_version/short_version_model.coma",
     "start-char": 96,
     "start-line": 92}}}
{"counterexample": [],
 "prover-result":
  {"answer": "Valid",
   "ce-models": [],
   "status": "exited with status 0",
   "step": 859,
   "time": 1e-06},
 "term":
  {"explanations": ["version_prefix_byte requires"],
   "goal_name": "vc_short_version_model",
   "loc":
    {"end-char": 36,
     "end-line": 39,
     "file-name":
      "/workspace/rust-crate-proofs/httparse/1.10.1/verification/probes/version-harness/src/../../../../src/verification/version.rs",
     "start-char": 11,
     "start-line": 39}}}
{"counterexample": [],
 "prover-result":
  {"answer": "Valid",
   "ce-models": [],
   "status": "exited with status 0",
   "step": 10061,
   "time": 0.004797},
 "term":
  {"explanations": ["short_version_model ensures"],
   "goal_name": "vc_short_version_model",
   "loc":
    {"end-char": 39,
     "end-line": 105,
     "file-name":
      "/workspace/rust-crate-proofs/httparse/1.10.1/verification/probes/version-harness/evidence/direct-why3-model-20261005T055500Z/context/string/verif/httparse_version_harness_rlib/verification_version/short_version_model.coma",
     "start-char": 88,
     "start-line": 102}}}
{"counterexample": [],
 "prover-result":
  {"answer": "Valid",
   "ce-models": [],
   "status": "exited with status 0",
   "step": 897,
   "time": 0.00448},
 "term":
  {"explanations": ["short_version_model ensures"],
   "goal_name": "vc_short_version_model",
   "loc":
    {"end-char": 41,
     "end-line": 113,
     "file-name":
      "/workspace/rust-crate-proofs/httparse/1.10.1/verification/probes/version-harness/evidence/direct-why3-model-20261005T055500Z/context/string/verif/httparse_version_harness_rlib/verification_version/short_version_model.coma",
     "start-char": 100,
     "start-line": 110}}}
{"counterexample": [],
 "prover-result":
  {"answer": "Valid",
   "ce-models": [],
   "status": "exited with status 0",
   "step": 889,
   "time": 0.008566},
 "term":
  {"explanations": ["version_prefix_byte requires"],
   "goal_name": "vc_short_version_model",
   "loc":
    {"end-char": 36,
     "end-line": 39,
     "file-name":
      "/workspace/rust-crate-proofs/httparse/1.10.1/verification/probes/version-harness/src/../../../../src/verification/version.rs",
     "start-char": 11,
     "start-line": 39}}}
{"counterexample": [],
 "prover-result":
  {"answer": "Valid",
   "ce-models": [],
   "status": "exited with status 0",
   "step": 10527,
   "time": 0.006762},
 "term":
  {"explanations": ["short_version_model ensures"],
   "goal_name": "vc_short_version_model",
   "loc":
    {"end-char": 43,
     "end-line": 123,
     "file-name":
      "/workspace/rust-crate-proofs/httparse/1.10.1/verification/probes/version-harness/evidence/direct-why3-model-20261005T055500Z/context/string/verif/httparse_version_harness_rlib/verification_version/short_version_model.coma",
     "start-char": 92,
     "start-line": 120}}}
{"counterexample": [],
 "prover-result":
  {"answer": "Valid",
   "ce-models": [],
   "status": "exited with status 0",
   "step": 927,
   "time": 1e-06},
 "term":
  {"explanations": ["short_version_model ensures"],
   "goal_name": "vc_short_version_model",
   "loc":
    {"end-char": 45,
     "end-line": 131,
     "file-name":
      "/workspace/rust-crate-proofs/httparse/1.10.1/verification/probes/version-harness/evidence/direct-why3-model-20261005T055500Z/context/string/verif/httparse_version_harness_rlib/verification_version/short_version_model.coma",
     "start-char": 104,
     "start-line": 128}}}
{"counterexample": [],
 "prover-result":
  {"answer": "Valid",
   "ce-models": [],
   "status": "exited with status 0",
   "step": 919,
   "time": 0.003971},
 "term":
  {"explanations": ["version_prefix_byte requires"],
   "goal_name": "vc_short_version_model",
   "loc":
    {"end-char": 36,
     "end-line": 39,
     "file-name":
      "/workspace/rust-crate-proofs/httparse/1.10.1/verification/probes/version-harness/src/../../../../src/verification/version.rs",
     "start-char": 11,
     "start-line": 39}}}
{"counterexample": [],
 "prover-result":
  {"answer": "Valid",
   "ce-models": [],
   "status": "exited with status 0",
   "step": 10987,
   "time": 0.003791},
 "term":
  {"explanations": ["short_version_model ensures"],
   "goal_name": "vc_short_version_model",
   "loc":
    {"end-char": 47,
     "end-line": 141,
     "file-name":
      "/workspace/rust-crate-proofs/httparse/1.10.1/verification/probes/version-harness/evidence/direct-why3-model-20261005T055500Z/context/string/verif/httparse_version_harness_rlib/verification_version/short_version_model.coma",
     "start-char": 96,
     "start-line": 138}}}
{"counterexample": [],
 "prover-result":
  {"answer": "Valid",
   "ce-models": [],
   "status": "exited with status 0",
   "step": 957,
   "time": 1e-06},
 "term":
  {"explanations": ["short_version_model ensures"],
   "goal_name": "vc_short_version_model",
   "loc":
    {"end-char": 49,
     "end-line": 149,
     "file-name":
      "/workspace/rust-crate-proofs/httparse/1.10.1/verification/probes/version-harness/evidence/direct-why3-model-20261005T055500Z/context/string/verif/httparse_version_harness_rlib/verification_version/short_version_model.coma",
     "start-char": 108,
     "start-line": 146}}}
{"counterexample": [],
 "prover-result":
  {"answer": "Valid",
   "ce-models": [],
   "status": "exited with status 0",
   "step": 949,
   "time": 1e-06},
 "term":
  {"explanations": ["version_prefix_byte requires"],
   "goal_name": "vc_short_version_model",
   "loc":
    {"end-char": 36,
     "end-line": 39,
     "file-name":
      "/workspace/rust-crate-proofs/httparse/1.10.1/verification/probes/version-harness/src/../../../../src/verification/version.rs",
     "start-char": 11,
     "start-line": 39}}}
{"counterexample": [],
 "prover-result":
  {"answer": "Valid",
   "ce-models": [],
   "status": "exited with status 0",
   "step": 11451,
   "time": 0.009947},
 "term":
  {"explanations": ["short_version_model ensures"],
   "goal_name": "vc_short_version_model",
   "loc":
    {"end-char": 51,
     "end-line": 159,
     "file-name":
      "/workspace/rust-crate-proofs/httparse/1.10.1/verification/probes/version-harness/evidence/direct-why3-model-20261005T055500Z/context/string/verif/httparse_version_harness_rlib/verification_version/short_version_model.coma",
     "start-char": 100,
     "start-line": 156}}}
{"counterexample": [],
 "prover-result":
  {"answer": "Valid",
   "ce-models": [],
   "status": "exited with status 0",
   "step": 987,
   "time": 0.004012},
 "term":
  {"explanations": ["short_version_model ensures"],
   "goal_name": "vc_short_version_model",
   "loc":
    {"end-char": 53,
     "end-line": 168,
     "file-name":
      "/workspace/rust-crate-proofs/httparse/1.10.1/verification/probes/version-harness/evidence/direct-why3-model-20261005T055500Z/context/string/verif/httparse_version_harness_rlib/verification_version/short_version_model.coma",
     "start-char": 112,
     "start-line": 164}}}
{"counterexample": [],
 "prover-result":
  {"answer": "Valid",
   "ce-models": [],
   "status": "exited with status 0",
   "step": 979,
   "time": 0.008014},
 "term":
  {"explanations": ["version_prefix_byte requires"],
   "goal_name": "vc_short_version_model",
   "loc":
    {"end-char": 36,
     "end-line": 39,
     "file-name":
      "/workspace/rust-crate-proofs/httparse/1.10.1/verification/probes/version-harness/src/../../../../src/verification/version.rs",
     "start-char": 11,
     "start-line": 39}}}
{"counterexample": [],
 "prover-result":
  {"answer": "Valid",
   "ce-models": [],
   "status": "exited with status 0",
   "step": 11915,
   "time": 0.008253},
 "term":
  {"explanations": ["short_version_model ensures"],
   "goal_name": "vc_short_version_model",
   "loc":
    {"end-char": 55,
     "end-line": 179,
     "file-name":
      "/workspace/rust-crate-proofs/httparse/1.10.1/verification/probes/version-harness/evidence/direct-why3-model-20261005T055500Z/context/string/verif/httparse_version_harness_rlib/verification_version/short_version_model.coma",
     "start-char": 104,
     "start-line": 175}}}
{"counterexample": [],
 "prover-result":
  {"answer": "Valid",
   "ce-models": [],
   "status": "exited with status 0",
   "step": 1012,
   "time": 0.004498},
 "term":
  {"explanations": ["short_version_model ensures"],
   "goal_name": "vc_short_version_model",
   "loc":
    {"end-char": 55,
     "end-line": 187,
     "file-name":
      "/workspace/rust-crate-proofs/httparse/1.10.1/verification/probes/version-harness/evidence/direct-why3-model-20261005T055500Z/context/string/verif/httparse_version_harness_rlib/verification_version/short_version_model.coma",
     "start-char": 114,
     "start-line": 183}}}
