Warning, file "/workspace/scratch/httparse-string-model/creusot-data/share/why3find/packages/creusot/creusot/int.coma", line 166, characters 8-22: axiom extensionality does not contain any local abstract symbol (contains: int, (=), t, to_int)
Warning, file "/workspace/scratch/httparse-string-model/creusot-data/share/why3find/packages/creusot/creusot/int.coma", line 484, characters 8-22: axiom extensionality does not contain any local abstract symbol (contains: int, (=), t, to_int)
Warning, file "/workspace/scratch/httparse-string-model/creusot-data/share/why3find/packages/creusot/creusot/int.coma", line 802, characters 8-22: axiom extensionality does not contain any local abstract symbol (contains: int, (=), t, to_int)
Warning, file "/workspace/scratch/httparse-string-model/creusot-data/share/why3find/packages/creusot/creusot/int.coma", line 1120, characters 8-22: axiom extensionality does not contain any local abstract symbol (contains: int, (=), t, to_int)
Warning, file "/workspace/scratch/httparse-string-model/creusot-data/share/why3find/packages/creusot/creusot/int.coma", line 1438, characters 8-22: axiom extensionality does not contain any local abstract symbol (contains: int, (=), t, to_int)
Warning, file "/workspace/rust-crate-proofs/httparse/1.10.1/verification/probes/version-harness/evidence/direct-why3-model-20261005T055500Z/context/string/verif/httparse_version_harness_rlib/verification_version/parse_version_model.coma", line 33, characters 214-218: unused variable end'
Warning, file "/workspace/rust-crate-proofs/httparse/1.10.1/verification/probes/version-harness/evidence/direct-why3-model-20261005T055500Z/context/string/verif/httparse_version_harness_rlib/verification_version/parse_version_model.coma", line 112, characters 6-30: axiom short_version_model_spec does not contain any local abstract symbol (contains: int, (=), (<), (-), (<=), t, seq, length, t_VersionResult, mark, short_version_model)
Warning, file "/workspace/rust-crate-proofs/httparse/1.10.1/verification/probes/version-harness/evidence/direct-why3-model-20261005T055500Z/context/string/verif/httparse_version_harness_rlib/verification_version/parse_version_model.coma", line 118, characters 6-32: axiom short_version_model_spec'0 does not contain any local abstract symbol (contains: int, (<), (-), (<=), t, seq, length, t_VersionResult, cursor, short_version_model)
{"counterexample": [],
 "prover-result":
  {"answer": "Valid",
   "ce-models": [],
   "status": "exited with status 0",
   "step": 7307,
   "time": 0.009983},
 "term":
  {"explanations": ["matches_version_bytes requires"],
   "goal_name": "vc_parse_version_model",
   "loc":
    {"end-char": 65,
     "end-line": 62,
     "file-name":
      "/workspace/rust-crate-proofs/httparse/1.10.1/verification/probes/version-harness/src/../../../../src/verification/version.rs",
     "start-char": 11,
     "start-line": 62}}}
{"counterexample": [],
 "prover-result":
  {"answer": "Valid",
   "ce-models": [],
   "status": "exited with status 0",
   "step": 6792,
   "time": 0.005044},
 "term":
  {"explanations": ["parse_version_model ensures"],
   "goal_name": "vc_parse_version_model",
   "loc":
    {"end-char": 35,
     "end-line": 154,
     "file-name":
      "/workspace/rust-crate-proofs/httparse/1.10.1/verification/probes/version-harness/evidence/direct-why3-model-20261005T055500Z/context/string/verif/httparse_version_harness_rlib/verification_version/parse_version_model.coma",
     "start-char": 80,
     "start-line": 149}}}
{"counterexample": [],
 "prover-result":
  {"answer": "Valid",
   "ce-models": [],
   "status": "exited with status 0",
   "step": 6816,
   "time": 0.00919},
 "term":
  {"explanations": ["matches_version_bytes requires"],
   "goal_name": "vc_parse_version_model",
   "loc":
    {"end-char": 65,
     "end-line": 62,
     "file-name":
      "/workspace/rust-crate-proofs/httparse/1.10.1/verification/probes/version-harness/src/../../../../src/verification/version.rs",
     "start-char": 11,
     "start-line": 62}}}
{"counterexample": [],
 "prover-result":
  {"answer": "Valid",
   "ce-models": [],
   "status": "exited with status 0",
   "step": 6847,
   "time": 0.025966},
 "term":
  {"explanations": ["parse_version_model ensures"],
   "goal_name": "vc_parse_version_model",
   "loc":
    {"end-char": 37,
     "end-line": 167,
     "file-name":
      "/workspace/rust-crate-proofs/httparse/1.10.1/verification/probes/version-harness/evidence/direct-why3-model-20261005T055500Z/context/string/verif/httparse_version_harness_rlib/verification_version/parse_version_model.coma",
     "start-char": 82,
     "start-line": 162}}}
{"counterexample": [],
 "prover-result":
  {"answer": "Valid",
   "ce-models": [],
   "status": "exited with status 0",
   "step": 6867,
   "time": 0.004277},
 "term":
  {"explanations": ["parse_version_model ensures"],
   "goal_name": "vc_parse_version_model",
   "loc":
    {"end-char": 37,
     "end-line": 177,
     "file-name":
      "/workspace/rust-crate-proofs/httparse/1.10.1/verification/probes/version-harness/evidence/direct-why3-model-20261005T055500Z/context/string/verif/httparse_version_harness_rlib/verification_version/parse_version_model.coma",
     "start-char": 82,
     "start-line": 172}}}
{"counterexample": [],
 "prover-result":
  {"answer": "Valid",
   "ce-models": [],
   "status": "exited with status 0",
   "step": 2005,
   "time": 0.011948},
 "term":
  {"explanations": ["short_version_model requires"],
   "goal_name": "vc_parse_version_model",
   "loc":
    {"end-char": 96,
     "end-line": 185,
     "file-name":
      "/workspace/rust-crate-proofs/httparse/1.10.1/verification/probes/version-harness/evidence/direct-why3-model-20261005T055500Z/context/string/verif/httparse_version_harness_rlib/verification_version/parse_version_model.coma",
     "start-char": 56,
     "start-line": 181}}}
{"counterexample": [],
 "prover-result":
  {"answer": "Valid",
   "ce-models": [],
   "status": "exited with status 0",
   "step": 2042,
   "time": 1e-06},
 "term":
  {"explanations": ["parse_version_model ensures"],
   "goal_name": "vc_parse_version_model",
   "loc":
    {"end-char": 33,
     "end-line": 196,
     "file-name":
      "/workspace/rust-crate-proofs/httparse/1.10.1/verification/probes/version-harness/evidence/direct-why3-model-20261005T055500Z/context/string/verif/httparse_version_harness_rlib/verification_version/parse_version_model.coma",
     "start-char": 118,
     "start-line": 191}}}
