warning: unused variable: `vector`
  --> /workspace/bytes-proof-tools/bytes-proof-std/src/std/vec.rs:21:40
   |
21 | pub fn capacity_model<T, A: Allocator>(vector: Vec<T, A>) -> Int {
   |                                        ^^^^^^ help: if this is intentional, prefix it with an underscore: `_vector`
   |
   = note: `#[warn(unused_variables)]` (part of `#[warn(unused)]`) on by default

warning: unused variable: `vector`
  --> /workspace/bytes-proof-tools/bytes-proof-std/src/std/vec.rs:32:36
   |
32 | pub fn base_model<T, A: Allocator>(vector: Vec<T, A>) -> Int {
   |                                    ^^^^^^ help: if this is intentional, prefix it with an underscore: `_vector`

warning: `creusot-std` (lib) generated 2 warnings (run `cargo fix --lib -p creusot-std` to apply 2 suggestions)
    Checking bytes-deepmodel-frontier v0.1.0 (/workspace/rust-crate-proofs/bytes/1.11.1/verification/probes/deepmodel-frontier-2026-10-08)
error[E0277]: the trait bound `T: creusot_std::model::DeepModel` is not satisfied
  --> src/modeled_gap.rs:38:9
   |
38 |         *self == **other
   |         ^^^^^^^^^^^^^^^^ the trait `creusot_std::model::DeepModel` is not implemented for `T`

For more information about this error, try `rustc --explain E0277`.
error: could not compile `bytes-deepmodel-frontier` (lib) due to 1 previous error
Error: Compilation failed
