warning: unused variable: `vector`
  --> /workspace/bytes-proof-tools/bytes-proof-std/src/std/vec.rs:21:40
   |
21 | pub fn capacity_model<T, A: Allocator>(vector: Vec<T, A>) -> Int {
   |                                        ^^^^^^ help: if this is intentional, prefix it with an underscore: `_vector`
   |
   = note: `#[warn(unused_variables)]` (part of `#[warn(unused)]`) on by default

warning: unused variable: `vector`
  --> /workspace/bytes-proof-tools/bytes-proof-std/src/std/vec.rs:32:36
   |
32 | pub fn base_model<T, A: Allocator>(vector: Vec<T, A>) -> Int {
   |                                    ^^^^^^ help: if this is intentional, prefix it with an underscore: `_vector`

warning: `creusot-std` (lib) generated 2 warnings (run `cargo fix --lib -p creusot-std` to apply 2 suggestions)
    Checking bytes-deepmodel-frontier v0.1.0 (/workspace/rust-crate-proofs/bytes/1.11.1/verification/probes/deepmodel-frontier-2026-10-08)
warning: unused import: `creusot_std::prelude::*`
 --> src/missing.rs:4:5
  |
4 | use creusot_std::prelude::*;
  |     ^^^^^^^^^^^^^^^^^^^^^^^
  |
  = note: `#[warn(unused_imports)]` (part of `#[warn(unused)]`) on by default

error: internal compiler error: /rustc-dev/91fe22da8084a1c9e993d78d4a56f22ab8396236/compiler/rustc_middle/src/ty/normalize_erasing_regions.rs:201:13: Failed to normalize Alias(Alias { kind: Projection { def_id: DefId(20:1125 ~ creusot_std[2909]::model::DeepModel::DeepModelTy) }, args: [missing::RawBytes], .. }) in typing_env=TypingEnv { typing_mode: TypingModeEqWrapper(Typeck { defining_opaque_types_and_generators: [] }), param_env: ParamEnv { caller_bounds: [Binder { value: TraitPredicate(<missing::RawBytes as std::cmp::PartialOrd<T>>, polarity:Positive), bound_vars: [] }, Binder { value: TraitPredicate(<missing::RawBytes as std::cmp::PartialEq<T>>, polarity:Positive), bound_vars: [] }, Binder { value: TraitPredicate(<T as std::marker::MetaSized>, polarity:Positive), bound_vars: [] }] } }, maybe try to call `try_normalize_erasing_regions` instead


thread 'rustc' (818193) panicked at /rustc-dev/91fe22da8084a1c9e993d78d4a56f22ab8396236/compiler/rustc_middle/src/ty/normalize_erasing_regions.rs:201:13:
Box<dyn Any>
note: run with `RUST_BACKTRACE=1` environment variable to display a backtrace

note: using internal features is not supported and expected to cause internal compiler errors when used incorrectly

note: please attach the file at `/workspace/rust-crate-proofs/bytes/1.11.1/verification/probes/deepmodel-frontier-2026-10-08/rustc-ice-2026-10-07T15_28_01-818192.txt` to your bug report

note: rustc 1.98.0-nightly (91fe22da8 2026-06-21) running on x86_64-unknown-linux-gnu

note: compiler flags: --crate-type lib -C embed-bitcode=no -C debuginfo=2

note: some of the compiler flags provided by cargo are hidden

query stack during panic:
end of query stack
warning: `bytes-deepmodel-frontier` (lib) generated 1 warning (run `cargo fix --lib -p bytes-deepmodel-frontier` to apply 1 suggestion)
error: could not compile `bytes-deepmodel-frontier` (lib); 1 warning emitted

Caused by:
  process didn't exit successfully: `/workspace/bytes-proof-tools/creusot-data/toolchains/nightly-2026-06-22/bin/creusot-rustc --crate-name bytes_deepmodel_frontier --edition=2021 src/lib.rs --error-format=json --json=diagnostic-rendered-ansi,artifacts,future-incompat --crate-type lib --emit=dep-info,metadata -C embed-bitcode=no -C debuginfo=2 --cfg 'feature="missing_deep_model"' --check-cfg 'cfg(docsrs,test)' --check-cfg 'cfg(feature, values("missing_deep_model"))' -C metadata=9a1fb21f8c3d4455 -C extra-filename=-d2c905f1698432fb --out-dir /workspace/bytes-proof-tools/targets/bytes/debug/deps -L dependency=/workspace/bytes-proof-tools/targets/bytes/debug/deps --extern creusot_std=/workspace/bytes-proof-tools/targets/bytes/debug/deps/libcreusot_std-2009d91bdbf183e4.rmeta` (exit status: 101)
Error: Compilation failed
